
     Program PHONON v.7.3.1 starts on 19Apr2025 at 21:33:47 

     This program is part of the open-source Quantum ESPRESSO suite
     for quantum simulation of materials; please cite
         "P. Giannozzi et al., J. Phys.:Condens. Matter 21 395502 (2009);
         "P. Giannozzi et al., J. Phys.:Condens. Matter 29 465901 (2017);
         "P. Giannozzi et al., J. Chem. Phys. 152 154105 (2020);
          URL http://www.quantum-espresso.org", 
     in publications or presentations arising from this work. More details at
     http://www.quantum-espresso.org/quote

     Parallel version (MPI), running on     8 processors

     MPI processes distributed on     1 nodes
     52441 MiB available memory on the printing compute node when the environment starts

     Waiting for input...
     Reading input from standard input
      Title line not specified: using 'default'.

     Reading xml data from directory:

     ./tmp/caces3.save/

     R & G space division:  proc/nbgrp/npool/nimage =       8
     Subspace diagonalization in iterative solution of the eigenvalue problem:
     a serial algorithm will be used

     file Ca.pbe-spn-kjpaw_psl.1.0.0.UPF: wavefunction(s)  3S renormalized
     file Ce.pbe-spdn-kjpaw_psl.1.0.0.UPF: wavefunction(s)  5D renormalized
     file Se.pbe-n-kjpaw_psl.1.0.0.UPF: wavefunction(s)  4S renormalized

     IMPORTANT: XC functional enforced from input :
     Exchange-correlation= PBE
                           (   1   4   3   4   0   0   0)
     Any further DFT definition will be discarded
     Please, verify this is what you really want


     Parallelization info
     --------------------
     sticks:   dense  smooth     PW     G-vecs:    dense   smooth      PW
     Min         797     397    110                47947    16947    2490
     Max         798     398    111                47950    16950    2493
     Sum        6377    3181    885               383579   135595   19933

     Using Slab Decomposition

     Reading collected, re-writing distributed wavefunctions in ./tmp/

     Number and degeneracy of irreps per q-point
       N         xq(1)         xq(2)         xq(3)   N irreps
  autoval = -.7051E+00
     Irreps are as follows:

                     mode #   1
                     (  -0.00000  -0.00000   ) 
                     (  -0.00000  -0.00000   ) 
                     (  -0.00000  -0.00000   ) 
                     (  -0.00000  -0.00000   ) 
                     (  -0.00000  -0.00000   ) 
                     (  -0.00000  -0.00000   ) 
                     (   0.00000  -0.00000   ) 
                     (  -0.49731  -0.00000   ) 
                     (  -0.49731  -0.00000   ) 
                     (   0.00000  -0.00000   ) 
                     (  -0.07320  -0.00000   ) 
                     (  -0.49731  -0.00000   ) 
                     (   0.00000  -0.00000   ) 
                     (  -0.49731  -0.00000   ) 
                     (  -0.07320  -0.00000   ) 
  autoval = -.7051E+00
     Irreps are as follows:

                     mode #   2
                     (  -0.00000   0.00000   ) 
                     (  -0.00000   0.00000   ) 
                     (  -0.00000   0.00000   ) 
                     (  -0.00000   0.00000   ) 
                     (  -0.00000   0.00000   ) 
                     (  -0.00000   0.00000   ) 
                     (   0.00000   0.00000   ) 
                     (  -0.49731  -0.00000   ) 
                     (   0.49731   0.00000   ) 
                     (   0.00000   0.00000   ) 
                     (  -0.07320  -0.00000   ) 
                     (   0.49731   0.00000   ) 
                     (   0.00000   0.00000   ) 
                     (  -0.49731  -0.00000   ) 
                     (   0.07320   0.00000   ) 
  autoval = -.7051E+00
     Irreps are as follows:

                     mode #   3
                     (  -0.00000  -0.00000   ) 
                     (  -0.00000  -0.00000   ) 
                     (  -0.00000  -0.00000   ) 
                     (  -0.00000  -0.00000   ) 
                     (  -0.00000  -0.00000   ) 
                     (  -0.00000  -0.00000   ) 
                     (  -0.10353  -0.00000   ) 
                     (  -0.00000   0.00000   ) 
                     (  -0.00000   0.00000   ) 
                     (  -0.70331   0.00000   ) 
                     (   0.00000  -0.00000   ) 
                     (   0.00000  -0.00000   ) 
                     (  -0.70331   0.00000   ) 
                     (   0.00000  -0.00000   ) 
                     (  -0.00000   0.00000   ) 
  autoval = 0.9508E-01
     Irreps are as follows:

                     mode #   4
                     (  -0.00000   0.00000   ) 
                     (  -0.00000   0.00000   ) 
                     (  -0.00000   0.00000   ) 
                     (  -0.00000   0.00000   ) 
                     (  -0.00000   0.00000   ) 
                     (  -0.00000   0.00000   ) 
                     (   0.00000   0.00000   ) 
                     (  -0.51294  -0.00000   ) 
                     (   0.47266   0.00000   ) 
                     (   0.11612   0.00000   ) 
                     (   0.00000   0.00000   ) 
                     (  -0.47266  -0.00000   ) 
                     (  -0.11612  -0.00000   ) 
                     (   0.51294   0.00000   ) 
                     (  -0.00000  -0.00000   ) 
  autoval = 0.9508E-01
     Irreps are as follows:

                     mode #   5
                     (  -0.00000   0.00000   ) 
                     (  -0.00000   0.00000   ) 
                     (  -0.00000   0.00000   ) 
                     (  -0.00000   0.00000   ) 
                     (  -0.00000   0.00000   ) 
                     (  -0.00000   0.00000   ) 
                     (   0.00000   0.00000   ) 
                     (  -0.12203  -0.00000   ) 
                     (  -0.28821  -0.00000   ) 
                     (   0.63407   0.00000   ) 
                     (   0.00000   0.00000   ) 
                     (   0.28821   0.00000   ) 
                     (  -0.63407  -0.00000   ) 
                     (   0.12203   0.00000   ) 
                     (  -0.00000  -0.00000   ) 
  autoval = 0.9508E-01
     Irreps are as follows:

                     mode #   6
                     (  -0.00000   0.00000   ) 
                     (  -0.00000   0.00000   ) 
                     (  -0.00000   0.00000   ) 
                     (  -0.00000   0.00000   ) 
                     (  -0.00000   0.00000   ) 
                     (  -0.00000   0.00000   ) 
                     (  -0.00000  -0.00000   ) 
                     (  -0.47117  -0.00000   ) 
                     (  -0.43992  -0.00000   ) 
                     (  -0.29064  -0.00000   ) 
                     (  -0.00000  -0.00000   ) 
                     (   0.43992   0.00000   ) 
                     (   0.29064   0.00000   ) 
                     (   0.47117   0.00000   ) 
                     (  -0.00000  -0.00000   ) 
  autoval = 0.3752E+00
     Irreps are as follows:

                     mode #   7
                     (  -0.00000  -0.00000   ) 
                     (  -0.00000  -0.00000   ) 
                     (  -0.00000  -0.00000   ) 
                     (  -1.00000  -0.00000   ) 
                     (  -0.00000  -0.00000   ) 
                     (  -0.00000  -0.00000   ) 
                     (  -0.00000  -0.00000   ) 
                     (  -0.00000  -0.00000   ) 
                     (  -0.00000  -0.00000   ) 
                     (  -0.00000  -0.00000   ) 
                     (  -0.00000  -0.00000   ) 
                     (  -0.00000  -0.00000   ) 
                     (  -0.00000  -0.00000   ) 
                     (  -0.00000  -0.00000   ) 
                     (  -0.00000  -0.00000   ) 
  autoval = 0.3752E+00
     Irreps are as follows:

                     mode #   8
                     (  -0.00000  -0.00000   ) 
                     (  -0.00000  -0.00000   ) 
                     (  -0.00000  -0.00000   ) 
                     (  -0.00000  -0.00000   ) 
                     (  -1.00000  -0.00000   ) 
                     (  -0.00000  -0.00000   ) 
                     (  -0.00000  -0.00000   ) 
                     (  -0.00000  -0.00000   ) 
                     (  -0.00000  -0.00000   ) 
                     (  -0.00000  -0.00000   ) 
                     (  -0.00000  -0.00000   ) 
                     (  -0.00000  -0.00000   ) 
                     (  -0.00000  -0.00000   ) 
                     (  -0.00000  -0.00000   ) 
                     (  -0.00000  -0.00000   ) 
  autoval = 0.3752E+00
     Irreps are as follows:

                     mode #   9
                     (  -0.00000  -0.00000   ) 
                     (  -0.00000  -0.00000   ) 
                     (  -0.00000  -0.00000   ) 
                     (  -0.00000  -0.00000   ) 
                     (  -0.00000  -0.00000   ) 
                     (  -1.00000  -0.00000   ) 
                     (  -0.00000  -0.00000   ) 
                     (  -0.00000  -0.00000   ) 
                     (  -0.00000  -0.00000   ) 
                     (  -0.00000  -0.00000   ) 
                     (  -0.00000  -0.00000   ) 
                     (  -0.00000  -0.00000   ) 
                     (  -0.00000  -0.00000   ) 
                     (  -0.00000  -0.00000   ) 
                     (  -0.00000  -0.00000   ) 
  autoval = 0.6682E+00
     Irreps are as follows:

                     mode #  10
                     (  -1.00000  -0.00000   ) 
                     (  -0.00000  -0.00000   ) 
                     (  -0.00000  -0.00000   ) 
                     (  -0.00000  -0.00000   ) 
                     (  -0.00000  -0.00000   ) 
                     (  -0.00000  -0.00000   ) 
                     (  -0.00000  -0.00000   ) 
                     (  -0.00000  -0.00000   ) 
                     (  -0.00000  -0.00000   ) 
                     (  -0.00000  -0.00000   ) 
                     (  -0.00000  -0.00000   ) 
                     (  -0.00000  -0.00000   ) 
                     (  -0.00000  -0.00000   ) 
                     (  -0.00000  -0.00000   ) 
                     (  -0.00000  -0.00000   ) 
  autoval = 0.6682E+00
     Irreps are as follows:

                     mode #  11
                     (  -0.00000  -0.00000   ) 
                     (  -0.00000  -0.00000   ) 
                     (  -1.00000  -0.00000   ) 
                     (  -0.00000  -0.00000   ) 
                     (  -0.00000  -0.00000   ) 
                     (  -0.00000  -0.00000   ) 
                     (  -0.00000  -0.00000   ) 
                     (  -0.00000  -0.00000   ) 
                     (  -0.00000  -0.00000   ) 
                     (  -0.00000  -0.00000   ) 
                     (  -0.00000  -0.00000   ) 
                     (  -0.00000  -0.00000   ) 
                     (  -0.00000  -0.00000   ) 
                     (  -0.00000  -0.00000   ) 
                     (  -0.00000  -0.00000   ) 
  autoval = 0.6682E+00
     Irreps are as follows:

                     mode #  12
                     (  -0.00000  -0.00000   ) 
                     (  -1.00000  -0.00000   ) 
                     (  -0.00000  -0.00000   ) 
                     (  -0.00000  -0.00000   ) 
                     (  -0.00000  -0.00000   ) 
                     (  -0.00000  -0.00000   ) 
                     (  -0.00000  -0.00000   ) 
                     (  -0.00000  -0.00000   ) 
                     (  -0.00000  -0.00000   ) 
                     (  -0.00000  -0.00000   ) 
                     (  -0.00000  -0.00000   ) 
                     (  -0.00000  -0.00000   ) 
                     (  -0.00000  -0.00000   ) 
                     (  -0.00000  -0.00000   ) 
                     (  -0.00000  -0.00000   ) 
  autoval = 0.2326E+01
     Irreps are as follows:

                     mode #  13
                     (  -0.00000  -0.00000   ) 
                     (  -0.00000  -0.00000   ) 
                     (  -0.00000  -0.00000   ) 
                     (  -0.00000  -0.00000   ) 
                     (  -0.00000  -0.00000   ) 
                     (  -0.00000  -0.00000   ) 
                     (  -0.99463  -0.00000   ) 
                     (  -0.00000  -0.00000   ) 
                     (   0.00000  -0.00000   ) 
                     (   0.07320  -0.00000   ) 
                     (  -0.00000  -0.00000   ) 
                     (  -0.00000  -0.00000   ) 
                     (   0.07320  -0.00000   ) 
                     (  -0.00000  -0.00000   ) 
                     (   0.00000  -0.00000   ) 
  autoval = 0.2326E+01
     Irreps are as follows:

                     mode #  14
                     (  -0.00000   0.00000   ) 
                     (  -0.00000   0.00000   ) 
                     (  -0.00000   0.00000   ) 
                     (  -0.00000   0.00000   ) 
                     (  -0.00000   0.00000   ) 
                     (  -0.00000   0.00000   ) 
                     (  -0.00000  -0.00000   ) 
                     (  -0.07320  -0.00000   ) 
                     (   0.00072   0.00000   ) 
                     (  -0.00000  -0.00000   ) 
                     (   0.99458   0.00000   ) 
                     (   0.00072   0.00000   ) 
                     (   0.00000   0.00000   ) 
                     (  -0.07320  -0.00000   ) 
                     (  -0.00985  -0.00000   ) 
  autoval = 0.2326E+01
     Irreps are as follows:

                     mode #  15
                     (  -0.00000   0.00000   ) 
                     (  -0.00000   0.00000   ) 
                     (  -0.00000   0.00000   ) 
                     (  -0.00000   0.00000   ) 
                     (  -0.00000   0.00000   ) 
                     (  -0.00000   0.00000   ) 
                     (  -0.00000  -0.00000   ) 
                     (  -0.00072  -0.00000   ) 
                     (  -0.07320  -0.00000   ) 
                     (  -0.00000  -0.00000   ) 
                     (   0.00985   0.00000   ) 
                     (  -0.07320  -0.00000   ) 
                     (   0.00000   0.00000   ) 
                     (  -0.00072  -0.00000   ) 
                     (   0.99458   0.00000   ) 
       1   0.000000000   0.000000000   0.000000000       5
        3   3   3   3   3

     Calculation of q =    0.0000000   0.0000000   0.0000000

     default                                                                    

     bravais-lattice index     =            0
     lattice parameter (alat)  =      10.0161  a.u.
     unit-cell volume          =    1004.8294 (a.u.)^3
     number of atoms/cell      =            5
     number of atomic types    =            3
     kinetic-energy cut-off    =     100.0000  Ry
     charge density cut-off    =     800.0000  Ry
     convergence threshold     =      1.0E-14
     beta                      =       0.7000
     number of iterations used =            4
     Exchange-correlation= PBE
                           (   1   4   3   4   0   0   0)


     celldm(1)=   10.01607  celldm(2)=    0.00000  celldm(3)=    0.00000
     celldm(4)=    0.00000  celldm(5)=    0.00000  celldm(6)=    0.00000

     crystal axes: (cart. coord. in units of alat)
               a(1) = (  1.0000  0.0000  0.0000 )  
               a(2) = (  0.0000  1.0000  0.0000 )  
               a(3) = (  0.0000  0.0000  1.0000 )  

     reciprocal axes: (cart. coord. in units 2 pi/alat)
               b(1) = (  1.0000  0.0000  0.0000 )  
               b(2) = (  0.0000  1.0000  0.0000 )  
               b(3) = (  0.0000  0.0000  1.0000 )  


     Atoms inside the unit cell: 

     Cartesian axes

     site n.  atom      mass           positions (alat units)
        1  Ca     40.0780   tau(    1) = (    0.00000    0.00000    0.00000  )
        2  Ce    140.1160   tau(    2) = (    0.50000    0.50000    0.50000  )
        3  Se     78.9600   tau(    3) = (    0.50000    0.00000    0.00000  )
        4  Se     78.9600   tau(    4) = (    0.00000    0.50000    0.00000  )
        5  Se     78.9600   tau(    5) = (    0.00000    0.00000    0.50000  )

     Computing dynamical matrix for 
                    q = (   0.0000000   0.0000000   0.0000000 )

     49 Sym.Ops. (with q -> -q+G )

                                    s                        frac. trans.

      isym =  1     identity                                     

 cryst.   s( 1) = (     1          0          0      )
                  (     0          1          0      )
                  (     0          0          1      )

 cart.    s( 1) = (  1.0000000  0.0000000  0.0000000 )
                  (  0.0000000  1.0000000  0.0000000 )
                  (  0.0000000  0.0000000  1.0000000 )


      isym =  2     180 deg rotation - cart. axis [0,0,1]        

 cryst.   s( 2) = (    -1          0          0      )
                  (     0         -1          0      )
                  (     0          0          1      )

 cart.    s( 2) = ( -1.0000000  0.0000000  0.0000000 )
                  (  0.0000000 -1.0000000  0.0000000 )
                  (  0.0000000  0.0000000  1.0000000 )


      isym =  3     180 deg rotation - cart. axis [0,1,0]        

 cryst.   s( 3) = (    -1          0          0      )
                  (     0          1          0      )
                  (     0          0         -1      )

 cart.    s( 3) = ( -1.0000000  0.0000000  0.0000000 )
                  (  0.0000000  1.0000000  0.0000000 )
                  (  0.0000000  0.0000000 -1.0000000 )


      isym =  4     180 deg rotation - cart. axis [1,0,0]        

 cryst.   s( 4) = (     1          0          0      )
                  (     0         -1          0      )
                  (     0          0         -1      )

 cart.    s( 4) = (  1.0000000  0.0000000  0.0000000 )
                  (  0.0000000 -1.0000000  0.0000000 )
                  (  0.0000000  0.0000000 -1.0000000 )


      isym =  5     180 deg rotation - cart. axis [1,1,0]        

 cryst.   s( 5) = (     0          1          0      )
                  (     1          0          0      )
                  (     0          0         -1      )

 cart.    s( 5) = (  0.0000000  1.0000000  0.0000000 )
                  (  1.0000000  0.0000000  0.0000000 )
                  (  0.0000000  0.0000000 -1.0000000 )


      isym =  6     180 deg rotation - cart. axis [1,-1,0]       

 cryst.   s( 6) = (     0         -1          0      )
                  (    -1          0          0      )
                  (     0          0         -1      )

 cart.    s( 6) = (  0.0000000 -1.0000000  0.0000000 )
                  ( -1.0000000  0.0000000  0.0000000 )
                  (  0.0000000  0.0000000 -1.0000000 )


      isym =  7      90 deg rotation - cart. axis [0,0,-1]       

 cryst.   s( 7) = (     0         -1          0      )
                  (     1          0          0      )
                  (     0          0          1      )

 cart.    s( 7) = (  0.0000000  1.0000000  0.0000000 )
                  ( -1.0000000  0.0000000  0.0000000 )
                  (  0.0000000  0.0000000  1.0000000 )


      isym =  8      90 deg rotation - cart. axis [0,0,1]        

 cryst.   s( 8) = (     0          1          0      )
                  (    -1          0          0      )
                  (     0          0          1      )

 cart.    s( 8) = (  0.0000000 -1.0000000  0.0000000 )
                  (  1.0000000  0.0000000  0.0000000 )
                  (  0.0000000  0.0000000  1.0000000 )


      isym =  9     180 deg rotation - cart. axis [1,0,1]        

 cryst.   s( 9) = (     0          0          1      )
                  (     0         -1          0      )
                  (     1          0          0      )

 cart.    s( 9) = (  0.0000000  0.0000000  1.0000000 )
                  (  0.0000000 -1.0000000  0.0000000 )
                  (  1.0000000  0.0000000  0.0000000 )


      isym = 10     180 deg rotation - cart. axis [-1,0,1]       

 cryst.   s(10) = (     0          0         -1      )
                  (     0         -1          0      )
                  (    -1          0          0      )

 cart.    s(10) = (  0.0000000  0.0000000 -1.0000000 )
                  (  0.0000000 -1.0000000  0.0000000 )
                  ( -1.0000000  0.0000000  0.0000000 )


      isym = 11      90 deg rotation - cart. axis [0,1,0]        

 cryst.   s(11) = (     0          0         -1      )
                  (     0          1          0      )
                  (     1          0          0      )

 cart.    s(11) = (  0.0000000  0.0000000  1.0000000 )
                  (  0.0000000  1.0000000  0.0000000 )
                  ( -1.0000000  0.0000000  0.0000000 )


      isym = 12      90 deg rotation - cart. axis [0,-1,0]       

 cryst.   s(12) = (     0          0          1      )
                  (     0          1          0      )
                  (    -1          0          0      )

 cart.    s(12) = (  0.0000000  0.0000000 -1.0000000 )
                  (  0.0000000  1.0000000  0.0000000 )
                  (  1.0000000  0.0000000  0.0000000 )


      isym = 13     180 deg rotation - cart. axis [0,1,1]        

 cryst.   s(13) = (    -1          0          0      )
                  (     0          0          1      )
                  (     0          1          0      )

 cart.    s(13) = ( -1.0000000  0.0000000  0.0000000 )
                  (  0.0000000  0.0000000  1.0000000 )
                  (  0.0000000  1.0000000  0.0000000 )


      isym = 14     180 deg rotation - cart. axis [0,1,-1]       

 cryst.   s(14) = (    -1          0          0      )
                  (     0          0         -1      )
                  (     0         -1          0      )

 cart.    s(14) = ( -1.0000000  0.0000000  0.0000000 )
                  (  0.0000000  0.0000000 -1.0000000 )
                  (  0.0000000 -1.0000000  0.0000000 )


      isym = 15      90 deg rotation - cart. axis [-1,0,0]       

 cryst.   s(15) = (     1          0          0      )
                  (     0          0         -1      )
                  (     0          1          0      )

 cart.    s(15) = (  1.0000000  0.0000000  0.0000000 )
                  (  0.0000000  0.0000000  1.0000000 )
                  (  0.0000000 -1.0000000  0.0000000 )


      isym = 16      90 deg rotation - cart. axis [1,0,0]        

 cryst.   s(16) = (     1          0          0      )
                  (     0          0          1      )
                  (     0         -1          0      )

 cart.    s(16) = (  1.0000000  0.0000000  0.0000000 )
                  (  0.0000000  0.0000000 -1.0000000 )
                  (  0.0000000  1.0000000  0.0000000 )


      isym = 17     120 deg rotation - cart. axis [-1,-1,-1]     

 cryst.   s(17) = (     0          0          1      )
                  (     1          0          0      )
                  (     0          1          0      )

 cart.    s(17) = (  0.0000000  1.0000000  0.0000000 )
                  (  0.0000000  0.0000000  1.0000000 )
                  (  1.0000000  0.0000000  0.0000000 )


      isym = 18     120 deg rotation - cart. axis [-1,1,1]       

 cryst.   s(18) = (     0          0         -1      )
                  (    -1          0          0      )
                  (     0          1          0      )

 cart.    s(18) = (  0.0000000 -1.0000000  0.0000000 )
                  (  0.0000000  0.0000000  1.0000000 )
                  ( -1.0000000  0.0000000  0.0000000 )


      isym = 19     120 deg rotation - cart. axis [1,1,-1]       

 cryst.   s(19) = (     0          0         -1      )
                  (     1          0          0      )
                  (     0         -1          0      )

 cart.    s(19) = (  0.0000000  1.0000000  0.0000000 )
                  (  0.0000000  0.0000000 -1.0000000 )
                  ( -1.0000000  0.0000000  0.0000000 )


      isym = 20     120 deg rotation - cart. axis [1,-1,1]       

 cryst.   s(20) = (     0          0          1      )
                  (    -1          0          0      )
                  (     0         -1          0      )

 cart.    s(20) = (  0.0000000 -1.0000000  0.0000000 )
                  (  0.0000000  0.0000000 -1.0000000 )
                  (  1.0000000  0.0000000  0.0000000 )


      isym = 21     120 deg rotation - cart. axis [1,1,1]        

 cryst.   s(21) = (     0          1          0      )
                  (     0          0          1      )
                  (     1          0          0      )

 cart.    s(21) = (  0.0000000  0.0000000  1.0000000 )
                  (  1.0000000  0.0000000  0.0000000 )
                  (  0.0000000  1.0000000  0.0000000 )


      isym = 22     120 deg rotation - cart. axis [-1,1,-1]      

 cryst.   s(22) = (     0         -1          0      )
                  (     0          0         -1      )
                  (     1          0          0      )

 cart.    s(22) = (  0.0000000  0.0000000  1.0000000 )
                  ( -1.0000000  0.0000000  0.0000000 )
                  (  0.0000000 -1.0000000  0.0000000 )


      isym = 23     120 deg rotation - cart. axis [1,-1,-1]      

 cryst.   s(23) = (     0         -1          0      )
                  (     0          0          1      )
                  (    -1          0          0      )

 cart.    s(23) = (  0.0000000  0.0000000 -1.0000000 )
                  ( -1.0000000  0.0000000  0.0000000 )
                  (  0.0000000  1.0000000  0.0000000 )


      isym = 24     120 deg rotation - cart. axis [-1,-1,1]      

 cryst.   s(24) = (     0          1          0      )
                  (     0          0         -1      )
                  (    -1          0          0      )

 cart.    s(24) = (  0.0000000  0.0000000 -1.0000000 )
                  (  1.0000000  0.0000000  0.0000000 )
                  (  0.0000000 -1.0000000  0.0000000 )


      isym = 25     inversion                                    

 cryst.   s(25) = (    -1          0          0      )
                  (     0         -1          0      )
                  (     0          0         -1      )

 cart.    s(25) = ( -1.0000000  0.0000000  0.0000000 )
                  (  0.0000000 -1.0000000  0.0000000 )
                  (  0.0000000  0.0000000 -1.0000000 )


      isym = 26     inv. 180 deg rotation - cart. axis [0,0,1]   

 cryst.   s(26) = (     1          0          0      )
                  (     0          1          0      )
                  (     0          0         -1      )

 cart.    s(26) = (  1.0000000  0.0000000  0.0000000 )
                  (  0.0000000  1.0000000  0.0000000 )
                  (  0.0000000  0.0000000 -1.0000000 )


      isym = 27     inv. 180 deg rotation - cart. axis [0,1,0]   

 cryst.   s(27) = (     1          0          0      )
                  (     0         -1          0      )
                  (     0          0          1      )

 cart.    s(27) = (  1.0000000  0.0000000  0.0000000 )
                  (  0.0000000 -1.0000000  0.0000000 )
                  (  0.0000000  0.0000000  1.0000000 )


      isym = 28     inv. 180 deg rotation - cart. axis [1,0,0]   

 cryst.   s(28) = (    -1          0          0      )
                  (     0          1          0      )
                  (     0          0          1      )

 cart.    s(28) = ( -1.0000000  0.0000000  0.0000000 )
                  (  0.0000000  1.0000000  0.0000000 )
                  (  0.0000000  0.0000000  1.0000000 )


      isym = 29     inv. 180 deg rotation - cart. axis [1,1,0]   

 cryst.   s(29) = (     0         -1          0      )
                  (    -1          0          0      )
                  (     0          0          1      )

 cart.    s(29) = (  0.0000000 -1.0000000  0.0000000 )
                  ( -1.0000000  0.0000000  0.0000000 )
                  (  0.0000000  0.0000000  1.0000000 )


      isym = 30     inv. 180 deg rotation - cart. axis [1,-1,0]  

 cryst.   s(30) = (     0          1          0      )
                  (     1          0          0      )
                  (     0          0          1      )

 cart.    s(30) = (  0.0000000  1.0000000  0.0000000 )
                  (  1.0000000  0.0000000  0.0000000 )
                  (  0.0000000  0.0000000  1.0000000 )


      isym = 31     inv.  90 deg rotation - cart. axis [0,0,-1]  

 cryst.   s(31) = (     0          1          0      )
                  (    -1          0          0      )
                  (     0          0         -1      )

 cart.    s(31) = (  0.0000000 -1.0000000  0.0000000 )
                  (  1.0000000  0.0000000  0.0000000 )
                  (  0.0000000  0.0000000 -1.0000000 )


      isym = 32     inv.  90 deg rotation - cart. axis [0,0,1]   

 cryst.   s(32) = (     0         -1          0      )
                  (     1          0          0      )
                  (     0          0         -1      )

 cart.    s(32) = (  0.0000000  1.0000000  0.0000000 )
                  ( -1.0000000  0.0000000  0.0000000 )
                  (  0.0000000  0.0000000 -1.0000000 )


      isym = 33     inv. 180 deg rotation - cart. axis [1,0,1]   

 cryst.   s(33) = (     0          0         -1      )
                  (     0          1          0      )
                  (    -1          0          0      )

 cart.    s(33) = (  0.0000000  0.0000000 -1.0000000 )
                  (  0.0000000  1.0000000  0.0000000 )
                  ( -1.0000000  0.0000000  0.0000000 )


      isym = 34     inv. 180 deg rotation - cart. axis [-1,0,1]  

 cryst.   s(34) = (     0          0          1      )
                  (     0          1          0      )
                  (     1          0          0      )

 cart.    s(34) = (  0.0000000  0.0000000  1.0000000 )
                  (  0.0000000  1.0000000  0.0000000 )
                  (  1.0000000  0.0000000  0.0000000 )


      isym = 35     inv.  90 deg rotation - cart. axis [0,1,0]   

 cryst.   s(35) = (     0          0          1      )
                  (     0         -1          0      )
                  (    -1          0          0      )

 cart.    s(35) = (  0.0000000  0.0000000 -1.0000000 )
                  (  0.0000000 -1.0000000  0.0000000 )
                  (  1.0000000  0.0000000  0.0000000 )


      isym = 36     inv.  90 deg rotation - cart. axis [0,-1,0]  

 cryst.   s(36) = (     0          0         -1      )
                  (     0         -1          0      )
                  (     1          0          0      )

 cart.    s(36) = (  0.0000000  0.0000000  1.0000000 )
                  (  0.0000000 -1.0000000  0.0000000 )
                  ( -1.0000000  0.0000000  0.0000000 )


      isym = 37     inv. 180 deg rotation - cart. axis [0,1,1]   

 cryst.   s(37) = (     1          0          0      )
                  (     0          0         -1      )
                  (     0         -1          0      )

 cart.    s(37) = (  1.0000000  0.0000000  0.0000000 )
                  (  0.0000000  0.0000000 -1.0000000 )
                  (  0.0000000 -1.0000000  0.0000000 )


      isym = 38     inv. 180 deg rotation - cart. axis [0,1,-1]  

 cryst.   s(38) = (     1          0          0      )
                  (     0          0          1      )
                  (     0          1          0      )

 cart.    s(38) = (  1.0000000  0.0000000  0.0000000 )
                  (  0.0000000  0.0000000  1.0000000 )
                  (  0.0000000  1.0000000  0.0000000 )


      isym = 39     inv.  90 deg rotation - cart. axis [-1,0,0]  

 cryst.   s(39) = (    -1          0          0      )
                  (     0          0          1      )
                  (     0         -1          0      )

 cart.    s(39) = ( -1.0000000  0.0000000  0.0000000 )
                  (  0.0000000  0.0000000 -1.0000000 )
                  (  0.0000000  1.0000000  0.0000000 )


      isym = 40     inv.  90 deg rotation - cart. axis [1,0,0]   

 cryst.   s(40) = (    -1          0          0      )
                  (     0          0         -1      )
                  (     0          1          0      )

 cart.    s(40) = ( -1.0000000  0.0000000  0.0000000 )
                  (  0.0000000  0.0000000  1.0000000 )
                  (  0.0000000 -1.0000000  0.0000000 )


      isym = 41     inv. 120 deg rotation - cart. axis [-1,-1,-1]

 cryst.   s(41) = (     0          0         -1      )
                  (    -1          0          0      )
                  (     0         -1          0      )

 cart.    s(41) = (  0.0000000 -1.0000000  0.0000000 )
                  (  0.0000000  0.0000000 -1.0000000 )
                  ( -1.0000000  0.0000000  0.0000000 )


      isym = 42     inv. 120 deg rotation - cart. axis [-1,1,1]  

 cryst.   s(42) = (     0          0          1      )
                  (     1          0          0      )
                  (     0         -1          0      )

 cart.    s(42) = (  0.0000000  1.0000000  0.0000000 )
                  (  0.0000000  0.0000000 -1.0000000 )
                  (  1.0000000  0.0000000  0.0000000 )


      isym = 43     inv. 120 deg rotation - cart. axis [1,1,-1]  

 cryst.   s(43) = (     0          0          1      )
                  (    -1          0          0      )
                  (     0          1          0      )

 cart.    s(43) = (  0.0000000 -1.0000000  0.0000000 )
                  (  0.0000000  0.0000000  1.0000000 )
                  (  1.0000000  0.0000000  0.0000000 )


      isym = 44     inv. 120 deg rotation - cart. axis [1,-1,1]  

 cryst.   s(44) = (     0          0         -1      )
                  (     1          0          0      )
                  (     0          1          0      )

 cart.    s(44) = (  0.0000000  1.0000000  0.0000000 )
                  (  0.0000000  0.0000000  1.0000000 )
                  ( -1.0000000  0.0000000  0.0000000 )


      isym = 45     inv. 120 deg rotation - cart. axis [1,1,1]   

 cryst.   s(45) = (     0         -1          0      )
                  (     0          0         -1      )
                  (    -1          0          0      )

 cart.    s(45) = (  0.0000000  0.0000000 -1.0000000 )
                  ( -1.0000000  0.0000000  0.0000000 )
                  (  0.0000000 -1.0000000  0.0000000 )


      isym = 46     inv. 120 deg rotation - cart. axis [-1,1,-1] 

 cryst.   s(46) = (     0          1          0      )
                  (     0          0          1      )
                  (    -1          0          0      )

 cart.    s(46) = (  0.0000000  0.0000000 -1.0000000 )
                  (  1.0000000  0.0000000  0.0000000 )
                  (  0.0000000  1.0000000  0.0000000 )


      isym = 47     inv. 120 deg rotation - cart. axis [1,-1,-1] 

 cryst.   s(47) = (     0          1          0      )
                  (     0          0         -1      )
                  (     1          0          0      )

 cart.    s(47) = (  0.0000000  0.0000000  1.0000000 )
                  (  1.0000000  0.0000000  0.0000000 )
                  (  0.0000000 -1.0000000  0.0000000 )


      isym = 48     inv. 120 deg rotation - cart. axis [-1,-1,1] 

 cryst.   s(48) = (     0         -1          0      )
                  (     0          0          1      )
                  (     1          0          0      )

 cart.    s(48) = (  0.0000000  0.0000000  1.0000000 )
                  ( -1.0000000  0.0000000  0.0000000 )
                  (  0.0000000  1.0000000  0.0000000 )


     This transformation sends q -> -q+G

      isym = 49     identity                                     

 cryst.   s(49) = (     1          0          0      )
                  (     0          1          0      )
                  (     0          0          1      )

 cart.    s(49) = (  1.0000000  0.0000000  0.0000000 )
                  (  0.0000000  1.0000000  0.0000000 )
                  (  0.0000000  0.0000000  1.0000000 )


     G cutoff = 2032.9427  (  47950 G-vectors)     FFT grid: ( 96, 96, 96)
     G cutoff = 1016.4714  (  16950 G-vectors)  smooth grid: ( 64, 64, 64)

     number of k points=    84  Methfessel-Paxton smearing, width (Ry)=  0.0100
                       cart. coord. in units 2pi/alat
        k(    1) = (   0.0000000   0.0000000   0.0000000), wk =   0.0011574
        k(    2) = (   0.0000000   0.0000000   0.0833333), wk =   0.0069444
        k(    3) = (   0.0000000   0.0000000   0.1666667), wk =   0.0069444
        k(    4) = (   0.0000000   0.0000000   0.2500000), wk =   0.0069444
        k(    5) = (   0.0000000   0.0000000   0.3333333), wk =   0.0069444
        k(    6) = (   0.0000000   0.0000000   0.4166667), wk =   0.0069444
        k(    7) = (   0.0000000   0.0000000  -0.5000000), wk =   0.0034722
        k(    8) = (   0.0000000   0.0833333   0.0833333), wk =   0.0138889
        k(    9) = (   0.0000000   0.0833333   0.1666667), wk =   0.0277778
        k(   10) = (   0.0000000   0.0833333   0.2500000), wk =   0.0277778
        k(   11) = (   0.0000000   0.0833333   0.3333333), wk =   0.0277778
        k(   12) = (   0.0000000   0.0833333   0.4166667), wk =   0.0277778
        k(   13) = (   0.0000000   0.0833333  -0.5000000), wk =   0.0138889
        k(   14) = (   0.0000000   0.1666667   0.1666667), wk =   0.0138889
        k(   15) = (   0.0000000   0.1666667   0.2500000), wk =   0.0277778
        k(   16) = (   0.0000000   0.1666667   0.3333333), wk =   0.0277778
        k(   17) = (   0.0000000   0.1666667   0.4166667), wk =   0.0277778
        k(   18) = (   0.0000000   0.1666667  -0.5000000), wk =   0.0138889
        k(   19) = (   0.0000000   0.2500000   0.2500000), wk =   0.0138889
        k(   20) = (   0.0000000   0.2500000   0.3333333), wk =   0.0277778
        k(   21) = (   0.0000000   0.2500000   0.4166667), wk =   0.0277778
        k(   22) = (   0.0000000   0.2500000  -0.5000000), wk =   0.0138889
        k(   23) = (   0.0000000   0.3333333   0.3333333), wk =   0.0138889
        k(   24) = (   0.0000000   0.3333333   0.4166667), wk =   0.0277778
        k(   25) = (   0.0000000   0.3333333  -0.5000000), wk =   0.0138889
        k(   26) = (   0.0000000   0.4166667   0.4166667), wk =   0.0138889
        k(   27) = (   0.0000000   0.4166667  -0.5000000), wk =   0.0138889
        k(   28) = (   0.0000000  -0.5000000  -0.5000000), wk =   0.0034722
        k(   29) = (   0.0833333   0.0833333   0.0833333), wk =   0.0092593
        k(   30) = (   0.0833333   0.0833333   0.1666667), wk =   0.0277778
        k(   31) = (   0.0833333   0.0833333   0.2500000), wk =   0.0277778
        k(   32) = (   0.0833333   0.0833333   0.3333333), wk =   0.0277778
        k(   33) = (   0.0833333   0.0833333   0.4166667), wk =   0.0277778
        k(   34) = (   0.0833333   0.0833333  -0.5000000), wk =   0.0138889
        k(   35) = (   0.0833333   0.1666667   0.1666667), wk =   0.0277778
        k(   36) = (   0.0833333   0.1666667   0.2500000), wk =   0.0555556
        k(   37) = (   0.0833333   0.1666667   0.3333333), wk =   0.0555556
        k(   38) = (   0.0833333   0.1666667   0.4166667), wk =   0.0555556
        k(   39) = (   0.0833333   0.1666667  -0.5000000), wk =   0.0277778
        k(   40) = (   0.0833333   0.2500000   0.2500000), wk =   0.0277778
        k(   41) = (   0.0833333   0.2500000   0.3333333), wk =   0.0555556
        k(   42) = (   0.0833333   0.2500000   0.4166667), wk =   0.0555556
        k(   43) = (   0.0833333   0.2500000  -0.5000000), wk =   0.0277778
        k(   44) = (   0.0833333   0.3333333   0.3333333), wk =   0.0277778
        k(   45) = (   0.0833333   0.3333333   0.4166667), wk =   0.0555556
        k(   46) = (   0.0833333   0.3333333  -0.5000000), wk =   0.0277778
        k(   47) = (   0.0833333   0.4166667   0.4166667), wk =   0.0277778
        k(   48) = (   0.0833333   0.4166667  -0.5000000), wk =   0.0277778
        k(   49) = (   0.0833333  -0.5000000  -0.5000000), wk =   0.0069444
        k(   50) = (   0.1666667   0.1666667   0.1666667), wk =   0.0092593
        k(   51) = (   0.1666667   0.1666667   0.2500000), wk =   0.0277778
        k(   52) = (   0.1666667   0.1666667   0.3333333), wk =   0.0277778
        k(   53) = (   0.1666667   0.1666667   0.4166667), wk =   0.0277778
        k(   54) = (   0.1666667   0.1666667  -0.5000000), wk =   0.0138889
        k(   55) = (   0.1666667   0.2500000   0.2500000), wk =   0.0277778
        k(   56) = (   0.1666667   0.2500000   0.3333333), wk =   0.0555556
        k(   57) = (   0.1666667   0.2500000   0.4166667), wk =   0.0555556
        k(   58) = (   0.1666667   0.2500000  -0.5000000), wk =   0.0277778
        k(   59) = (   0.1666667   0.3333333   0.3333333), wk =   0.0277778
        k(   60) = (   0.1666667   0.3333333   0.4166667), wk =   0.0555556
        k(   61) = (   0.1666667   0.3333333  -0.5000000), wk =   0.0277778
        k(   62) = (   0.1666667   0.4166667   0.4166667), wk =   0.0277778
        k(   63) = (   0.1666667   0.4166667  -0.5000000), wk =   0.0277778
        k(   64) = (   0.1666667  -0.5000000  -0.5000000), wk =   0.0069444
        k(   65) = (   0.2500000   0.2500000   0.2500000), wk =   0.0092593
        k(   66) = (   0.2500000   0.2500000   0.3333333), wk =   0.0277778
        k(   67) = (   0.2500000   0.2500000   0.4166667), wk =   0.0277778
        k(   68) = (   0.2500000   0.2500000  -0.5000000), wk =   0.0138889
        k(   69) = (   0.2500000   0.3333333   0.3333333), wk =   0.0277778
        k(   70) = (   0.2500000   0.3333333   0.4166667), wk =   0.0555556
        k(   71) = (   0.2500000   0.3333333  -0.5000000), wk =   0.0277778
        k(   72) = (   0.2500000   0.4166667   0.4166667), wk =   0.0277778
        k(   73) = (   0.2500000   0.4166667  -0.5000000), wk =   0.0277778
        k(   74) = (   0.2500000  -0.5000000  -0.5000000), wk =   0.0069444
        k(   75) = (   0.3333333   0.3333333   0.3333333), wk =   0.0092593
        k(   76) = (   0.3333333   0.3333333   0.4166667), wk =   0.0277778
        k(   77) = (   0.3333333   0.3333333  -0.5000000), wk =   0.0138889
        k(   78) = (   0.3333333   0.4166667   0.4166667), wk =   0.0277778
        k(   79) = (   0.3333333   0.4166667  -0.5000000), wk =   0.0277778
        k(   80) = (   0.3333333  -0.5000000  -0.5000000), wk =   0.0069444
        k(   81) = (   0.4166667   0.4166667   0.4166667), wk =   0.0092593
        k(   82) = (   0.4166667   0.4166667  -0.5000000), wk =   0.0138889
        k(   83) = (   0.4166667  -0.5000000  -0.5000000), wk =   0.0069444
        k(   84) = (  -0.5000000  -0.5000000  -0.5000000), wk =   0.0011574

                       cryst. coord.
        k(    1) = (   0.0000000   0.0000000   0.0000000), wk =   0.0011574
        k(    2) = (   0.0000000   0.0000000   0.0833333), wk =   0.0069444
        k(    3) = (   0.0000000   0.0000000   0.1666667), wk =   0.0069444
        k(    4) = (   0.0000000   0.0000000   0.2500000), wk =   0.0069444
        k(    5) = (   0.0000000   0.0000000   0.3333333), wk =   0.0069444
        k(    6) = (   0.0000000   0.0000000   0.4166667), wk =   0.0069444
        k(    7) = (   0.0000000   0.0000000  -0.5000000), wk =   0.0034722
        k(    8) = (   0.0000000   0.0833333   0.0833333), wk =   0.0138889
        k(    9) = (   0.0000000   0.0833333   0.1666667), wk =   0.0277778
        k(   10) = (   0.0000000   0.0833333   0.2500000), wk =   0.0277778
        k(   11) = (   0.0000000   0.0833333   0.3333333), wk =   0.0277778
        k(   12) = (   0.0000000   0.0833333   0.4166667), wk =   0.0277778
        k(   13) = (   0.0000000   0.0833333  -0.5000000), wk =   0.0138889
        k(   14) = (   0.0000000   0.1666667   0.1666667), wk =   0.0138889
        k(   15) = (   0.0000000   0.1666667   0.2500000), wk =   0.0277778
        k(   16) = (   0.0000000   0.1666667   0.3333333), wk =   0.0277778
        k(   17) = (   0.0000000   0.1666667   0.4166667), wk =   0.0277778
        k(   18) = (   0.0000000   0.1666667  -0.5000000), wk =   0.0138889
        k(   19) = (   0.0000000   0.2500000   0.2500000), wk =   0.0138889
        k(   20) = (   0.0000000   0.2500000   0.3333333), wk =   0.0277778
        k(   21) = (   0.0000000   0.2500000   0.4166667), wk =   0.0277778
        k(   22) = (   0.0000000   0.2500000  -0.5000000), wk =   0.0138889
        k(   23) = (   0.0000000   0.3333333   0.3333333), wk =   0.0138889
        k(   24) = (   0.0000000   0.3333333   0.4166667), wk =   0.0277778
        k(   25) = (   0.0000000   0.3333333  -0.5000000), wk =   0.0138889
        k(   26) = (   0.0000000   0.4166667   0.4166667), wk =   0.0138889
        k(   27) = (   0.0000000   0.4166667  -0.5000000), wk =   0.0138889
        k(   28) = (   0.0000000  -0.5000000  -0.5000000), wk =   0.0034722
        k(   29) = (   0.0833333   0.0833333   0.0833333), wk =   0.0092593
        k(   30) = (   0.0833333   0.0833333   0.1666667), wk =   0.0277778
        k(   31) = (   0.0833333   0.0833333   0.2500000), wk =   0.0277778
        k(   32) = (   0.0833333   0.0833333   0.3333333), wk =   0.0277778
        k(   33) = (   0.0833333   0.0833333   0.4166667), wk =   0.0277778
        k(   34) = (   0.0833333   0.0833333  -0.5000000), wk =   0.0138889
        k(   35) = (   0.0833333   0.1666667   0.1666667), wk =   0.0277778
        k(   36) = (   0.0833333   0.1666667   0.2500000), wk =   0.0555556
        k(   37) = (   0.0833333   0.1666667   0.3333333), wk =   0.0555556
        k(   38) = (   0.0833333   0.1666667   0.4166667), wk =   0.0555556
        k(   39) = (   0.0833333   0.1666667  -0.5000000), wk =   0.0277778
        k(   40) = (   0.0833333   0.2500000   0.2500000), wk =   0.0277778
        k(   41) = (   0.0833333   0.2500000   0.3333333), wk =   0.0555556
        k(   42) = (   0.0833333   0.2500000   0.4166667), wk =   0.0555556
        k(   43) = (   0.0833333   0.2500000  -0.5000000), wk =   0.0277778
        k(   44) = (   0.0833333   0.3333333   0.3333333), wk =   0.0277778
        k(   45) = (   0.0833333   0.3333333   0.4166667), wk =   0.0555556
        k(   46) = (   0.0833333   0.3333333  -0.5000000), wk =   0.0277778
        k(   47) = (   0.0833333   0.4166667   0.4166667), wk =   0.0277778
        k(   48) = (   0.0833333   0.4166667  -0.5000000), wk =   0.0277778
        k(   49) = (   0.0833333  -0.5000000  -0.5000000), wk =   0.0069444
        k(   50) = (   0.1666667   0.1666667   0.1666667), wk =   0.0092593
        k(   51) = (   0.1666667   0.1666667   0.2500000), wk =   0.0277778
        k(   52) = (   0.1666667   0.1666667   0.3333333), wk =   0.0277778
        k(   53) = (   0.1666667   0.1666667   0.4166667), wk =   0.0277778
        k(   54) = (   0.1666667   0.1666667  -0.5000000), wk =   0.0138889
        k(   55) = (   0.1666667   0.2500000   0.2500000), wk =   0.0277778
        k(   56) = (   0.1666667   0.2500000   0.3333333), wk =   0.0555556
        k(   57) = (   0.1666667   0.2500000   0.4166667), wk =   0.0555556
        k(   58) = (   0.1666667   0.2500000  -0.5000000), wk =   0.0277778
        k(   59) = (   0.1666667   0.3333333   0.3333333), wk =   0.0277778
        k(   60) = (   0.1666667   0.3333333   0.4166667), wk =   0.0555556
        k(   61) = (   0.1666667   0.3333333  -0.5000000), wk =   0.0277778
        k(   62) = (   0.1666667   0.4166667   0.4166667), wk =   0.0277778
        k(   63) = (   0.1666667   0.4166667  -0.5000000), wk =   0.0277778
        k(   64) = (   0.1666667  -0.5000000  -0.5000000), wk =   0.0069444
        k(   65) = (   0.2500000   0.2500000   0.2500000), wk =   0.0092593
        k(   66) = (   0.2500000   0.2500000   0.3333333), wk =   0.0277778
        k(   67) = (   0.2500000   0.2500000   0.4166667), wk =   0.0277778
        k(   68) = (   0.2500000   0.2500000  -0.5000000), wk =   0.0138889
        k(   69) = (   0.2500000   0.3333333   0.3333333), wk =   0.0277778
        k(   70) = (   0.2500000   0.3333333   0.4166667), wk =   0.0555556
        k(   71) = (   0.2500000   0.3333333  -0.5000000), wk =   0.0277778
        k(   72) = (   0.2500000   0.4166667   0.4166667), wk =   0.0277778
        k(   73) = (   0.2500000   0.4166667  -0.5000000), wk =   0.0277778
        k(   74) = (   0.2500000  -0.5000000  -0.5000000), wk =   0.0069444
        k(   75) = (   0.3333333   0.3333333   0.3333333), wk =   0.0092593
        k(   76) = (   0.3333333   0.3333333   0.4166667), wk =   0.0277778
        k(   77) = (   0.3333333   0.3333333  -0.5000000), wk =   0.0138889
        k(   78) = (   0.3333333   0.4166667   0.4166667), wk =   0.0277778
        k(   79) = (   0.3333333   0.4166667  -0.5000000), wk =   0.0277778
        k(   80) = (   0.3333333  -0.5000000  -0.5000000), wk =   0.0069444
        k(   81) = (   0.4166667   0.4166667   0.4166667), wk =   0.0092593
        k(   82) = (   0.4166667   0.4166667  -0.5000000), wk =   0.0138889
        k(   83) = (   0.4166667  -0.5000000  -0.5000000), wk =   0.0069444
        k(   84) = (  -0.5000000  -0.5000000  -0.5000000), wk =   0.0011574

     PseudoPot. # 1 for Ca read from file:
     /home/administrator/Downloads/BURAI/BURAI1.3/pseudopot/Ca.pbe-spn-kjpaw_psl.1.0.0.UPF
     MD5 check sum: b518bfa21c8e9f1b10ff1c7131b15729
     Pseudo is Projector augmented-wave + core cor, Zval = 10.0
     Generated using "atomic" code by A. Dal Corso  v.5.1.2
     Shape of augmentation charge: PSQ
     Using radial grid of 1169 points,  6 beta functions with: 
                l(1) =   0
                l(2) =   0
                l(3) =   1
                l(4) =   1
                l(5) =   2
                l(6) =   2
     Q(r) pseudized with 0 coefficients 


     PseudoPot. # 2 for Ce read from file:
     /home/administrator/Downloads/BURAI/BURAI1.3/pseudopot/Ce.pbe-spdn-kjpaw_psl.1.0.0.UPF
     MD5 check sum: 812d43270a30c3f31dcbe73ad7930501
     Pseudo is Projector augmented-wave + core cor, Zval = 11.0
     Generated using "atomic" code by A. Dal Corso  v.5.1.2
     Shape of augmentation charge: PSQ
     Using radial grid of 1255 points,  6 beta functions with: 
                l(1) =   0
                l(2) =   0
                l(3) =   1
                l(4) =   1
                l(5) =   2
                l(6) =   2
     Q(r) pseudized with 0 coefficients 


     PseudoPot. # 3 for Se read from file:
     /home/administrator/Downloads/BURAI/BURAI1.3/pseudopot/Se.pbe-n-kjpaw_psl.1.0.0.UPF
     MD5 check sum: a24196f260b4188fa853fb27ef2f7c98
     Pseudo is Projector augmented-wave + core cor, Zval =  6.0
     Generated using "atomic" code by A. Dal Corso  v.5.1.2
     Shape of augmentation charge: PSQ
     Using radial grid of 1211 points,  4 beta functions with: 
                l(1) =   0
                l(2) =   0
                l(3) =   1
                l(4) =   1
     Q(r) pseudized with 0 coefficients 


     point group O_h (m-3m) 
     there are 10 classes
     the character table:

       E     8C3   3C2   6C4   6C2'  i     8S6   3s_h  6S4   6s_d 
A_1g   1.00  1.00  1.00  1.00  1.00  1.00  1.00  1.00  1.00  1.00
A_2g   1.00  1.00  1.00 -1.00 -1.00  1.00  1.00  1.00 -1.00 -1.00
E_g    2.00 -1.00  2.00  0.00  0.00  2.00 -1.00  2.00  0.00  0.00
T_1g   3.00  0.00 -1.00  1.00 -1.00  3.00  0.00 -1.00  1.00 -1.00
T_2g   3.00  0.00 -1.00 -1.00  1.00  3.00  0.00 -1.00 -1.00  1.00
A_1u   1.00  1.00  1.00  1.00  1.00 -1.00 -1.00 -1.00 -1.00 -1.00
A_2u   1.00  1.00  1.00 -1.00 -1.00 -1.00 -1.00 -1.00  1.00  1.00
E_u    2.00 -1.00  2.00  0.00  0.00 -2.00  1.00 -2.00  0.00  0.00
T_1u   3.00  0.00 -1.00  1.00 -1.00 -3.00  0.00  1.00 -1.00  1.00
T_2u   3.00  0.00 -1.00 -1.00  1.00 -3.00  0.00  1.00  1.00 -1.00

     the symmetry operations in each class and the name of the first element:

     E        1
                                                                 
     8C3     17   19   20   18   24   21   22   23
                                                                 
     3C2      2    4    3
                                                                 
     6C4      7    8   15   16   12   11
                                                                 
     6C2'     5    6   14   13   10    9
                                                                 
     i       25
                                                                 
     8S6     41   43   44   42   48   45   46   47
                                                                 
     3s_h    26   28   27
                                                                 
     6S4     31   32   39   40   36   35
                                                                 
     6s_d    29   30   38   37   34   33
                                                                 


     Atomic displacements:
     There are    5 irreducible representations

     Representation     1      3 modes -  To be done
     Irreps are as follows:

     mode #   1              mode #   2              mode #   3
     (  -0.00000  -0.00000 ) (  -0.00000   0.00000 ) (  -0.00000  -0.00000 ) 
     (  -0.00000  -0.00000 ) (  -0.00000   0.00000 ) (  -0.00000  -0.00000 ) 
     (  -0.00000  -0.00000 ) (  -0.00000   0.00000 ) (  -0.00000  -0.00000 ) 
     (  -0.00000  -0.00000 ) (  -0.00000   0.00000 ) (  -0.00000  -0.00000 ) 
     (  -0.00000  -0.00000 ) (  -0.00000   0.00000 ) (  -0.00000  -0.00000 ) 
     (  -0.00000  -0.00000 ) (  -0.00000   0.00000 ) (  -0.00000  -0.00000 ) 
     (   0.00000  -0.00000 ) (   0.00000   0.00000 ) (  -0.10353  -0.00000 ) 
     (  -0.49731  -0.00000 ) (  -0.49731  -0.00000 ) (  -0.00000   0.00000 ) 
     (  -0.49731  -0.00000 ) (   0.49731   0.00000 ) (  -0.00000   0.00000 ) 
     (   0.00000  -0.00000 ) (   0.00000   0.00000 ) (  -0.70331   0.00000 ) 
     (  -0.07320  -0.00000 ) (  -0.07320  -0.00000 ) (   0.00000  -0.00000 ) 
     (  -0.49731  -0.00000 ) (   0.49731   0.00000 ) (   0.00000  -0.00000 ) 
     (   0.00000  -0.00000 ) (   0.00000   0.00000 ) (  -0.70331   0.00000 ) 
     (  -0.49731  -0.00000 ) (  -0.49731  -0.00000 ) (   0.00000  -0.00000 ) 
     (  -0.07320  -0.00000 ) (   0.07320   0.00000 ) (  -0.00000   0.00000 ) 

     Representation     2      3 modes -  To be done
     Irreps are as follows:

     mode #   4              mode #   5              mode #   6
     (  -0.00000  -0.00000 ) (  -0.00000  -0.00000 ) (  -0.00000  -0.00000 ) 
     (  -0.00000  -0.00000 ) (  -0.00000  -0.00000 ) (  -0.00000  -0.00000 ) 
     (  -0.00000  -0.00000 ) (  -0.00000  -0.00000 ) (  -0.00000  -0.00000 ) 
     (  -1.00000  -0.00000 ) (  -0.00000  -0.00000 ) (  -0.00000  -0.00000 ) 
     (  -0.00000  -0.00000 ) (  -1.00000  -0.00000 ) (  -0.00000  -0.00000 ) 
     (  -0.00000  -0.00000 ) (  -0.00000  -0.00000 ) (  -1.00000  -0.00000 ) 
     (  -0.00000  -0.00000 ) (  -0.00000  -0.00000 ) (  -0.00000  -0.00000 ) 
     (  -0.00000  -0.00000 ) (  -0.00000  -0.00000 ) (  -0.00000  -0.00000 ) 
     (  -0.00000  -0.00000 ) (  -0.00000  -0.00000 ) (  -0.00000  -0.00000 ) 
     (  -0.00000  -0.00000 ) (  -0.00000  -0.00000 ) (  -0.00000  -0.00000 ) 
     (  -0.00000  -0.00000 ) (  -0.00000  -0.00000 ) (  -0.00000  -0.00000 ) 
     (  -0.00000  -0.00000 ) (  -0.00000  -0.00000 ) (  -0.00000  -0.00000 ) 
     (  -0.00000  -0.00000 ) (  -0.00000  -0.00000 ) (  -0.00000  -0.00000 ) 
     (  -0.00000  -0.00000 ) (  -0.00000  -0.00000 ) (  -0.00000  -0.00000 ) 
     (  -0.00000  -0.00000 ) (  -0.00000  -0.00000 ) (  -0.00000  -0.00000 ) 

     Representation     3      3 modes -  To be done
     Irreps are as follows:

     mode #   7              mode #   8              mode #   9
     (  -1.00000  -0.00000 ) (  -0.00000  -0.00000 ) (  -0.00000  -0.00000 ) 
     (  -0.00000  -0.00000 ) (  -0.00000  -0.00000 ) (  -1.00000  -0.00000 ) 
     (  -0.00000  -0.00000 ) (  -1.00000  -0.00000 ) (  -0.00000  -0.00000 ) 
     (  -0.00000  -0.00000 ) (  -0.00000  -0.00000 ) (  -0.00000  -0.00000 ) 
     (  -0.00000  -0.00000 ) (  -0.00000  -0.00000 ) (  -0.00000  -0.00000 ) 
     (  -0.00000  -0.00000 ) (  -0.00000  -0.00000 ) (  -0.00000  -0.00000 ) 
     (  -0.00000  -0.00000 ) (  -0.00000  -0.00000 ) (  -0.00000  -0.00000 ) 
     (  -0.00000  -0.00000 ) (  -0.00000  -0.00000 ) (  -0.00000  -0.00000 ) 
     (  -0.00000  -0.00000 ) (  -0.00000  -0.00000 ) (  -0.00000  -0.00000 ) 
     (  -0.00000  -0.00000 ) (  -0.00000  -0.00000 ) (  -0.00000  -0.00000 ) 
     (  -0.00000  -0.00000 ) (  -0.00000  -0.00000 ) (  -0.00000  -0.00000 ) 
     (  -0.00000  -0.00000 ) (  -0.00000  -0.00000 ) (  -0.00000  -0.00000 ) 
     (  -0.00000  -0.00000 ) (  -0.00000  -0.00000 ) (  -0.00000  -0.00000 ) 
     (  -0.00000  -0.00000 ) (  -0.00000  -0.00000 ) (  -0.00000  -0.00000 ) 
     (  -0.00000  -0.00000 ) (  -0.00000  -0.00000 ) (  -0.00000  -0.00000 ) 

     Representation     4      3 modes -  To be done
     Irreps are as follows:

     mode #  10              mode #  11              mode #  12
     (  -0.00000  -0.00000 ) (  -0.00000   0.00000 ) (  -0.00000   0.00000 ) 
     (  -0.00000  -0.00000 ) (  -0.00000   0.00000 ) (  -0.00000   0.00000 ) 
     (  -0.00000  -0.00000 ) (  -0.00000   0.00000 ) (  -0.00000   0.00000 ) 
     (  -0.00000  -0.00000 ) (  -0.00000   0.00000 ) (  -0.00000   0.00000 ) 
     (  -0.00000  -0.00000 ) (  -0.00000   0.00000 ) (  -0.00000   0.00000 ) 
     (  -0.00000  -0.00000 ) (  -0.00000   0.00000 ) (  -0.00000   0.00000 ) 
     (  -0.99463  -0.00000 ) (  -0.00000  -0.00000 ) (  -0.00000  -0.00000 ) 
     (  -0.00000  -0.00000 ) (  -0.07320  -0.00000 ) (  -0.00072  -0.00000 ) 
     (   0.00000  -0.00000 ) (   0.00072   0.00000 ) (  -0.07320  -0.00000 ) 
     (   0.07320  -0.00000 ) (  -0.00000  -0.00000 ) (  -0.00000  -0.00000 ) 
     (  -0.00000  -0.00000 ) (   0.99458   0.00000 ) (   0.00985   0.00000 ) 
     (  -0.00000  -0.00000 ) (   0.00072   0.00000 ) (  -0.07320  -0.00000 ) 
     (   0.07320  -0.00000 ) (   0.00000   0.00000 ) (   0.00000   0.00000 ) 
     (  -0.00000  -0.00000 ) (  -0.07320  -0.00000 ) (  -0.00072  -0.00000 ) 
     (   0.00000  -0.00000 ) (  -0.00985  -0.00000 ) (   0.99458   0.00000 ) 

     Representation     5      3 modes -  To be done
     Irreps are as follows:

     mode #  13              mode #  14              mode #  15
     (  -0.00000   0.00000 ) (  -0.00000   0.00000 ) (  -0.00000   0.00000 ) 
     (  -0.00000   0.00000 ) (  -0.00000   0.00000 ) (  -0.00000   0.00000 ) 
     (  -0.00000   0.00000 ) (  -0.00000   0.00000 ) (  -0.00000   0.00000 ) 
     (  -0.00000   0.00000 ) (  -0.00000   0.00000 ) (  -0.00000   0.00000 ) 
     (  -0.00000   0.00000 ) (  -0.00000   0.00000 ) (  -0.00000   0.00000 ) 
     (  -0.00000   0.00000 ) (  -0.00000   0.00000 ) (  -0.00000   0.00000 ) 
     (   0.00000   0.00000 ) (   0.00000   0.00000 ) (  -0.00000  -0.00000 ) 
     (  -0.51294  -0.00000 ) (  -0.12203  -0.00000 ) (  -0.47117  -0.00000 ) 
     (   0.47266   0.00000 ) (  -0.28821  -0.00000 ) (  -0.43992  -0.00000 ) 
     (   0.11612   0.00000 ) (   0.63407   0.00000 ) (  -0.29064  -0.00000 ) 
     (   0.00000   0.00000 ) (   0.00000   0.00000 ) (  -0.00000  -0.00000 ) 
     (  -0.47266  -0.00000 ) (   0.28821   0.00000 ) (   0.43992   0.00000 ) 
     (  -0.11612  -0.00000 ) (  -0.63407  -0.00000 ) (   0.29064   0.00000 ) 
     (   0.51294   0.00000 ) (   0.12203   0.00000 ) (   0.47117   0.00000 ) 
     (  -0.00000  -0.00000 ) (  -0.00000  -0.00000 ) (  -0.00000  -0.00000 ) 



     Alpha used in Ewald sum =   2.8000
     PHONON       :   1m56.49s CPU   1m44.23s WALL



     Representation #   1 modes #   1   2   3

     Self-consistent Calculation

     Pert. #  1: Fermi energy shift (Ry) =    -5.1699E-26    -7.8366E-39
     Pert. #  2: Fermi energy shift (Ry) =    -3.4466E-26     5.8775E-39
     Pert. #  3: Fermi energy shift (Ry) =    -7.3376E-27     1.4920E-38

      iter #   1 total cpu time :  1655.5 secs   av.it.:   7.1
      thresh= 1.000E-02 alpha_mix =  0.700 |ddv_scf|^2 =  1.912E-08

     Pert. #  1: Fermi energy shift (Ry) =     0.0000E+00     0.0000E+00
     Pert. #  2: Fermi energy shift (Ry) =    -2.1541E-27    -1.0714E-40
     Pert. #  3: Fermi energy shift (Ry) =    -9.0050E-28     1.7778E-40

      iter #   2 total cpu time :  5909.5 secs   av.it.:  20.4
      thresh= 1.383E-05 alpha_mix =  0.700 |ddv_scf|^2 =  1.666E-08

     Pert. #  1: Fermi energy shift (Ry) =    -2.5849E-26    -1.2245E-40
     Pert. #  2: Fermi energy shift (Ry) =     0.0000E+00    -1.5306E-41
     Pert. #  3: Fermi energy shift (Ry) =    -2.1541E-27     6.7111E-41

      iter #   3 total cpu time : 10004.3 secs   av.it.:  19.6
      thresh= 1.291E-05 alpha_mix =  0.700 |ddv_scf|^2 =  3.020E-11

     Pert. #  1: Fermi energy shift (Ry) =    -6.4623E-27     1.1001E-41
     Pert. #  2: Fermi energy shift (Ry) =     0.0000E+00    -1.5545E-42
     Pert. #  3: Fermi energy shift (Ry) =    -5.1989E-27    -1.0026E-42

      iter #   4 total cpu time : 14264.5 secs   av.it.:  20.3
      thresh= 5.495E-07 alpha_mix =  0.700 |ddv_scf|^2 =  1.025E-12

     Pert. #  1: Fermi energy shift (Ry) =    -8.6165E-27     1.1958E-43
     Pert. #  2: Fermi energy shift (Ry) =    -6.4623E-27     5.9789E-44
     Pert. #  3: Fermi energy shift (Ry) =    -9.4868E-27    -3.6791E-44

      iter #   5 total cpu time : 18483.8 secs   av.it.:  20.7
      thresh= 1.013E-07 alpha_mix =  0.700 |ddv_scf|^2 =  3.813E-14

     Pert. #  1: Fermi energy shift (Ry) =     8.6165E-27     5.3810E-43
     Pert. #  2: Fermi energy shift (Ry) =    -1.0771E-26     4.7831E-43
     Pert. #  3: Fermi energy shift (Ry) =    -9.1475E-28     2.3915E-43

      iter #   6 total cpu time : 22655.7 secs   av.it.:  20.0
      thresh= 1.953E-08 alpha_mix =  0.700 |ddv_scf|^2 =  3.207E-15

     End of self-consistent calculation

     Convergence has been achieved 


     Representation #   2 modes #   4   5   6

     Self-consistent Calculation

     Pert. #  1: Fermi energy shift (Ry) =     0.0000E+00     0.0000E+00
     Pert. #  2: Fermi energy shift (Ry) =     0.0000E+00     0.0000E+00
     Pert. #  3: Fermi energy shift (Ry) =     0.0000E+00     0.0000E+00

      iter #   1 total cpu time : 24156.4 secs   av.it.:   7.4
      thresh= 1.000E-02 alpha_mix =  0.700 |ddv_scf|^2 =  3.640E-08

     Pert. #  1: Fermi energy shift (Ry) =     0.0000E+00     0.0000E+00
     Pert. #  2: Fermi energy shift (Ry) =     0.0000E+00     0.0000E+00
     Pert. #  3: Fermi energy shift (Ry) =     0.0000E+00     0.0000E+00

      iter #   2 total cpu time : 28274.1 secs   av.it.:  19.9
      thresh= 1.908E-05 alpha_mix =  0.700 |ddv_scf|^2 =  2.422E-08

     Pert. #  1: Fermi energy shift (Ry) =     0.0000E+00     0.0000E+00
     Pert. #  2: Fermi energy shift (Ry) =     0.0000E+00     0.0000E+00
     Pert. #  3: Fermi energy shift (Ry) =     0.0000E+00     0.0000E+00

      iter #   3 total cpu time : 32294.9 secs   av.it.:  19.4
      thresh= 1.556E-05 alpha_mix =  0.700 |ddv_scf|^2 =  3.060E-10

     Pert. #  1: Fermi energy shift (Ry) =     0.0000E+00     0.0000E+00
     Pert. #  2: Fermi energy shift (Ry) =     0.0000E+00     0.0000E+00
     Pert. #  3: Fermi energy shift (Ry) =     0.0000E+00     0.0000E+00

      iter #   4 total cpu time : 36410.7 secs   av.it.:  20.0
      thresh= 1.749E-06 alpha_mix =  0.700 |ddv_scf|^2 =  1.182E-11

     Pert. #  1: Fermi energy shift (Ry) =     0.0000E+00     0.0000E+00
     Pert. #  2: Fermi energy shift (Ry) =     0.0000E+00     0.0000E+00
     Pert. #  3: Fermi energy shift (Ry) =     0.0000E+00     0.0000E+00

      iter #   5 total cpu time : 40500.5 secs   av.it.:  20.3
      thresh= 3.438E-07 alpha_mix =  0.700 |ddv_scf|^2 =  3.599E-13

     Pert. #  1: Fermi energy shift (Ry) =     0.0000E+00     0.0000E+00
     Pert. #  2: Fermi energy shift (Ry) =     0.0000E+00     0.0000E+00
     Pert. #  3: Fermi energy shift (Ry) =     0.0000E+00     0.0000E+00

      iter #   6 total cpu time : 44599.9 secs   av.it.:  20.4
      thresh= 5.999E-08 alpha_mix =  0.700 |ddv_scf|^2 =  2.005E-14

     Pert. #  1: Fermi energy shift (Ry) =     0.0000E+00     0.0000E+00
     Pert. #  2: Fermi energy shift (Ry) =     0.0000E+00     0.0000E+00
     Pert. #  3: Fermi energy shift (Ry) =     0.0000E+00     0.0000E+00

      iter #   7 total cpu time : 48668.7 secs   av.it.:  19.9
      thresh= 1.416E-08 alpha_mix =  0.700 |ddv_scf|^2 =  1.070E-15

     End of self-consistent calculation

     Convergence has been achieved 


     Representation #   3 modes #   7   8   9

     Self-consistent Calculation

     Pert. #  1: Fermi energy shift (Ry) =     0.0000E+00     0.0000E+00
     Pert. #  2: Fermi energy shift (Ry) =     0.0000E+00     0.0000E+00
     Pert. #  3: Fermi energy shift (Ry) =     0.0000E+00     0.0000E+00

      iter #   1 total cpu time : 50308.7 secs   av.it.:   8.1
      thresh= 1.000E-02 alpha_mix =  0.700 |ddv_scf|^2 =  8.584E-08

     Pert. #  1: Fermi energy shift (Ry) =     0.0000E+00     0.0000E+00
     Pert. #  2: Fermi energy shift (Ry) =     0.0000E+00     0.0000E+00
     Pert. #  3: Fermi energy shift (Ry) =     0.0000E+00     0.0000E+00

      iter #   2 total cpu time : 54498.4 secs   av.it.:  20.2
      thresh= 2.930E-05 alpha_mix =  0.700 |ddv_scf|^2 =  7.773E-08

     Pert. #  1: Fermi energy shift (Ry) =     0.0000E+00     0.0000E+00
     Pert. #  2: Fermi energy shift (Ry) =     0.0000E+00     0.0000E+00
     Pert. #  3: Fermi energy shift (Ry) =     0.0000E+00     0.0000E+00

      iter #   3 total cpu time : 58547.8 secs   av.it.:  19.4
      thresh= 2.788E-05 alpha_mix =  0.700 |ddv_scf|^2 =  3.437E-10

     Pert. #  1: Fermi energy shift (Ry) =     0.0000E+00     0.0000E+00
     Pert. #  2: Fermi energy shift (Ry) =     0.0000E+00     0.0000E+00
     Pert. #  3: Fermi energy shift (Ry) =     0.0000E+00     0.0000E+00

      iter #   4 total cpu time : 62593.9 secs   av.it.:  20.5
      thresh= 1.854E-06 alpha_mix =  0.700 |ddv_scf|^2 =  4.996E-12

     Pert. #  1: Fermi energy shift (Ry) =     0.0000E+00     0.0000E+00
     Pert. #  2: Fermi energy shift (Ry) =     0.0000E+00     0.0000E+00
     Pert. #  3: Fermi energy shift (Ry) =     0.0000E+00     0.0000E+00

      iter #   5 total cpu time : 66708.8 secs   av.it.:  20.3
      thresh= 2.235E-07 alpha_mix =  0.700 |ddv_scf|^2 =  3.370E-13

     Pert. #  1: Fermi energy shift (Ry) =     0.0000E+00     0.0000E+00
     Pert. #  2: Fermi energy shift (Ry) =     0.0000E+00     0.0000E+00
     Pert. #  3: Fermi energy shift (Ry) =     0.0000E+00     0.0000E+00

      iter #   6 total cpu time : 70645.5 secs   av.it.:  19.6
      thresh= 5.805E-08 alpha_mix =  0.700 |ddv_scf|^2 =  7.795E-15

     End of self-consistent calculation

     Convergence has been achieved 


     Representation #   4 modes #  10  11  12

     Self-consistent Calculation

     Pert. #  1: Fermi energy shift (Ry) =    -2.8946E-26     2.2347E-38
     Pert. #  2: Fermi energy shift (Ry) =     8.6165E-27    -1.9592E-38
     Pert. #  3: Fermi energy shift (Ry) =     6.4893E-26    -1.0439E-38

      iter #   1 total cpu time : 72256.4 secs   av.it.:   6.8
      thresh= 1.000E-02 alpha_mix =  0.700 |ddv_scf|^2 =  1.788E-08

     Pert. #  1: Fermi energy shift (Ry) =    -1.8882E-26    -5.2734E-41
     Pert. #  2: Fermi energy shift (Ry) =     0.0000E+00     4.5918E-41
     Pert. #  3: Fermi energy shift (Ry) =    -1.3160E-26    -4.7951E-41

      iter #   2 total cpu time : 76454.3 secs   av.it.:  20.2
      thresh= 1.337E-05 alpha_mix =  0.700 |ddv_scf|^2 =  1.594E-08

     Pert. #  1: Fermi energy shift (Ry) =     6.4792E-28    -1.6550E-40
     Pert. #  2: Fermi energy shift (Ry) =    -6.4623E-27    -3.0612E-41
     Pert. #  3: Fermi energy shift (Ry) =     3.4836E-27    -1.7315E-40

      iter #   3 total cpu time : 80531.8 secs   av.it.:  19.6
      thresh= 1.263E-05 alpha_mix =  0.700 |ddv_scf|^2 =  3.195E-11

     Pert. #  1: Fermi energy shift (Ry) =    -2.4402E-27     2.2720E-42
     Pert. #  2: Fermi energy shift (Ry) =     2.1541E-27     9.5662E-43
     Pert. #  3: Fermi energy shift (Ry) =     6.0585E-28     8.9683E-44

      iter #   4 total cpu time : 84657.0 secs   av.it.:  20.2
      thresh= 5.652E-07 alpha_mix =  0.700 |ddv_scf|^2 =  1.405E-12

     Pert. #  1: Fermi energy shift (Ry) =    -5.5536E-28     1.0650E-43
     Pert. #  2: Fermi energy shift (Ry) =    -2.1541E-27    -7.1746E-43
     Pert. #  3: Fermi energy shift (Ry) =    -5.2591E-27    -1.7750E-43

      iter #   5 total cpu time : 88785.9 secs   av.it.:  20.1
      thresh= 1.185E-07 alpha_mix =  0.700 |ddv_scf|^2 =  3.324E-14

     Pert. #  1: Fermi energy shift (Ry) =     3.4584E-27    -5.3063E-43
     Pert. #  2: Fermi energy shift (Ry) =     5.3853E-27     9.5662E-43
     Pert. #  3: Fermi energy shift (Ry) =    -3.0292E-27    -5.6725E-42

      iter #   6 total cpu time : 92714.8 secs   av.it.:  19.6
      thresh= 1.823E-08 alpha_mix =  0.700 |ddv_scf|^2 =  1.488E-15

     End of self-consistent calculation

     Convergence has been achieved 


     Representation #   5 modes #  13  14  15

     Self-consistent Calculation

     Pert. #  1: Fermi energy shift (Ry) =     1.1029E-24     1.2539E-37
     Pert. #  2: Fermi energy shift (Ry) =    -1.1029E-24    -3.1347E-38
     Pert. #  3: Fermi energy shift (Ry) =    -8.2718E-25    -4.7020E-38

      iter #   1 total cpu time : 94368.3 secs   av.it.:   6.5
      thresh= 1.000E-02 alpha_mix =  0.700 |ddv_scf|^2 =  3.679E-09

     Pert. #  1: Fermi energy shift (Ry) =     2.1541E-27    -7.6530E-42
     Pert. #  2: Fermi energy shift (Ry) =    -4.3082E-27     4.5918E-41
     Pert. #  3: Fermi energy shift (Ry) =    -6.4623E-27    -2.8699E-41

      iter #   2 total cpu time : 98714.9 secs   av.it.:  20.5
      thresh= 6.065E-06 alpha_mix =  0.700 |ddv_scf|^2 =  4.210E-10

     Pert. #  1: Fermi energy shift (Ry) =    -2.1541E-27    -7.6530E-42
     Pert. #  2: Fermi energy shift (Ry) =     8.0779E-27     7.6530E-42
     Pert. #  3: Fermi energy shift (Ry) =     4.1736E-27    -3.8265E-42

      iter #   3 total cpu time :103146.5 secs   av.it.:  20.7
      thresh= 2.052E-06 alpha_mix =  0.700 |ddv_scf|^2 =  3.147E-12

     Pert. #  1: Fermi energy shift (Ry) =     6.4623E-27    -4.7831E-43
     Pert. #  2: Fermi energy shift (Ry) =    -1.0771E-27    -1.4349E-42
     Pert. #  3: Fermi energy shift (Ry) =    -3.6351E-27    -7.1746E-43

      iter #   4 total cpu time :107636.8 secs   av.it.:  20.6
      thresh= 1.774E-07 alpha_mix =  0.700 |ddv_scf|^2 =  1.917E-14

     Pert. #  1: Fermi energy shift (Ry) =    -5.3853E-28     0.0000E+00
     Pert. #  2: Fermi energy shift (Ry) =    -1.6156E-27     0.0000E+00
     Pert. #  3: Fermi energy shift (Ry) =     1.3463E-27     8.9683E-44

      iter #   5 total cpu time :111917.5 secs   av.it.:  19.5
      thresh= 1.385E-08 alpha_mix =  0.700 |ddv_scf|^2 =  1.581E-16

     End of self-consistent calculation

     Convergence has been achieved 

     Number of q in the star =    1
     List of q in the star:
          1   0.000000000   0.000000000   0.000000000

     Diagonalizing the dynamical matrix

     q = (    0.000000000   0.000000000   0.000000000 ) 

 **************************************************************************
     freq (    1) =      -3.106323 [THz] =    -103.615790 [cm-1]
     freq (    2) =      -3.106323 [THz] =    -103.615790 [cm-1]
     freq (    3) =      -3.106323 [THz] =    -103.615790 [cm-1]
     freq (    4) =      -2.422808 [THz] =     -80.816164 [cm-1]
     freq (    5) =      -2.422808 [THz] =     -80.816164 [cm-1]
     freq (    6) =      -2.422808 [THz] =     -80.816164 [cm-1]
     freq (    7) =       0.518535 [THz] =      17.296475 [cm-1]
     freq (    8) =       0.518535 [THz] =      17.296475 [cm-1]
     freq (    9) =       0.518535 [THz] =      17.296475 [cm-1]
     freq (   10) =       1.566995 [THz] =      52.269317 [cm-1]
     freq (   11) =       1.566995 [THz] =      52.269317 [cm-1]
     freq (   12) =       1.566995 [THz] =      52.269317 [cm-1]
     freq (   13) =      10.559397 [THz] =     352.223569 [cm-1]
     freq (   14) =      10.559397 [THz] =     352.223569 [cm-1]
     freq (   15) =      10.559397 [THz] =     352.223569 [cm-1]
 **************************************************************************

     Mode symmetry, O_h (m-3m)  point group:

     freq (   1-   3) =       -103.6  [cm-1]   --> T_1u G_15  G_4- I  
     freq (   4-   6) =        -80.8  [cm-1]   --> T_2u G_25  G_5-    
     freq (   7-   9) =         17.3  [cm-1]   --> T_1u G_15  G_4- I  
     freq (  10-  12) =         52.3  [cm-1]   --> T_1u G_15  G_4- I  
     freq (  13-  15) =        352.2  [cm-1]   --> T_1u G_15  G_4- I  

     PHONON       :   1d 4h22m CPU   1d 7h 5m WALL

     INITIALIZATION: 
     phq_setup    :      0.39s CPU      0.42s WALL (       1 calls)
     phq_init     :    113.14s CPU    100.52s WALL (       1 calls)

     phq_init     :    113.14s CPU    100.52s WALL (       1 calls)
     set_drhoc    :      0.01s CPU      0.01s WALL (       3 calls)
     init_vloc    :      0.03s CPU      0.03s WALL (       1 calls)
     init_us_1    :      0.14s CPU      0.15s WALL (       1 calls)
     init_us_2    :     18.15s CPU     13.26s WALL (    4032 calls)
     newd         :      0.93s CPU      1.02s WALL (       1 calls)
     dvanqq       :     30.32s CPU     33.42s WALL (       1 calls)
     drho         :     75.94s CPU     62.63s WALL (       1 calls)
     drhous       :     57.45s CPU     42.03s WALL (       1 calls)
     nldyntot     :      0.35s CPU      0.35s WALL (       1 calls)

     DYNAMICAL MATRIX:
     dynmat0      :      4.28s CPU      2.74s WALL (       1 calls)
     dynmat_us    :      3.96s CPU      2.47s WALL (       1 calls)
     addusdynmat  :      0.00s CPU      0.00s WALL (       1 calls)
     d2ionq       :      0.20s CPU      0.15s WALL (       1 calls)
     dynmatcc     :      0.12s CPU      0.13s WALL (       1 calls)
     phqscf       : 102032.87s CPU 111818.26s WALL (       1 calls)
     dynmatrix    :      0.01s CPU      0.01s WALL (       1 calls)

     phqscf       : 102032.87s CPU 111818.26s WALL (       1 calls)
     solve_linter : 102005.43s CPU 111801.50s WALL (       5 calls)
     sth_kernel   : 101331.63s CPU 111112.26s WALL (      30 calls)
     h_prec       :      4.45s CPU      3.25s WALL (    2520 calls)
     apply_dpot_b :    334.04s CPU    257.97s WALL (    6300 calls)
     ortho        :    155.65s CPU    173.20s WALL (    7560 calls)
     cgsolve      : 100390.63s CPU 110279.07s WALL (    7560 calls)
     incdrhoscf   :    367.36s CPU    340.50s WALL (    7560 calls)
                                        0.00s GPU  (    7560 calls)
     addusddens   :    125.20s CPU    148.79s WALL (      35 calls)
     dv_of_drho   :      7.45s CPU      7.94s WALL (      90 calls)
     mix_pot      :      8.22s CPU      8.88s WALL (      30 calls)
     ef_shift     :      6.36s CPU      6.09s WALL (      30 calls)
     ef_shift_wfc :      1.12s CPU      1.22s WALL (       5 calls)
     localdos     :     27.45s CPU     21.18s WALL (       5 calls)
     drhodv       :     27.42s CPU     16.74s WALL (       5 calls)
     psymdvscf    :    173.49s CPU    175.62s WALL (      30 calls)
     newdq        :     48.74s CPU     48.82s WALL (      30 calls)
     adddvscf     :     49.69s CPU     35.13s WALL (    6300 calls)
     drhodvus     :      1.33s CPU      1.40s WALL (       5 calls)

     dvqpsi_us    :    231.17s CPU    228.51s WALL (    1260 calls)
                                        0.00s GPU  (    1260 calls)
     dvqpsi_us_on :     26.17s CPU     30.27s WALL (    1260 calls)

     add_vuspsi   :   1756.71s CPU   2886.32s WALL (  239230 calls)
     addusdbec    :     53.79s CPU     35.20s WALL (    8820 calls)

     drhodvus     :      1.33s CPU      1.40s WALL (       5 calls)

      General routines
     calbec       :  30898.36s CPU  31139.90s WALL (  501140 calls)
     fft          :     38.21s CPU     39.06s WALL (    2046 calls)
     ffts         :     90.74s CPU     85.30s WALL (    9931 calls)
     fftw         :   7225.36s CPU   6811.05s WALL ( 6199376 calls)
     write_rec    :      0.02s CPU      0.02s WALL (      35 calls)

      Additional routines
     ch_psi       :  73828.78s CPU  82073.23s WALL (  239230 calls)
     last         :  59803.70s CPU  67200.51s WALL (  239230 calls)
     Hesh         :     53.62s CPU     41.56s WALL (  239230 calls)
     ch_psi_all_k :  59745.48s CPU  67155.33s WALL (  239230 calls)
                                        0.00s GPU  (  239230 calls)
     ch_psi_calbe :  27632.87s CPU  27966.41s WALL (  239230 calls)
                                        0.00s GPU  (  239230 calls)
     h_psi_bgrp   :  12963.98s CPU  13583.81s WALL (  239230 calls)
     h_psi        :  12958.63s CPU  13581.56s WALL (  239230 calls)
     h_psi:pot    :  12885.83s CPU  13512.44s WALL (  239230 calls)
     h_psi:calbec :   3163.62s CPU   3110.00s WALL (  239230 calls)
     s_psi_bgrp   :   4070.89s CPU   6839.86s WALL (  486020 calls)
     s_psi        :   4012.83s CPU   6764.83s WALL (  486020 calls)


     PHONON       :   1d 4h22m CPU   1d 7h 5m WALL


   This run was terminated on:   4:39:10  21Apr2025            

=------------------------------------------------------------------------------=
   JOB DONE.
=------------------------------------------------------------------------------=
