
     Program PHONON v.7.3.1 starts on 13May2025 at 21: 3:27 

     This program is part of the open-source Quantum ESPRESSO suite
     for quantum simulation of materials; please cite
         "P. Giannozzi et al., J. Phys.:Condens. Matter 21 395502 (2009);
         "P. Giannozzi et al., J. Phys.:Condens. Matter 29 465901 (2017);
         "P. Giannozzi et al., J. Chem. Phys. 152 154105 (2020);
          URL http://www.quantum-espresso.org", 
     in publications or presentations arising from this work. More details at
     http://www.quantum-espresso.org/quote

     Parallel version (MPI), running on     8 processors

     MPI processes distributed on     1 nodes
     59153 MiB available memory on the printing compute node when the environment starts

     Waiting for input...
     Reading input from standard input
      Title line not specified: using 'default'.

     Reading xml data from directory:

     ./tmp/KNbSe3.save/

     R & G space division:  proc/nbgrp/npool/nimage =       8
     Subspace diagonalization in iterative solution of the eigenvalue problem:
     one sub-group per band group will be used
     custom distributed-memory algorithm (size of sub-group:  2*  2 procs)

     file K.pbe-spn-kjpaw_psl.1.0.0.UPF: wavefunction(s)  3S renormalized
     file Nb.pbe-spn-kjpaw_psl.1.0.0.UPF: wavefunction(s)  4S 4P 4D renormalized

     IMPORTANT: XC functional enforced from input :
     Exchange-correlation= PBE
                           (   1   4   3   4   0   0   0)
     Any further DFT definition will be discarded
     Please, verify this is what you really want


     Parallelization info
     --------------------
     sticks:   dense  smooth     PW     G-vecs:    dense   smooth      PW
     Min         747     372    105                43449    15370    2254
     Max         749     373    108                43450    15373    2255
     Sum        5981    2981    845               347595   122969   18037

     Using Slab Decomposition

     Reading collected, re-writing distributed wavefunctions in ./tmp/

     Number and degeneracy of irreps per q-point
       N         xq(1)         xq(2)         xq(3)   N irreps
  autoval = -.1097E+01
     Irreps are as follows:

                     mode #   1
                     (  -0.00000  -0.00000   ) 
                     (  -0.00000  -0.00000   ) 
                     (  -0.00000  -0.00000   ) 
                     (  -0.00000  -0.00000   ) 
                     (  -0.00000  -0.00000   ) 
                     (  -0.00000  -0.00000   ) 
                     (  -0.00302  -0.00000   ) 
                     (   0.09791  -0.00000   ) 
                     (   0.00000   0.00000   ) 
                     (  -0.00302  -0.00000   ) 
                     (   0.98989  -0.00000   ) 
                     (  -0.00000  -0.00000   ) 
                     (  -0.03052  -0.00000   ) 
                     (   0.09791  -0.00000   ) 
                     (   0.00000   0.00000   ) 
  autoval = -.1097E+01
     Irreps are as follows:

                     mode #   2
                     (  -0.00000   0.00000   ) 
                     (  -0.00000   0.00000   ) 
                     (  -0.00000   0.00000   ) 
                     (  -0.00000   0.00000   ) 
                     (  -0.00000   0.00000   ) 
                     (  -0.00000   0.00000   ) 
                     (  -0.09791  -0.00000   ) 
                     (  -0.00302  -0.00000   ) 
                     (   0.00000  -0.00000   ) 
                     (  -0.09791  -0.00000   ) 
                     (  -0.03052  -0.00000   ) 
                     (  -0.00000  -0.00000   ) 
                     (  -0.98989  -0.00000   ) 
                     (  -0.00302  -0.00000   ) 
                     (  -0.00000  -0.00000   ) 
  autoval = -.1097E+01
     Irreps are as follows:

                     mode #   3
                     (  -0.00000  -0.00000   ) 
                     (  -0.00000  -0.00000   ) 
                     (  -0.00000  -0.00000   ) 
                     (  -0.00000  -0.00000   ) 
                     (  -0.00000  -0.00000   ) 
                     (  -0.00000  -0.00000   ) 
                     (  -0.00000  -0.00000   ) 
                     (  -0.00000  -0.00000   ) 
                     (  -0.99036  -0.00000   ) 
                     (  -0.00000  -0.00000   ) 
                     (  -0.00000  -0.00000   ) 
                     (  -0.09796  -0.00000   ) 
                     (  -0.00000  -0.00000   ) 
                     (   0.00000  -0.00000   ) 
                     (  -0.09796  -0.00000   ) 
  autoval = 0.3752E+00
     Irreps are as follows:

                     mode #   4
                     (  -0.00000  -0.00000   ) 
                     (  -0.00000  -0.00000   ) 
                     (  -0.00000  -0.00000   ) 
                     (  -1.00000  -0.00000   ) 
                     (  -0.00000  -0.00000   ) 
                     (  -0.00000  -0.00000   ) 
                     (  -0.00000  -0.00000   ) 
                     (  -0.00000  -0.00000   ) 
                     (  -0.00000  -0.00000   ) 
                     (  -0.00000  -0.00000   ) 
                     (  -0.00000  -0.00000   ) 
                     (  -0.00000  -0.00000   ) 
                     (  -0.00000  -0.00000   ) 
                     (  -0.00000  -0.00000   ) 
                     (  -0.00000  -0.00000   ) 
  autoval = 0.3752E+00
     Irreps are as follows:

                     mode #   5
                     (  -0.00000  -0.00000   ) 
                     (  -0.00000  -0.00000   ) 
                     (  -0.00000  -0.00000   ) 
                     (  -0.00000  -0.00000   ) 
                     (  -1.00000  -0.00000   ) 
                     (  -0.00000  -0.00000   ) 
                     (  -0.00000  -0.00000   ) 
                     (  -0.00000  -0.00000   ) 
                     (  -0.00000  -0.00000   ) 
                     (  -0.00000  -0.00000   ) 
                     (  -0.00000  -0.00000   ) 
                     (  -0.00000  -0.00000   ) 
                     (  -0.00000  -0.00000   ) 
                     (  -0.00000  -0.00000   ) 
                     (  -0.00000  -0.00000   ) 
  autoval = 0.3752E+00
     Irreps are as follows:

                     mode #   6
                     (  -0.00000  -0.00000   ) 
                     (  -0.00000  -0.00000   ) 
                     (  -0.00000  -0.00000   ) 
                     (  -0.00000  -0.00000   ) 
                     (  -0.00000  -0.00000   ) 
                     (  -1.00000  -0.00000   ) 
                     (  -0.00000  -0.00000   ) 
                     (  -0.00000  -0.00000   ) 
                     (  -0.00000  -0.00000   ) 
                     (  -0.00000  -0.00000   ) 
                     (  -0.00000  -0.00000   ) 
                     (  -0.00000  -0.00000   ) 
                     (  -0.00000  -0.00000   ) 
                     (  -0.00000  -0.00000   ) 
                     (  -0.00000  -0.00000   ) 
  autoval = 0.6682E+00
     Irreps are as follows:

                     mode #   7
                     (  -1.00000  -0.00000   ) 
                     (  -0.00000  -0.00000   ) 
                     (  -0.00000  -0.00000   ) 
                     (  -0.00000  -0.00000   ) 
                     (  -0.00000  -0.00000   ) 
                     (  -0.00000  -0.00000   ) 
                     (  -0.00000  -0.00000   ) 
                     (  -0.00000  -0.00000   ) 
                     (  -0.00000  -0.00000   ) 
                     (  -0.00000  -0.00000   ) 
                     (  -0.00000  -0.00000   ) 
                     (  -0.00000  -0.00000   ) 
                     (  -0.00000  -0.00000   ) 
                     (  -0.00000  -0.00000   ) 
                     (  -0.00000  -0.00000   ) 
  autoval = 0.6682E+00
     Irreps are as follows:

                     mode #   8
                     (  -0.00000  -0.00000   ) 
                     (  -1.00000  -0.00000   ) 
                     (  -0.00000  -0.00000   ) 
                     (  -0.00000  -0.00000   ) 
                     (  -0.00000  -0.00000   ) 
                     (  -0.00000  -0.00000   ) 
                     (  -0.00000  -0.00000   ) 
                     (  -0.00000  -0.00000   ) 
                     (  -0.00000  -0.00000   ) 
                     (  -0.00000  -0.00000   ) 
                     (  -0.00000  -0.00000   ) 
                     (  -0.00000  -0.00000   ) 
                     (  -0.00000  -0.00000   ) 
                     (  -0.00000  -0.00000   ) 
                     (  -0.00000  -0.00000   ) 
  autoval = 0.6682E+00
     Irreps are as follows:

                     mode #   9
                     (  -0.00000  -0.00000   ) 
                     (  -0.00000  -0.00000   ) 
                     (  -1.00000  -0.00000   ) 
                     (  -0.00000  -0.00000   ) 
                     (  -0.00000  -0.00000   ) 
                     (  -0.00000  -0.00000   ) 
                     (  -0.00000  -0.00000   ) 
                     (  -0.00000  -0.00000   ) 
                     (  -0.00000  -0.00000   ) 
                     (  -0.00000  -0.00000   ) 
                     (  -0.00000  -0.00000   ) 
                     (  -0.00000  -0.00000   ) 
                     (  -0.00000  -0.00000   ) 
                     (  -0.00000  -0.00000   ) 
                     (  -0.00000  -0.00000   ) 
  autoval = 0.1010E+01
     Irreps are as follows:

                     mode #  10
                     (  -0.00000   0.00000   ) 
                     (  -0.00000   0.00000   ) 
                     (  -0.00000   0.00000   ) 
                     (  -0.00000   0.00000   ) 
                     (  -0.00000   0.00000   ) 
                     (  -0.00000   0.00000   ) 
                     (  -0.04083  -0.00000   ) 
                     (  -0.69125  -0.00000   ) 
                     (   0.02067   0.00000   ) 
                     (  -0.04083  -0.00000   ) 
                     (   0.13674   0.00000   ) 
                     (  -0.10447  -0.00000   ) 
                     (   0.00808   0.00000   ) 
                     (  -0.69125  -0.00000   ) 
                     (  -0.10447  -0.00000   ) 
  autoval = 0.1010E+01
     Irreps are as follows:

                     mode #  11
                     (  -0.00000  -0.00000   ) 
                     (  -0.00000  -0.00000   ) 
                     (  -0.00000  -0.00000   ) 
                     (  -0.00000  -0.00000   ) 
                     (  -0.00000  -0.00000   ) 
                     (  -0.00000  -0.00000   ) 
                     (  -0.69910  -0.00000   ) 
                     (   0.04055  -0.00000   ) 
                     (  -0.00098  -0.00000   ) 
                     (  -0.69910  -0.00000   ) 
                     (  -0.00802  -0.00000   ) 
                     (   0.00495  -0.00000   ) 
                     (   0.13830  -0.00000   ) 
                     (   0.04055  -0.00000   ) 
                     (   0.00495  -0.00000   ) 
  autoval = 0.1010E+01
     Irreps are as follows:

                     mode #  12
                     (  -0.00000  -0.00000   ) 
                     (  -0.00000  -0.00000   ) 
                     (  -0.00000  -0.00000   ) 
                     (  -0.00000  -0.00000   ) 
                     (  -0.00000  -0.00000   ) 
                     (  -0.00000  -0.00000   ) 
                     (  -0.00116  -0.00000   ) 
                     (  -0.10458  -0.00000   ) 
                     (  -0.13698  -0.00000   ) 
                     (  -0.00116  -0.00000   ) 
                     (   0.02069  -0.00000   ) 
                     (   0.69244  -0.00000   ) 
                     (   0.00023  -0.00000   ) 
                     (  -0.10458  -0.00000   ) 
                     (   0.69244  -0.00000   ) 
  autoval = 0.1803E+01
     Irreps are as follows:

                     mode #  13
                     (  -0.00000   0.00000   ) 
                     (  -0.00000   0.00000   ) 
                     (  -0.00000   0.00000   ) 
                     (  -0.00000   0.00000   ) 
                     (  -0.00000   0.00000   ) 
                     (  -0.00000   0.00000   ) 
                     (  -0.00000  -0.00000   ) 
                     (   0.14998   0.00000   ) 
                     (   0.00000   0.00000   ) 
                     (   0.00000   0.00000   ) 
                     (   0.00000   0.00000   ) 
                     (  -0.69102  -0.00000   ) 
                     (  -0.00000  -0.00000   ) 
                     (  -0.14998  -0.00000   ) 
                     (   0.69102   0.00000   ) 
  autoval = 0.1803E+01
     Irreps are as follows:

                     mode #  14
                     (  -0.00000  -0.00000   ) 
                     (  -0.00000  -0.00000   ) 
                     (  -0.00000  -0.00000   ) 
                     (  -0.00000  -0.00000   ) 
                     (  -0.00000  -0.00000   ) 
                     (  -0.00000  -0.00000   ) 
                     (  -0.70711  -0.00000   ) 
                     (  -0.00001  -0.00000   ) 
                     (  -0.00000  -0.00000   ) 
                     (   0.70711  -0.00000   ) 
                     (  -0.00000  -0.00000   ) 
                     (   0.00000  -0.00000   ) 
                     (   0.00000  -0.00000   ) 
                     (   0.00001  -0.00000   ) 
                     (  -0.00000  -0.00000   ) 
  autoval = 0.1803E+01
     Irreps are as follows:

                     mode #  15
                     (  -0.00000  -0.00000   ) 
                     (  -0.00000  -0.00000   ) 
                     (  -0.00000  -0.00000   ) 
                     (  -0.00000  -0.00000   ) 
                     (  -0.00000  -0.00000   ) 
                     (  -0.00000  -0.00000   ) 
                     (  -0.00001  -0.00000   ) 
                     (   0.69102  -0.00000   ) 
                     (  -0.00000  -0.00000   ) 
                     (   0.00001  -0.00000   ) 
                     (  -0.00000  -0.00000   ) 
                     (   0.14998  -0.00000   ) 
                     (   0.00000  -0.00000   ) 
                     (  -0.69102  -0.00000   ) 
                     (  -0.14998  -0.00000   ) 
       1   0.000000000   0.000000000   0.000000000       5
        3   3   3   3   3

     Calculation of q =    0.0000000   0.0000000   0.0000000

     default                                                                    

     bravais-lattice index     =            0
     lattice parameter (alat)  =       9.6872  a.u.
     unit-cell volume          =     909.0768 (a.u.)^3
     number of atoms/cell      =            5
     number of atomic types    =            3
     kinetic-energy cut-off    =     100.0000  Ry
     charge density cut-off    =     800.0000  Ry
     convergence threshold     =      1.0E-14
     beta                      =       0.5000
     number of iterations used =            4
     Exchange-correlation= PBE
                           (   1   4   3   4   0   0   0)


     celldm(1)=    9.68724  celldm(2)=    0.00000  celldm(3)=    0.00000
     celldm(4)=    0.00000  celldm(5)=    0.00000  celldm(6)=    0.00000

     crystal axes: (cart. coord. in units of alat)
               a(1) = (  1.0000  0.0000  0.0000 )  
               a(2) = (  0.0000  1.0000  0.0000 )  
               a(3) = (  0.0000  0.0000  1.0000 )  

     reciprocal axes: (cart. coord. in units 2 pi/alat)
               b(1) = (  1.0000  0.0000  0.0000 )  
               b(2) = (  0.0000  1.0000  0.0000 )  
               b(3) = (  0.0000  0.0000  1.0000 )  


     Atoms inside the unit cell: 

     Cartesian axes

     site n.  atom      mass           positions (alat units)
        1  K      39.0983   tau(    1) = (    0.00000    0.00000    0.00000  )
        2  Nb     92.9064   tau(    2) = (    0.50000    0.50000    0.50000  )
        3  Se     78.9710   tau(    3) = (    0.50000    0.50000    0.00000  )
        4  Se     78.9710   tau(    4) = (    0.50000    0.00000    0.50000  )
        5  Se     78.9710   tau(    5) = (    0.00000    0.50000    0.50000  )

     Computing dynamical matrix for 
                    q = (   0.0000000   0.0000000   0.0000000 )

     49 Sym.Ops. (with q -> -q+G )

                                    s                        frac. trans.

      isym =  1     identity                                     

 cryst.   s( 1) = (     1          0          0      )
                  (     0          1          0      )
                  (     0          0          1      )

 cart.    s( 1) = (  1.0000000  0.0000000  0.0000000 )
                  (  0.0000000  1.0000000  0.0000000 )
                  (  0.0000000  0.0000000  1.0000000 )


      isym =  2     180 deg rotation - cart. axis [0,0,1]        

 cryst.   s( 2) = (    -1          0          0      )
                  (     0         -1          0      )
                  (     0          0          1      )

 cart.    s( 2) = ( -1.0000000  0.0000000  0.0000000 )
                  (  0.0000000 -1.0000000  0.0000000 )
                  (  0.0000000  0.0000000  1.0000000 )


      isym =  3     180 deg rotation - cart. axis [0,1,0]        

 cryst.   s( 3) = (    -1          0          0      )
                  (     0          1          0      )
                  (     0          0         -1      )

 cart.    s( 3) = ( -1.0000000  0.0000000  0.0000000 )
                  (  0.0000000  1.0000000  0.0000000 )
                  (  0.0000000  0.0000000 -1.0000000 )


      isym =  4     180 deg rotation - cart. axis [1,0,0]        

 cryst.   s( 4) = (     1          0          0      )
                  (     0         -1          0      )
                  (     0          0         -1      )

 cart.    s( 4) = (  1.0000000  0.0000000  0.0000000 )
                  (  0.0000000 -1.0000000  0.0000000 )
                  (  0.0000000  0.0000000 -1.0000000 )


      isym =  5     180 deg rotation - cart. axis [1,1,0]        

 cryst.   s( 5) = (     0          1          0      )
                  (     1          0          0      )
                  (     0          0         -1      )

 cart.    s( 5) = (  0.0000000  1.0000000  0.0000000 )
                  (  1.0000000  0.0000000  0.0000000 )
                  (  0.0000000  0.0000000 -1.0000000 )


      isym =  6     180 deg rotation - cart. axis [1,-1,0]       

 cryst.   s( 6) = (     0         -1          0      )
                  (    -1          0          0      )
                  (     0          0         -1      )

 cart.    s( 6) = (  0.0000000 -1.0000000  0.0000000 )
                  ( -1.0000000  0.0000000  0.0000000 )
                  (  0.0000000  0.0000000 -1.0000000 )


      isym =  7      90 deg rotation - cart. axis [0,0,-1]       

 cryst.   s( 7) = (     0         -1          0      )
                  (     1          0          0      )
                  (     0          0          1      )

 cart.    s( 7) = (  0.0000000  1.0000000  0.0000000 )
                  ( -1.0000000  0.0000000  0.0000000 )
                  (  0.0000000  0.0000000  1.0000000 )


      isym =  8      90 deg rotation - cart. axis [0,0,1]        

 cryst.   s( 8) = (     0          1          0      )
                  (    -1          0          0      )
                  (     0          0          1      )

 cart.    s( 8) = (  0.0000000 -1.0000000  0.0000000 )
                  (  1.0000000  0.0000000  0.0000000 )
                  (  0.0000000  0.0000000  1.0000000 )


      isym =  9     180 deg rotation - cart. axis [1,0,1]        

 cryst.   s( 9) = (     0          0          1      )
                  (     0         -1          0      )
                  (     1          0          0      )

 cart.    s( 9) = (  0.0000000  0.0000000  1.0000000 )
                  (  0.0000000 -1.0000000  0.0000000 )
                  (  1.0000000  0.0000000  0.0000000 )


      isym = 10     180 deg rotation - cart. axis [-1,0,1]       

 cryst.   s(10) = (     0          0         -1      )
                  (     0         -1          0      )
                  (    -1          0          0      )

 cart.    s(10) = (  0.0000000  0.0000000 -1.0000000 )
                  (  0.0000000 -1.0000000  0.0000000 )
                  ( -1.0000000  0.0000000  0.0000000 )


      isym = 11      90 deg rotation - cart. axis [0,1,0]        

 cryst.   s(11) = (     0          0         -1      )
                  (     0          1          0      )
                  (     1          0          0      )

 cart.    s(11) = (  0.0000000  0.0000000  1.0000000 )
                  (  0.0000000  1.0000000  0.0000000 )
                  ( -1.0000000  0.0000000  0.0000000 )


      isym = 12      90 deg rotation - cart. axis [0,-1,0]       

 cryst.   s(12) = (     0          0          1      )
                  (     0          1          0      )
                  (    -1          0          0      )

 cart.    s(12) = (  0.0000000  0.0000000 -1.0000000 )
                  (  0.0000000  1.0000000  0.0000000 )
                  (  1.0000000  0.0000000  0.0000000 )


      isym = 13     180 deg rotation - cart. axis [0,1,1]        

 cryst.   s(13) = (    -1          0          0      )
                  (     0          0          1      )
                  (     0          1          0      )

 cart.    s(13) = ( -1.0000000  0.0000000  0.0000000 )
                  (  0.0000000  0.0000000  1.0000000 )
                  (  0.0000000  1.0000000  0.0000000 )


      isym = 14     180 deg rotation - cart. axis [0,1,-1]       

 cryst.   s(14) = (    -1          0          0      )
                  (     0          0         -1      )
                  (     0         -1          0      )

 cart.    s(14) = ( -1.0000000  0.0000000  0.0000000 )
                  (  0.0000000  0.0000000 -1.0000000 )
                  (  0.0000000 -1.0000000  0.0000000 )


      isym = 15      90 deg rotation - cart. axis [-1,0,0]       

 cryst.   s(15) = (     1          0          0      )
                  (     0          0         -1      )
                  (     0          1          0      )

 cart.    s(15) = (  1.0000000  0.0000000  0.0000000 )
                  (  0.0000000  0.0000000  1.0000000 )
                  (  0.0000000 -1.0000000  0.0000000 )


      isym = 16      90 deg rotation - cart. axis [1,0,0]        

 cryst.   s(16) = (     1          0          0      )
                  (     0          0          1      )
                  (     0         -1          0      )

 cart.    s(16) = (  1.0000000  0.0000000  0.0000000 )
                  (  0.0000000  0.0000000 -1.0000000 )
                  (  0.0000000  1.0000000  0.0000000 )


      isym = 17     120 deg rotation - cart. axis [-1,-1,-1]     

 cryst.   s(17) = (     0          0          1      )
                  (     1          0          0      )
                  (     0          1          0      )

 cart.    s(17) = (  0.0000000  1.0000000  0.0000000 )
                  (  0.0000000  0.0000000  1.0000000 )
                  (  1.0000000  0.0000000  0.0000000 )


      isym = 18     120 deg rotation - cart. axis [-1,1,1]       

 cryst.   s(18) = (     0          0         -1      )
                  (    -1          0          0      )
                  (     0          1          0      )

 cart.    s(18) = (  0.0000000 -1.0000000  0.0000000 )
                  (  0.0000000  0.0000000  1.0000000 )
                  ( -1.0000000  0.0000000  0.0000000 )


      isym = 19     120 deg rotation - cart. axis [1,1,-1]       

 cryst.   s(19) = (     0          0         -1      )
                  (     1          0          0      )
                  (     0         -1          0      )

 cart.    s(19) = (  0.0000000  1.0000000  0.0000000 )
                  (  0.0000000  0.0000000 -1.0000000 )
                  ( -1.0000000  0.0000000  0.0000000 )


      isym = 20     120 deg rotation - cart. axis [1,-1,1]       

 cryst.   s(20) = (     0          0          1      )
                  (    -1          0          0      )
                  (     0         -1          0      )

 cart.    s(20) = (  0.0000000 -1.0000000  0.0000000 )
                  (  0.0000000  0.0000000 -1.0000000 )
                  (  1.0000000  0.0000000  0.0000000 )


      isym = 21     120 deg rotation - cart. axis [1,1,1]        

 cryst.   s(21) = (     0          1          0      )
                  (     0          0          1      )
                  (     1          0          0      )

 cart.    s(21) = (  0.0000000  0.0000000  1.0000000 )
                  (  1.0000000  0.0000000  0.0000000 )
                  (  0.0000000  1.0000000  0.0000000 )


      isym = 22     120 deg rotation - cart. axis [-1,1,-1]      

 cryst.   s(22) = (     0         -1          0      )
                  (     0          0         -1      )
                  (     1          0          0      )

 cart.    s(22) = (  0.0000000  0.0000000  1.0000000 )
                  ( -1.0000000  0.0000000  0.0000000 )
                  (  0.0000000 -1.0000000  0.0000000 )


      isym = 23     120 deg rotation - cart. axis [1,-1,-1]      

 cryst.   s(23) = (     0         -1          0      )
                  (     0          0          1      )
                  (    -1          0          0      )

 cart.    s(23) = (  0.0000000  0.0000000 -1.0000000 )
                  ( -1.0000000  0.0000000  0.0000000 )
                  (  0.0000000  1.0000000  0.0000000 )


      isym = 24     120 deg rotation - cart. axis [-1,-1,1]      

 cryst.   s(24) = (     0          1          0      )
                  (     0          0         -1      )
                  (    -1          0          0      )

 cart.    s(24) = (  0.0000000  0.0000000 -1.0000000 )
                  (  1.0000000  0.0000000  0.0000000 )
                  (  0.0000000 -1.0000000  0.0000000 )


      isym = 25     inversion                                    

 cryst.   s(25) = (    -1          0          0      )
                  (     0         -1          0      )
                  (     0          0         -1      )

 cart.    s(25) = ( -1.0000000  0.0000000  0.0000000 )
                  (  0.0000000 -1.0000000  0.0000000 )
                  (  0.0000000  0.0000000 -1.0000000 )


      isym = 26     inv. 180 deg rotation - cart. axis [0,0,1]   

 cryst.   s(26) = (     1          0          0      )
                  (     0          1          0      )
                  (     0          0         -1      )

 cart.    s(26) = (  1.0000000  0.0000000  0.0000000 )
                  (  0.0000000  1.0000000  0.0000000 )
                  (  0.0000000  0.0000000 -1.0000000 )


      isym = 27     inv. 180 deg rotation - cart. axis [0,1,0]   

 cryst.   s(27) = (     1          0          0      )
                  (     0         -1          0      )
                  (     0          0          1      )

 cart.    s(27) = (  1.0000000  0.0000000  0.0000000 )
                  (  0.0000000 -1.0000000  0.0000000 )
                  (  0.0000000  0.0000000  1.0000000 )


      isym = 28     inv. 180 deg rotation - cart. axis [1,0,0]   

 cryst.   s(28) = (    -1          0          0      )
                  (     0          1          0      )
                  (     0          0          1      )

 cart.    s(28) = ( -1.0000000  0.0000000  0.0000000 )
                  (  0.0000000  1.0000000  0.0000000 )
                  (  0.0000000  0.0000000  1.0000000 )


      isym = 29     inv. 180 deg rotation - cart. axis [1,1,0]   

 cryst.   s(29) = (     0         -1          0      )
                  (    -1          0          0      )
                  (     0          0          1      )

 cart.    s(29) = (  0.0000000 -1.0000000  0.0000000 )
                  ( -1.0000000  0.0000000  0.0000000 )
                  (  0.0000000  0.0000000  1.0000000 )


      isym = 30     inv. 180 deg rotation - cart. axis [1,-1,0]  

 cryst.   s(30) = (     0          1          0      )
                  (     1          0          0      )
                  (     0          0          1      )

 cart.    s(30) = (  0.0000000  1.0000000  0.0000000 )
                  (  1.0000000  0.0000000  0.0000000 )
                  (  0.0000000  0.0000000  1.0000000 )


      isym = 31     inv.  90 deg rotation - cart. axis [0,0,-1]  

 cryst.   s(31) = (     0          1          0      )
                  (    -1          0          0      )
                  (     0          0         -1      )

 cart.    s(31) = (  0.0000000 -1.0000000  0.0000000 )
                  (  1.0000000  0.0000000  0.0000000 )
                  (  0.0000000  0.0000000 -1.0000000 )


      isym = 32     inv.  90 deg rotation - cart. axis [0,0,1]   

 cryst.   s(32) = (     0         -1          0      )
                  (     1          0          0      )
                  (     0          0         -1      )

 cart.    s(32) = (  0.0000000  1.0000000  0.0000000 )
                  ( -1.0000000  0.0000000  0.0000000 )
                  (  0.0000000  0.0000000 -1.0000000 )


      isym = 33     inv. 180 deg rotation - cart. axis [1,0,1]   

 cryst.   s(33) = (     0          0         -1      )
                  (     0          1          0      )
                  (    -1          0          0      )

 cart.    s(33) = (  0.0000000  0.0000000 -1.0000000 )
                  (  0.0000000  1.0000000  0.0000000 )
                  ( -1.0000000  0.0000000  0.0000000 )


      isym = 34     inv. 180 deg rotation - cart. axis [-1,0,1]  

 cryst.   s(34) = (     0          0          1      )
                  (     0          1          0      )
                  (     1          0          0      )

 cart.    s(34) = (  0.0000000  0.0000000  1.0000000 )
                  (  0.0000000  1.0000000  0.0000000 )
                  (  1.0000000  0.0000000  0.0000000 )


      isym = 35     inv.  90 deg rotation - cart. axis [0,1,0]   

 cryst.   s(35) = (     0          0          1      )
                  (     0         -1          0      )
                  (    -1          0          0      )

 cart.    s(35) = (  0.0000000  0.0000000 -1.0000000 )
                  (  0.0000000 -1.0000000  0.0000000 )
                  (  1.0000000  0.0000000  0.0000000 )


      isym = 36     inv.  90 deg rotation - cart. axis [0,-1,0]  

 cryst.   s(36) = (     0          0         -1      )
                  (     0         -1          0      )
                  (     1          0          0      )

 cart.    s(36) = (  0.0000000  0.0000000  1.0000000 )
                  (  0.0000000 -1.0000000  0.0000000 )
                  ( -1.0000000  0.0000000  0.0000000 )


      isym = 37     inv. 180 deg rotation - cart. axis [0,1,1]   

 cryst.   s(37) = (     1          0          0      )
                  (     0          0         -1      )
                  (     0         -1          0      )

 cart.    s(37) = (  1.0000000  0.0000000  0.0000000 )
                  (  0.0000000  0.0000000 -1.0000000 )
                  (  0.0000000 -1.0000000  0.0000000 )


      isym = 38     inv. 180 deg rotation - cart. axis [0,1,-1]  

 cryst.   s(38) = (     1          0          0      )
                  (     0          0          1      )
                  (     0          1          0      )

 cart.    s(38) = (  1.0000000  0.0000000  0.0000000 )
                  (  0.0000000  0.0000000  1.0000000 )
                  (  0.0000000  1.0000000  0.0000000 )


      isym = 39     inv.  90 deg rotation - cart. axis [-1,0,0]  

 cryst.   s(39) = (    -1          0          0      )
                  (     0          0          1      )
                  (     0         -1          0      )

 cart.    s(39) = ( -1.0000000  0.0000000  0.0000000 )
                  (  0.0000000  0.0000000 -1.0000000 )
                  (  0.0000000  1.0000000  0.0000000 )


      isym = 40     inv.  90 deg rotation - cart. axis [1,0,0]   

 cryst.   s(40) = (    -1          0          0      )
                  (     0          0         -1      )
                  (     0          1          0      )

 cart.    s(40) = ( -1.0000000  0.0000000  0.0000000 )
                  (  0.0000000  0.0000000  1.0000000 )
                  (  0.0000000 -1.0000000  0.0000000 )


      isym = 41     inv. 120 deg rotation - cart. axis [-1,-1,-1]

 cryst.   s(41) = (     0          0         -1      )
                  (    -1          0          0      )
                  (     0         -1          0      )

 cart.    s(41) = (  0.0000000 -1.0000000  0.0000000 )
                  (  0.0000000  0.0000000 -1.0000000 )
                  ( -1.0000000  0.0000000  0.0000000 )


      isym = 42     inv. 120 deg rotation - cart. axis [-1,1,1]  

 cryst.   s(42) = (     0          0          1      )
                  (     1          0          0      )
                  (     0         -1          0      )

 cart.    s(42) = (  0.0000000  1.0000000  0.0000000 )
                  (  0.0000000  0.0000000 -1.0000000 )
                  (  1.0000000  0.0000000  0.0000000 )


      isym = 43     inv. 120 deg rotation - cart. axis [1,1,-1]  

 cryst.   s(43) = (     0          0          1      )
                  (    -1          0          0      )
                  (     0          1          0      )

 cart.    s(43) = (  0.0000000 -1.0000000  0.0000000 )
                  (  0.0000000  0.0000000  1.0000000 )
                  (  1.0000000  0.0000000  0.0000000 )


      isym = 44     inv. 120 deg rotation - cart. axis [1,-1,1]  

 cryst.   s(44) = (     0          0         -1      )
                  (     1          0          0      )
                  (     0          1          0      )

 cart.    s(44) = (  0.0000000  1.0000000  0.0000000 )
                  (  0.0000000  0.0000000  1.0000000 )
                  ( -1.0000000  0.0000000  0.0000000 )


      isym = 45     inv. 120 deg rotation - cart. axis [1,1,1]   

 cryst.   s(45) = (     0         -1          0      )
                  (     0          0         -1      )
                  (    -1          0          0      )

 cart.    s(45) = (  0.0000000  0.0000000 -1.0000000 )
                  ( -1.0000000  0.0000000  0.0000000 )
                  (  0.0000000 -1.0000000  0.0000000 )


      isym = 46     inv. 120 deg rotation - cart. axis [-1,1,-1] 

 cryst.   s(46) = (     0          1          0      )
                  (     0          0          1      )
                  (    -1          0          0      )

 cart.    s(46) = (  0.0000000  0.0000000 -1.0000000 )
                  (  1.0000000  0.0000000  0.0000000 )
                  (  0.0000000  1.0000000  0.0000000 )


      isym = 47     inv. 120 deg rotation - cart. axis [1,-1,-1] 

 cryst.   s(47) = (     0          1          0      )
                  (     0          0         -1      )
                  (     1          0          0      )

 cart.    s(47) = (  0.0000000  0.0000000  1.0000000 )
                  (  1.0000000  0.0000000  0.0000000 )
                  (  0.0000000 -1.0000000  0.0000000 )


      isym = 48     inv. 120 deg rotation - cart. axis [-1,-1,1] 

 cryst.   s(48) = (     0         -1          0      )
                  (     0          0          1      )
                  (     1          0          0      )

 cart.    s(48) = (  0.0000000  0.0000000  1.0000000 )
                  ( -1.0000000  0.0000000  0.0000000 )
                  (  0.0000000  1.0000000  0.0000000 )


     This transformation sends q -> -q+G

      isym = 49     identity                                     

 cryst.   s(49) = (     1          0          0      )
                  (     0          1          0      )
                  (     0          0          1      )

 cart.    s(49) = (  1.0000000  0.0000000  0.0000000 )
                  (  0.0000000  1.0000000  0.0000000 )
                  (  0.0000000  0.0000000  1.0000000 )


     G cutoff = 1901.6502  (  43450 G-vectors)     FFT grid: ( 90, 90, 90)
     G cutoff =  950.8251  (  15371 G-vectors)  smooth grid: ( 64, 64, 64)

     number of k points=    35  Gaussian smearing, width (Ry)=  0.0050
                       cart. coord. in units 2pi/alat
        k(    1) = (   0.0000000   0.0000000   0.0000000), wk =   0.0039062
        k(    2) = (   0.0000000   0.0000000   0.1250000), wk =   0.0234375
        k(    3) = (   0.0000000   0.0000000   0.2500000), wk =   0.0234375
        k(    4) = (   0.0000000   0.0000000   0.3750000), wk =   0.0234375
        k(    5) = (   0.0000000   0.0000000  -0.5000000), wk =   0.0117188
        k(    6) = (   0.0000000   0.1250000   0.1250000), wk =   0.0468750
        k(    7) = (   0.0000000   0.1250000   0.2500000), wk =   0.0937500
        k(    8) = (   0.0000000   0.1250000   0.3750000), wk =   0.0937500
        k(    9) = (   0.0000000   0.1250000  -0.5000000), wk =   0.0468750
        k(   10) = (   0.0000000   0.2500000   0.2500000), wk =   0.0468750
        k(   11) = (   0.0000000   0.2500000   0.3750000), wk =   0.0937500
        k(   12) = (   0.0000000   0.2500000  -0.5000000), wk =   0.0468750
        k(   13) = (   0.0000000   0.3750000   0.3750000), wk =   0.0468750
        k(   14) = (   0.0000000   0.3750000  -0.5000000), wk =   0.0468750
        k(   15) = (   0.0000000  -0.5000000  -0.5000000), wk =   0.0117188
        k(   16) = (   0.1250000   0.1250000   0.1250000), wk =   0.0312500
        k(   17) = (   0.1250000   0.1250000   0.2500000), wk =   0.0937500
        k(   18) = (   0.1250000   0.1250000   0.3750000), wk =   0.0937500
        k(   19) = (   0.1250000   0.1250000  -0.5000000), wk =   0.0468750
        k(   20) = (   0.1250000   0.2500000   0.2500000), wk =   0.0937500
        k(   21) = (   0.1250000   0.2500000   0.3750000), wk =   0.1875000
        k(   22) = (   0.1250000   0.2500000  -0.5000000), wk =   0.0937500
        k(   23) = (   0.1250000   0.3750000   0.3750000), wk =   0.0937500
        k(   24) = (   0.1250000   0.3750000  -0.5000000), wk =   0.0937500
        k(   25) = (   0.1250000  -0.5000000  -0.5000000), wk =   0.0234375
        k(   26) = (   0.2500000   0.2500000   0.2500000), wk =   0.0312500
        k(   27) = (   0.2500000   0.2500000   0.3750000), wk =   0.0937500
        k(   28) = (   0.2500000   0.2500000  -0.5000000), wk =   0.0468750
        k(   29) = (   0.2500000   0.3750000   0.3750000), wk =   0.0937500
        k(   30) = (   0.2500000   0.3750000  -0.5000000), wk =   0.0937500
        k(   31) = (   0.2500000  -0.5000000  -0.5000000), wk =   0.0234375
        k(   32) = (   0.3750000   0.3750000   0.3750000), wk =   0.0312500
        k(   33) = (   0.3750000   0.3750000  -0.5000000), wk =   0.0468750
        k(   34) = (   0.3750000  -0.5000000  -0.5000000), wk =   0.0234375
        k(   35) = (  -0.5000000  -0.5000000  -0.5000000), wk =   0.0039062

                       cryst. coord.
        k(    1) = (   0.0000000   0.0000000   0.0000000), wk =   0.0039062
        k(    2) = (   0.0000000   0.0000000   0.1250000), wk =   0.0234375
        k(    3) = (   0.0000000   0.0000000   0.2500000), wk =   0.0234375
        k(    4) = (   0.0000000   0.0000000   0.3750000), wk =   0.0234375
        k(    5) = (   0.0000000   0.0000000  -0.5000000), wk =   0.0117188
        k(    6) = (   0.0000000   0.1250000   0.1250000), wk =   0.0468750
        k(    7) = (   0.0000000   0.1250000   0.2500000), wk =   0.0937500
        k(    8) = (   0.0000000   0.1250000   0.3750000), wk =   0.0937500
        k(    9) = (   0.0000000   0.1250000  -0.5000000), wk =   0.0468750
        k(   10) = (   0.0000000   0.2500000   0.2500000), wk =   0.0468750
        k(   11) = (   0.0000000   0.2500000   0.3750000), wk =   0.0937500
        k(   12) = (   0.0000000   0.2500000  -0.5000000), wk =   0.0468750
        k(   13) = (   0.0000000   0.3750000   0.3750000), wk =   0.0468750
        k(   14) = (   0.0000000   0.3750000  -0.5000000), wk =   0.0468750
        k(   15) = (   0.0000000  -0.5000000  -0.5000000), wk =   0.0117188
        k(   16) = (   0.1250000   0.1250000   0.1250000), wk =   0.0312500
        k(   17) = (   0.1250000   0.1250000   0.2500000), wk =   0.0937500
        k(   18) = (   0.1250000   0.1250000   0.3750000), wk =   0.0937500
        k(   19) = (   0.1250000   0.1250000  -0.5000000), wk =   0.0468750
        k(   20) = (   0.1250000   0.2500000   0.2500000), wk =   0.0937500
        k(   21) = (   0.1250000   0.2500000   0.3750000), wk =   0.1875000
        k(   22) = (   0.1250000   0.2500000  -0.5000000), wk =   0.0937500
        k(   23) = (   0.1250000   0.3750000   0.3750000), wk =   0.0937500
        k(   24) = (   0.1250000   0.3750000  -0.5000000), wk =   0.0937500
        k(   25) = (   0.1250000  -0.5000000  -0.5000000), wk =   0.0234375
        k(   26) = (   0.2500000   0.2500000   0.2500000), wk =   0.0312500
        k(   27) = (   0.2500000   0.2500000   0.3750000), wk =   0.0937500
        k(   28) = (   0.2500000   0.2500000  -0.5000000), wk =   0.0468750
        k(   29) = (   0.2500000   0.3750000   0.3750000), wk =   0.0937500
        k(   30) = (   0.2500000   0.3750000  -0.5000000), wk =   0.0937500
        k(   31) = (   0.2500000  -0.5000000  -0.5000000), wk =   0.0234375
        k(   32) = (   0.3750000   0.3750000   0.3750000), wk =   0.0312500
        k(   33) = (   0.3750000   0.3750000  -0.5000000), wk =   0.0468750
        k(   34) = (   0.3750000  -0.5000000  -0.5000000), wk =   0.0234375
        k(   35) = (  -0.5000000  -0.5000000  -0.5000000), wk =   0.0039062

     PseudoPot. # 1 for K  read from file:
     /home/administrator/Downloads/BURAI/BURAI1.3/pseudopot/K.pbe-spn-kjpaw_psl.1.0.0.UPF
     MD5 check sum: 14ff5a24ff9f8afecca2cb30191d3c3d
     Pseudo is Projector augmented-wave + core cor, Zval =  9.0
     Generated using "atomic" code by A. Dal Corso  v.5.1.2
     Shape of augmentation charge: PSQ
     Using radial grid of 1165 points,  6 beta functions with: 
                l(1) =   0
                l(2) =   0
                l(3) =   1
                l(4) =   1
                l(5) =   2
                l(6) =   2
     Q(r) pseudized with 0 coefficients 


     PseudoPot. # 2 for Nb read from file:
     /home/administrator/Downloads/BURAI/BURAI1.3/pseudopot/Nb.pbe-spn-kjpaw_psl.1.0.0.UPF
     MD5 check sum: b00631c500922d21a0ac96a4ccc82b41
     Pseudo is Projector augmented-wave + core cor, Zval = 13.0
     Generated using "atomic" code by A. Dal Corso  v.5.1.2
     Shape of augmentation charge: PSQ
     Using radial grid of 1227 points,  6 beta functions with: 
                l(1) =   0
                l(2) =   0
                l(3) =   1
                l(4) =   1
                l(5) =   2
                l(6) =   2
     Q(r) pseudized with 0 coefficients 


     PseudoPot. # 3 for Se read from file:
     /home/administrator/Downloads/BURAI/BURAI1.3/pseudopot/Se.pbe-dn-rrkjus_psl.1.0.0.UPF
     MD5 check sum: 52ed0f01d9466caabcc79b3d6a0154cf
     Pseudo is Ultrasoft + core correction, Zval = 16.0
     Generated using "atomic" code by A. Dal Corso  v.5.1.2
     Using radial grid of 1211 points,  6 beta functions with: 
                l(1) =   0
                l(2) =   0
                l(3) =   1
                l(4) =   1
                l(5) =   2
                l(6) =   2
     Q(r) pseudized with 0 coefficients 


     point group O_h (m-3m) 
     there are 10 classes
     the character table:

       E     8C3   3C2   6C4   6C2'  i     8S6   3s_h  6S4   6s_d 
A_1g   1.00  1.00  1.00  1.00  1.00  1.00  1.00  1.00  1.00  1.00
A_2g   1.00  1.00  1.00 -1.00 -1.00  1.00  1.00  1.00 -1.00 -1.00
E_g    2.00 -1.00  2.00  0.00  0.00  2.00 -1.00  2.00  0.00  0.00
T_1g   3.00  0.00 -1.00  1.00 -1.00  3.00  0.00 -1.00  1.00 -1.00
T_2g   3.00  0.00 -1.00 -1.00  1.00  3.00  0.00 -1.00 -1.00  1.00
A_1u   1.00  1.00  1.00  1.00  1.00 -1.00 -1.00 -1.00 -1.00 -1.00
A_2u   1.00  1.00  1.00 -1.00 -1.00 -1.00 -1.00 -1.00  1.00  1.00
E_u    2.00 -1.00  2.00  0.00  0.00 -2.00  1.00 -2.00  0.00  0.00
T_1u   3.00  0.00 -1.00  1.00 -1.00 -3.00  0.00  1.00 -1.00  1.00
T_2u   3.00  0.00 -1.00 -1.00  1.00 -3.00  0.00  1.00  1.00 -1.00

     the symmetry operations in each class and the name of the first element:

     E        1
                                                                 
     8C3     17   19   20   18   24   21   22   23
                                                                 
     3C2      2    4    3
                                                                 
     6C4      7    8   15   16   12   11
                                                                 
     6C2'     5    6   14   13   10    9
                                                                 
     i       25
                                                                 
     8S6     41   43   44   42   48   45   46   47
                                                                 
     3s_h    26   28   27
                                                                 
     6S4     31   32   39   40   36   35
                                                                 
     6s_d    29   30   38   37   34   33
                                                                 


     Atomic displacements:
     There are    5 irreducible representations

     Representation     1      3 modes -  To be done
     Irreps are as follows:

     mode #   1              mode #   2              mode #   3
     (  -0.00000  -0.00000 ) (  -0.00000   0.00000 ) (  -0.00000  -0.00000 ) 
     (  -0.00000  -0.00000 ) (  -0.00000   0.00000 ) (  -0.00000  -0.00000 ) 
     (  -0.00000  -0.00000 ) (  -0.00000   0.00000 ) (  -0.00000  -0.00000 ) 
     (  -0.00000  -0.00000 ) (  -0.00000   0.00000 ) (  -0.00000  -0.00000 ) 
     (  -0.00000  -0.00000 ) (  -0.00000   0.00000 ) (  -0.00000  -0.00000 ) 
     (  -0.00000  -0.00000 ) (  -0.00000   0.00000 ) (  -0.00000  -0.00000 ) 
     (  -0.00302  -0.00000 ) (  -0.09791  -0.00000 ) (  -0.00000  -0.00000 ) 
     (   0.09791  -0.00000 ) (  -0.00302  -0.00000 ) (  -0.00000  -0.00000 ) 
     (   0.00000   0.00000 ) (   0.00000  -0.00000 ) (  -0.99036  -0.00000 ) 
     (  -0.00302  -0.00000 ) (  -0.09791  -0.00000 ) (  -0.00000  -0.00000 ) 
     (   0.98989  -0.00000 ) (  -0.03052  -0.00000 ) (  -0.00000  -0.00000 ) 
     (  -0.00000  -0.00000 ) (  -0.00000  -0.00000 ) (  -0.09796  -0.00000 ) 
     (  -0.03052  -0.00000 ) (  -0.98989  -0.00000 ) (  -0.00000  -0.00000 ) 
     (   0.09791  -0.00000 ) (  -0.00302  -0.00000 ) (   0.00000  -0.00000 ) 
     (   0.00000   0.00000 ) (  -0.00000  -0.00000 ) (  -0.09796  -0.00000 ) 

     Representation     2      3 modes -  To be done
     Irreps are as follows:

     mode #   4              mode #   5              mode #   6
     (  -0.00000  -0.00000 ) (  -0.00000  -0.00000 ) (  -0.00000  -0.00000 ) 
     (  -0.00000  -0.00000 ) (  -0.00000  -0.00000 ) (  -0.00000  -0.00000 ) 
     (  -0.00000  -0.00000 ) (  -0.00000  -0.00000 ) (  -0.00000  -0.00000 ) 
     (  -1.00000  -0.00000 ) (  -0.00000  -0.00000 ) (  -0.00000  -0.00000 ) 
     (  -0.00000  -0.00000 ) (  -1.00000  -0.00000 ) (  -0.00000  -0.00000 ) 
     (  -0.00000  -0.00000 ) (  -0.00000  -0.00000 ) (  -1.00000  -0.00000 ) 
     (  -0.00000  -0.00000 ) (  -0.00000  -0.00000 ) (  -0.00000  -0.00000 ) 
     (  -0.00000  -0.00000 ) (  -0.00000  -0.00000 ) (  -0.00000  -0.00000 ) 
     (  -0.00000  -0.00000 ) (  -0.00000  -0.00000 ) (  -0.00000  -0.00000 ) 
     (  -0.00000  -0.00000 ) (  -0.00000  -0.00000 ) (  -0.00000  -0.00000 ) 
     (  -0.00000  -0.00000 ) (  -0.00000  -0.00000 ) (  -0.00000  -0.00000 ) 
     (  -0.00000  -0.00000 ) (  -0.00000  -0.00000 ) (  -0.00000  -0.00000 ) 
     (  -0.00000  -0.00000 ) (  -0.00000  -0.00000 ) (  -0.00000  -0.00000 ) 
     (  -0.00000  -0.00000 ) (  -0.00000  -0.00000 ) (  -0.00000  -0.00000 ) 
     (  -0.00000  -0.00000 ) (  -0.00000  -0.00000 ) (  -0.00000  -0.00000 ) 

     Representation     3      3 modes -  To be done
     Irreps are as follows:

     mode #   7              mode #   8              mode #   9
     (  -1.00000  -0.00000 ) (  -0.00000  -0.00000 ) (  -0.00000  -0.00000 ) 
     (  -0.00000  -0.00000 ) (  -1.00000  -0.00000 ) (  -0.00000  -0.00000 ) 
     (  -0.00000  -0.00000 ) (  -0.00000  -0.00000 ) (  -1.00000  -0.00000 ) 
     (  -0.00000  -0.00000 ) (  -0.00000  -0.00000 ) (  -0.00000  -0.00000 ) 
     (  -0.00000  -0.00000 ) (  -0.00000  -0.00000 ) (  -0.00000  -0.00000 ) 
     (  -0.00000  -0.00000 ) (  -0.00000  -0.00000 ) (  -0.00000  -0.00000 ) 
     (  -0.00000  -0.00000 ) (  -0.00000  -0.00000 ) (  -0.00000  -0.00000 ) 
     (  -0.00000  -0.00000 ) (  -0.00000  -0.00000 ) (  -0.00000  -0.00000 ) 
     (  -0.00000  -0.00000 ) (  -0.00000  -0.00000 ) (  -0.00000  -0.00000 ) 
     (  -0.00000  -0.00000 ) (  -0.00000  -0.00000 ) (  -0.00000  -0.00000 ) 
     (  -0.00000  -0.00000 ) (  -0.00000  -0.00000 ) (  -0.00000  -0.00000 ) 
     (  -0.00000  -0.00000 ) (  -0.00000  -0.00000 ) (  -0.00000  -0.00000 ) 
     (  -0.00000  -0.00000 ) (  -0.00000  -0.00000 ) (  -0.00000  -0.00000 ) 
     (  -0.00000  -0.00000 ) (  -0.00000  -0.00000 ) (  -0.00000  -0.00000 ) 
     (  -0.00000  -0.00000 ) (  -0.00000  -0.00000 ) (  -0.00000  -0.00000 ) 

     Representation     4      3 modes -  To be done
     Irreps are as follows:

     mode #  10              mode #  11              mode #  12
     (  -0.00000   0.00000 ) (  -0.00000  -0.00000 ) (  -0.00000  -0.00000 ) 
     (  -0.00000   0.00000 ) (  -0.00000  -0.00000 ) (  -0.00000  -0.00000 ) 
     (  -0.00000   0.00000 ) (  -0.00000  -0.00000 ) (  -0.00000  -0.00000 ) 
     (  -0.00000   0.00000 ) (  -0.00000  -0.00000 ) (  -0.00000  -0.00000 ) 
     (  -0.00000   0.00000 ) (  -0.00000  -0.00000 ) (  -0.00000  -0.00000 ) 
     (  -0.00000   0.00000 ) (  -0.00000  -0.00000 ) (  -0.00000  -0.00000 ) 
     (  -0.04083  -0.00000 ) (  -0.69910  -0.00000 ) (  -0.00116  -0.00000 ) 
     (  -0.69125  -0.00000 ) (   0.04055  -0.00000 ) (  -0.10458  -0.00000 ) 
     (   0.02067   0.00000 ) (  -0.00098  -0.00000 ) (  -0.13698  -0.00000 ) 
     (  -0.04083  -0.00000 ) (  -0.69910  -0.00000 ) (  -0.00116  -0.00000 ) 
     (   0.13674   0.00000 ) (  -0.00802  -0.00000 ) (   0.02069  -0.00000 ) 
     (  -0.10447  -0.00000 ) (   0.00495  -0.00000 ) (   0.69244  -0.00000 ) 
     (   0.00808   0.00000 ) (   0.13830  -0.00000 ) (   0.00023  -0.00000 ) 
     (  -0.69125  -0.00000 ) (   0.04055  -0.00000 ) (  -0.10458  -0.00000 ) 
     (  -0.10447  -0.00000 ) (   0.00495  -0.00000 ) (   0.69244  -0.00000 ) 

     Representation     5      3 modes -  To be done
     Irreps are as follows:

     mode #  13              mode #  14              mode #  15
     (  -0.00000   0.00000 ) (  -0.00000  -0.00000 ) (  -0.00000  -0.00000 ) 
     (  -0.00000   0.00000 ) (  -0.00000  -0.00000 ) (  -0.00000  -0.00000 ) 
     (  -0.00000   0.00000 ) (  -0.00000  -0.00000 ) (  -0.00000  -0.00000 ) 
     (  -0.00000   0.00000 ) (  -0.00000  -0.00000 ) (  -0.00000  -0.00000 ) 
     (  -0.00000   0.00000 ) (  -0.00000  -0.00000 ) (  -0.00000  -0.00000 ) 
     (  -0.00000   0.00000 ) (  -0.00000  -0.00000 ) (  -0.00000  -0.00000 ) 
     (  -0.00000  -0.00000 ) (  -0.70711  -0.00000 ) (  -0.00001  -0.00000 ) 
     (   0.14998   0.00000 ) (  -0.00001  -0.00000 ) (   0.69102  -0.00000 ) 
     (   0.00000   0.00000 ) (  -0.00000  -0.00000 ) (  -0.00000  -0.00000 ) 
     (   0.00000   0.00000 ) (   0.70711  -0.00000 ) (   0.00001  -0.00000 ) 
     (   0.00000   0.00000 ) (  -0.00000  -0.00000 ) (  -0.00000  -0.00000 ) 
     (  -0.69102  -0.00000 ) (   0.00000  -0.00000 ) (   0.14998  -0.00000 ) 
     (  -0.00000  -0.00000 ) (   0.00000  -0.00000 ) (   0.00000  -0.00000 ) 
     (  -0.14998  -0.00000 ) (   0.00001  -0.00000 ) (  -0.69102  -0.00000 ) 
     (   0.69102   0.00000 ) (  -0.00000  -0.00000 ) (  -0.14998  -0.00000 ) 



     Alpha used in Ewald sum =   2.8000
     PHONON       :   2m16.20s CPU   1m33.18s WALL



     Representation #   1 modes #   1   2   3

     Self-consistent Calculation

     Pert. #  1: Fermi energy shift (Ry) =     0.0000E+00     0.0000E+00
     Pert. #  2: Fermi energy shift (Ry) =     0.0000E+00     3.5265E-38
     Pert. #  3: Fermi energy shift (Ry) =    -1.6282E-27     2.4650E-38

      iter #   1 total cpu time :   212.6 secs   av.it.:   7.0
      thresh= 1.000E-02 alpha_mix =  0.500 |ddv_scf|^2 =  3.677E-07

     Pert. #  1: Fermi energy shift (Ry) =     0.0000E+00     1.8367E-40
     Pert. #  2: Fermi energy shift (Ry) =    -2.7600E-27     2.0089E-40
     Pert. #  3: Fermi energy shift (Ry) =    -3.2319E-27     2.1280E-40

      iter #   2 total cpu time :   402.2 secs   av.it.:  14.0
      thresh= 6.064E-05 alpha_mix =  0.500 |ddv_scf|^2 =  5.962E-08

     Pert. #  1: Fermi energy shift (Ry) =     0.0000E+00    -3.8265E-42
     Pert. #  2: Fermi energy shift (Ry) =    -2.6926E-27     1.3871E-41
     Pert. #  3: Fermi energy shift (Ry) =    -1.5267E-26     1.2538E-42

      iter #   3 total cpu time :   587.3 secs   av.it.:  14.0
      thresh= 2.442E-05 alpha_mix =  0.500 |ddv_scf|^2 =  1.571E-09

     Pert. #  1: Fermi energy shift (Ry) =     0.0000E+00     2.1046E-41
     Pert. #  2: Fermi energy shift (Ry) =     3.3658E-28    -6.5768E-43
     Pert. #  3: Fermi energy shift (Ry) =     1.1238E-27    -1.5682E-41

      iter #   4 total cpu time :   781.2 secs   av.it.:  14.3
      thresh= 3.964E-06 alpha_mix =  0.500 |ddv_scf|^2 =  1.481E-10

     Pert. #  1: Fermi energy shift (Ry) =     0.0000E+00     0.0000E+00
     Pert. #  2: Fermi energy shift (Ry) =     3.0292E-28     1.9132E-42
     Pert. #  3: Fermi energy shift (Ry) =     2.5908E-27    -7.0261E-42

      iter #   5 total cpu time :   974.7 secs   av.it.:  14.8
      thresh= 1.217E-06 alpha_mix =  0.500 |ddv_scf|^2 =  4.972E-12

     Pert. #  1: Fermi energy shift (Ry) =    -8.0779E-28     9.5662E-43
     Pert. #  2: Fermi energy shift (Ry) =    -1.8680E-27    -1.1360E-42
     Pert. #  3: Fermi energy shift (Ry) =    -1.3642E-28     5.0151E-43

      iter #   6 total cpu time :  1175.0 secs   av.it.:  14.8
      thresh= 2.230E-07 alpha_mix =  0.500 |ddv_scf|^2 =  1.834E-13

     Pert. #  1: Fermi energy shift (Ry) =     8.0779E-28     0.0000E+00
     Pert. #  2: Fermi energy shift (Ry) =     9.4032E-28     2.6905E-43
     Pert. #  3: Fermi energy shift (Ry) =     1.1087E-27    -2.5890E-43

      iter #   7 total cpu time :  1371.0 secs   av.it.:  14.9
      thresh= 4.283E-08 alpha_mix =  0.500 |ddv_scf|^2 =  9.658E-15

     End of self-consistent calculation

     Convergence has been achieved 


     Representation #   2 modes #   4   5   6

     Self-consistent Calculation

     Pert. #  1: Fermi energy shift (Ry) =     0.0000E+00     0.0000E+00
     Pert. #  2: Fermi energy shift (Ry) =     0.0000E+00     0.0000E+00
     Pert. #  3: Fermi energy shift (Ry) =     0.0000E+00     0.0000E+00

      iter #   1 total cpu time :  1480.9 secs   av.it.:   6.0
      thresh= 1.000E-02 alpha_mix =  0.500 |ddv_scf|^2 =  1.675E-07

     Pert. #  1: Fermi energy shift (Ry) =     0.0000E+00     0.0000E+00
     Pert. #  2: Fermi energy shift (Ry) =     0.0000E+00     0.0000E+00
     Pert. #  3: Fermi energy shift (Ry) =     0.0000E+00     0.0000E+00

      iter #   2 total cpu time :  1669.3 secs   av.it.:  14.0
      thresh= 4.093E-05 alpha_mix =  0.500 |ddv_scf|^2 =  3.124E-08

     Pert. #  1: Fermi energy shift (Ry) =     0.0000E+00     0.0000E+00
     Pert. #  2: Fermi energy shift (Ry) =     0.0000E+00     0.0000E+00
     Pert. #  3: Fermi energy shift (Ry) =     0.0000E+00     0.0000E+00

      iter #   3 total cpu time :  1856.4 secs   av.it.:  13.7
      thresh= 1.767E-05 alpha_mix =  0.500 |ddv_scf|^2 =  7.122E-11

     Pert. #  1: Fermi energy shift (Ry) =     0.0000E+00     0.0000E+00
     Pert. #  2: Fermi energy shift (Ry) =     0.0000E+00     0.0000E+00
     Pert. #  3: Fermi energy shift (Ry) =     0.0000E+00     0.0000E+00

      iter #   4 total cpu time :  2047.8 secs   av.it.:  14.1
      thresh= 8.439E-07 alpha_mix =  0.500 |ddv_scf|^2 =  5.884E-12

     Pert. #  1: Fermi energy shift (Ry) =     0.0000E+00     0.0000E+00
     Pert. #  2: Fermi energy shift (Ry) =     0.0000E+00     0.0000E+00
     Pert. #  3: Fermi energy shift (Ry) =     0.0000E+00     0.0000E+00

      iter #   5 total cpu time :  2237.7 secs   av.it.:  14.0
      thresh= 2.426E-07 alpha_mix =  0.500 |ddv_scf|^2 =  4.042E-13

     Pert. #  1: Fermi energy shift (Ry) =     0.0000E+00     0.0000E+00
     Pert. #  2: Fermi energy shift (Ry) =     0.0000E+00     0.0000E+00
     Pert. #  3: Fermi energy shift (Ry) =     0.0000E+00     0.0000E+00

      iter #   6 total cpu time :  2426.9 secs   av.it.:  14.3
      thresh= 6.358E-08 alpha_mix =  0.500 |ddv_scf|^2 =  9.419E-15

     End of self-consistent calculation

     Convergence has been achieved 


     Representation #   3 modes #   7   8   9

     Self-consistent Calculation

     Pert. #  1: Fermi energy shift (Ry) =     0.0000E+00     0.0000E+00
     Pert. #  2: Fermi energy shift (Ry) =     0.0000E+00     0.0000E+00
     Pert. #  3: Fermi energy shift (Ry) =     0.0000E+00     0.0000E+00

      iter #   1 total cpu time :  2512.5 secs   av.it.:   4.0
      thresh= 1.000E-02 alpha_mix =  0.500 |ddv_scf|^2 =  4.657E-08

     Pert. #  1: Fermi energy shift (Ry) =     0.0000E+00     0.0000E+00
     Pert. #  2: Fermi energy shift (Ry) =     0.0000E+00     0.0000E+00
     Pert. #  3: Fermi energy shift (Ry) =     0.0000E+00     0.0000E+00

      iter #   2 total cpu time :  2695.8 secs   av.it.:  13.2
      thresh= 2.158E-05 alpha_mix =  0.500 |ddv_scf|^2 =  2.777E-09

     Pert. #  1: Fermi energy shift (Ry) =     0.0000E+00     0.0000E+00
     Pert. #  2: Fermi energy shift (Ry) =     0.0000E+00     0.0000E+00
     Pert. #  3: Fermi energy shift (Ry) =     0.0000E+00     0.0000E+00

      iter #   3 total cpu time :  2884.4 secs   av.it.:  14.2
      thresh= 5.270E-06 alpha_mix =  0.500 |ddv_scf|^2 =  1.517E-10

     Pert. #  1: Fermi energy shift (Ry) =     0.0000E+00     0.0000E+00
     Pert. #  2: Fermi energy shift (Ry) =     0.0000E+00     0.0000E+00
     Pert. #  3: Fermi energy shift (Ry) =     0.0000E+00     0.0000E+00

      iter #   4 total cpu time :  3070.1 secs   av.it.:  13.7
      thresh= 1.232E-06 alpha_mix =  0.500 |ddv_scf|^2 =  8.728E-12

     Pert. #  1: Fermi energy shift (Ry) =     0.0000E+00     0.0000E+00
     Pert. #  2: Fermi energy shift (Ry) =     0.0000E+00     0.0000E+00
     Pert. #  3: Fermi energy shift (Ry) =     0.0000E+00     0.0000E+00

      iter #   5 total cpu time :  3248.2 secs   av.it.:  12.9
      thresh= 2.954E-07 alpha_mix =  0.500 |ddv_scf|^2 =  3.906E-13

     Pert. #  1: Fermi energy shift (Ry) =     0.0000E+00     0.0000E+00
     Pert. #  2: Fermi energy shift (Ry) =     0.0000E+00     0.0000E+00
     Pert. #  3: Fermi energy shift (Ry) =     0.0000E+00     0.0000E+00

      iter #   6 total cpu time :  3430.0 secs   av.it.:  13.4
      thresh= 6.250E-08 alpha_mix =  0.500 |ddv_scf|^2 =  3.981E-14

     Pert. #  1: Fermi energy shift (Ry) =     0.0000E+00     0.0000E+00
     Pert. #  2: Fermi energy shift (Ry) =     0.0000E+00     0.0000E+00
     Pert. #  3: Fermi energy shift (Ry) =     0.0000E+00     0.0000E+00

      iter #   7 total cpu time :  3607.0 secs   av.it.:  13.0
      thresh= 1.995E-08 alpha_mix =  0.500 |ddv_scf|^2 =  5.016E-16

     End of self-consistent calculation

     Convergence has been achieved 


     Representation #   4 modes #  10  11  12

     Self-consistent Calculation

     Pert. #  1: Fermi energy shift (Ry) =     0.0000E+00    -7.8366E-38
     Pert. #  2: Fermi energy shift (Ry) =    -6.8932E-26     4.7020E-38
     Pert. #  3: Fermi energy shift (Ry) =    -4.8252E-25     6.2693E-38

      iter #   1 total cpu time :  3737.3 secs   av.it.:   7.6
      thresh= 1.000E-02 alpha_mix =  0.500 |ddv_scf|^2 =  5.799E-07

     Pert. #  1: Fermi energy shift (Ry) =     6.4623E-27    -1.2245E-40
     Pert. #  2: Fermi energy shift (Ry) =    -2.6926E-27    -3.8265E-41
     Pert. #  3: Fermi energy shift (Ry) =     1.6694E-26     3.0612E-41

      iter #   2 total cpu time :  3935.2 secs   av.it.:  14.8
      thresh= 7.615E-05 alpha_mix =  0.500 |ddv_scf|^2 =  9.102E-08

     Pert. #  1: Fermi energy shift (Ry) =     0.0000E+00    -7.6530E-41
     Pert. #  2: Fermi energy shift (Ry) =    -1.4810E-27    -9.9488E-41
     Pert. #  3: Fermi energy shift (Ry) =     3.5004E-27    -1.9132E-41

      iter #   3 total cpu time :  4128.1 secs   av.it.:  14.3
      thresh= 3.017E-05 alpha_mix =  0.500 |ddv_scf|^2 =  1.533E-09

     Pert. #  1: Fermi energy shift (Ry) =     2.1541E-27     7.6530E-42
     Pert. #  2: Fermi energy shift (Ry) =     4.7794E-27     1.9132E-42
     Pert. #  3: Fermi energy shift (Ry) =     1.2453E-27    -1.7219E-41

      iter #   4 total cpu time :  4326.8 secs   av.it.:  15.0
      thresh= 3.916E-06 alpha_mix =  0.500 |ddv_scf|^2 =  2.601E-10

     Pert. #  1: Fermi energy shift (Ry) =     2.6926E-27     4.7831E-43
     Pert. #  2: Fermi energy shift (Ry) =    -8.2462E-28    -2.2122E-42
     Pert. #  3: Fermi energy shift (Ry) =    -2.5244E-27    -1.4947E-42

      iter #   5 total cpu time :  4527.1 secs   av.it.:  15.1
      thresh= 1.613E-06 alpha_mix =  0.500 |ddv_scf|^2 =  6.132E-12

     Pert. #  1: Fermi energy shift (Ry) =    -5.3853E-28    -2.9894E-44
     Pert. #  2: Fermi energy shift (Ry) =    -4.3755E-28     2.0926E-43
     Pert. #  3: Fermi energy shift (Ry) =    -1.9858E-27     2.3915E-43

      iter #   6 total cpu time :  4726.9 secs   av.it.:  15.2
      thresh= 2.476E-07 alpha_mix =  0.500 |ddv_scf|^2 =  5.282E-13

     Pert. #  1: Fermi energy shift (Ry) =    -1.8849E-27    -7.1746E-43
     Pert. #  2: Fermi energy shift (Ry) =     3.6351E-27     2.0926E-43
     Pert. #  3: Fermi energy shift (Ry) =    -3.6687E-27    -6.8757E-43

      iter #   7 total cpu time :  4927.0 secs   av.it.:  15.2
      thresh= 7.268E-08 alpha_mix =  0.500 |ddv_scf|^2 =  1.191E-14

     Pert. #  1: Fermi energy shift (Ry) =     8.0779E-28     5.9789E-44
     Pert. #  2: Fermi energy shift (Ry) =     2.3561E-28    -7.4736E-44
     Pert. #  3: Fermi energy shift (Ry) =     3.7024E-27    -4.4842E-44

      iter #   8 total cpu time :  5128.7 secs   av.it.:  15.0
      thresh= 1.091E-08 alpha_mix =  0.500 |ddv_scf|^2 =  1.418E-15

     End of self-consistent calculation

     Convergence has been achieved 


     Representation #   5 modes #  13  14  15

     Self-consistent Calculation

     Pert. #  1: Fermi energy shift (Ry) =     1.2666E-24    -1.0408E-39
     Pert. #  2: Fermi energy shift (Ry) =     1.1029E-24    -4.8979E-40
     Pert. #  3: Fermi energy shift (Ry) =     2.0680E-25    -6.1224E-40

      iter #   1 total cpu time :  5253.0 secs   av.it.:   7.2
      thresh= 1.000E-02 alpha_mix =  0.500 |ddv_scf|^2 =  2.295E-07

     Pert. #  1: Fermi energy shift (Ry) =    -4.5102E-26     1.5784E-41
     Pert. #  2: Fermi energy shift (Ry) =     1.7233E-26    -2.2959E-41
     Pert. #  3: Fermi energy shift (Ry) =    -6.4623E-27    -1.9132E-41

      iter #   2 total cpu time :  5447.5 secs   av.it.:  14.4
      thresh= 4.791E-05 alpha_mix =  0.500 |ddv_scf|^2 =  3.877E-09

     Pert. #  1: Fermi energy shift (Ry) =    -5.9911E-27     5.5006E-42
     Pert. #  2: Fermi energy shift (Ry) =    -4.3082E-27     1.9132E-42
     Pert. #  3: Fermi energy shift (Ry) =     2.1541E-27     4.7831E-43

      iter #   3 total cpu time :  5642.0 secs   av.it.:  14.1
      thresh= 6.227E-06 alpha_mix =  0.500 |ddv_scf|^2 =  7.944E-10

     Pert. #  1: Fermi energy shift (Ry) =    -1.0771E-27    -4.3048E-42
     Pert. #  2: Fermi energy shift (Ry) =     0.0000E+00     0.0000E+00
     Pert. #  3: Fermi energy shift (Ry) =     4.8468E-27     7.6530E-42

      iter #   4 total cpu time :  5839.7 secs   av.it.:  15.0
      thresh= 2.818E-06 alpha_mix =  0.500 |ddv_scf|^2 =  6.188E-12

     Pert. #  1: Fermi energy shift (Ry) =     4.1736E-27    -1.1958E-42
     Pert. #  2: Fermi energy shift (Ry) =     6.4623E-27     0.0000E+00
     Pert. #  3: Fermi energy shift (Ry) =     0.0000E+00     9.5662E-43

      iter #   5 total cpu time :  6039.4 secs   av.it.:  14.9
      thresh= 2.488E-07 alpha_mix =  0.500 |ddv_scf|^2 =  5.222E-14

     Pert. #  1: Fermi energy shift (Ry) =     5.7892E-27    -2.2421E-43
     Pert. #  2: Fermi energy shift (Ry) =     2.1541E-27     0.0000E+00
     Pert. #  3: Fermi energy shift (Ry) =    -5.3853E-27     1.7937E-43

      iter #   6 total cpu time :  6228.8 secs   av.it.:  14.0
      thresh= 2.285E-08 alpha_mix =  0.500 |ddv_scf|^2 =  7.023E-15

     End of self-consistent calculation

     Convergence has been achieved 

     Number of q in the star =    1
     List of q in the star:
          1   0.000000000   0.000000000   0.000000000

     Diagonalizing the dynamical matrix

     q = (    0.000000000   0.000000000   0.000000000 ) 

 **************************************************************************
     freq (    1) =       0.602822 [THz] =      20.107970 [cm-1]
     freq (    2) =       0.602822 [THz] =      20.107970 [cm-1]
     freq (    3) =       0.602822 [THz] =      20.107970 [cm-1]
     freq (    4) =       1.592700 [THz] =      53.126767 [cm-1]
     freq (    5) =       1.592700 [THz] =      53.126767 [cm-1]
     freq (    6) =       1.592700 [THz] =      53.126767 [cm-1]
     freq (    7) =       2.700264 [THz] =      90.071116 [cm-1]
     freq (    8) =       2.700264 [THz] =      90.071116 [cm-1]
     freq (    9) =       2.700264 [THz] =      90.071116 [cm-1]
     freq (   10) =       3.104963 [THz] =     103.570426 [cm-1]
     freq (   11) =       3.104963 [THz] =     103.570426 [cm-1]
     freq (   12) =       3.104963 [THz] =     103.570426 [cm-1]
     freq (   13) =       5.765123 [THz] =     192.303790 [cm-1]
     freq (   14) =       5.765123 [THz] =     192.303790 [cm-1]
     freq (   15) =       5.765123 [THz] =     192.303790 [cm-1]
 **************************************************************************

     Mode symmetry, O_h (m-3m)  point group:

     freq (   1-   3) =         20.1  [cm-1]   --> T_1u G_15  G_4- I  
     freq (   4-   6) =         53.1  [cm-1]   --> T_1u G_15  G_4- I  
     freq (   7-   9) =         90.1  [cm-1]   --> T_1u G_15  G_4- I  
     freq (  10-  12) =        103.6  [cm-1]   --> T_2u G_25  G_5-    
     freq (  13-  15) =        192.3  [cm-1]   --> T_1u G_15  G_4- I  

     PHONON       :      2h29m CPU      1h43m WALL

     INITIALIZATION: 
     phq_setup    :      0.34s CPU      0.38s WALL (       1 calls)
     phq_init     :    133.30s CPU     89.97s WALL (       1 calls)

     phq_init     :    133.30s CPU     89.97s WALL (       1 calls)
     set_drhoc    :      0.01s CPU      0.01s WALL (       3 calls)
     init_vloc    :      0.02s CPU      0.02s WALL (       1 calls)
     init_us_1    :      0.17s CPU      0.18s WALL (       1 calls)
     init_us_2    :      9.87s CPU      6.92s WALL (    1820 calls)
     newd         :      0.89s CPU      0.99s WALL (       1 calls)
     dvanqq       :     64.39s CPU     39.86s WALL (       1 calls)
     drho         :     63.40s CPU     46.61s WALL (       1 calls)
     drhous       :     49.21s CPU     35.66s WALL (       1 calls)
     nldyntot     :      0.38s CPU      0.38s WALL (       1 calls)

     DYNAMICAL MATRIX:
     dynmat0      :      3.87s CPU      2.53s WALL (       1 calls)
     dynmat_us    :      3.60s CPU      2.29s WALL (       1 calls)
     addusdynmat  :      0.00s CPU      0.00s WALL (       1 calls)
     d2ionq       :      0.17s CPU      0.13s WALL (       1 calls)
     dynmatcc     :      0.10s CPU      0.10s WALL (       1 calls)
     phqscf       :   8807.39s CPU   6139.01s WALL (       1 calls)
     dynmatrix    :      0.01s CPU      0.01s WALL (       1 calls)

     phqscf       :   8807.39s CPU   6139.01s WALL (       1 calls)
     solve_linter :   8784.27s CPU   6125.50s WALL (       5 calls)
     sth_kernel   :   8305.62s CPU   5707.01s WALL (      34 calls)
     h_prec       :      2.17s CPU      1.59s WALL (    1190 calls)
     apply_dpot_b :    261.99s CPU    202.22s WALL (    3045 calls)
     ortho        :     93.73s CPU     52.22s WALL (    3570 calls)
     cgsolve      :   7518.22s CPU   5132.93s WALL (    3570 calls)
     incdrhoscf   :    348.97s CPU    260.79s WALL (    3570 calls)
                                        0.00s GPU  (    3570 calls)
     addusddens   :    109.59s CPU     73.66s WALL (      39 calls)
     dv_of_drho   :      7.11s CPU      7.52s WALL (     102 calls)
     mix_pot      :      2.06s CPU      1.61s WALL (      34 calls)
     ef_shift     :      1.62s CPU      1.30s WALL (      34 calls)
     ef_shift_wfc :      0.99s CPU      0.99s WALL (       5 calls)
     localdos     :     19.57s CPU     15.52s WALL (       5 calls)
     drhodv       :     23.11s CPU     13.50s WALL (       5 calls)
     psymdvscf    :    130.05s CPU    130.95s WALL (      34 calls)
     newdq        :     76.19s CPU     76.25s WALL (      34 calls)
     adddvscf     :     55.26s CPU     39.99s WALL (    3045 calls)
     drhodvus     :      0.29s CPU      0.20s WALL (       5 calls)

     dvqpsi_us    :     84.58s CPU     63.16s WALL (     525 calls)
                                        0.00s GPU  (     525 calls)
     dvqpsi_us_on :     30.98s CPU     22.01s WALL (     525 calls)

     add_vuspsi   :    449.91s CPU    238.02s WALL (  103513 calls)
     addusdbec    :     33.08s CPU     17.89s WALL (    4095 calls)

     drhodvus     :      0.29s CPU      0.20s WALL (       5 calls)

      General routines
     calbec       :    908.80s CPU    502.80s WALL (  217316 calls)
     fft          :     16.50s CPU     14.73s WALL (    2262 calls)
     ffts         :     13.65s CPU     10.72s WALL (    7050 calls)
     fftw         :   3886.99s CPU   2992.20s WALL ( 3987888 calls)
     write_rec    :      0.02s CPU      0.02s WALL (      39 calls)

      Additional routines
     ch_psi       :   7178.43s CPU   4899.44s WALL (  103513 calls)
     last         :   1404.10s CPU    793.88s WALL (  103513 calls)
     Hesh         :     58.64s CPU     40.25s WALL (  103513 calls)
     ch_psi_all_k :   1342.02s CPU    751.77s WALL (  103513 calls)
                                        0.00s GPU  (  103513 calls)
     ch_psi_calbe :    402.19s CPU    220.86s WALL (  103513 calls)
                                        0.00s GPU  (  103513 calls)
     h_psi_bgrp   :   5248.30s CPU   3805.50s WALL (  103513 calls)
     h_psi        :   5246.62s CPU   3804.59s WALL (  103513 calls)
     h_psi:pot    :   5184.94s CPU   3763.08s WALL (  103513 calls)
     h_psi:calbec :    428.41s CPU    239.71s WALL (  103513 calls)
     s_psi_bgrp   :    916.78s CPU    494.92s WALL (  210596 calls)
     s_psi        :    847.05s CPU    446.99s WALL (  210596 calls)


     PHONON       :      2h29m CPU      1h43m WALL


   This run was terminated on:  22:47:19  13May2025            

=------------------------------------------------------------------------------=
   JOB DONE.
=------------------------------------------------------------------------------=
