
     Program PHONON v.7.3.1 starts on  1Apr2025 at 10:18:16 

     This program is part of the open-source Quantum ESPRESSO suite
     for quantum simulation of materials; please cite
         "P. Giannozzi et al., J. Phys.:Condens. Matter 21 395502 (2009);
         "P. Giannozzi et al., J. Phys.:Condens. Matter 29 465901 (2017);
         "P. Giannozzi et al., J. Chem. Phys. 152 154105 (2020);
          URL http://www.quantum-espresso.org", 
     in publications or presentations arising from this work. More details at
     http://www.quantum-espresso.org/quote

     Parallel version (MPI), running on     8 processors

     MPI processes distributed on     1 nodes
     57137 MiB available memory on the printing compute node when the environment starts

     Waiting for input...
     Reading input from standard input
      Title line not specified: using 'default'.

     Reading xml data from directory:

     ./tmp/aginf3.save/

     R & G space division:  proc/nbgrp/npool/nimage =       8
     Subspace diagonalization in iterative solution of the eigenvalue problem:
     a serial algorithm will be used

     file Ag.pbe-spn-kjpaw_psl.1.0.0.UPF: wavefunction(s)  4S 5S 4P 4D renormalized
     file In.pbe-dn-kjpaw_psl.1.0.0.UPF: wavefunction(s)  5S 5P 4D renormalized
     file F.pbe-n-kjpaw_psl.1.0.0.UPF: wavefunction(s)  2S 2P renormalized

     IMPORTANT: XC functional enforced from input :
     Exchange-correlation= PBE
                           (   1   4   3   4   0   0   0)
     Any further DFT definition will be discarded
     Please, verify this is what you really want


     Parallelization info
     --------------------
     sticks:   dense  smooth     PW     G-vecs:    dense   smooth      PW
     Min         284     141     42                10224     3610     586
     Max         286     143     43                10225     3612     589
     Sum        2285    1137    341                81793    28887    4697

     Using Slab Decomposition


     Check: negative core charge=   -0.000003
     Reading collected, re-writing distributed wavefunctions in ./tmp/

     Number and degeneracy of irreps per q-point
       N         xq(1)         xq(2)         xq(3)   N irreps
       1   0.000000000   0.000000000   0.000000000       5
        3   3   3   3   3

     Calculation of q =    0.0000000   0.0000000   0.0000000

     default                                                                    

     bravais-lattice index     =            0
     lattice parameter (alat)  =       6.6896  a.u.
     unit-cell volume          =     299.3687 (a.u.)^3
     number of atoms/cell      =            5
     number of atomic types    =            3
     kinetic-energy cut-off    =      80.0000  Ry
     charge density cut-off    =     640.0000  Ry
     convergence threshold     =      1.0E-12
     beta                      =       0.7000
     number of iterations used =            4
     Exchange-correlation= PBE
                           (   1   4   3   4   0   0   0)


     celldm(1)=    6.68963  celldm(2)=    0.00000  celldm(3)=    0.00000
     celldm(4)=    0.00000  celldm(5)=    0.00000  celldm(6)=    0.00000

     crystal axes: (cart. coord. in units of alat)
               a(1) = (  1.0000  0.0000  0.0000 )  
               a(2) = (  0.0000  1.0000  0.0000 )  
               a(3) = (  0.0000  0.0000  1.0000 )  

     reciprocal axes: (cart. coord. in units 2 pi/alat)
               b(1) = (  1.0000  0.0000  0.0000 )  
               b(2) = (  0.0000  1.0000  0.0000 )  
               b(3) = (  0.0000  0.0000  1.0000 )  


     Atoms inside the unit cell: 

     Cartesian axes

     site n.  atom      mass           positions (alat units)
        1  Ag    107.8682   tau(    1) = (    0.00000    0.00000    0.00000  )
        2  In    114.8180   tau(    2) = (    0.50000    0.50000    0.50000  )
        3  F      18.9980   tau(    3) = (    0.50000    0.50000    0.00000  )
        4  F      18.9980   tau(    4) = (    0.00000    0.50000    0.50000  )
        5  F      18.9980   tau(    5) = (    0.50000    0.00000    0.50000  )

     Computing dynamical matrix for 
                    q = (   0.0000000   0.0000000   0.0000000 )

     49 Sym.Ops. (with q -> -q+G )


     G cutoff =  725.4784  (  10225 G-vectors)     FFT grid: ( 54, 54, 54)
     G cutoff =  362.7392  (   3611 G-vectors)  smooth grid: ( 40, 40, 40)

     number of k points=    20  Methfessel-Paxton smearing, width (Ry)=  0.0100
                       cart. coord. in units 2pi/alat
        k(    1) = (   0.0000000   0.0000000   0.0000000), wk =   0.0092593
        k(    2) = (   0.0000000   0.0000000   0.1666667), wk =   0.0555556
        k(    3) = (   0.0000000   0.0000000   0.3333333), wk =   0.0555556
        k(    4) = (   0.0000000   0.0000000  -0.5000000), wk =   0.0277778
        k(    5) = (   0.0000000   0.1666667   0.1666667), wk =   0.1111111
        k(    6) = (   0.0000000   0.1666667   0.3333333), wk =   0.2222222
        k(    7) = (   0.0000000   0.1666667  -0.5000000), wk =   0.1111111
        k(    8) = (   0.0000000   0.3333333   0.3333333), wk =   0.1111111
        k(    9) = (   0.0000000   0.3333333  -0.5000000), wk =   0.1111111
        k(   10) = (   0.0000000  -0.5000000  -0.5000000), wk =   0.0277778
        k(   11) = (   0.1666667   0.1666667   0.1666667), wk =   0.0740741
        k(   12) = (   0.1666667   0.1666667   0.3333333), wk =   0.2222222
        k(   13) = (   0.1666667   0.1666667  -0.5000000), wk =   0.1111111
        k(   14) = (   0.1666667   0.3333333   0.3333333), wk =   0.2222222
        k(   15) = (   0.1666667   0.3333333  -0.5000000), wk =   0.2222222
        k(   16) = (   0.1666667  -0.5000000  -0.5000000), wk =   0.0555556
        k(   17) = (   0.3333333   0.3333333   0.3333333), wk =   0.0740741
        k(   18) = (   0.3333333   0.3333333  -0.5000000), wk =   0.1111111
        k(   19) = (   0.3333333  -0.5000000  -0.5000000), wk =   0.0555556
        k(   20) = (  -0.5000000  -0.5000000  -0.5000000), wk =   0.0092593

     PseudoPot. # 1 for Ag read from file:
     /home/administrator/Downloads/BURAI/BURAI1.3/pseudopot/Ag.pbe-spn-kjpaw_psl.1.0.0.UPF
     MD5 check sum: 4bb6ed288085a1d2cdc62c229711c47d
     Pseudo is Projector augmented-wave + core cor, Zval = 19.0
     Generated using "atomic" code by A. Dal Corso  v.5.1.2
     Shape of augmentation charge: PSQ
     Using radial grid of 1237 points,  6 beta functions with: 
                l(1) =   0
                l(2) =   0
                l(3) =   1
                l(4) =   1
                l(5) =   2
                l(6) =   2
     Q(r) pseudized with 0 coefficients 


     PseudoPot. # 2 for In read from file:
     /home/administrator/Downloads/BURAI/BURAI1.3/pseudopot/In.pbe-dn-kjpaw_psl.1.0.0.UPF
     MD5 check sum: fd1a0e78b31ae68673c860ae14814025
     Pseudo is Projector augmented-wave + core cor, Zval = 13.0
     Generated using "atomic" code by A. Dal Corso  v.5.1.2
     Shape of augmentation charge: PSQ
     Using radial grid of 1241 points,  6 beta functions with: 
                l(1) =   0
                l(2) =   0
                l(3) =   1
                l(4) =   1
                l(5) =   2
                l(6) =   2
     Q(r) pseudized with 0 coefficients 


     PseudoPot. # 3 for F  read from file:
     /home/administrator/Downloads/BURAI/BURAI1.3/pseudopot/F.pbe-n-kjpaw_psl.1.0.0.UPF
     MD5 check sum: de2194216b7114fcf395f1df79715f8b
     Pseudo is Projector augmented-wave + core cor, Zval =  7.0
     Generated using "atomic" code by A. Dal Corso  v.5.1.2
     Shape of augmentation charge: PSQ
     Using radial grid of 1105 points,  4 beta functions with: 
                l(1) =   0
                l(2) =   0
                l(3) =   1
                l(4) =   1
     Q(r) pseudized with 0 coefficients 


     Mode symmetry, O_h (m-3m)  point group:


     Atomic displacements:
     There are    5 irreducible representations

     Representation     1      3 modes -  To be done

     Representation     2      3 modes -  To be done

     Representation     3      3 modes -  To be done

     Representation     4      3 modes -  To be done

     Representation     5      3 modes -  To be done



     Alpha used in Ewald sum =   2.8000
     PHONON       :     23.08s CPU     21.75s WALL



     Representation #   1 modes #   1   2   3

     Self-consistent Calculation

     Pert. #  1: Fermi energy shift (Ry) =     0.0000E+00     0.0000E+00
     Pert. #  2: Fermi energy shift (Ry) =     0.0000E+00     6.2693E-38
     Pert. #  3: Fermi energy shift (Ry) =     1.7233E-26     6.2693E-38

      iter #   1 total cpu time :   324.2 secs   av.it.:   6.5
      thresh= 1.000E-02 alpha_mix =  0.700 |ddv_scf|^2 =  3.357E-07

     Pert. #  1: Fermi energy shift (Ry) =     8.6165E-27     1.5306E-40
     Pert. #  2: Fermi energy shift (Ry) =     8.6165E-27     4.2857E-40
     Pert. #  3: Fermi energy shift (Ry) =    -3.0158E-26     9.1835E-41

      iter #   2 total cpu time :   937.4 secs   av.it.:  14.7
      thresh= 5.794E-05 alpha_mix =  0.700 |ddv_scf|^2 =  3.033E-08

     Pert. #  1: Fermi energy shift (Ry) =    -1.0771E-26    -2.4489E-40
     Pert. #  2: Fermi energy shift (Ry) =     0.0000E+00     0.0000E+00
     Pert. #  3: Fermi energy shift (Ry) =     8.6165E-27     2.4489E-40

      iter #   3 total cpu time :  1553.7 secs   av.it.:  15.0
      thresh= 1.741E-05 alpha_mix =  0.700 |ddv_scf|^2 =  1.013E-09

     Pert. #  1: Fermi energy shift (Ry) =    -2.1541E-27     3.0612E-41
     Pert. #  2: Fermi energy shift (Ry) =     8.6165E-27     0.0000E+00
     Pert. #  3: Fermi energy shift (Ry) =     1.9387E-26    -3.0612E-41

      iter #   4 total cpu time :  2185.6 secs   av.it.:  14.9
      thresh= 3.183E-06 alpha_mix =  0.700 |ddv_scf|^2 =  7.901E-12

     Pert. #  1: Fermi energy shift (Ry) =     2.1541E-27    -3.8265E-42
     Pert. #  2: Fermi energy shift (Ry) =     0.0000E+00    -3.8265E-42
     Pert. #  3: Fermi energy shift (Ry) =     2.1541E-26     3.8265E-42

      iter #   5 total cpu time :  2834.2 secs   av.it.:  15.5
      thresh= 2.811E-07 alpha_mix =  0.700 |ddv_scf|^2 =  1.513E-13

     End of self-consistent calculation

     Convergence has been achieved 


     Representation #   2 modes #   4   5   6

     Self-consistent Calculation

     Pert. #  1: Fermi energy shift (Ry) =     0.0000E+00     0.0000E+00
     Pert. #  2: Fermi energy shift (Ry) =     0.0000E+00     0.0000E+00
     Pert. #  3: Fermi energy shift (Ry) =     0.0000E+00     0.0000E+00

      iter #   1 total cpu time :  3145.6 secs   av.it.:   7.1
      thresh= 1.000E-02 alpha_mix =  0.700 |ddv_scf|^2 =  8.989E-07

     Pert. #  1: Fermi energy shift (Ry) =     0.0000E+00     0.0000E+00
     Pert. #  2: Fermi energy shift (Ry) =     0.0000E+00     0.0000E+00
     Pert. #  3: Fermi energy shift (Ry) =     0.0000E+00     0.0000E+00

      iter #   2 total cpu time :  3738.7 secs   av.it.:  14.2
      thresh= 9.481E-05 alpha_mix =  0.700 |ddv_scf|^2 =  1.510E-07

     Pert. #  1: Fermi energy shift (Ry) =     0.0000E+00     0.0000E+00
     Pert. #  2: Fermi energy shift (Ry) =     0.0000E+00     0.0000E+00
     Pert. #  3: Fermi energy shift (Ry) =     0.0000E+00     0.0000E+00

      iter #   3 total cpu time :  4342.3 secs   av.it.:  14.2
      thresh= 3.886E-05 alpha_mix =  0.700 |ddv_scf|^2 =  9.348E-10

     Pert. #  1: Fermi energy shift (Ry) =     0.0000E+00     0.0000E+00
     Pert. #  2: Fermi energy shift (Ry) =     0.0000E+00     0.0000E+00
     Pert. #  3: Fermi energy shift (Ry) =     0.0000E+00     0.0000E+00

      iter #   4 total cpu time :  4964.5 secs   av.it.:  14.5
      thresh= 3.057E-06 alpha_mix =  0.700 |ddv_scf|^2 =  1.217E-11

     Pert. #  1: Fermi energy shift (Ry) =     0.0000E+00     0.0000E+00
     Pert. #  2: Fermi energy shift (Ry) =     0.0000E+00     0.0000E+00
     Pert. #  3: Fermi energy shift (Ry) =     0.0000E+00     0.0000E+00

      iter #   5 total cpu time :  5576.5 secs   av.it.:  14.6
      thresh= 3.489E-07 alpha_mix =  0.700 |ddv_scf|^2 =  3.032E-13

     End of self-consistent calculation

     Convergence has been achieved 


     Representation #   3 modes #   7   8   9

     Self-consistent Calculation

     Pert. #  1: Fermi energy shift (Ry) =     0.0000E+00     0.0000E+00
     Pert. #  2: Fermi energy shift (Ry) =     0.0000E+00     0.0000E+00
     Pert. #  3: Fermi energy shift (Ry) =     0.0000E+00     0.0000E+00

      iter #   1 total cpu time :  5986.1 secs   av.it.:   8.4
      thresh= 1.000E-02 alpha_mix =  0.700 |ddv_scf|^2 =  3.554E-06

     Pert. #  1: Fermi energy shift (Ry) =     0.0000E+00     0.0000E+00
     Pert. #  2: Fermi energy shift (Ry) =     0.0000E+00     0.0000E+00
     Pert. #  3: Fermi energy shift (Ry) =     0.0000E+00     0.0000E+00

      iter #   2 total cpu time :  6606.8 secs   av.it.:  14.4
      thresh= 1.885E-04 alpha_mix =  0.700 |ddv_scf|^2 =  9.271E-07

     Pert. #  1: Fermi energy shift (Ry) =     0.0000E+00     0.0000E+00
     Pert. #  2: Fermi energy shift (Ry) =     0.0000E+00     0.0000E+00
     Pert. #  3: Fermi energy shift (Ry) =     0.0000E+00     0.0000E+00

      iter #   3 total cpu time :  7216.0 secs   av.it.:  14.1
      thresh= 9.629E-05 alpha_mix =  0.700 |ddv_scf|^2 =  1.205E-09

     Pert. #  1: Fermi energy shift (Ry) =     0.0000E+00     0.0000E+00
     Pert. #  2: Fermi energy shift (Ry) =     0.0000E+00     0.0000E+00
     Pert. #  3: Fermi energy shift (Ry) =     0.0000E+00     0.0000E+00

      iter #   4 total cpu time :  7821.4 secs   av.it.:  14.7
      thresh= 3.472E-06 alpha_mix =  0.700 |ddv_scf|^2 =  6.740E-11

     Pert. #  1: Fermi energy shift (Ry) =     0.0000E+00     0.0000E+00
     Pert. #  2: Fermi energy shift (Ry) =     0.0000E+00     0.0000E+00
     Pert. #  3: Fermi energy shift (Ry) =     0.0000E+00     0.0000E+00

      iter #   5 total cpu time :  8434.6 secs   av.it.:  14.4
      thresh= 8.210E-07 alpha_mix =  0.700 |ddv_scf|^2 =  6.102E-13

     End of self-consistent calculation

     Convergence has been achieved 


     Representation #   4 modes #  10  11  12

     Self-consistent Calculation

     Pert. #  1: Fermi energy shift (Ry) =    -4.9545E-26     0.0000E+00
     Pert. #  2: Fermi energy shift (Ry) =    -1.8525E-25     3.1347E-38
     Pert. #  3: Fermi energy shift (Ry) =     6.2469E-26    -1.0971E-37

      iter #   1 total cpu time :  8793.8 secs   av.it.:   7.7
      thresh= 1.000E-02 alpha_mix =  0.700 |ddv_scf|^2 =  9.133E-07

     Pert. #  1: Fermi energy shift (Ry) =     3.4466E-26     4.8979E-40
     Pert. #  2: Fermi energy shift (Ry) =    -6.8932E-26     1.2245E-39
     Pert. #  3: Fermi energy shift (Ry) =    -3.4466E-26     1.7143E-39

      iter #   2 total cpu time :  9444.6 secs   av.it.:  15.7
      thresh= 9.557E-05 alpha_mix =  0.700 |ddv_scf|^2 =  1.860E-07

     Pert. #  1: Fermi energy shift (Ry) =    -1.7233E-26     1.2245E-39
     Pert. #  2: Fermi energy shift (Ry) =    -3.0696E-26     3.6734E-40
     Pert. #  3: Fermi energy shift (Ry) =     2.6926E-27     3.6734E-40

      iter #   3 total cpu time : 10089.4 secs   av.it.:  15.5
      thresh= 4.312E-05 alpha_mix =  0.700 |ddv_scf|^2 =  4.280E-10

     Pert. #  1: Fermi energy shift (Ry) =    -2.4234E-27     7.6530E-42
     Pert. #  2: Fermi energy shift (Ry) =     3.0965E-27    -4.2091E-41
     Pert. #  3: Fermi energy shift (Ry) =     1.7502E-27     3.8265E-42

      iter #   4 total cpu time : 10763.5 secs   av.it.:  15.9
      thresh= 2.069E-06 alpha_mix =  0.700 |ddv_scf|^2 =  7.417E-12

     Pert. #  1: Fermi energy shift (Ry) =    -5.9238E-27     1.9132E-42
     Pert. #  2: Fermi energy shift (Ry) =     1.6156E-27    -9.5662E-43
     Pert. #  3: Fermi energy shift (Ry) =    -1.6156E-27    -9.5662E-43

      iter #   5 total cpu time : 11417.2 secs   av.it.:  15.7
      thresh= 2.723E-07 alpha_mix =  0.700 |ddv_scf|^2 =  5.467E-13

     End of self-consistent calculation

     Convergence has been achieved 


     Representation #   5 modes #  13  14  15

     Self-consistent Calculation

     Pert. #  1: Fermi energy shift (Ry) =    -4.4116E-24    -2.9387E-39
     Pert. #  2: Fermi energy shift (Ry) =    -1.5165E-24    -2.0051E-39
     Pert. #  3: Fermi energy shift (Ry) =     3.3087E-24    -1.4694E-39

      iter #   1 total cpu time : 11732.9 secs   av.it.:   6.9
      thresh= 1.000E-02 alpha_mix =  0.700 |ddv_scf|^2 =  2.366E-07

     Pert. #  1: Fermi energy shift (Ry) =     3.4466E-26     1.5306E-41
     Pert. #  2: Fermi energy shift (Ry) =     1.9387E-26     3.8265E-41
     Pert. #  3: Fermi energy shift (Ry) =    -5.1699E-26    -9.1835E-41

      iter #   2 total cpu time : 12325.5 secs   av.it.:  14.5
      thresh= 4.865E-05 alpha_mix =  0.700 |ddv_scf|^2 =  8.789E-11

     Pert. #  1: Fermi energy shift (Ry) =    -4.3082E-27    -9.5662E-43
     Pert. #  2: Fermi energy shift (Ry) =    -4.4429E-27     1.4349E-42
     Pert. #  3: Fermi energy shift (Ry) =     3.7697E-27     1.9132E-42

      iter #   3 total cpu time : 12933.9 secs   av.it.:  15.1
      thresh= 9.375E-07 alpha_mix =  0.700 |ddv_scf|^2 =  9.568E-12

     Pert. #  1: Fermi energy shift (Ry) =     0.0000E+00    -7.1746E-43
     Pert. #  2: Fermi energy shift (Ry) =     8.0779E-28     2.9894E-42
     Pert. #  3: Fermi energy shift (Ry) =     2.1541E-27     0.0000E+00

      iter #   4 total cpu time : 13540.1 secs   av.it.:  14.8
      thresh= 3.093E-07 alpha_mix =  0.700 |ddv_scf|^2 =  7.286E-14

     End of self-consistent calculation

     Convergence has been achieved 

     Number of q in the star =    1
     List of q in the star:
          1   0.000000000   0.000000000   0.000000000

     Diagonalizing the dynamical matrix

     q = (    0.000000000   0.000000000   0.000000000 ) 

 **************************************************************************
     freq (    1) =     -12.701653 [THz] =    -423.681555 [cm-1]
     freq (    2) =     -12.701653 [THz] =    -423.681555 [cm-1]
     freq (    3) =     -12.701653 [THz] =    -423.681555 [cm-1]
     freq (    4) =      -9.100533 [THz] =    -303.561103 [cm-1]
     freq (    5) =      -9.100533 [THz] =    -303.561103 [cm-1]
     freq (    6) =      -9.100533 [THz] =    -303.561103 [cm-1]
     freq (    7) =      -1.090967 [THz] =     -36.390741 [cm-1]
     freq (    8) =      -1.090967 [THz] =     -36.390741 [cm-1]
     freq (    9) =      -1.090967 [THz] =     -36.390741 [cm-1]
     freq (   10) =       6.035189 [THz] =     201.312235 [cm-1]
     freq (   11) =       6.035189 [THz] =     201.312235 [cm-1]
     freq (   12) =       6.035189 [THz] =     201.312235 [cm-1]
     freq (   13) =      39.301431 [THz] =    1310.954616 [cm-1]
     freq (   14) =      39.301431 [THz] =    1310.954616 [cm-1]
     freq (   15) =      39.301431 [THz] =    1310.954616 [cm-1]
 **************************************************************************

     Mode symmetry, O_h (m-3m)  point group:

     freq (   1-   3) =       -423.7  [cm-1]   --> T_1u G_15  G_4- I  
     freq (   4-   6) =       -303.6  [cm-1]   --> T_2u G_25  G_5-    
     freq (   7-   9) =        -36.4  [cm-1]   --> T_1u G_15  G_4- I  
     freq (  10-  12) =        201.3  [cm-1]   --> T_1u G_15  G_4- I  
     freq (  13-  15) =       1311.0  [cm-1]   --> T_1u G_15  G_4- I  

     PHONON       :      3h15m CPU      3h45m WALL

     INITIALIZATION: 
     phq_setup    :      0.24s CPU      0.24s WALL (       1 calls)
     phq_init     :     20.95s CPU     19.53s WALL (       1 calls)

     phq_init     :     20.95s CPU     19.53s WALL (       1 calls)
     set_drhoc    :      0.00s CPU      0.00s WALL (       3 calls)
     init_vloc    :      0.02s CPU      0.02s WALL (       1 calls)
     init_us_1    :      0.13s CPU      0.13s WALL (       1 calls)
     init_us_2    :      0.66s CPU      0.54s WALL (     840 calls)
     newd         :      0.78s CPU      0.81s WALL (       1 calls)
     dvanqq       :      7.48s CPU      7.53s WALL (       1 calls)
     drho         :     12.67s CPU     11.34s WALL (       1 calls)
     drhous       :      5.98s CPU      4.26s WALL (       1 calls)
     nldyntot     :      0.42s CPU      0.16s WALL (       1 calls)

     DYNAMICAL MATRIX:
     dynmat0      :      0.66s CPU      0.55s WALL (       1 calls)
     dynmat_us    :      0.56s CPU      0.47s WALL (       1 calls)
     addusdynmat  :      0.00s CPU      0.00s WALL (       1 calls)
     d2ionq       :      0.06s CPU      0.04s WALL (       1 calls)
     dynmatcc     :      0.04s CPU      0.03s WALL (       1 calls)
     phqscf       :  11710.72s CPU  13519.72s WALL (       1 calls)
     dynmatrix    :      0.01s CPU      0.01s WALL (       1 calls)

     phqscf       :  11710.72s CPU  13519.72s WALL (       1 calls)
     solve_linter :  11708.20s CPU  13518.00s WALL (       5 calls)
     sth_kernel   :  11559.03s CPU  13357.40s WALL (      24 calls)
     h_prec       :      0.83s CPU      0.77s WALL (     480 calls)
     apply_dpot_b :     32.20s CPU     24.90s WALL (    1140 calls)
     ortho        :     17.18s CPU     23.27s WALL (    1440 calls)
     cgsolve      :  11463.42s CPU  13266.34s WALL (    1440 calls)
     incdrhoscf   :     41.27s CPU     38.59s WALL (    1440 calls)
                                        0.00s GPU  (    1440 calls)
     addusddens   :     31.45s CPU     37.40s WALL (      29 calls)
     dv_of_drho   :      0.71s CPU      0.78s WALL (      72 calls)
     mix_pot      :      3.02s CPU      3.36s WALL (      24 calls)
     ef_shift     :      4.61s CPU      4.99s WALL (      24 calls)
     ef_shift_wfc :      0.01s CPU      0.05s WALL (       5 calls)
     localdos     :      3.26s CPU      2.63s WALL (       5 calls)
     drhodv       :      2.50s CPU      1.69s WALL (       5 calls)
     psymdvscf    :     19.56s CPU     19.52s WALL (      24 calls)
     newdq        :      6.94s CPU      6.96s WALL (      24 calls)
     adddvscf     :      2.68s CPU      1.89s WALL (    1140 calls)
     drhodvus     :      0.67s CPU      0.88s WALL (       5 calls)

     dvqpsi_us    :     42.84s CPU     48.57s WALL (     300 calls)
                                        0.00s GPU  (     300 calls)
     dvqpsi_us_on :      4.80s CPU      6.25s WALL (     300 calls)

     add_vuspsi   :    126.97s CPU    248.80s WALL (   30687 calls)
     addusdbec    :      6.02s CPU      4.69s WALL (    1740 calls)

     drhodvus     :      0.67s CPU      0.88s WALL (       5 calls)

      General routines
     calbec       :   3531.08s CPU   3899.97s WALL (   66054 calls)
     fft          :     22.44s CPU     22.59s WALL (    1722 calls)
     ffts         :     14.51s CPU     15.84s WALL (    3235 calls)
     fftw         :    757.20s CPU    729.28s WALL ( 1230606 calls)
     davcio       :      0.99s CPU      1.48s WALL (    6362 calls)
     write_rec    :      0.04s CPU      0.10s WALL (      29 calls)

      Additional routines
     ch_psi       :   8197.70s CPU   9621.97s WALL (   30687 calls)
     last         :   6864.83s CPU   8099.37s WALL (   30687 calls)
     Hesh         :      2.46s CPU      1.99s WALL (   30687 calls)
     ch_psi_all_k :   6861.79s CPU   8096.91s WALL (   30687 calls)
                                        0.00s GPU  (   30687 calls)
     ch_psi_calbe :   3113.48s CPU   3451.03s WALL (   30687 calls)
                                        0.00s GPU  (   30687 calls)
     h_psi_bgrp   :   1246.18s CPU   1375.60s WALL (   30687 calls)
     h_psi        :   1245.83s CPU   1375.32s WALL (   30687 calls)
     h_psi:pot    :   1244.29s CPU   1373.60s WALL (   30687 calls)
     h_psi:calbec :    408.84s CPU    442.06s WALL (   30687 calls)
     s_psi_bgrp   :    353.42s CPU    677.30s WALL (   62814 calls)
     s_psi        :    351.23s CPU    675.07s WALL (   62814 calls)


     PHONON       :      3h15m CPU      3h45m WALL


   This run was terminated on:  14: 3:57   1Apr2025            

=------------------------------------------------------------------------------=
   JOB DONE.
=------------------------------------------------------------------------------=
