
     Program PHONON v.7.3.1 starts on 13May2025 at 15:33:18 

     This program is part of the open-source Quantum ESPRESSO suite
     for quantum simulation of materials; please cite
         "P. Giannozzi et al., J. Phys.:Condens. Matter 21 395502 (2009);
         "P. Giannozzi et al., J. Phys.:Condens. Matter 29 465901 (2017);
         "P. Giannozzi et al., J. Chem. Phys. 152 154105 (2020);
          URL http://www.quantum-espresso.org", 
     in publications or presentations arising from this work. More details at
     http://www.quantum-espresso.org/quote

     Parallel version (MPI), running on     8 processors

     MPI processes distributed on     1 nodes
     59485 MiB available memory on the printing compute node when the environment starts

     Waiting for input...
     Reading input from standard input
      Title line not specified: using 'default'.

     Reading xml data from directory:

     ./tmp/AgGeF3.save/

     R & G space division:  proc/nbgrp/npool/nimage =       8
     Subspace diagonalization in iterative solution of the eigenvalue problem:
     one sub-group per band group will be used
     custom distributed-memory algorithm (size of sub-group:  2*  2 procs)

     file Ag.pbe-spn-kjpaw_psl.1.0.0.UPF: wavefunction(s)  4S 5S 4P 4D renormalized
     file F.pbe-n-kjpaw_psl.1.0.0.UPF: wavefunction(s)  2S 2P renormalized

     IMPORTANT: XC functional enforced from input :
     Exchange-correlation= PBE
                           (   1   4   3   4   0   0   0)
     Any further DFT definition will be discarded
     Please, verify this is what you really want


     Parallelization info
     --------------------
     sticks:   dense  smooth     PW     G-vecs:    dense   smooth      PW
     Min         538     270     76                26612     9426    1432
     Max         539     271     77                26615     9429    1434
     Sum        4309    2161    609               212911    75421   11459

     Using Slab Decomposition


     Check: negative core charge=   -0.000002
     Reading collected, re-writing distributed wavefunctions in ./tmp/

     Number and degeneracy of irreps per q-point
       N         xq(1)         xq(2)         xq(3)   N irreps
  autoval = -.1097E+01
     Irreps are as follows:

                     mode #   1
                     (  -0.00000  -0.00000   ) 
                     (  -0.00000  -0.00000   ) 
                     (  -0.00000  -0.00000   ) 
                     (  -0.00000  -0.00000   ) 
                     (  -0.00000  -0.00000   ) 
                     (  -0.00000  -0.00000   ) 
                     (  -0.00302  -0.00000   ) 
                     (   0.09791  -0.00000   ) 
                     (   0.00000   0.00000   ) 
                     (  -0.00302  -0.00000   ) 
                     (   0.98989  -0.00000   ) 
                     (  -0.00000  -0.00000   ) 
                     (  -0.03052  -0.00000   ) 
                     (   0.09791  -0.00000   ) 
                     (   0.00000   0.00000   ) 
  autoval = -.1097E+01
     Irreps are as follows:

                     mode #   2
                     (  -0.00000   0.00000   ) 
                     (  -0.00000   0.00000   ) 
                     (  -0.00000   0.00000   ) 
                     (  -0.00000   0.00000   ) 
                     (  -0.00000   0.00000   ) 
                     (  -0.00000   0.00000   ) 
                     (  -0.09791  -0.00000   ) 
                     (  -0.00302  -0.00000   ) 
                     (   0.00000  -0.00000   ) 
                     (  -0.09791  -0.00000   ) 
                     (  -0.03052  -0.00000   ) 
                     (  -0.00000  -0.00000   ) 
                     (  -0.98989  -0.00000   ) 
                     (  -0.00302  -0.00000   ) 
                     (  -0.00000  -0.00000   ) 
  autoval = -.1097E+01
     Irreps are as follows:

                     mode #   3
                     (  -0.00000  -0.00000   ) 
                     (  -0.00000  -0.00000   ) 
                     (  -0.00000  -0.00000   ) 
                     (  -0.00000  -0.00000   ) 
                     (  -0.00000  -0.00000   ) 
                     (  -0.00000  -0.00000   ) 
                     (  -0.00000  -0.00000   ) 
                     (  -0.00000  -0.00000   ) 
                     (  -0.99036  -0.00000   ) 
                     (  -0.00000  -0.00000   ) 
                     (  -0.00000  -0.00000   ) 
                     (  -0.09796  -0.00000   ) 
                     (  -0.00000  -0.00000   ) 
                     (   0.00000  -0.00000   ) 
                     (  -0.09796  -0.00000   ) 
  autoval = 0.3752E+00
     Irreps are as follows:

                     mode #   4
                     (  -0.00000  -0.00000   ) 
                     (  -0.00000  -0.00000   ) 
                     (  -0.00000  -0.00000   ) 
                     (  -1.00000  -0.00000   ) 
                     (  -0.00000  -0.00000   ) 
                     (  -0.00000  -0.00000   ) 
                     (  -0.00000  -0.00000   ) 
                     (  -0.00000  -0.00000   ) 
                     (  -0.00000  -0.00000   ) 
                     (  -0.00000  -0.00000   ) 
                     (  -0.00000  -0.00000   ) 
                     (  -0.00000  -0.00000   ) 
                     (  -0.00000  -0.00000   ) 
                     (  -0.00000  -0.00000   ) 
                     (  -0.00000  -0.00000   ) 
  autoval = 0.3752E+00
     Irreps are as follows:

                     mode #   5
                     (  -0.00000  -0.00000   ) 
                     (  -0.00000  -0.00000   ) 
                     (  -0.00000  -0.00000   ) 
                     (  -0.00000  -0.00000   ) 
                     (  -1.00000  -0.00000   ) 
                     (  -0.00000  -0.00000   ) 
                     (  -0.00000  -0.00000   ) 
                     (  -0.00000  -0.00000   ) 
                     (  -0.00000  -0.00000   ) 
                     (  -0.00000  -0.00000   ) 
                     (  -0.00000  -0.00000   ) 
                     (  -0.00000  -0.00000   ) 
                     (  -0.00000  -0.00000   ) 
                     (  -0.00000  -0.00000   ) 
                     (  -0.00000  -0.00000   ) 
  autoval = 0.3752E+00
     Irreps are as follows:

                     mode #   6
                     (  -0.00000  -0.00000   ) 
                     (  -0.00000  -0.00000   ) 
                     (  -0.00000  -0.00000   ) 
                     (  -0.00000  -0.00000   ) 
                     (  -0.00000  -0.00000   ) 
                     (  -1.00000  -0.00000   ) 
                     (  -0.00000  -0.00000   ) 
                     (  -0.00000  -0.00000   ) 
                     (  -0.00000  -0.00000   ) 
                     (  -0.00000  -0.00000   ) 
                     (  -0.00000  -0.00000   ) 
                     (  -0.00000  -0.00000   ) 
                     (  -0.00000  -0.00000   ) 
                     (  -0.00000  -0.00000   ) 
                     (  -0.00000  -0.00000   ) 
  autoval = 0.6682E+00
     Irreps are as follows:

                     mode #   7
                     (  -1.00000  -0.00000   ) 
                     (  -0.00000  -0.00000   ) 
                     (  -0.00000  -0.00000   ) 
                     (  -0.00000  -0.00000   ) 
                     (  -0.00000  -0.00000   ) 
                     (  -0.00000  -0.00000   ) 
                     (  -0.00000  -0.00000   ) 
                     (  -0.00000  -0.00000   ) 
                     (  -0.00000  -0.00000   ) 
                     (  -0.00000  -0.00000   ) 
                     (  -0.00000  -0.00000   ) 
                     (  -0.00000  -0.00000   ) 
                     (  -0.00000  -0.00000   ) 
                     (  -0.00000  -0.00000   ) 
                     (  -0.00000  -0.00000   ) 
  autoval = 0.6682E+00
     Irreps are as follows:

                     mode #   8
                     (  -0.00000  -0.00000   ) 
                     (  -1.00000  -0.00000   ) 
                     (  -0.00000  -0.00000   ) 
                     (  -0.00000  -0.00000   ) 
                     (  -0.00000  -0.00000   ) 
                     (  -0.00000  -0.00000   ) 
                     (  -0.00000  -0.00000   ) 
                     (  -0.00000  -0.00000   ) 
                     (  -0.00000  -0.00000   ) 
                     (  -0.00000  -0.00000   ) 
                     (  -0.00000  -0.00000   ) 
                     (  -0.00000  -0.00000   ) 
                     (  -0.00000  -0.00000   ) 
                     (  -0.00000  -0.00000   ) 
                     (  -0.00000  -0.00000   ) 
  autoval = 0.6682E+00
     Irreps are as follows:

                     mode #   9
                     (  -0.00000  -0.00000   ) 
                     (  -0.00000  -0.00000   ) 
                     (  -1.00000  -0.00000   ) 
                     (  -0.00000  -0.00000   ) 
                     (  -0.00000  -0.00000   ) 
                     (  -0.00000  -0.00000   ) 
                     (  -0.00000  -0.00000   ) 
                     (  -0.00000  -0.00000   ) 
                     (  -0.00000  -0.00000   ) 
                     (  -0.00000  -0.00000   ) 
                     (  -0.00000  -0.00000   ) 
                     (  -0.00000  -0.00000   ) 
                     (  -0.00000  -0.00000   ) 
                     (  -0.00000  -0.00000   ) 
                     (  -0.00000  -0.00000   ) 
  autoval = 0.1010E+01
     Irreps are as follows:

                     mode #  10
                     (  -0.00000   0.00000   ) 
                     (  -0.00000   0.00000   ) 
                     (  -0.00000   0.00000   ) 
                     (  -0.00000   0.00000   ) 
                     (  -0.00000   0.00000   ) 
                     (  -0.00000   0.00000   ) 
                     (  -0.04083  -0.00000   ) 
                     (  -0.69125  -0.00000   ) 
                     (   0.02067   0.00000   ) 
                     (  -0.04083  -0.00000   ) 
                     (   0.13674   0.00000   ) 
                     (  -0.10447  -0.00000   ) 
                     (   0.00808   0.00000   ) 
                     (  -0.69125  -0.00000   ) 
                     (  -0.10447  -0.00000   ) 
  autoval = 0.1010E+01
     Irreps are as follows:

                     mode #  11
                     (  -0.00000  -0.00000   ) 
                     (  -0.00000  -0.00000   ) 
                     (  -0.00000  -0.00000   ) 
                     (  -0.00000  -0.00000   ) 
                     (  -0.00000  -0.00000   ) 
                     (  -0.00000  -0.00000   ) 
                     (  -0.69910  -0.00000   ) 
                     (   0.04055  -0.00000   ) 
                     (  -0.00098  -0.00000   ) 
                     (  -0.69910  -0.00000   ) 
                     (  -0.00802  -0.00000   ) 
                     (   0.00495  -0.00000   ) 
                     (   0.13830  -0.00000   ) 
                     (   0.04055  -0.00000   ) 
                     (   0.00495  -0.00000   ) 
  autoval = 0.1010E+01
     Irreps are as follows:

                     mode #  12
                     (  -0.00000  -0.00000   ) 
                     (  -0.00000  -0.00000   ) 
                     (  -0.00000  -0.00000   ) 
                     (  -0.00000  -0.00000   ) 
                     (  -0.00000  -0.00000   ) 
                     (  -0.00000  -0.00000   ) 
                     (  -0.00116  -0.00000   ) 
                     (  -0.10458  -0.00000   ) 
                     (  -0.13698  -0.00000   ) 
                     (  -0.00116  -0.00000   ) 
                     (   0.02069  -0.00000   ) 
                     (   0.69244  -0.00000   ) 
                     (   0.00023  -0.00000   ) 
                     (  -0.10458  -0.00000   ) 
                     (   0.69244  -0.00000   ) 
  autoval = 0.1803E+01
     Irreps are as follows:

                     mode #  13
                     (  -0.00000   0.00000   ) 
                     (  -0.00000   0.00000   ) 
                     (  -0.00000   0.00000   ) 
                     (  -0.00000   0.00000   ) 
                     (  -0.00000   0.00000   ) 
                     (  -0.00000   0.00000   ) 
                     (  -0.00000  -0.00000   ) 
                     (   0.14998   0.00000   ) 
                     (   0.00000   0.00000   ) 
                     (   0.00000   0.00000   ) 
                     (   0.00000   0.00000   ) 
                     (  -0.69102  -0.00000   ) 
                     (  -0.00000  -0.00000   ) 
                     (  -0.14998  -0.00000   ) 
                     (   0.69102   0.00000   ) 
  autoval = 0.1803E+01
     Irreps are as follows:

                     mode #  14
                     (  -0.00000  -0.00000   ) 
                     (  -0.00000  -0.00000   ) 
                     (  -0.00000  -0.00000   ) 
                     (  -0.00000  -0.00000   ) 
                     (  -0.00000  -0.00000   ) 
                     (  -0.00000  -0.00000   ) 
                     (  -0.70711  -0.00000   ) 
                     (  -0.00001  -0.00000   ) 
                     (  -0.00000  -0.00000   ) 
                     (   0.70711  -0.00000   ) 
                     (  -0.00000  -0.00000   ) 
                     (   0.00000  -0.00000   ) 
                     (   0.00000  -0.00000   ) 
                     (   0.00001  -0.00000   ) 
                     (  -0.00000  -0.00000   ) 
  autoval = 0.1803E+01
     Irreps are as follows:

                     mode #  15
                     (  -0.00000  -0.00000   ) 
                     (  -0.00000  -0.00000   ) 
                     (  -0.00000  -0.00000   ) 
                     (  -0.00000  -0.00000   ) 
                     (  -0.00000  -0.00000   ) 
                     (  -0.00000  -0.00000   ) 
                     (  -0.00001  -0.00000   ) 
                     (   0.69102  -0.00000   ) 
                     (  -0.00000  -0.00000   ) 
                     (   0.00001  -0.00000   ) 
                     (  -0.00000  -0.00000   ) 
                     (   0.14998  -0.00000   ) 
                     (   0.00000  -0.00000   ) 
                     (  -0.69102  -0.00000   ) 
                     (  -0.14998  -0.00000   ) 
       1   0.000000000   0.000000000   0.000000000       5
        3   3   3   3   3

     Calculation of q =    0.0000000   0.0000000   0.0000000

     default                                                                    

     bravais-lattice index     =            0
     lattice parameter (alat)  =       8.2313  a.u.
     unit-cell volume          =     557.7098 (a.u.)^3
     number of atoms/cell      =            5
     number of atomic types    =            3
     kinetic-energy cut-off    =     100.0000  Ry
     charge density cut-off    =     800.0000  Ry
     convergence threshold     =      1.0E-14
     beta                      =       0.5000
     number of iterations used =            4
     Exchange-correlation= PBE
                           (   1   4   3   4   0   0   0)


     celldm(1)=    8.23132  celldm(2)=    0.00000  celldm(3)=    0.00000
     celldm(4)=    0.00000  celldm(5)=    0.00000  celldm(6)=    0.00000

     crystal axes: (cart. coord. in units of alat)
               a(1) = (  1.0000  0.0000  0.0000 )  
               a(2) = (  0.0000  1.0000  0.0000 )  
               a(3) = (  0.0000  0.0000  1.0000 )  

     reciprocal axes: (cart. coord. in units 2 pi/alat)
               b(1) = (  1.0000  0.0000  0.0000 )  
               b(2) = (  0.0000  1.0000  0.0000 )  
               b(3) = (  0.0000  0.0000  1.0000 )  


     Atoms inside the unit cell: 

     Cartesian axes

     site n.  atom      mass           positions (alat units)
        1  Ag    107.8682   tau(    1) = (    0.00000    0.00000    0.00000  )
        2  Ge     72.6300   tau(    2) = (    0.50000    0.50000    0.50000  )
        3  F      18.9984   tau(    3) = (    0.50000    0.50000    0.00000  )
        4  F      18.9984   tau(    4) = (    0.50000    0.00000    0.50000  )
        5  F      18.9984   tau(    5) = (    0.00000    0.50000    0.50000  )

     Computing dynamical matrix for 
                    q = (   0.0000000   0.0000000   0.0000000 )

     49 Sym.Ops. (with q -> -q+G )

                                    s                        frac. trans.

      isym =  1     identity                                     

 cryst.   s( 1) = (     1          0          0      )
                  (     0          1          0      )
                  (     0          0          1      )

 cart.    s( 1) = (  1.0000000  0.0000000  0.0000000 )
                  (  0.0000000  1.0000000  0.0000000 )
                  (  0.0000000  0.0000000  1.0000000 )


      isym =  2     180 deg rotation - cart. axis [0,0,1]        

 cryst.   s( 2) = (    -1          0          0      )
                  (     0         -1          0      )
                  (     0          0          1      )

 cart.    s( 2) = ( -1.0000000  0.0000000  0.0000000 )
                  (  0.0000000 -1.0000000  0.0000000 )
                  (  0.0000000  0.0000000  1.0000000 )


      isym =  3     180 deg rotation - cart. axis [0,1,0]        

 cryst.   s( 3) = (    -1          0          0      )
                  (     0          1          0      )
                  (     0          0         -1      )

 cart.    s( 3) = ( -1.0000000  0.0000000  0.0000000 )
                  (  0.0000000  1.0000000  0.0000000 )
                  (  0.0000000  0.0000000 -1.0000000 )


      isym =  4     180 deg rotation - cart. axis [1,0,0]        

 cryst.   s( 4) = (     1          0          0      )
                  (     0         -1          0      )
                  (     0          0         -1      )

 cart.    s( 4) = (  1.0000000  0.0000000  0.0000000 )
                  (  0.0000000 -1.0000000  0.0000000 )
                  (  0.0000000  0.0000000 -1.0000000 )


      isym =  5     180 deg rotation - cart. axis [1,1,0]        

 cryst.   s( 5) = (     0          1          0      )
                  (     1          0          0      )
                  (     0          0         -1      )

 cart.    s( 5) = (  0.0000000  1.0000000  0.0000000 )
                  (  1.0000000  0.0000000  0.0000000 )
                  (  0.0000000  0.0000000 -1.0000000 )


      isym =  6     180 deg rotation - cart. axis [1,-1,0]       

 cryst.   s( 6) = (     0         -1          0      )
                  (    -1          0          0      )
                  (     0          0         -1      )

 cart.    s( 6) = (  0.0000000 -1.0000000  0.0000000 )
                  ( -1.0000000  0.0000000  0.0000000 )
                  (  0.0000000  0.0000000 -1.0000000 )


      isym =  7      90 deg rotation - cart. axis [0,0,-1]       

 cryst.   s( 7) = (     0         -1          0      )
                  (     1          0          0      )
                  (     0          0          1      )

 cart.    s( 7) = (  0.0000000  1.0000000  0.0000000 )
                  ( -1.0000000  0.0000000  0.0000000 )
                  (  0.0000000  0.0000000  1.0000000 )


      isym =  8      90 deg rotation - cart. axis [0,0,1]        

 cryst.   s( 8) = (     0          1          0      )
                  (    -1          0          0      )
                  (     0          0          1      )

 cart.    s( 8) = (  0.0000000 -1.0000000  0.0000000 )
                  (  1.0000000  0.0000000  0.0000000 )
                  (  0.0000000  0.0000000  1.0000000 )


      isym =  9     180 deg rotation - cart. axis [1,0,1]        

 cryst.   s( 9) = (     0          0          1      )
                  (     0         -1          0      )
                  (     1          0          0      )

 cart.    s( 9) = (  0.0000000  0.0000000  1.0000000 )
                  (  0.0000000 -1.0000000  0.0000000 )
                  (  1.0000000  0.0000000  0.0000000 )


      isym = 10     180 deg rotation - cart. axis [-1,0,1]       

 cryst.   s(10) = (     0          0         -1      )
                  (     0         -1          0      )
                  (    -1          0          0      )

 cart.    s(10) = (  0.0000000  0.0000000 -1.0000000 )
                  (  0.0000000 -1.0000000  0.0000000 )
                  ( -1.0000000  0.0000000  0.0000000 )


      isym = 11      90 deg rotation - cart. axis [0,1,0]        

 cryst.   s(11) = (     0          0         -1      )
                  (     0          1          0      )
                  (     1          0          0      )

 cart.    s(11) = (  0.0000000  0.0000000  1.0000000 )
                  (  0.0000000  1.0000000  0.0000000 )
                  ( -1.0000000  0.0000000  0.0000000 )


      isym = 12      90 deg rotation - cart. axis [0,-1,0]       

 cryst.   s(12) = (     0          0          1      )
                  (     0          1          0      )
                  (    -1          0          0      )

 cart.    s(12) = (  0.0000000  0.0000000 -1.0000000 )
                  (  0.0000000  1.0000000  0.0000000 )
                  (  1.0000000  0.0000000  0.0000000 )


      isym = 13     180 deg rotation - cart. axis [0,1,1]        

 cryst.   s(13) = (    -1          0          0      )
                  (     0          0          1      )
                  (     0          1          0      )

 cart.    s(13) = ( -1.0000000  0.0000000  0.0000000 )
                  (  0.0000000  0.0000000  1.0000000 )
                  (  0.0000000  1.0000000  0.0000000 )


      isym = 14     180 deg rotation - cart. axis [0,1,-1]       

 cryst.   s(14) = (    -1          0          0      )
                  (     0          0         -1      )
                  (     0         -1          0      )

 cart.    s(14) = ( -1.0000000  0.0000000  0.0000000 )
                  (  0.0000000  0.0000000 -1.0000000 )
                  (  0.0000000 -1.0000000  0.0000000 )


      isym = 15      90 deg rotation - cart. axis [-1,0,0]       

 cryst.   s(15) = (     1          0          0      )
                  (     0          0         -1      )
                  (     0          1          0      )

 cart.    s(15) = (  1.0000000  0.0000000  0.0000000 )
                  (  0.0000000  0.0000000  1.0000000 )
                  (  0.0000000 -1.0000000  0.0000000 )


      isym = 16      90 deg rotation - cart. axis [1,0,0]        

 cryst.   s(16) = (     1          0          0      )
                  (     0          0          1      )
                  (     0         -1          0      )

 cart.    s(16) = (  1.0000000  0.0000000  0.0000000 )
                  (  0.0000000  0.0000000 -1.0000000 )
                  (  0.0000000  1.0000000  0.0000000 )


      isym = 17     120 deg rotation - cart. axis [-1,-1,-1]     

 cryst.   s(17) = (     0          0          1      )
                  (     1          0          0      )
                  (     0          1          0      )

 cart.    s(17) = (  0.0000000  1.0000000  0.0000000 )
                  (  0.0000000  0.0000000  1.0000000 )
                  (  1.0000000  0.0000000  0.0000000 )


      isym = 18     120 deg rotation - cart. axis [-1,1,1]       

 cryst.   s(18) = (     0          0         -1      )
                  (    -1          0          0      )
                  (     0          1          0      )

 cart.    s(18) = (  0.0000000 -1.0000000  0.0000000 )
                  (  0.0000000  0.0000000  1.0000000 )
                  ( -1.0000000  0.0000000  0.0000000 )


      isym = 19     120 deg rotation - cart. axis [1,1,-1]       

 cryst.   s(19) = (     0          0         -1      )
                  (     1          0          0      )
                  (     0         -1          0      )

 cart.    s(19) = (  0.0000000  1.0000000  0.0000000 )
                  (  0.0000000  0.0000000 -1.0000000 )
                  ( -1.0000000  0.0000000  0.0000000 )


      isym = 20     120 deg rotation - cart. axis [1,-1,1]       

 cryst.   s(20) = (     0          0          1      )
                  (    -1          0          0      )
                  (     0         -1          0      )

 cart.    s(20) = (  0.0000000 -1.0000000  0.0000000 )
                  (  0.0000000  0.0000000 -1.0000000 )
                  (  1.0000000  0.0000000  0.0000000 )


      isym = 21     120 deg rotation - cart. axis [1,1,1]        

 cryst.   s(21) = (     0          1          0      )
                  (     0          0          1      )
                  (     1          0          0      )

 cart.    s(21) = (  0.0000000  0.0000000  1.0000000 )
                  (  1.0000000  0.0000000  0.0000000 )
                  (  0.0000000  1.0000000  0.0000000 )


      isym = 22     120 deg rotation - cart. axis [-1,1,-1]      

 cryst.   s(22) = (     0         -1          0      )
                  (     0          0         -1      )
                  (     1          0          0      )

 cart.    s(22) = (  0.0000000  0.0000000  1.0000000 )
                  ( -1.0000000  0.0000000  0.0000000 )
                  (  0.0000000 -1.0000000  0.0000000 )


      isym = 23     120 deg rotation - cart. axis [1,-1,-1]      

 cryst.   s(23) = (     0         -1          0      )
                  (     0          0          1      )
                  (    -1          0          0      )

 cart.    s(23) = (  0.0000000  0.0000000 -1.0000000 )
                  ( -1.0000000  0.0000000  0.0000000 )
                  (  0.0000000  1.0000000  0.0000000 )


      isym = 24     120 deg rotation - cart. axis [-1,-1,1]      

 cryst.   s(24) = (     0          1          0      )
                  (     0          0         -1      )
                  (    -1          0          0      )

 cart.    s(24) = (  0.0000000  0.0000000 -1.0000000 )
                  (  1.0000000  0.0000000  0.0000000 )
                  (  0.0000000 -1.0000000  0.0000000 )


      isym = 25     inversion                                    

 cryst.   s(25) = (    -1          0          0      )
                  (     0         -1          0      )
                  (     0          0         -1      )

 cart.    s(25) = ( -1.0000000  0.0000000  0.0000000 )
                  (  0.0000000 -1.0000000  0.0000000 )
                  (  0.0000000  0.0000000 -1.0000000 )


      isym = 26     inv. 180 deg rotation - cart. axis [0,0,1]   

 cryst.   s(26) = (     1          0          0      )
                  (     0          1          0      )
                  (     0          0         -1      )

 cart.    s(26) = (  1.0000000  0.0000000  0.0000000 )
                  (  0.0000000  1.0000000  0.0000000 )
                  (  0.0000000  0.0000000 -1.0000000 )


      isym = 27     inv. 180 deg rotation - cart. axis [0,1,0]   

 cryst.   s(27) = (     1          0          0      )
                  (     0         -1          0      )
                  (     0          0          1      )

 cart.    s(27) = (  1.0000000  0.0000000  0.0000000 )
                  (  0.0000000 -1.0000000  0.0000000 )
                  (  0.0000000  0.0000000  1.0000000 )


      isym = 28     inv. 180 deg rotation - cart. axis [1,0,0]   

 cryst.   s(28) = (    -1          0          0      )
                  (     0          1          0      )
                  (     0          0          1      )

 cart.    s(28) = ( -1.0000000  0.0000000  0.0000000 )
                  (  0.0000000  1.0000000  0.0000000 )
                  (  0.0000000  0.0000000  1.0000000 )


      isym = 29     inv. 180 deg rotation - cart. axis [1,1,0]   

 cryst.   s(29) = (     0         -1          0      )
                  (    -1          0          0      )
                  (     0          0          1      )

 cart.    s(29) = (  0.0000000 -1.0000000  0.0000000 )
                  ( -1.0000000  0.0000000  0.0000000 )
                  (  0.0000000  0.0000000  1.0000000 )


      isym = 30     inv. 180 deg rotation - cart. axis [1,-1,0]  

 cryst.   s(30) = (     0          1          0      )
                  (     1          0          0      )
                  (     0          0          1      )

 cart.    s(30) = (  0.0000000  1.0000000  0.0000000 )
                  (  1.0000000  0.0000000  0.0000000 )
                  (  0.0000000  0.0000000  1.0000000 )


      isym = 31     inv.  90 deg rotation - cart. axis [0,0,-1]  

 cryst.   s(31) = (     0          1          0      )
                  (    -1          0          0      )
                  (     0          0         -1      )

 cart.    s(31) = (  0.0000000 -1.0000000  0.0000000 )
                  (  1.0000000  0.0000000  0.0000000 )
                  (  0.0000000  0.0000000 -1.0000000 )


      isym = 32     inv.  90 deg rotation - cart. axis [0,0,1]   

 cryst.   s(32) = (     0         -1          0      )
                  (     1          0          0      )
                  (     0          0         -1      )

 cart.    s(32) = (  0.0000000  1.0000000  0.0000000 )
                  ( -1.0000000  0.0000000  0.0000000 )
                  (  0.0000000  0.0000000 -1.0000000 )


      isym = 33     inv. 180 deg rotation - cart. axis [1,0,1]   

 cryst.   s(33) = (     0          0         -1      )
                  (     0          1          0      )
                  (    -1          0          0      )

 cart.    s(33) = (  0.0000000  0.0000000 -1.0000000 )
                  (  0.0000000  1.0000000  0.0000000 )
                  ( -1.0000000  0.0000000  0.0000000 )


      isym = 34     inv. 180 deg rotation - cart. axis [-1,0,1]  

 cryst.   s(34) = (     0          0          1      )
                  (     0          1          0      )
                  (     1          0          0      )

 cart.    s(34) = (  0.0000000  0.0000000  1.0000000 )
                  (  0.0000000  1.0000000  0.0000000 )
                  (  1.0000000  0.0000000  0.0000000 )


      isym = 35     inv.  90 deg rotation - cart. axis [0,1,0]   

 cryst.   s(35) = (     0          0          1      )
                  (     0         -1          0      )
                  (    -1          0          0      )

 cart.    s(35) = (  0.0000000  0.0000000 -1.0000000 )
                  (  0.0000000 -1.0000000  0.0000000 )
                  (  1.0000000  0.0000000  0.0000000 )


      isym = 36     inv.  90 deg rotation - cart. axis [0,-1,0]  

 cryst.   s(36) = (     0          0         -1      )
                  (     0         -1          0      )
                  (     1          0          0      )

 cart.    s(36) = (  0.0000000  0.0000000  1.0000000 )
                  (  0.0000000 -1.0000000  0.0000000 )
                  ( -1.0000000  0.0000000  0.0000000 )


      isym = 37     inv. 180 deg rotation - cart. axis [0,1,1]   

 cryst.   s(37) = (     1          0          0      )
                  (     0          0         -1      )
                  (     0         -1          0      )

 cart.    s(37) = (  1.0000000  0.0000000  0.0000000 )
                  (  0.0000000  0.0000000 -1.0000000 )
                  (  0.0000000 -1.0000000  0.0000000 )


      isym = 38     inv. 180 deg rotation - cart. axis [0,1,-1]  

 cryst.   s(38) = (     1          0          0      )
                  (     0          0          1      )
                  (     0          1          0      )

 cart.    s(38) = (  1.0000000  0.0000000  0.0000000 )
                  (  0.0000000  0.0000000  1.0000000 )
                  (  0.0000000  1.0000000  0.0000000 )


      isym = 39     inv.  90 deg rotation - cart. axis [-1,0,0]  

 cryst.   s(39) = (    -1          0          0      )
                  (     0          0          1      )
                  (     0         -1          0      )

 cart.    s(39) = ( -1.0000000  0.0000000  0.0000000 )
                  (  0.0000000  0.0000000 -1.0000000 )
                  (  0.0000000  1.0000000  0.0000000 )


      isym = 40     inv.  90 deg rotation - cart. axis [1,0,0]   

 cryst.   s(40) = (    -1          0          0      )
                  (     0          0         -1      )
                  (     0          1          0      )

 cart.    s(40) = ( -1.0000000  0.0000000  0.0000000 )
                  (  0.0000000  0.0000000  1.0000000 )
                  (  0.0000000 -1.0000000  0.0000000 )


      isym = 41     inv. 120 deg rotation - cart. axis [-1,-1,-1]

 cryst.   s(41) = (     0          0         -1      )
                  (    -1          0          0      )
                  (     0         -1          0      )

 cart.    s(41) = (  0.0000000 -1.0000000  0.0000000 )
                  (  0.0000000  0.0000000 -1.0000000 )
                  ( -1.0000000  0.0000000  0.0000000 )


      isym = 42     inv. 120 deg rotation - cart. axis [-1,1,1]  

 cryst.   s(42) = (     0          0          1      )
                  (     1          0          0      )
                  (     0         -1          0      )

 cart.    s(42) = (  0.0000000  1.0000000  0.0000000 )
                  (  0.0000000  0.0000000 -1.0000000 )
                  (  1.0000000  0.0000000  0.0000000 )


      isym = 43     inv. 120 deg rotation - cart. axis [1,1,-1]  

 cryst.   s(43) = (     0          0          1      )
                  (    -1          0          0      )
                  (     0          1          0      )

 cart.    s(43) = (  0.0000000 -1.0000000  0.0000000 )
                  (  0.0000000  0.0000000  1.0000000 )
                  (  1.0000000  0.0000000  0.0000000 )


      isym = 44     inv. 120 deg rotation - cart. axis [1,-1,1]  

 cryst.   s(44) = (     0          0         -1      )
                  (     1          0          0      )
                  (     0          1          0      )

 cart.    s(44) = (  0.0000000  1.0000000  0.0000000 )
                  (  0.0000000  0.0000000  1.0000000 )
                  ( -1.0000000  0.0000000  0.0000000 )


      isym = 45     inv. 120 deg rotation - cart. axis [1,1,1]   

 cryst.   s(45) = (     0         -1          0      )
                  (     0          0         -1      )
                  (    -1          0          0      )

 cart.    s(45) = (  0.0000000  0.0000000 -1.0000000 )
                  ( -1.0000000  0.0000000  0.0000000 )
                  (  0.0000000 -1.0000000  0.0000000 )


      isym = 46     inv. 120 deg rotation - cart. axis [-1,1,-1] 

 cryst.   s(46) = (     0          1          0      )
                  (     0          0          1      )
                  (    -1          0          0      )

 cart.    s(46) = (  0.0000000  0.0000000 -1.0000000 )
                  (  1.0000000  0.0000000  0.0000000 )
                  (  0.0000000  1.0000000  0.0000000 )


      isym = 47     inv. 120 deg rotation - cart. axis [1,-1,-1] 

 cryst.   s(47) = (     0          1          0      )
                  (     0          0         -1      )
                  (     1          0          0      )

 cart.    s(47) = (  0.0000000  0.0000000  1.0000000 )
                  (  1.0000000  0.0000000  0.0000000 )
                  (  0.0000000 -1.0000000  0.0000000 )


      isym = 48     inv. 120 deg rotation - cart. axis [-1,-1,1] 

 cryst.   s(48) = (     0         -1          0      )
                  (     0          0          1      )
                  (     1          0          0      )

 cart.    s(48) = (  0.0000000  0.0000000  1.0000000 )
                  ( -1.0000000  0.0000000  0.0000000 )
                  (  0.0000000  1.0000000  0.0000000 )


     This transformation sends q -> -q+G

      isym = 49     identity                                     

 cryst.   s(49) = (     1          0          0      )
                  (     0          1          0      )
                  (     0          0          1      )

 cart.    s(49) = (  1.0000000  0.0000000  0.0000000 )
                  (  0.0000000  1.0000000  0.0000000 )
                  (  0.0000000  0.0000000  1.0000000 )


     G cutoff = 1372.9954  (  26615 G-vectors)     FFT grid: ( 75, 75, 75)
     G cutoff =  686.4977  (   9428 G-vectors)  smooth grid: ( 54, 54, 54)

     number of k points=    35  Gaussian smearing, width (Ry)=  0.0050
                       cart. coord. in units 2pi/alat
        k(    1) = (   0.0000000   0.0000000   0.0000000), wk =   0.0039062
        k(    2) = (   0.0000000   0.0000000   0.1250000), wk =   0.0234375
        k(    3) = (   0.0000000   0.0000000   0.2500000), wk =   0.0234375
        k(    4) = (   0.0000000   0.0000000   0.3750000), wk =   0.0234375
        k(    5) = (   0.0000000   0.0000000  -0.5000000), wk =   0.0117188
        k(    6) = (   0.0000000   0.1250000   0.1250000), wk =   0.0468750
        k(    7) = (   0.0000000   0.1250000   0.2500000), wk =   0.0937500
        k(    8) = (   0.0000000   0.1250000   0.3750000), wk =   0.0937500
        k(    9) = (   0.0000000   0.1250000  -0.5000000), wk =   0.0468750
        k(   10) = (   0.0000000   0.2500000   0.2500000), wk =   0.0468750
        k(   11) = (   0.0000000   0.2500000   0.3750000), wk =   0.0937500
        k(   12) = (   0.0000000   0.2500000  -0.5000000), wk =   0.0468750
        k(   13) = (   0.0000000   0.3750000   0.3750000), wk =   0.0468750
        k(   14) = (   0.0000000   0.3750000  -0.5000000), wk =   0.0468750
        k(   15) = (   0.0000000  -0.5000000  -0.5000000), wk =   0.0117188
        k(   16) = (   0.1250000   0.1250000   0.1250000), wk =   0.0312500
        k(   17) = (   0.1250000   0.1250000   0.2500000), wk =   0.0937500
        k(   18) = (   0.1250000   0.1250000   0.3750000), wk =   0.0937500
        k(   19) = (   0.1250000   0.1250000  -0.5000000), wk =   0.0468750
        k(   20) = (   0.1250000   0.2500000   0.2500000), wk =   0.0937500
        k(   21) = (   0.1250000   0.2500000   0.3750000), wk =   0.1875000
        k(   22) = (   0.1250000   0.2500000  -0.5000000), wk =   0.0937500
        k(   23) = (   0.1250000   0.3750000   0.3750000), wk =   0.0937500
        k(   24) = (   0.1250000   0.3750000  -0.5000000), wk =   0.0937500
        k(   25) = (   0.1250000  -0.5000000  -0.5000000), wk =   0.0234375
        k(   26) = (   0.2500000   0.2500000   0.2500000), wk =   0.0312500
        k(   27) = (   0.2500000   0.2500000   0.3750000), wk =   0.0937500
        k(   28) = (   0.2500000   0.2500000  -0.5000000), wk =   0.0468750
        k(   29) = (   0.2500000   0.3750000   0.3750000), wk =   0.0937500
        k(   30) = (   0.2500000   0.3750000  -0.5000000), wk =   0.0937500
        k(   31) = (   0.2500000  -0.5000000  -0.5000000), wk =   0.0234375
        k(   32) = (   0.3750000   0.3750000   0.3750000), wk =   0.0312500
        k(   33) = (   0.3750000   0.3750000  -0.5000000), wk =   0.0468750
        k(   34) = (   0.3750000  -0.5000000  -0.5000000), wk =   0.0234375
        k(   35) = (  -0.5000000  -0.5000000  -0.5000000), wk =   0.0039062

                       cryst. coord.
        k(    1) = (   0.0000000   0.0000000   0.0000000), wk =   0.0039062
        k(    2) = (   0.0000000   0.0000000   0.1250000), wk =   0.0234375
        k(    3) = (   0.0000000   0.0000000   0.2500000), wk =   0.0234375
        k(    4) = (   0.0000000   0.0000000   0.3750000), wk =   0.0234375
        k(    5) = (   0.0000000   0.0000000  -0.5000000), wk =   0.0117188
        k(    6) = (   0.0000000   0.1250000   0.1250000), wk =   0.0468750
        k(    7) = (   0.0000000   0.1250000   0.2500000), wk =   0.0937500
        k(    8) = (   0.0000000   0.1250000   0.3750000), wk =   0.0937500
        k(    9) = (   0.0000000   0.1250000  -0.5000000), wk =   0.0468750
        k(   10) = (   0.0000000   0.2500000   0.2500000), wk =   0.0468750
        k(   11) = (   0.0000000   0.2500000   0.3750000), wk =   0.0937500
        k(   12) = (   0.0000000   0.2500000  -0.5000000), wk =   0.0468750
        k(   13) = (   0.0000000   0.3750000   0.3750000), wk =   0.0468750
        k(   14) = (   0.0000000   0.3750000  -0.5000000), wk =   0.0468750
        k(   15) = (   0.0000000  -0.5000000  -0.5000000), wk =   0.0117188
        k(   16) = (   0.1250000   0.1250000   0.1250000), wk =   0.0312500
        k(   17) = (   0.1250000   0.1250000   0.2500000), wk =   0.0937500
        k(   18) = (   0.1250000   0.1250000   0.3750000), wk =   0.0937500
        k(   19) = (   0.1250000   0.1250000  -0.5000000), wk =   0.0468750
        k(   20) = (   0.1250000   0.2500000   0.2500000), wk =   0.0937500
        k(   21) = (   0.1250000   0.2500000   0.3750000), wk =   0.1875000
        k(   22) = (   0.1250000   0.2500000  -0.5000000), wk =   0.0937500
        k(   23) = (   0.1250000   0.3750000   0.3750000), wk =   0.0937500
        k(   24) = (   0.1250000   0.3750000  -0.5000000), wk =   0.0937500
        k(   25) = (   0.1250000  -0.5000000  -0.5000000), wk =   0.0234375
        k(   26) = (   0.2500000   0.2500000   0.2500000), wk =   0.0312500
        k(   27) = (   0.2500000   0.2500000   0.3750000), wk =   0.0937500
        k(   28) = (   0.2500000   0.2500000  -0.5000000), wk =   0.0468750
        k(   29) = (   0.2500000   0.3750000   0.3750000), wk =   0.0937500
        k(   30) = (   0.2500000   0.3750000  -0.5000000), wk =   0.0937500
        k(   31) = (   0.2500000  -0.5000000  -0.5000000), wk =   0.0234375
        k(   32) = (   0.3750000   0.3750000   0.3750000), wk =   0.0312500
        k(   33) = (   0.3750000   0.3750000  -0.5000000), wk =   0.0468750
        k(   34) = (   0.3750000  -0.5000000  -0.5000000), wk =   0.0234375
        k(   35) = (  -0.5000000  -0.5000000  -0.5000000), wk =   0.0039062

     PseudoPot. # 1 for Ag read from file:
     /home/administrator/Downloads/BURAI/BURAI1.3/pseudopot/Ag.pbe-spn-kjpaw_psl.1.0.0.UPF
     MD5 check sum: 4bb6ed288085a1d2cdc62c229711c47d
     Pseudo is Projector augmented-wave + core cor, Zval = 19.0
     Generated using "atomic" code by A. Dal Corso  v.5.1.2
     Shape of augmentation charge: PSQ
     Using radial grid of 1237 points,  6 beta functions with: 
                l(1) =   0
                l(2) =   0
                l(3) =   1
                l(4) =   1
                l(5) =   2
                l(6) =   2
     Q(r) pseudized with 0 coefficients 


     PseudoPot. # 2 for Ge read from file:
     /home/administrator/Downloads/BURAI/BURAI1.3/pseudopot/Ge.pbe-n-kjpaw_psl.1.0.0.UPF
     MD5 check sum: 4aa708d04ebeac8ef886ea6b7189f44d
     Pseudo is Projector augmented-wave + core cor, Zval =  4.0
     Generated using "atomic" code by A. Dal Corso  v.5.1.2
     Shape of augmentation charge: PSQ
     Using radial grid of 1207 points,  4 beta functions with: 
                l(1) =   0
                l(2) =   0
                l(3) =   1
                l(4) =   1
     Q(r) pseudized with 0 coefficients 


     PseudoPot. # 3 for F  read from file:
     /home/administrator/Downloads/BURAI/BURAI1.3/pseudopot/F.pbe-n-kjpaw_psl.1.0.0.UPF
     MD5 check sum: de2194216b7114fcf395f1df79715f8b
     Pseudo is Projector augmented-wave + core cor, Zval =  7.0
     Generated using "atomic" code by A. Dal Corso  v.5.1.2
     Shape of augmentation charge: PSQ
     Using radial grid of 1105 points,  4 beta functions with: 
                l(1) =   0
                l(2) =   0
                l(3) =   1
                l(4) =   1
     Q(r) pseudized with 0 coefficients 


     point group O_h (m-3m) 
     there are 10 classes
     the character table:

       E     8C3   3C2   6C4   6C2'  i     8S6   3s_h  6S4   6s_d 
A_1g   1.00  1.00  1.00  1.00  1.00  1.00  1.00  1.00  1.00  1.00
A_2g   1.00  1.00  1.00 -1.00 -1.00  1.00  1.00  1.00 -1.00 -1.00
E_g    2.00 -1.00  2.00  0.00  0.00  2.00 -1.00  2.00  0.00  0.00
T_1g   3.00  0.00 -1.00  1.00 -1.00  3.00  0.00 -1.00  1.00 -1.00
T_2g   3.00  0.00 -1.00 -1.00  1.00  3.00  0.00 -1.00 -1.00  1.00
A_1u   1.00  1.00  1.00  1.00  1.00 -1.00 -1.00 -1.00 -1.00 -1.00
A_2u   1.00  1.00  1.00 -1.00 -1.00 -1.00 -1.00 -1.00  1.00  1.00
E_u    2.00 -1.00  2.00  0.00  0.00 -2.00  1.00 -2.00  0.00  0.00
T_1u   3.00  0.00 -1.00  1.00 -1.00 -3.00  0.00  1.00 -1.00  1.00
T_2u   3.00  0.00 -1.00 -1.00  1.00 -3.00  0.00  1.00  1.00 -1.00

     the symmetry operations in each class and the name of the first element:

     E        1
                                                                 
     8C3     17   19   20   18   24   21   22   23
                                                                 
     3C2      2    4    3
                                                                 
     6C4      7    8   15   16   12   11
                                                                 
     6C2'     5    6   14   13   10    9
                                                                 
     i       25
                                                                 
     8S6     41   43   44   42   48   45   46   47
                                                                 
     3s_h    26   28   27
                                                                 
     6S4     31   32   39   40   36   35
                                                                 
     6s_d    29   30   38   37   34   33
                                                                 


     Atomic displacements:
     There are    5 irreducible representations

     Representation     1      3 modes -  To be done
     Irreps are as follows:

     mode #   1              mode #   2              mode #   3
     (  -0.00000  -0.00000 ) (  -0.00000   0.00000 ) (  -0.00000  -0.00000 ) 
     (  -0.00000  -0.00000 ) (  -0.00000   0.00000 ) (  -0.00000  -0.00000 ) 
     (  -0.00000  -0.00000 ) (  -0.00000   0.00000 ) (  -0.00000  -0.00000 ) 
     (  -0.00000  -0.00000 ) (  -0.00000   0.00000 ) (  -0.00000  -0.00000 ) 
     (  -0.00000  -0.00000 ) (  -0.00000   0.00000 ) (  -0.00000  -0.00000 ) 
     (  -0.00000  -0.00000 ) (  -0.00000   0.00000 ) (  -0.00000  -0.00000 ) 
     (  -0.00302  -0.00000 ) (  -0.09791  -0.00000 ) (  -0.00000  -0.00000 ) 
     (   0.09791  -0.00000 ) (  -0.00302  -0.00000 ) (  -0.00000  -0.00000 ) 
     (   0.00000   0.00000 ) (   0.00000  -0.00000 ) (  -0.99036  -0.00000 ) 
     (  -0.00302  -0.00000 ) (  -0.09791  -0.00000 ) (  -0.00000  -0.00000 ) 
     (   0.98989  -0.00000 ) (  -0.03052  -0.00000 ) (  -0.00000  -0.00000 ) 
     (  -0.00000  -0.00000 ) (  -0.00000  -0.00000 ) (  -0.09796  -0.00000 ) 
     (  -0.03052  -0.00000 ) (  -0.98989  -0.00000 ) (  -0.00000  -0.00000 ) 
     (   0.09791  -0.00000 ) (  -0.00302  -0.00000 ) (   0.00000  -0.00000 ) 
     (   0.00000   0.00000 ) (  -0.00000  -0.00000 ) (  -0.09796  -0.00000 ) 

     Representation     2      3 modes -  To be done
     Irreps are as follows:

     mode #   4              mode #   5              mode #   6
     (  -0.00000  -0.00000 ) (  -0.00000  -0.00000 ) (  -0.00000  -0.00000 ) 
     (  -0.00000  -0.00000 ) (  -0.00000  -0.00000 ) (  -0.00000  -0.00000 ) 
     (  -0.00000  -0.00000 ) (  -0.00000  -0.00000 ) (  -0.00000  -0.00000 ) 
     (  -1.00000  -0.00000 ) (  -0.00000  -0.00000 ) (  -0.00000  -0.00000 ) 
     (  -0.00000  -0.00000 ) (  -1.00000  -0.00000 ) (  -0.00000  -0.00000 ) 
     (  -0.00000  -0.00000 ) (  -0.00000  -0.00000 ) (  -1.00000  -0.00000 ) 
     (  -0.00000  -0.00000 ) (  -0.00000  -0.00000 ) (  -0.00000  -0.00000 ) 
     (  -0.00000  -0.00000 ) (  -0.00000  -0.00000 ) (  -0.00000  -0.00000 ) 
     (  -0.00000  -0.00000 ) (  -0.00000  -0.00000 ) (  -0.00000  -0.00000 ) 
     (  -0.00000  -0.00000 ) (  -0.00000  -0.00000 ) (  -0.00000  -0.00000 ) 
     (  -0.00000  -0.00000 ) (  -0.00000  -0.00000 ) (  -0.00000  -0.00000 ) 
     (  -0.00000  -0.00000 ) (  -0.00000  -0.00000 ) (  -0.00000  -0.00000 ) 
     (  -0.00000  -0.00000 ) (  -0.00000  -0.00000 ) (  -0.00000  -0.00000 ) 
     (  -0.00000  -0.00000 ) (  -0.00000  -0.00000 ) (  -0.00000  -0.00000 ) 
     (  -0.00000  -0.00000 ) (  -0.00000  -0.00000 ) (  -0.00000  -0.00000 ) 

     Representation     3      3 modes -  To be done
     Irreps are as follows:

     mode #   7              mode #   8              mode #   9
     (  -1.00000  -0.00000 ) (  -0.00000  -0.00000 ) (  -0.00000  -0.00000 ) 
     (  -0.00000  -0.00000 ) (  -1.00000  -0.00000 ) (  -0.00000  -0.00000 ) 
     (  -0.00000  -0.00000 ) (  -0.00000  -0.00000 ) (  -1.00000  -0.00000 ) 
     (  -0.00000  -0.00000 ) (  -0.00000  -0.00000 ) (  -0.00000  -0.00000 ) 
     (  -0.00000  -0.00000 ) (  -0.00000  -0.00000 ) (  -0.00000  -0.00000 ) 
     (  -0.00000  -0.00000 ) (  -0.00000  -0.00000 ) (  -0.00000  -0.00000 ) 
     (  -0.00000  -0.00000 ) (  -0.00000  -0.00000 ) (  -0.00000  -0.00000 ) 
     (  -0.00000  -0.00000 ) (  -0.00000  -0.00000 ) (  -0.00000  -0.00000 ) 
     (  -0.00000  -0.00000 ) (  -0.00000  -0.00000 ) (  -0.00000  -0.00000 ) 
     (  -0.00000  -0.00000 ) (  -0.00000  -0.00000 ) (  -0.00000  -0.00000 ) 
     (  -0.00000  -0.00000 ) (  -0.00000  -0.00000 ) (  -0.00000  -0.00000 ) 
     (  -0.00000  -0.00000 ) (  -0.00000  -0.00000 ) (  -0.00000  -0.00000 ) 
     (  -0.00000  -0.00000 ) (  -0.00000  -0.00000 ) (  -0.00000  -0.00000 ) 
     (  -0.00000  -0.00000 ) (  -0.00000  -0.00000 ) (  -0.00000  -0.00000 ) 
     (  -0.00000  -0.00000 ) (  -0.00000  -0.00000 ) (  -0.00000  -0.00000 ) 

     Representation     4      3 modes -  To be done
     Irreps are as follows:

     mode #  10              mode #  11              mode #  12
     (  -0.00000   0.00000 ) (  -0.00000  -0.00000 ) (  -0.00000  -0.00000 ) 
     (  -0.00000   0.00000 ) (  -0.00000  -0.00000 ) (  -0.00000  -0.00000 ) 
     (  -0.00000   0.00000 ) (  -0.00000  -0.00000 ) (  -0.00000  -0.00000 ) 
     (  -0.00000   0.00000 ) (  -0.00000  -0.00000 ) (  -0.00000  -0.00000 ) 
     (  -0.00000   0.00000 ) (  -0.00000  -0.00000 ) (  -0.00000  -0.00000 ) 
     (  -0.00000   0.00000 ) (  -0.00000  -0.00000 ) (  -0.00000  -0.00000 ) 
     (  -0.04083  -0.00000 ) (  -0.69910  -0.00000 ) (  -0.00116  -0.00000 ) 
     (  -0.69125  -0.00000 ) (   0.04055  -0.00000 ) (  -0.10458  -0.00000 ) 
     (   0.02067   0.00000 ) (  -0.00098  -0.00000 ) (  -0.13698  -0.00000 ) 
     (  -0.04083  -0.00000 ) (  -0.69910  -0.00000 ) (  -0.00116  -0.00000 ) 
     (   0.13674   0.00000 ) (  -0.00802  -0.00000 ) (   0.02069  -0.00000 ) 
     (  -0.10447  -0.00000 ) (   0.00495  -0.00000 ) (   0.69244  -0.00000 ) 
     (   0.00808   0.00000 ) (   0.13830  -0.00000 ) (   0.00023  -0.00000 ) 
     (  -0.69125  -0.00000 ) (   0.04055  -0.00000 ) (  -0.10458  -0.00000 ) 
     (  -0.10447  -0.00000 ) (   0.00495  -0.00000 ) (   0.69244  -0.00000 ) 

     Representation     5      3 modes -  To be done
     Irreps are as follows:

     mode #  13              mode #  14              mode #  15
     (  -0.00000   0.00000 ) (  -0.00000  -0.00000 ) (  -0.00000  -0.00000 ) 
     (  -0.00000   0.00000 ) (  -0.00000  -0.00000 ) (  -0.00000  -0.00000 ) 
     (  -0.00000   0.00000 ) (  -0.00000  -0.00000 ) (  -0.00000  -0.00000 ) 
     (  -0.00000   0.00000 ) (  -0.00000  -0.00000 ) (  -0.00000  -0.00000 ) 
     (  -0.00000   0.00000 ) (  -0.00000  -0.00000 ) (  -0.00000  -0.00000 ) 
     (  -0.00000   0.00000 ) (  -0.00000  -0.00000 ) (  -0.00000  -0.00000 ) 
     (  -0.00000  -0.00000 ) (  -0.70711  -0.00000 ) (  -0.00001  -0.00000 ) 
     (   0.14998   0.00000 ) (  -0.00001  -0.00000 ) (   0.69102  -0.00000 ) 
     (   0.00000   0.00000 ) (  -0.00000  -0.00000 ) (  -0.00000  -0.00000 ) 
     (   0.00000   0.00000 ) (   0.70711  -0.00000 ) (   0.00001  -0.00000 ) 
     (   0.00000   0.00000 ) (  -0.00000  -0.00000 ) (  -0.00000  -0.00000 ) 
     (  -0.69102  -0.00000 ) (   0.00000  -0.00000 ) (   0.14998  -0.00000 ) 
     (  -0.00000  -0.00000 ) (   0.00000  -0.00000 ) (   0.00000  -0.00000 ) 
     (  -0.14998  -0.00000 ) (   0.00001  -0.00000 ) (  -0.69102  -0.00000 ) 
     (   0.69102   0.00000 ) (  -0.00000  -0.00000 ) (  -0.14998  -0.00000 ) 



     Alpha used in Ewald sum =   2.8000
     PHONON       :     40.91s CPU     28.98s WALL



     Representation #   1 modes #   1   2   3

     Self-consistent Calculation

     Pert. #  1: Fermi energy shift (Ry) =     0.0000E+00    -2.5077E-37
     Pert. #  2: Fermi energy shift (Ry) =     1.2117E-27    -3.4481E-37
     Pert. #  3: Fermi energy shift (Ry) =     6.6522E-27    -4.8100E-37

      iter #   1 total cpu time :    80.6 secs   av.it.:   6.4
      thresh= 1.000E-02 alpha_mix =  0.500 |ddv_scf|^2 =  9.955E-08

     Pert. #  1: Fermi energy shift (Ry) =     0.0000E+00     9.7958E-40
     Pert. #  2: Fermi energy shift (Ry) =     0.0000E+00     1.7219E-40
     Pert. #  3: Fermi energy shift (Ry) =     8.5638E-26     1.9351E-39

      iter #   2 total cpu time :   176.9 secs   av.it.:  15.8
      thresh= 3.155E-05 alpha_mix =  0.500 |ddv_scf|^2 =  2.708E-09

     Pert. #  1: Fermi energy shift (Ry) =     8.6165E-27     0.0000E+00
     Pert. #  2: Fermi energy shift (Ry) =    -2.1541E-27     2.4872E-41
     Pert. #  3: Fermi energy shift (Ry) =     8.7986E-27     8.5296E-41

      iter #   3 total cpu time :   275.7 secs   av.it.:  16.6
      thresh= 5.204E-06 alpha_mix =  0.500 |ddv_scf|^2 =  2.013E-10

     Pert. #  1: Fermi energy shift (Ry) =     4.3082E-27     0.0000E+00
     Pert. #  2: Fermi energy shift (Ry) =     3.5004E-27     0.0000E+00
     Pert. #  3: Fermi energy shift (Ry) =     7.3539E-27    -1.0239E-40

      iter #   4 total cpu time :   379.2 secs   av.it.:  16.7
      thresh= 1.419E-06 alpha_mix =  0.500 |ddv_scf|^2 =  3.359E-12

     Pert. #  1: Fermi energy shift (Ry) =    -5.3853E-28    -7.6530E-42
     Pert. #  2: Fermi energy shift (Ry) =    -9.3401E-28    -5.5006E-42
     Pert. #  3: Fermi energy shift (Ry) =     4.4357E-27    -4.6439E-42

      iter #   5 total cpu time :   481.6 secs   av.it.:  16.9
      thresh= 1.833E-07 alpha_mix =  0.500 |ddv_scf|^2 =  2.323E-13

     Pert. #  1: Fermi energy shift (Ry) =     1.6156E-27     0.0000E+00
     Pert. #  2: Fermi energy shift (Ry) =     6.5633E-28    -3.3482E-42
     Pert. #  3: Fermi energy shift (Ry) =     4.5331E-27    -3.2956E-42

      iter #   6 total cpu time :   579.2 secs   av.it.:  16.2
      thresh= 4.819E-08 alpha_mix =  0.500 |ddv_scf|^2 =  4.267E-15

     End of self-consistent calculation

     Convergence has been achieved 


     Representation #   2 modes #   4   5   6

     Self-consistent Calculation

     Pert. #  1: Fermi energy shift (Ry) =     0.0000E+00     0.0000E+00
     Pert. #  2: Fermi energy shift (Ry) =     0.0000E+00     0.0000E+00
     Pert. #  3: Fermi energy shift (Ry) =     0.0000E+00     0.0000E+00

      iter #   1 total cpu time :   620.9 secs   av.it.:   4.2
      thresh= 1.000E-02 alpha_mix =  0.500 |ddv_scf|^2 =  1.646E-09

     Pert. #  1: Fermi energy shift (Ry) =     0.0000E+00     0.0000E+00
     Pert. #  2: Fermi energy shift (Ry) =     0.0000E+00     0.0000E+00
     Pert. #  3: Fermi energy shift (Ry) =     0.0000E+00     0.0000E+00

      iter #   2 total cpu time :   717.6 secs   av.it.:  15.7
      thresh= 4.057E-06 alpha_mix =  0.500 |ddv_scf|^2 =  1.283E-10

     Pert. #  1: Fermi energy shift (Ry) =     0.0000E+00     0.0000E+00
     Pert. #  2: Fermi energy shift (Ry) =     0.0000E+00     0.0000E+00
     Pert. #  3: Fermi energy shift (Ry) =     0.0000E+00     0.0000E+00

      iter #   3 total cpu time :   815.1 secs   av.it.:  15.8
      thresh= 1.133E-06 alpha_mix =  0.500 |ddv_scf|^2 =  1.500E-11

     Pert. #  1: Fermi energy shift (Ry) =     0.0000E+00     0.0000E+00
     Pert. #  2: Fermi energy shift (Ry) =     0.0000E+00     0.0000E+00
     Pert. #  3: Fermi energy shift (Ry) =     0.0000E+00     0.0000E+00

      iter #   4 total cpu time :   913.0 secs   av.it.:  16.1
      thresh= 3.873E-07 alpha_mix =  0.500 |ddv_scf|^2 =  4.415E-13

     Pert. #  1: Fermi energy shift (Ry) =     0.0000E+00     0.0000E+00
     Pert. #  2: Fermi energy shift (Ry) =     0.0000E+00     0.0000E+00
     Pert. #  3: Fermi energy shift (Ry) =     0.0000E+00     0.0000E+00

      iter #   5 total cpu time :  1014.9 secs   av.it.:  16.5
      thresh= 6.645E-08 alpha_mix =  0.500 |ddv_scf|^2 =  8.175E-15

     End of self-consistent calculation

     Convergence has been achieved 


     Representation #   3 modes #   7   8   9

     Self-consistent Calculation

     Pert. #  1: Fermi energy shift (Ry) =     0.0000E+00     0.0000E+00
     Pert. #  2: Fermi energy shift (Ry) =     0.0000E+00     0.0000E+00
     Pert. #  3: Fermi energy shift (Ry) =     0.0000E+00     0.0000E+00

      iter #   1 total cpu time :  1081.2 secs   av.it.:   8.7
      thresh= 1.000E-02 alpha_mix =  0.500 |ddv_scf|^2 =  7.215E-07

     Pert. #  1: Fermi energy shift (Ry) =     0.0000E+00     0.0000E+00
     Pert. #  2: Fermi energy shift (Ry) =     0.0000E+00     0.0000E+00
     Pert. #  3: Fermi energy shift (Ry) =     0.0000E+00     0.0000E+00

      iter #   2 total cpu time :  1181.2 secs   av.it.:  16.1
      thresh= 8.494E-05 alpha_mix =  0.500 |ddv_scf|^2 =  8.717E-09

     Pert. #  1: Fermi energy shift (Ry) =     0.0000E+00     0.0000E+00
     Pert. #  2: Fermi energy shift (Ry) =     0.0000E+00     0.0000E+00
     Pert. #  3: Fermi energy shift (Ry) =     0.0000E+00     0.0000E+00

      iter #   3 total cpu time :  1282.8 secs   av.it.:  16.3
      thresh= 9.336E-06 alpha_mix =  0.500 |ddv_scf|^2 =  4.812E-10

     Pert. #  1: Fermi energy shift (Ry) =     0.0000E+00     0.0000E+00
     Pert. #  2: Fermi energy shift (Ry) =     0.0000E+00     0.0000E+00
     Pert. #  3: Fermi energy shift (Ry) =     0.0000E+00     0.0000E+00

      iter #   4 total cpu time :  1381.6 secs   av.it.:  16.3
      thresh= 2.194E-06 alpha_mix =  0.500 |ddv_scf|^2 =  5.960E-11

     Pert. #  1: Fermi energy shift (Ry) =     0.0000E+00     0.0000E+00
     Pert. #  2: Fermi energy shift (Ry) =     0.0000E+00     0.0000E+00
     Pert. #  3: Fermi energy shift (Ry) =     0.0000E+00     0.0000E+00

      iter #   5 total cpu time :  1483.3 secs   av.it.:  16.6
      thresh= 7.720E-07 alpha_mix =  0.500 |ddv_scf|^2 =  6.075E-13

     Pert. #  1: Fermi energy shift (Ry) =     0.0000E+00     0.0000E+00
     Pert. #  2: Fermi energy shift (Ry) =     0.0000E+00     0.0000E+00
     Pert. #  3: Fermi energy shift (Ry) =     0.0000E+00     0.0000E+00

      iter #   6 total cpu time :  1581.4 secs   av.it.:  16.4
      thresh= 7.794E-08 alpha_mix =  0.500 |ddv_scf|^2 =  8.339E-15

     End of self-consistent calculation

     Convergence has been achieved 


     Representation #   4 modes #  10  11  12

     Self-consistent Calculation

     Pert. #  1: Fermi energy shift (Ry) =    -4.3082E-27     0.0000E+00
     Pert. #  2: Fermi energy shift (Ry) =    -8.0779E-27     0.0000E+00
     Pert. #  3: Fermi energy shift (Ry) =     4.3082E-27     7.8366E-39

      iter #   1 total cpu time :  1640.3 secs   av.it.:   7.6
      thresh= 1.000E-02 alpha_mix =  0.500 |ddv_scf|^2 =  1.469E-07

     Pert. #  1: Fermi energy shift (Ry) =    -2.1171E-26     2.4489E-40
     Pert. #  2: Fermi energy shift (Ry) =    -1.2643E-26     2.4489E-40
     Pert. #  3: Fermi energy shift (Ry) =     5.7135E-27     2.4489E-40

      iter #   2 total cpu time :  1744.1 secs   av.it.:  16.8
      thresh= 3.833E-05 alpha_mix =  0.500 |ddv_scf|^2 =  2.937E-09

     Pert. #  1: Fermi energy shift (Ry) =     3.2312E-27    -6.1224E-41
     Pert. #  2: Fermi energy shift (Ry) =     1.0905E-26     7.6530E-41
     Pert. #  3: Fermi energy shift (Ry) =    -1.8849E-27    -7.6530E-42

      iter #   3 total cpu time :  1854.3 secs   av.it.:  18.0
      thresh= 5.419E-06 alpha_mix =  0.500 |ddv_scf|^2 =  2.344E-10

     Pert. #  1: Fermi energy shift (Ry) =     0.0000E+00    -9.1835E-41
     Pert. #  2: Fermi energy shift (Ry) =    -1.3463E-28     7.2703E-41
     Pert. #  3: Fermi energy shift (Ry) =    -7.0682E-28     1.5306E-41

      iter #   4 total cpu time :  1965.3 secs   av.it.:  18.4
      thresh= 1.531E-06 alpha_mix =  0.500 |ddv_scf|^2 =  3.364E-12

     Pert. #  1: Fermi energy shift (Ry) =    -2.6926E-28    -2.3915E-42
     Pert. #  2: Fermi energy shift (Ry) =    -2.5244E-28    -3.1090E-42
     Pert. #  3: Fermi energy shift (Ry) =     2.6926E-28    -5.9789E-43

      iter #   5 total cpu time :  2068.8 secs   av.it.:  17.4
      thresh= 1.834E-07 alpha_mix =  0.500 |ddv_scf|^2 =  9.035E-14

     Pert. #  1: Fermi energy shift (Ry) =     0.0000E+00     0.0000E+00
     Pert. #  2: Fermi energy shift (Ry) =     4.2073E-28    -1.1958E-43
     Pert. #  3: Fermi energy shift (Ry) =     8.4145E-28    -5.9789E-43

      iter #   6 total cpu time :  2173.9 secs   av.it.:  17.3
      thresh= 3.006E-08 alpha_mix =  0.500 |ddv_scf|^2 =  3.469E-15

     End of self-consistent calculation

     Convergence has been achieved 


     Representation #   5 modes #  13  14  15

     Self-consistent Calculation

     Pert. #  1: Fermi energy shift (Ry) =    -7.9961E-23    -4.7020E-38
     Pert. #  2: Fermi energy shift (Ry) =    -8.8233E-24     0.0000E+00
     Pert. #  3: Fermi energy shift (Ry) =     2.2058E-24     1.6300E-36

      iter #   1 total cpu time :  2228.0 secs   av.it.:   6.5
      thresh= 1.000E-02 alpha_mix =  0.500 |ddv_scf|^2 =  5.398E-08

     Pert. #  1: Fermi energy shift (Ry) =    -8.1856E-26    -3.0612E-41
     Pert. #  2: Fermi energy shift (Ry) =     1.0340E-25     0.0000E+00
     Pert. #  3: Fermi energy shift (Ry) =    -6.0315E-26    -4.8979E-40

      iter #   2 total cpu time :  2323.6 secs   av.it.:  15.5
      thresh= 2.323E-05 alpha_mix =  0.500 |ddv_scf|^2 =  4.569E-09

     Pert. #  1: Fermi energy shift (Ry) =    -5.0487E-27     3.8265E-41
     Pert. #  2: Fermi energy shift (Ry) =     0.0000E+00     0.0000E+00
     Pert. #  3: Fermi energy shift (Ry) =    -6.7316E-27     1.0714E-40

      iter #   3 total cpu time :  2420.2 secs   av.it.:  16.2
      thresh= 6.759E-06 alpha_mix =  0.500 |ddv_scf|^2 =  6.597E-12

     Pert. #  1: Fermi energy shift (Ry) =     3.4668E-27     4.7831E-43
     Pert. #  2: Fermi energy shift (Ry) =     0.0000E+00     0.0000E+00
     Pert. #  3: Fermi energy shift (Ry) =    -6.7316E-28    -3.8265E-42

      iter #   4 total cpu time :  2514.6 secs   av.it.:  15.5
      thresh= 2.568E-07 alpha_mix =  0.500 |ddv_scf|^2 =  7.186E-14

     Pert. #  1: Fermi energy shift (Ry) =     0.0000E+00    -1.1584E-43
     Pert. #  2: Fermi energy shift (Ry) =     0.0000E+00    -2.9894E-44
     Pert. #  3: Fermi energy shift (Ry) =     6.7316E-28     1.4200E-43

      iter #   5 total cpu time :  2605.8 secs   av.it.:  14.4
      thresh= 2.681E-08 alpha_mix =  0.500 |ddv_scf|^2 =  6.133E-15

     End of self-consistent calculation

     Convergence has been achieved 

     Number of q in the star =    1
     List of q in the star:
          1   0.000000000   0.000000000   0.000000000

     Diagonalizing the dynamical matrix

     q = (    0.000000000   0.000000000   0.000000000 ) 

 **************************************************************************
     freq (    1) =      -4.103855 [THz] =    -136.889866 [cm-1]
     freq (    2) =      -4.103855 [THz] =    -136.889866 [cm-1]
     freq (    3) =      -4.103855 [THz] =    -136.889866 [cm-1]
     freq (    4) =      -2.150818 [THz] =     -71.743557 [cm-1]
     freq (    5) =      -2.150818 [THz] =     -71.743557 [cm-1]
     freq (    6) =      -2.150818 [THz] =     -71.743557 [cm-1]
     freq (    7) =      -1.607927 [THz] =     -53.634682 [cm-1]
     freq (    8) =      -1.607927 [THz] =     -53.634682 [cm-1]
     freq (    9) =      -1.607927 [THz] =     -53.634682 [cm-1]
     freq (   10) =      -0.936460 [THz] =     -31.236928 [cm-1]
     freq (   11) =      -0.936460 [THz] =     -31.236928 [cm-1]
     freq (   12) =      -0.936460 [THz] =     -31.236928 [cm-1]
     freq (   13) =       3.990802 [THz] =     133.118816 [cm-1]
     freq (   14) =       3.990802 [THz] =     133.118816 [cm-1]
     freq (   15) =       3.990802 [THz] =     133.118816 [cm-1]
 **************************************************************************

     Mode symmetry, O_h (m-3m)  point group:

     freq (   1-   3) =       -136.9  [cm-1]   --> T_1u G_15  G_4- I  
     freq (   4-   6) =        -71.7  [cm-1]   --> T_1u G_15  G_4- I  
     freq (   7-   9) =        -53.6  [cm-1]   --> T_2u G_25  G_5-    
     freq (  10-  12) =        -31.2  [cm-1]   --> T_1u G_15  G_4- I  
     freq (  13-  15) =        133.1  [cm-1]   --> T_1u G_15  G_4- I  

     PHONON       :  58m51.83s CPU  43m27.08s WALL

     INITIALIZATION: 
     phq_setup    :      0.23s CPU      0.25s WALL (       1 calls)
     phq_init     :     39.24s CPU     27.19s WALL (       1 calls)

     phq_init     :     39.24s CPU     27.19s WALL (       1 calls)
     set_drhoc    :      0.00s CPU      0.00s WALL (       3 calls)
     init_vloc    :      0.02s CPU      0.02s WALL (       1 calls)
     init_us_1    :      0.11s CPU      0.12s WALL (       1 calls)
     init_us_2    :      3.47s CPU      2.46s WALL (    1610 calls)
     newd         :      0.23s CPU      0.28s WALL (       1 calls)
     dvanqq       :     14.17s CPU      8.74s WALL (       1 calls)
     drho         :     23.27s CPU     17.25s WALL (       1 calls)
     drhous       :     19.22s CPU     14.17s WALL (       1 calls)
     nldyntot     :      0.19s CPU      0.17s WALL (       1 calls)

     DYNAMICAL MATRIX:
     dynmat0      :      1.30s CPU      0.88s WALL (       1 calls)
     dynmat_us    :      1.08s CPU      0.71s WALL (       1 calls)
     addusdynmat  :      0.00s CPU      0.00s WALL (       1 calls)
     d2ionq       :      0.15s CPU      0.11s WALL (       1 calls)
     dynmatcc     :      0.07s CPU      0.06s WALL (       1 calls)
     phqscf       :   3490.87s CPU   2578.03s WALL (       1 calls)
     dynmatrix    :      0.01s CPU      0.01s WALL (       1 calls)

     phqscf       :   3490.87s CPU   2578.03s WALL (       1 calls)
     solve_linter :   3484.67s CPU   2574.16s WALL (       5 calls)
     sth_kernel   :   3290.78s CPU   2398.66s WALL (      28 calls)
     h_prec       :      0.64s CPU      0.50s WALL (     980 calls)
     apply_dpot_b :    128.55s CPU     98.41s WALL (    2415 calls)
     ortho        :     19.85s CPU     11.72s WALL (    2940 calls)
     cgsolve      :   2978.98s CPU   2165.83s WALL (    2940 calls)
     incdrhoscf   :    146.81s CPU    110.79s WALL (    2940 calls)
                                        0.00s GPU  (    2940 calls)
     addusddens   :     20.73s CPU     14.52s WALL (      33 calls)
     dv_of_drho   :      2.95s CPU      3.30s WALL (      84 calls)
     mix_pot      :      0.82s CPU      0.66s WALL (      28 calls)
     ef_shift     :      0.92s CPU      0.73s WALL (      28 calls)
     ef_shift_wfc :      0.20s CPU      0.20s WALL (       5 calls)
     localdos     :      9.53s CPU      7.40s WALL (       5 calls)
     drhodv       :      6.18s CPU      3.85s WALL (       5 calls)
     psymdvscf    :     63.04s CPU     62.74s WALL (      28 calls)
     newdq        :     14.21s CPU     14.24s WALL (      28 calls)
     adddvscf     :      9.31s CPU      6.69s WALL (    2415 calls)
     drhodvus     :      0.15s CPU      0.10s WALL (       5 calls)

     dvqpsi_us    :     37.42s CPU     28.38s WALL (     525 calls)
                                        0.00s GPU  (     525 calls)
     dvqpsi_us_on :      7.15s CPU      4.99s WALL (     525 calls)

     add_vuspsi   :     90.42s CPU     50.30s WALL (   69449 calls)
     addusdbec    :      7.80s CPU      4.50s WALL (    3465 calls)

     drhodvus     :      0.15s CPU      0.10s WALL (       5 calls)

      General routines
     calbec       :    207.50s CPU    125.15s WALL (  147928 calls)
     fft          :      6.08s CPU      5.45s WALL (    1938 calls)
     ffts         :      7.98s CPU      6.31s WALL (    4669 calls)
     fftw         :   2238.38s CPU   1717.11s WALL ( 2245247 calls)
     write_rec    :      0.02s CPU      0.02s WALL (      33 calls)

      Additional routines
     ch_psi       :   2882.01s CPU   2098.40s WALL (   69449 calls)
     last         :    311.52s CPU    189.52s WALL (   69449 calls)
     Hesh         :     19.32s CPU     12.39s WALL (   69449 calls)
     ch_psi_all_k :    290.21s CPU    175.94s WALL (   69449 calls)
                                        0.00s GPU  (   69449 calls)
     ch_psi_calbe :     87.47s CPU     51.73s WALL (   69449 calls)
                                        0.00s GPU  (   69449 calls)
     h_psi_bgrp   :   2464.44s CPU   1843.51s WALL (   69449 calls)
     h_psi        :   2463.32s CPU   1842.85s WALL (   69449 calls)
     h_psi:pot    :   2448.90s CPU   1832.50s WALL (   69449 calls)
     h_psi:calbec :    103.30s CPU     63.93s WALL (   69449 calls)
     s_psi_bgrp   :    166.06s CPU     96.01s WALL (  141838 calls)
     s_psi        :    146.52s CPU     83.64s WALL (  141838 calls)


     PHONON       :  58m51.83s CPU  43m27.08s WALL


   This run was terminated on:  16:16:45  13May2025            

=------------------------------------------------------------------------------=
   JOB DONE.
=------------------------------------------------------------------------------=
