
     Program PHONON v.7.3.1 starts on  5May2025 at 21:10:37 

     This program is part of the open-source Quantum ESPRESSO suite
     for quantum simulation of materials; please cite
         "P. Giannozzi et al., J. Phys.:Condens. Matter 21 395502 (2009);
         "P. Giannozzi et al., J. Phys.:Condens. Matter 29 465901 (2017);
         "P. Giannozzi et al., J. Chem. Phys. 152 154105 (2020);
          URL http://www.quantum-espresso.org", 
     in publications or presentations arising from this work. More details at
     http://www.quantum-espresso.org/quote

     Parallel version (MPI), running on     8 processors

     MPI processes distributed on     1 nodes
     59435 MiB available memory on the printing compute node when the environment starts

     Waiting for input...
     Reading input from standard input
      Title line not specified: using 'default'.

     Reading xml data from directory:

     ./tmp/cscoi3.save/

     R & G space division:  proc/nbgrp/npool/nimage =       8
     Subspace diagonalization in iterative solution of the eigenvalue problem:
     one sub-group per band group will be used
     custom distributed-memory algorithm (size of sub-group:  2*  2 procs)

     file Co.pbe-spn-kjpaw_psl.1.0.0.UPF: wavefunction(s)  3P 3D renormalized
     file I.pbe-mt_bw.UPF: wavefunction(s)  5S 5P 5D renormalized

     IMPORTANT: XC functional enforced from input :
     Exchange-correlation= PBE
                           (   1   4   3   4   0   0   0)
     Any further DFT definition will be discarded
     Please, verify this is what you really want


     Parallelization info
     --------------------
     sticks:   dense  smooth     PW     G-vecs:    dense   smooth      PW
     Min        1064     531    147                73778    26067    3755
     Max        1065     532    148                73781    26068    3758
     Sum        8513    4249   1177               590233   208537   30047

     Using Slab Decomposition


     Check: negative core charge=   -0.000003
     Reading collected, re-writing distributed wavefunctions in ./tmp/

     Number and degeneracy of irreps per q-point
       N         xq(1)         xq(2)         xq(3)   N irreps
  autoval = -.7051E+00
     Irreps are as follows:

                     mode #   1
                     (  -0.00000   0.00000   ) 
                     (  -0.00000   0.00000   ) 
                     (  -0.00000   0.00000   ) 
                     (  -0.00000   0.00000   ) 
                     (  -0.00000   0.00000   ) 
                     (  -0.00000   0.00000   ) 
                     (  -0.00000  -0.00000   ) 
                     (  -0.04324  -0.00000   ) 
                     (   0.70198   0.00000   ) 
                     (  -0.00000  -0.00000   ) 
                     (  -0.00636  -0.00000   ) 
                     (   0.70198   0.00000   ) 
                     (  -0.00000  -0.00000   ) 
                     (  -0.04324  -0.00000   ) 
                     (   0.10333   0.00000   ) 
  autoval = -.7051E+00
     Irreps are as follows:

                     mode #   2
                     (  -0.00000  -0.00000   ) 
                     (  -0.00000  -0.00000   ) 
                     (  -0.00000  -0.00000   ) 
                     (  -0.00000  -0.00000   ) 
                     (  -0.00000  -0.00000   ) 
                     (  -0.00000  -0.00000   ) 
                     (  -0.00000  -0.00000   ) 
                     (  -0.70198  -0.00000   ) 
                     (  -0.04324  -0.00000   ) 
                     (  -0.00000  -0.00000   ) 
                     (  -0.10333  -0.00000   ) 
                     (  -0.04324  -0.00000   ) 
                     (  -0.00000  -0.00000   ) 
                     (  -0.70198  -0.00000   ) 
                     (  -0.00636  -0.00000   ) 
  autoval = -.7051E+00
     Irreps are as follows:

                     mode #   3
                     (   0.00000  -0.00000   ) 
                     (   0.00000  -0.00000   ) 
                     (   0.00000  -0.00000   ) 
                     (   0.00000  -0.00000   ) 
                     (   0.00000  -0.00000   ) 
                     (   0.00000  -0.00000   ) 
                     (  -0.10353  -0.00000   ) 
                     (   0.00000  -0.00000   ) 
                     (   0.00000   0.00000   ) 
                     (  -0.70331  -0.00000   ) 
                     (   0.00000  -0.00000   ) 
                     (  -0.00000  -0.00000   ) 
                     (  -0.70331  -0.00000   ) 
                     (   0.00000  -0.00000   ) 
                     (   0.00000  -0.00000   ) 
  autoval = 0.9508E-01
     Irreps are as follows:

                     mode #   4
                     (  -0.00000   0.00000   ) 
                     (  -0.00000   0.00000   ) 
                     (  -0.00000   0.00000   ) 
                     (  -0.00000   0.00000   ) 
                     (  -0.00000   0.00000   ) 
                     (  -0.00000   0.00000   ) 
                     (   0.00000   0.00000   ) 
                     (  -0.02785  -0.00000   ) 
                     (  -0.30020  -0.00000   ) 
                     (   0.63961   0.00000   ) 
                     (  -0.00000  -0.00000   ) 
                     (   0.30020   0.00000   ) 
                     (  -0.63961  -0.00000   ) 
                     (   0.02785   0.00000   ) 
                     (   0.00000   0.00000   ) 
  autoval = 0.9508E-01
     Irreps are as follows:

                     mode #   5
                     (  -0.00000   0.00000   ) 
                     (  -0.00000   0.00000   ) 
                     (  -0.00000   0.00000   ) 
                     (  -0.00000   0.00000   ) 
                     (  -0.00000   0.00000   ) 
                     (  -0.00000   0.00000   ) 
                     (   0.00000   0.00000   ) 
                     (  -0.08258  -0.00000   ) 
                     (   0.63710   0.00000   ) 
                     (   0.29543   0.00000   ) 
                     (  -0.00000  -0.00000   ) 
                     (  -0.63710  -0.00000   ) 
                     (  -0.29543  -0.00000   ) 
                     (   0.08258   0.00000   ) 
                     (   0.00000   0.00000   ) 
  autoval = 0.9508E-01
     Irreps are as follows:

                     mode #   6
                     (  -0.00000  -0.00000   ) 
                     (  -0.00000  -0.00000   ) 
                     (  -0.00000  -0.00000   ) 
                     (  -0.00000  -0.00000   ) 
                     (  -0.00000  -0.00000   ) 
                     (  -0.00000  -0.00000   ) 
                     (   0.00000  -0.00000   ) 
                     (  -0.70172  -0.00000   ) 
                     (  -0.06306  -0.00000   ) 
                     (  -0.06015  -0.00000   ) 
                     (   0.00000  -0.00000   ) 
                     (   0.06306  -0.00000   ) 
                     (   0.06015  -0.00000   ) 
                     (   0.70172  -0.00000   ) 
                     (   0.00000  -0.00000   ) 
  autoval = 0.3752E+00
     Irreps are as follows:

                     mode #   7
                     (  -0.00000  -0.00000   ) 
                     (  -0.00000  -0.00000   ) 
                     (  -0.00000  -0.00000   ) 
                     (  -1.00000  -0.00000   ) 
                     (  -0.00000  -0.00000   ) 
                     (  -0.00000  -0.00000   ) 
                     (  -0.00000  -0.00000   ) 
                     (  -0.00000  -0.00000   ) 
                     (  -0.00000  -0.00000   ) 
                     (  -0.00000  -0.00000   ) 
                     (  -0.00000  -0.00000   ) 
                     (  -0.00000  -0.00000   ) 
                     (  -0.00000  -0.00000   ) 
                     (  -0.00000  -0.00000   ) 
                     (  -0.00000  -0.00000   ) 
  autoval = 0.3752E+00
     Irreps are as follows:

                     mode #   8
                     (  -0.00000  -0.00000   ) 
                     (  -0.00000  -0.00000   ) 
                     (  -0.00000  -0.00000   ) 
                     (  -0.00000  -0.00000   ) 
                     (  -1.00000  -0.00000   ) 
                     (  -0.00000  -0.00000   ) 
                     (  -0.00000  -0.00000   ) 
                     (  -0.00000  -0.00000   ) 
                     (  -0.00000  -0.00000   ) 
                     (  -0.00000  -0.00000   ) 
                     (  -0.00000  -0.00000   ) 
                     (  -0.00000  -0.00000   ) 
                     (  -0.00000  -0.00000   ) 
                     (  -0.00000  -0.00000   ) 
                     (  -0.00000  -0.00000   ) 
  autoval = 0.3752E+00
     Irreps are as follows:

                     mode #   9
                     (  -0.00000  -0.00000   ) 
                     (  -0.00000  -0.00000   ) 
                     (  -0.00000  -0.00000   ) 
                     (  -0.00000  -0.00000   ) 
                     (  -0.00000  -0.00000   ) 
                     (  -1.00000  -0.00000   ) 
                     (  -0.00000  -0.00000   ) 
                     (  -0.00000  -0.00000   ) 
                     (  -0.00000  -0.00000   ) 
                     (  -0.00000  -0.00000   ) 
                     (  -0.00000  -0.00000   ) 
                     (  -0.00000  -0.00000   ) 
                     (  -0.00000  -0.00000   ) 
                     (  -0.00000  -0.00000   ) 
                     (  -0.00000  -0.00000   ) 
  autoval = 0.6682E+00
     Irreps are as follows:

                     mode #  10
                     (  -1.00000  -0.00000   ) 
                     (  -0.00000  -0.00000   ) 
                     (  -0.00000  -0.00000   ) 
                     (  -0.00000  -0.00000   ) 
                     (  -0.00000  -0.00000   ) 
                     (  -0.00000  -0.00000   ) 
                     (  -0.00000  -0.00000   ) 
                     (  -0.00000  -0.00000   ) 
                     (  -0.00000  -0.00000   ) 
                     (  -0.00000  -0.00000   ) 
                     (  -0.00000  -0.00000   ) 
                     (  -0.00000  -0.00000   ) 
                     (  -0.00000  -0.00000   ) 
                     (  -0.00000  -0.00000   ) 
                     (  -0.00000  -0.00000   ) 
  autoval = 0.6682E+00
     Irreps are as follows:

                     mode #  11
                     (  -0.00000  -0.00000   ) 
                     (  -0.00000  -0.00000   ) 
                     (  -1.00000  -0.00000   ) 
                     (  -0.00000  -0.00000   ) 
                     (  -0.00000  -0.00000   ) 
                     (  -0.00000  -0.00000   ) 
                     (  -0.00000  -0.00000   ) 
                     (  -0.00000  -0.00000   ) 
                     (  -0.00000  -0.00000   ) 
                     (  -0.00000  -0.00000   ) 
                     (  -0.00000  -0.00000   ) 
                     (  -0.00000  -0.00000   ) 
                     (  -0.00000  -0.00000   ) 
                     (  -0.00000  -0.00000   ) 
                     (  -0.00000  -0.00000   ) 
  autoval = 0.6682E+00
     Irreps are as follows:

                     mode #  12
                     (  -0.00000  -0.00000   ) 
                     (  -1.00000  -0.00000   ) 
                     (  -0.00000  -0.00000   ) 
                     (  -0.00000  -0.00000   ) 
                     (  -0.00000  -0.00000   ) 
                     (  -0.00000  -0.00000   ) 
                     (  -0.00000  -0.00000   ) 
                     (  -0.00000  -0.00000   ) 
                     (  -0.00000  -0.00000   ) 
                     (  -0.00000  -0.00000   ) 
                     (  -0.00000  -0.00000   ) 
                     (  -0.00000  -0.00000   ) 
                     (  -0.00000  -0.00000   ) 
                     (  -0.00000  -0.00000   ) 
                     (  -0.00000  -0.00000   ) 
  autoval = 0.2326E+01
     Irreps are as follows:

                     mode #  13
                     (  -0.00000   0.00000   ) 
                     (  -0.00000   0.00000   ) 
                     (  -0.00000   0.00000   ) 
                     (  -0.00000   0.00000   ) 
                     (  -0.00000   0.00000   ) 
                     (  -0.00000   0.00000   ) 
                     (  -0.99463  -0.00000   ) 
                     (   0.00000   0.00000   ) 
                     (  -0.00000  -0.00000   ) 
                     (   0.07320   0.00000   ) 
                     (  -0.00000  -0.00000   ) 
                     (   0.00000   0.00000   ) 
                     (   0.07320   0.00000   ) 
                     (   0.00000   0.00000   ) 
                     (   0.00000   0.00000   ) 
  autoval = 0.2326E+01
     Irreps are as follows:

                     mode #  14
                     (  -0.00000   0.00000   ) 
                     (  -0.00000   0.00000   ) 
                     (  -0.00000   0.00000   ) 
                     (  -0.00000   0.00000   ) 
                     (  -0.00000   0.00000   ) 
                     (  -0.00000   0.00000   ) 
                     (   0.00000   0.00000   ) 
                     (  -0.07320  -0.00000   ) 
                     (   0.00004   0.00000   ) 
                     (   0.00000   0.00000   ) 
                     (   0.99463   0.00000   ) 
                     (   0.00004   0.00000   ) 
                     (  -0.00000  -0.00000   ) 
                     (  -0.07320  -0.00000   ) 
                     (  -0.00057  -0.00000   ) 
  autoval = 0.2326E+01
     Irreps are as follows:

                     mode #  15
                     (  -0.00000  -0.00000   ) 
                     (  -0.00000  -0.00000   ) 
                     (  -0.00000  -0.00000   ) 
                     (  -0.00000  -0.00000   ) 
                     (  -0.00000  -0.00000   ) 
                     (  -0.00000  -0.00000   ) 
                     (   0.00000  -0.00000   ) 
                     (  -0.00004  -0.00000   ) 
                     (  -0.07320  -0.00000   ) 
                     (   0.00000  -0.00000   ) 
                     (   0.00057  -0.00000   ) 
                     (  -0.07320  -0.00000   ) 
                     (  -0.00000  -0.00000   ) 
                     (  -0.00004  -0.00000   ) 
                     (   0.99463  -0.00000   ) 
       1   0.000000000   0.000000000   0.000000000       5
        3   3   3   3   3

     Calculation of q =    0.0000000   0.0000000   0.0000000

     default                                                                    

     bravais-lattice index     =            0
     lattice parameter (alat)  =      12.9245  a.u.
     unit-cell volume          =    2158.9243 (a.u.)^3
     number of atoms/cell      =            5
     number of atomic types    =            3
     kinetic-energy cut-off    =      80.0000  Ry
     charge density cut-off    =     640.0000  Ry
     convergence threshold     =      1.0E-14
     beta                      =       0.7000
     number of iterations used =            4
     Exchange-correlation= PBE
                           (   1   4   3   4   0   0   0)


     celldm(1)=   12.92446  celldm(2)=    0.00000  celldm(3)=    0.00000
     celldm(4)=    0.00000  celldm(5)=    0.00000  celldm(6)=    0.00000

     crystal axes: (cart. coord. in units of alat)
               a(1) = (  1.0000  0.0000  0.0000 )  
               a(2) = (  0.0000  1.0000  0.0000 )  
               a(3) = (  0.0000  0.0000  1.0000 )  

     reciprocal axes: (cart. coord. in units 2 pi/alat)
               b(1) = (  1.0000  0.0000  0.0000 )  
               b(2) = (  0.0000  1.0000  0.0000 )  
               b(3) = (  0.0000  0.0000  1.0000 )  


     Atoms inside the unit cell: 

     Cartesian axes

     site n.  atom      mass           positions (alat units)
        1  Cs    132.9055   tau(    1) = (    0.00000    0.00000    0.00000  )
        2  Co     58.9332   tau(    2) = (    0.50000    0.50000    0.50000  )
        3  I     126.9045   tau(    3) = (    0.50000    0.00000    0.00000  )
        4  I     126.9045   tau(    4) = (    0.00000    0.50000    0.00000  )
        5  I     126.9045   tau(    5) = (    0.00000    0.00000    0.50000  )

     Computing dynamical matrix for 
                    q = (   0.0000000   0.0000000   0.0000000 )

     49 Sym.Ops. (with q -> -q+G )

                                    s                        frac. trans.

      isym =  1     identity                                     

 cryst.   s( 1) = (     1          0          0      )
                  (     0          1          0      )
                  (     0          0          1      )

 cart.    s( 1) = (  1.0000000  0.0000000  0.0000000 )
                  (  0.0000000  1.0000000  0.0000000 )
                  (  0.0000000  0.0000000  1.0000000 )


      isym =  2     180 deg rotation - cart. axis [0,0,1]        

 cryst.   s( 2) = (    -1          0          0      )
                  (     0         -1          0      )
                  (     0          0          1      )

 cart.    s( 2) = ( -1.0000000  0.0000000  0.0000000 )
                  (  0.0000000 -1.0000000  0.0000000 )
                  (  0.0000000  0.0000000  1.0000000 )


      isym =  3     180 deg rotation - cart. axis [0,1,0]        

 cryst.   s( 3) = (    -1          0          0      )
                  (     0          1          0      )
                  (     0          0         -1      )

 cart.    s( 3) = ( -1.0000000  0.0000000  0.0000000 )
                  (  0.0000000  1.0000000  0.0000000 )
                  (  0.0000000  0.0000000 -1.0000000 )


      isym =  4     180 deg rotation - cart. axis [1,0,0]        

 cryst.   s( 4) = (     1          0          0      )
                  (     0         -1          0      )
                  (     0          0         -1      )

 cart.    s( 4) = (  1.0000000  0.0000000  0.0000000 )
                  (  0.0000000 -1.0000000  0.0000000 )
                  (  0.0000000  0.0000000 -1.0000000 )


      isym =  5     180 deg rotation - cart. axis [1,1,0]        

 cryst.   s( 5) = (     0          1          0      )
                  (     1          0          0      )
                  (     0          0         -1      )

 cart.    s( 5) = (  0.0000000  1.0000000  0.0000000 )
                  (  1.0000000  0.0000000  0.0000000 )
                  (  0.0000000  0.0000000 -1.0000000 )


      isym =  6     180 deg rotation - cart. axis [1,-1,0]       

 cryst.   s( 6) = (     0         -1          0      )
                  (    -1          0          0      )
                  (     0          0         -1      )

 cart.    s( 6) = (  0.0000000 -1.0000000  0.0000000 )
                  ( -1.0000000  0.0000000  0.0000000 )
                  (  0.0000000  0.0000000 -1.0000000 )


      isym =  7      90 deg rotation - cart. axis [0,0,-1]       

 cryst.   s( 7) = (     0         -1          0      )
                  (     1          0          0      )
                  (     0          0          1      )

 cart.    s( 7) = (  0.0000000  1.0000000  0.0000000 )
                  ( -1.0000000  0.0000000  0.0000000 )
                  (  0.0000000  0.0000000  1.0000000 )


      isym =  8      90 deg rotation - cart. axis [0,0,1]        

 cryst.   s( 8) = (     0          1          0      )
                  (    -1          0          0      )
                  (     0          0          1      )

 cart.    s( 8) = (  0.0000000 -1.0000000  0.0000000 )
                  (  1.0000000  0.0000000  0.0000000 )
                  (  0.0000000  0.0000000  1.0000000 )


      isym =  9     180 deg rotation - cart. axis [1,0,1]        

 cryst.   s( 9) = (     0          0          1      )
                  (     0         -1          0      )
                  (     1          0          0      )

 cart.    s( 9) = (  0.0000000  0.0000000  1.0000000 )
                  (  0.0000000 -1.0000000  0.0000000 )
                  (  1.0000000  0.0000000  0.0000000 )


      isym = 10     180 deg rotation - cart. axis [-1,0,1]       

 cryst.   s(10) = (     0          0         -1      )
                  (     0         -1          0      )
                  (    -1          0          0      )

 cart.    s(10) = (  0.0000000  0.0000000 -1.0000000 )
                  (  0.0000000 -1.0000000  0.0000000 )
                  ( -1.0000000  0.0000000  0.0000000 )


      isym = 11      90 deg rotation - cart. axis [0,1,0]        

 cryst.   s(11) = (     0          0         -1      )
                  (     0          1          0      )
                  (     1          0          0      )

 cart.    s(11) = (  0.0000000  0.0000000  1.0000000 )
                  (  0.0000000  1.0000000  0.0000000 )
                  ( -1.0000000  0.0000000  0.0000000 )


      isym = 12      90 deg rotation - cart. axis [0,-1,0]       

 cryst.   s(12) = (     0          0          1      )
                  (     0          1          0      )
                  (    -1          0          0      )

 cart.    s(12) = (  0.0000000  0.0000000 -1.0000000 )
                  (  0.0000000  1.0000000  0.0000000 )
                  (  1.0000000  0.0000000  0.0000000 )


      isym = 13     180 deg rotation - cart. axis [0,1,1]        

 cryst.   s(13) = (    -1          0          0      )
                  (     0          0          1      )
                  (     0          1          0      )

 cart.    s(13) = ( -1.0000000  0.0000000  0.0000000 )
                  (  0.0000000  0.0000000  1.0000000 )
                  (  0.0000000  1.0000000  0.0000000 )


      isym = 14     180 deg rotation - cart. axis [0,1,-1]       

 cryst.   s(14) = (    -1          0          0      )
                  (     0          0         -1      )
                  (     0         -1          0      )

 cart.    s(14) = ( -1.0000000  0.0000000  0.0000000 )
                  (  0.0000000  0.0000000 -1.0000000 )
                  (  0.0000000 -1.0000000  0.0000000 )


      isym = 15      90 deg rotation - cart. axis [-1,0,0]       

 cryst.   s(15) = (     1          0          0      )
                  (     0          0         -1      )
                  (     0          1          0      )

 cart.    s(15) = (  1.0000000  0.0000000  0.0000000 )
                  (  0.0000000  0.0000000  1.0000000 )
                  (  0.0000000 -1.0000000  0.0000000 )


      isym = 16      90 deg rotation - cart. axis [1,0,0]        

 cryst.   s(16) = (     1          0          0      )
                  (     0          0          1      )
                  (     0         -1          0      )

 cart.    s(16) = (  1.0000000  0.0000000  0.0000000 )
                  (  0.0000000  0.0000000 -1.0000000 )
                  (  0.0000000  1.0000000  0.0000000 )


      isym = 17     120 deg rotation - cart. axis [-1,-1,-1]     

 cryst.   s(17) = (     0          0          1      )
                  (     1          0          0      )
                  (     0          1          0      )

 cart.    s(17) = (  0.0000000  1.0000000  0.0000000 )
                  (  0.0000000  0.0000000  1.0000000 )
                  (  1.0000000  0.0000000  0.0000000 )


      isym = 18     120 deg rotation - cart. axis [-1,1,1]       

 cryst.   s(18) = (     0          0         -1      )
                  (    -1          0          0      )
                  (     0          1          0      )

 cart.    s(18) = (  0.0000000 -1.0000000  0.0000000 )
                  (  0.0000000  0.0000000  1.0000000 )
                  ( -1.0000000  0.0000000  0.0000000 )


      isym = 19     120 deg rotation - cart. axis [1,1,-1]       

 cryst.   s(19) = (     0          0         -1      )
                  (     1          0          0      )
                  (     0         -1          0      )

 cart.    s(19) = (  0.0000000  1.0000000  0.0000000 )
                  (  0.0000000  0.0000000 -1.0000000 )
                  ( -1.0000000  0.0000000  0.0000000 )


      isym = 20     120 deg rotation - cart. axis [1,-1,1]       

 cryst.   s(20) = (     0          0          1      )
                  (    -1          0          0      )
                  (     0         -1          0      )

 cart.    s(20) = (  0.0000000 -1.0000000  0.0000000 )
                  (  0.0000000  0.0000000 -1.0000000 )
                  (  1.0000000  0.0000000  0.0000000 )


      isym = 21     120 deg rotation - cart. axis [1,1,1]        

 cryst.   s(21) = (     0          1          0      )
                  (     0          0          1      )
                  (     1          0          0      )

 cart.    s(21) = (  0.0000000  0.0000000  1.0000000 )
                  (  1.0000000  0.0000000  0.0000000 )
                  (  0.0000000  1.0000000  0.0000000 )


      isym = 22     120 deg rotation - cart. axis [-1,1,-1]      

 cryst.   s(22) = (     0         -1          0      )
                  (     0          0         -1      )
                  (     1          0          0      )

 cart.    s(22) = (  0.0000000  0.0000000  1.0000000 )
                  ( -1.0000000  0.0000000  0.0000000 )
                  (  0.0000000 -1.0000000  0.0000000 )


      isym = 23     120 deg rotation - cart. axis [1,-1,-1]      

 cryst.   s(23) = (     0         -1          0      )
                  (     0          0          1      )
                  (    -1          0          0      )

 cart.    s(23) = (  0.0000000  0.0000000 -1.0000000 )
                  ( -1.0000000  0.0000000  0.0000000 )
                  (  0.0000000  1.0000000  0.0000000 )


      isym = 24     120 deg rotation - cart. axis [-1,-1,1]      

 cryst.   s(24) = (     0          1          0      )
                  (     0          0         -1      )
                  (    -1          0          0      )

 cart.    s(24) = (  0.0000000  0.0000000 -1.0000000 )
                  (  1.0000000  0.0000000  0.0000000 )
                  (  0.0000000 -1.0000000  0.0000000 )


      isym = 25     inversion                                    

 cryst.   s(25) = (    -1          0          0      )
                  (     0         -1          0      )
                  (     0          0         -1      )

 cart.    s(25) = ( -1.0000000  0.0000000  0.0000000 )
                  (  0.0000000 -1.0000000  0.0000000 )
                  (  0.0000000  0.0000000 -1.0000000 )


      isym = 26     inv. 180 deg rotation - cart. axis [0,0,1]   

 cryst.   s(26) = (     1          0          0      )
                  (     0          1          0      )
                  (     0          0         -1      )

 cart.    s(26) = (  1.0000000  0.0000000  0.0000000 )
                  (  0.0000000  1.0000000  0.0000000 )
                  (  0.0000000  0.0000000 -1.0000000 )


      isym = 27     inv. 180 deg rotation - cart. axis [0,1,0]   

 cryst.   s(27) = (     1          0          0      )
                  (     0         -1          0      )
                  (     0          0          1      )

 cart.    s(27) = (  1.0000000  0.0000000  0.0000000 )
                  (  0.0000000 -1.0000000  0.0000000 )
                  (  0.0000000  0.0000000  1.0000000 )


      isym = 28     inv. 180 deg rotation - cart. axis [1,0,0]   

 cryst.   s(28) = (    -1          0          0      )
                  (     0          1          0      )
                  (     0          0          1      )

 cart.    s(28) = ( -1.0000000  0.0000000  0.0000000 )
                  (  0.0000000  1.0000000  0.0000000 )
                  (  0.0000000  0.0000000  1.0000000 )


      isym = 29     inv. 180 deg rotation - cart. axis [1,1,0]   

 cryst.   s(29) = (     0         -1          0      )
                  (    -1          0          0      )
                  (     0          0          1      )

 cart.    s(29) = (  0.0000000 -1.0000000  0.0000000 )
                  ( -1.0000000  0.0000000  0.0000000 )
                  (  0.0000000  0.0000000  1.0000000 )


      isym = 30     inv. 180 deg rotation - cart. axis [1,-1,0]  

 cryst.   s(30) = (     0          1          0      )
                  (     1          0          0      )
                  (     0          0          1      )

 cart.    s(30) = (  0.0000000  1.0000000  0.0000000 )
                  (  1.0000000  0.0000000  0.0000000 )
                  (  0.0000000  0.0000000  1.0000000 )


      isym = 31     inv.  90 deg rotation - cart. axis [0,0,-1]  

 cryst.   s(31) = (     0          1          0      )
                  (    -1          0          0      )
                  (     0          0         -1      )

 cart.    s(31) = (  0.0000000 -1.0000000  0.0000000 )
                  (  1.0000000  0.0000000  0.0000000 )
                  (  0.0000000  0.0000000 -1.0000000 )


      isym = 32     inv.  90 deg rotation - cart. axis [0,0,1]   

 cryst.   s(32) = (     0         -1          0      )
                  (     1          0          0      )
                  (     0          0         -1      )

 cart.    s(32) = (  0.0000000  1.0000000  0.0000000 )
                  ( -1.0000000  0.0000000  0.0000000 )
                  (  0.0000000  0.0000000 -1.0000000 )


      isym = 33     inv. 180 deg rotation - cart. axis [1,0,1]   

 cryst.   s(33) = (     0          0         -1      )
                  (     0          1          0      )
                  (    -1          0          0      )

 cart.    s(33) = (  0.0000000  0.0000000 -1.0000000 )
                  (  0.0000000  1.0000000  0.0000000 )
                  ( -1.0000000  0.0000000  0.0000000 )


      isym = 34     inv. 180 deg rotation - cart. axis [-1,0,1]  

 cryst.   s(34) = (     0          0          1      )
                  (     0          1          0      )
                  (     1          0          0      )

 cart.    s(34) = (  0.0000000  0.0000000  1.0000000 )
                  (  0.0000000  1.0000000  0.0000000 )
                  (  1.0000000  0.0000000  0.0000000 )


      isym = 35     inv.  90 deg rotation - cart. axis [0,1,0]   

 cryst.   s(35) = (     0          0          1      )
                  (     0         -1          0      )
                  (    -1          0          0      )

 cart.    s(35) = (  0.0000000  0.0000000 -1.0000000 )
                  (  0.0000000 -1.0000000  0.0000000 )
                  (  1.0000000  0.0000000  0.0000000 )


      isym = 36     inv.  90 deg rotation - cart. axis [0,-1,0]  

 cryst.   s(36) = (     0          0         -1      )
                  (     0         -1          0      )
                  (     1          0          0      )

 cart.    s(36) = (  0.0000000  0.0000000  1.0000000 )
                  (  0.0000000 -1.0000000  0.0000000 )
                  ( -1.0000000  0.0000000  0.0000000 )


      isym = 37     inv. 180 deg rotation - cart. axis [0,1,1]   

 cryst.   s(37) = (     1          0          0      )
                  (     0          0         -1      )
                  (     0         -1          0      )

 cart.    s(37) = (  1.0000000  0.0000000  0.0000000 )
                  (  0.0000000  0.0000000 -1.0000000 )
                  (  0.0000000 -1.0000000  0.0000000 )


      isym = 38     inv. 180 deg rotation - cart. axis [0,1,-1]  

 cryst.   s(38) = (     1          0          0      )
                  (     0          0          1      )
                  (     0          1          0      )

 cart.    s(38) = (  1.0000000  0.0000000  0.0000000 )
                  (  0.0000000  0.0000000  1.0000000 )
                  (  0.0000000  1.0000000  0.0000000 )


      isym = 39     inv.  90 deg rotation - cart. axis [-1,0,0]  

 cryst.   s(39) = (    -1          0          0      )
                  (     0          0          1      )
                  (     0         -1          0      )

 cart.    s(39) = ( -1.0000000  0.0000000  0.0000000 )
                  (  0.0000000  0.0000000 -1.0000000 )
                  (  0.0000000  1.0000000  0.0000000 )


      isym = 40     inv.  90 deg rotation - cart. axis [1,0,0]   

 cryst.   s(40) = (    -1          0          0      )
                  (     0          0         -1      )
                  (     0          1          0      )

 cart.    s(40) = ( -1.0000000  0.0000000  0.0000000 )
                  (  0.0000000  0.0000000  1.0000000 )
                  (  0.0000000 -1.0000000  0.0000000 )


      isym = 41     inv. 120 deg rotation - cart. axis [-1,-1,-1]

 cryst.   s(41) = (     0          0         -1      )
                  (    -1          0          0      )
                  (     0         -1          0      )

 cart.    s(41) = (  0.0000000 -1.0000000  0.0000000 )
                  (  0.0000000  0.0000000 -1.0000000 )
                  ( -1.0000000  0.0000000  0.0000000 )


      isym = 42     inv. 120 deg rotation - cart. axis [-1,1,1]  

 cryst.   s(42) = (     0          0          1      )
                  (     1          0          0      )
                  (     0         -1          0      )

 cart.    s(42) = (  0.0000000  1.0000000  0.0000000 )
                  (  0.0000000  0.0000000 -1.0000000 )
                  (  1.0000000  0.0000000  0.0000000 )


      isym = 43     inv. 120 deg rotation - cart. axis [1,1,-1]  

 cryst.   s(43) = (     0          0          1      )
                  (    -1          0          0      )
                  (     0          1          0      )

 cart.    s(43) = (  0.0000000 -1.0000000  0.0000000 )
                  (  0.0000000  0.0000000  1.0000000 )
                  (  1.0000000  0.0000000  0.0000000 )


      isym = 44     inv. 120 deg rotation - cart. axis [1,-1,1]  

 cryst.   s(44) = (     0          0         -1      )
                  (     1          0          0      )
                  (     0          1          0      )

 cart.    s(44) = (  0.0000000  1.0000000  0.0000000 )
                  (  0.0000000  0.0000000  1.0000000 )
                  ( -1.0000000  0.0000000  0.0000000 )


      isym = 45     inv. 120 deg rotation - cart. axis [1,1,1]   

 cryst.   s(45) = (     0         -1          0      )
                  (     0          0         -1      )
                  (    -1          0          0      )

 cart.    s(45) = (  0.0000000  0.0000000 -1.0000000 )
                  ( -1.0000000  0.0000000  0.0000000 )
                  (  0.0000000 -1.0000000  0.0000000 )


      isym = 46     inv. 120 deg rotation - cart. axis [-1,1,-1] 

 cryst.   s(46) = (     0          1          0      )
                  (     0          0          1      )
                  (    -1          0          0      )

 cart.    s(46) = (  0.0000000  0.0000000 -1.0000000 )
                  (  1.0000000  0.0000000  0.0000000 )
                  (  0.0000000  1.0000000  0.0000000 )


      isym = 47     inv. 120 deg rotation - cart. axis [1,-1,-1] 

 cryst.   s(47) = (     0          1          0      )
                  (     0          0         -1      )
                  (     1          0          0      )

 cart.    s(47) = (  0.0000000  0.0000000  1.0000000 )
                  (  1.0000000  0.0000000  0.0000000 )
                  (  0.0000000 -1.0000000  0.0000000 )


      isym = 48     inv. 120 deg rotation - cart. axis [-1,-1,1] 

 cryst.   s(48) = (     0         -1          0      )
                  (     0          0          1      )
                  (     1          0          0      )

 cart.    s(48) = (  0.0000000  0.0000000  1.0000000 )
                  ( -1.0000000  0.0000000  0.0000000 )
                  (  0.0000000  1.0000000  0.0000000 )


     This transformation sends q -> -q+G

      isym = 49     identity                                     

 cryst.   s(49) = (     1          0          0      )
                  (     0          1          0      )
                  (     0          0          1      )

 cart.    s(49) = (  1.0000000  0.0000000  0.0000000 )
                  (  0.0000000  1.0000000  0.0000000 )
                  (  0.0000000  0.0000000  1.0000000 )


     G cutoff = 2707.9783  (  73780 G-vectors)     FFT grid: (108,108,108)
     G cutoff = 1353.9892  (  26067 G-vectors)  smooth grid: ( 75, 75, 75)
     number of k points=   168
                       cart. coord. in units 2pi/alat
        k(    1) = (   0.0000000   0.0000000   0.0000000), wk =   0.0005787
        k(    2) = (   0.0000000   0.0000000   0.0833333), wk =   0.0034722
        k(    3) = (   0.0000000   0.0000000   0.1666667), wk =   0.0034722
        k(    4) = (   0.0000000   0.0000000   0.2500000), wk =   0.0034722
        k(    5) = (   0.0000000   0.0000000   0.3333333), wk =   0.0034722
        k(    6) = (   0.0000000   0.0000000   0.4166667), wk =   0.0034722
        k(    7) = (   0.0000000   0.0000000  -0.5000000), wk =   0.0017361
        k(    8) = (   0.0000000   0.0833333   0.0833333), wk =   0.0069444
        k(    9) = (   0.0000000   0.0833333   0.1666667), wk =   0.0138889
        k(   10) = (   0.0000000   0.0833333   0.2500000), wk =   0.0138889
        k(   11) = (   0.0000000   0.0833333   0.3333333), wk =   0.0138889
        k(   12) = (   0.0000000   0.0833333   0.4166667), wk =   0.0138889
        k(   13) = (   0.0000000   0.0833333  -0.5000000), wk =   0.0069444
        k(   14) = (   0.0000000   0.1666667   0.1666667), wk =   0.0069444
        k(   15) = (   0.0000000   0.1666667   0.2500000), wk =   0.0138889
        k(   16) = (   0.0000000   0.1666667   0.3333333), wk =   0.0138889
        k(   17) = (   0.0000000   0.1666667   0.4166667), wk =   0.0138889
        k(   18) = (   0.0000000   0.1666667  -0.5000000), wk =   0.0069444
        k(   19) = (   0.0000000   0.2500000   0.2500000), wk =   0.0069444
        k(   20) = (   0.0000000   0.2500000   0.3333333), wk =   0.0138889
        k(   21) = (   0.0000000   0.2500000   0.4166667), wk =   0.0138889
        k(   22) = (   0.0000000   0.2500000  -0.5000000), wk =   0.0069444
        k(   23) = (   0.0000000   0.3333333   0.3333333), wk =   0.0069444
        k(   24) = (   0.0000000   0.3333333   0.4166667), wk =   0.0138889
        k(   25) = (   0.0000000   0.3333333  -0.5000000), wk =   0.0069444
        k(   26) = (   0.0000000   0.4166667   0.4166667), wk =   0.0069444
        k(   27) = (   0.0000000   0.4166667  -0.5000000), wk =   0.0069444
        k(   28) = (   0.0000000  -0.5000000  -0.5000000), wk =   0.0017361
        k(   29) = (   0.0833333   0.0833333   0.0833333), wk =   0.0046296
        k(   30) = (   0.0833333   0.0833333   0.1666667), wk =   0.0138889
        k(   31) = (   0.0833333   0.0833333   0.2500000), wk =   0.0138889
        k(   32) = (   0.0833333   0.0833333   0.3333333), wk =   0.0138889
        k(   33) = (   0.0833333   0.0833333   0.4166667), wk =   0.0138889
        k(   34) = (   0.0833333   0.0833333  -0.5000000), wk =   0.0069444
        k(   35) = (   0.0833333   0.1666667   0.1666667), wk =   0.0138889
        k(   36) = (   0.0833333   0.1666667   0.2500000), wk =   0.0277778
        k(   37) = (   0.0833333   0.1666667   0.3333333), wk =   0.0277778
        k(   38) = (   0.0833333   0.1666667   0.4166667), wk =   0.0277778
        k(   39) = (   0.0833333   0.1666667  -0.5000000), wk =   0.0138889
        k(   40) = (   0.0833333   0.2500000   0.2500000), wk =   0.0138889
        k(   41) = (   0.0833333   0.2500000   0.3333333), wk =   0.0277778
        k(   42) = (   0.0833333   0.2500000   0.4166667), wk =   0.0277778
        k(   43) = (   0.0833333   0.2500000  -0.5000000), wk =   0.0138889
        k(   44) = (   0.0833333   0.3333333   0.3333333), wk =   0.0138889
        k(   45) = (   0.0833333   0.3333333   0.4166667), wk =   0.0277778
        k(   46) = (   0.0833333   0.3333333  -0.5000000), wk =   0.0138889
        k(   47) = (   0.0833333   0.4166667   0.4166667), wk =   0.0138889
        k(   48) = (   0.0833333   0.4166667  -0.5000000), wk =   0.0138889
        k(   49) = (   0.0833333  -0.5000000  -0.5000000), wk =   0.0034722
        k(   50) = (   0.1666667   0.1666667   0.1666667), wk =   0.0046296
        k(   51) = (   0.1666667   0.1666667   0.2500000), wk =   0.0138889
        k(   52) = (   0.1666667   0.1666667   0.3333333), wk =   0.0138889
        k(   53) = (   0.1666667   0.1666667   0.4166667), wk =   0.0138889
        k(   54) = (   0.1666667   0.1666667  -0.5000000), wk =   0.0069444
        k(   55) = (   0.1666667   0.2500000   0.2500000), wk =   0.0138889
        k(   56) = (   0.1666667   0.2500000   0.3333333), wk =   0.0277778
        k(   57) = (   0.1666667   0.2500000   0.4166667), wk =   0.0277778
        k(   58) = (   0.1666667   0.2500000  -0.5000000), wk =   0.0138889
        k(   59) = (   0.1666667   0.3333333   0.3333333), wk =   0.0138889
        k(   60) = (   0.1666667   0.3333333   0.4166667), wk =   0.0277778
        k(   61) = (   0.1666667   0.3333333  -0.5000000), wk =   0.0138889
        k(   62) = (   0.1666667   0.4166667   0.4166667), wk =   0.0138889
        k(   63) = (   0.1666667   0.4166667  -0.5000000), wk =   0.0138889
        k(   64) = (   0.1666667  -0.5000000  -0.5000000), wk =   0.0034722
        k(   65) = (   0.2500000   0.2500000   0.2500000), wk =   0.0046296
        k(   66) = (   0.2500000   0.2500000   0.3333333), wk =   0.0138889
        k(   67) = (   0.2500000   0.2500000   0.4166667), wk =   0.0138889
        k(   68) = (   0.2500000   0.2500000  -0.5000000), wk =   0.0069444
        k(   69) = (   0.2500000   0.3333333   0.3333333), wk =   0.0138889
        k(   70) = (   0.2500000   0.3333333   0.4166667), wk =   0.0277778
        k(   71) = (   0.2500000   0.3333333  -0.5000000), wk =   0.0138889
        k(   72) = (   0.2500000   0.4166667   0.4166667), wk =   0.0138889
        k(   73) = (   0.2500000   0.4166667  -0.5000000), wk =   0.0138889
        k(   74) = (   0.2500000  -0.5000000  -0.5000000), wk =   0.0034722
        k(   75) = (   0.3333333   0.3333333   0.3333333), wk =   0.0046296
        k(   76) = (   0.3333333   0.3333333   0.4166667), wk =   0.0138889
        k(   77) = (   0.3333333   0.3333333  -0.5000000), wk =   0.0069444
        k(   78) = (   0.3333333   0.4166667   0.4166667), wk =   0.0138889
        k(   79) = (   0.3333333   0.4166667  -0.5000000), wk =   0.0138889
        k(   80) = (   0.3333333  -0.5000000  -0.5000000), wk =   0.0034722
        k(   81) = (   0.4166667   0.4166667   0.4166667), wk =   0.0046296
        k(   82) = (   0.4166667   0.4166667  -0.5000000), wk =   0.0069444
        k(   83) = (   0.4166667  -0.5000000  -0.5000000), wk =   0.0034722
        k(   84) = (  -0.5000000  -0.5000000  -0.5000000), wk =   0.0005787
        k(   85) = (   0.0000000   0.0000000   0.0000000), wk =   0.0005787
        k(   86) = (   0.0000000   0.0000000   0.0833333), wk =   0.0034722
        k(   87) = (   0.0000000   0.0000000   0.1666667), wk =   0.0034722
        k(   88) = (   0.0000000   0.0000000   0.2500000), wk =   0.0034722
        k(   89) = (   0.0000000   0.0000000   0.3333333), wk =   0.0034722
        k(   90) = (   0.0000000   0.0000000   0.4166667), wk =   0.0034722
        k(   91) = (   0.0000000   0.0000000  -0.5000000), wk =   0.0017361
        k(   92) = (   0.0000000   0.0833333   0.0833333), wk =   0.0069444
        k(   93) = (   0.0000000   0.0833333   0.1666667), wk =   0.0138889
        k(   94) = (   0.0000000   0.0833333   0.2500000), wk =   0.0138889
        k(   95) = (   0.0000000   0.0833333   0.3333333), wk =   0.0138889
        k(   96) = (   0.0000000   0.0833333   0.4166667), wk =   0.0138889
        k(   97) = (   0.0000000   0.0833333  -0.5000000), wk =   0.0069444
        k(   98) = (   0.0000000   0.1666667   0.1666667), wk =   0.0069444
        k(   99) = (   0.0000000   0.1666667   0.2500000), wk =   0.0138889
        k(  100) = (   0.0000000   0.1666667   0.3333333), wk =   0.0138889
        k(  101) = (   0.0000000   0.1666667   0.4166667), wk =   0.0138889
        k(  102) = (   0.0000000   0.1666667  -0.5000000), wk =   0.0069444
        k(  103) = (   0.0000000   0.2500000   0.2500000), wk =   0.0069444
        k(  104) = (   0.0000000   0.2500000   0.3333333), wk =   0.0138889
        k(  105) = (   0.0000000   0.2500000   0.4166667), wk =   0.0138889
        k(  106) = (   0.0000000   0.2500000  -0.5000000), wk =   0.0069444
        k(  107) = (   0.0000000   0.3333333   0.3333333), wk =   0.0069444
        k(  108) = (   0.0000000   0.3333333   0.4166667), wk =   0.0138889
        k(  109) = (   0.0000000   0.3333333  -0.5000000), wk =   0.0069444
        k(  110) = (   0.0000000   0.4166667   0.4166667), wk =   0.0069444
        k(  111) = (   0.0000000   0.4166667  -0.5000000), wk =   0.0069444
        k(  112) = (   0.0000000  -0.5000000  -0.5000000), wk =   0.0017361
        k(  113) = (   0.0833333   0.0833333   0.0833333), wk =   0.0046296
        k(  114) = (   0.0833333   0.0833333   0.1666667), wk =   0.0138889
        k(  115) = (   0.0833333   0.0833333   0.2500000), wk =   0.0138889
        k(  116) = (   0.0833333   0.0833333   0.3333333), wk =   0.0138889
        k(  117) = (   0.0833333   0.0833333   0.4166667), wk =   0.0138889
        k(  118) = (   0.0833333   0.0833333  -0.5000000), wk =   0.0069444
        k(  119) = (   0.0833333   0.1666667   0.1666667), wk =   0.0138889
        k(  120) = (   0.0833333   0.1666667   0.2500000), wk =   0.0277778
        k(  121) = (   0.0833333   0.1666667   0.3333333), wk =   0.0277778
        k(  122) = (   0.0833333   0.1666667   0.4166667), wk =   0.0277778
        k(  123) = (   0.0833333   0.1666667  -0.5000000), wk =   0.0138889
        k(  124) = (   0.0833333   0.2500000   0.2500000), wk =   0.0138889
        k(  125) = (   0.0833333   0.2500000   0.3333333), wk =   0.0277778
        k(  126) = (   0.0833333   0.2500000   0.4166667), wk =   0.0277778
        k(  127) = (   0.0833333   0.2500000  -0.5000000), wk =   0.0138889
        k(  128) = (   0.0833333   0.3333333   0.3333333), wk =   0.0138889
        k(  129) = (   0.0833333   0.3333333   0.4166667), wk =   0.0277778
        k(  130) = (   0.0833333   0.3333333  -0.5000000), wk =   0.0138889
        k(  131) = (   0.0833333   0.4166667   0.4166667), wk =   0.0138889
        k(  132) = (   0.0833333   0.4166667  -0.5000000), wk =   0.0138889
        k(  133) = (   0.0833333  -0.5000000  -0.5000000), wk =   0.0034722
        k(  134) = (   0.1666667   0.1666667   0.1666667), wk =   0.0046296
        k(  135) = (   0.1666667   0.1666667   0.2500000), wk =   0.0138889
        k(  136) = (   0.1666667   0.1666667   0.3333333), wk =   0.0138889
        k(  137) = (   0.1666667   0.1666667   0.4166667), wk =   0.0138889
        k(  138) = (   0.1666667   0.1666667  -0.5000000), wk =   0.0069444
        k(  139) = (   0.1666667   0.2500000   0.2500000), wk =   0.0138889
        k(  140) = (   0.1666667   0.2500000   0.3333333), wk =   0.0277778
        k(  141) = (   0.1666667   0.2500000   0.4166667), wk =   0.0277778
        k(  142) = (   0.1666667   0.2500000  -0.5000000), wk =   0.0138889
        k(  143) = (   0.1666667   0.3333333   0.3333333), wk =   0.0138889
        k(  144) = (   0.1666667   0.3333333   0.4166667), wk =   0.0277778
        k(  145) = (   0.1666667   0.3333333  -0.5000000), wk =   0.0138889
        k(  146) = (   0.1666667   0.4166667   0.4166667), wk =   0.0138889
        k(  147) = (   0.1666667   0.4166667  -0.5000000), wk =   0.0138889
        k(  148) = (   0.1666667  -0.5000000  -0.5000000), wk =   0.0034722
        k(  149) = (   0.2500000   0.2500000   0.2500000), wk =   0.0046296
        k(  150) = (   0.2500000   0.2500000   0.3333333), wk =   0.0138889
        k(  151) = (   0.2500000   0.2500000   0.4166667), wk =   0.0138889
        k(  152) = (   0.2500000   0.2500000  -0.5000000), wk =   0.0069444
        k(  153) = (   0.2500000   0.3333333   0.3333333), wk =   0.0138889
        k(  154) = (   0.2500000   0.3333333   0.4166667), wk =   0.0277778
        k(  155) = (   0.2500000   0.3333333  -0.5000000), wk =   0.0138889
        k(  156) = (   0.2500000   0.4166667   0.4166667), wk =   0.0138889
        k(  157) = (   0.2500000   0.4166667  -0.5000000), wk =   0.0138889
        k(  158) = (   0.2500000  -0.5000000  -0.5000000), wk =   0.0034722
        k(  159) = (   0.3333333   0.3333333   0.3333333), wk =   0.0046296
        k(  160) = (   0.3333333   0.3333333   0.4166667), wk =   0.0138889
        k(  161) = (   0.3333333   0.3333333  -0.5000000), wk =   0.0069444
        k(  162) = (   0.3333333   0.4166667   0.4166667), wk =   0.0138889
        k(  163) = (   0.3333333   0.4166667  -0.5000000), wk =   0.0138889
        k(  164) = (   0.3333333  -0.5000000  -0.5000000), wk =   0.0034722
        k(  165) = (   0.4166667   0.4166667   0.4166667), wk =   0.0046296
        k(  166) = (   0.4166667   0.4166667  -0.5000000), wk =   0.0069444
        k(  167) = (   0.4166667  -0.5000000  -0.5000000), wk =   0.0034722
        k(  168) = (  -0.5000000  -0.5000000  -0.5000000), wk =   0.0005787

                       cryst. coord.
        k(    1) = (   0.0000000   0.0000000   0.0000000), wk =   0.0005787
        k(    2) = (   0.0000000   0.0000000   0.0833333), wk =   0.0034722
        k(    3) = (   0.0000000   0.0000000   0.1666667), wk =   0.0034722
        k(    4) = (   0.0000000   0.0000000   0.2500000), wk =   0.0034722
        k(    5) = (   0.0000000   0.0000000   0.3333333), wk =   0.0034722
        k(    6) = (   0.0000000   0.0000000   0.4166667), wk =   0.0034722
        k(    7) = (   0.0000000   0.0000000  -0.5000000), wk =   0.0017361
        k(    8) = (   0.0000000   0.0833333   0.0833333), wk =   0.0069444
        k(    9) = (   0.0000000   0.0833333   0.1666667), wk =   0.0138889
        k(   10) = (   0.0000000   0.0833333   0.2500000), wk =   0.0138889
        k(   11) = (   0.0000000   0.0833333   0.3333333), wk =   0.0138889
        k(   12) = (   0.0000000   0.0833333   0.4166667), wk =   0.0138889
        k(   13) = (   0.0000000   0.0833333  -0.5000000), wk =   0.0069444
        k(   14) = (   0.0000000   0.1666667   0.1666667), wk =   0.0069444
        k(   15) = (   0.0000000   0.1666667   0.2500000), wk =   0.0138889
        k(   16) = (   0.0000000   0.1666667   0.3333333), wk =   0.0138889
        k(   17) = (   0.0000000   0.1666667   0.4166667), wk =   0.0138889
        k(   18) = (   0.0000000   0.1666667  -0.5000000), wk =   0.0069444
        k(   19) = (   0.0000000   0.2500000   0.2500000), wk =   0.0069444
        k(   20) = (   0.0000000   0.2500000   0.3333333), wk =   0.0138889
        k(   21) = (   0.0000000   0.2500000   0.4166667), wk =   0.0138889
        k(   22) = (   0.0000000   0.2500000  -0.5000000), wk =   0.0069444
        k(   23) = (   0.0000000   0.3333333   0.3333333), wk =   0.0069444
        k(   24) = (   0.0000000   0.3333333   0.4166667), wk =   0.0138889
        k(   25) = (   0.0000000   0.3333333  -0.5000000), wk =   0.0069444
        k(   26) = (   0.0000000   0.4166667   0.4166667), wk =   0.0069444
        k(   27) = (   0.0000000   0.4166667  -0.5000000), wk =   0.0069444
        k(   28) = (   0.0000000  -0.5000000  -0.5000000), wk =   0.0017361
        k(   29) = (   0.0833333   0.0833333   0.0833333), wk =   0.0046296
        k(   30) = (   0.0833333   0.0833333   0.1666667), wk =   0.0138889
        k(   31) = (   0.0833333   0.0833333   0.2500000), wk =   0.0138889
        k(   32) = (   0.0833333   0.0833333   0.3333333), wk =   0.0138889
        k(   33) = (   0.0833333   0.0833333   0.4166667), wk =   0.0138889
        k(   34) = (   0.0833333   0.0833333  -0.5000000), wk =   0.0069444
        k(   35) = (   0.0833333   0.1666667   0.1666667), wk =   0.0138889
        k(   36) = (   0.0833333   0.1666667   0.2500000), wk =   0.0277778
        k(   37) = (   0.0833333   0.1666667   0.3333333), wk =   0.0277778
        k(   38) = (   0.0833333   0.1666667   0.4166667), wk =   0.0277778
        k(   39) = (   0.0833333   0.1666667  -0.5000000), wk =   0.0138889
        k(   40) = (   0.0833333   0.2500000   0.2500000), wk =   0.0138889
        k(   41) = (   0.0833333   0.2500000   0.3333333), wk =   0.0277778
        k(   42) = (   0.0833333   0.2500000   0.4166667), wk =   0.0277778
        k(   43) = (   0.0833333   0.2500000  -0.5000000), wk =   0.0138889
        k(   44) = (   0.0833333   0.3333333   0.3333333), wk =   0.0138889
        k(   45) = (   0.0833333   0.3333333   0.4166667), wk =   0.0277778
        k(   46) = (   0.0833333   0.3333333  -0.5000000), wk =   0.0138889
        k(   47) = (   0.0833333   0.4166667   0.4166667), wk =   0.0138889
        k(   48) = (   0.0833333   0.4166667  -0.5000000), wk =   0.0138889
        k(   49) = (   0.0833333  -0.5000000  -0.5000000), wk =   0.0034722
        k(   50) = (   0.1666667   0.1666667   0.1666667), wk =   0.0046296
        k(   51) = (   0.1666667   0.1666667   0.2500000), wk =   0.0138889
        k(   52) = (   0.1666667   0.1666667   0.3333333), wk =   0.0138889
        k(   53) = (   0.1666667   0.1666667   0.4166667), wk =   0.0138889
        k(   54) = (   0.1666667   0.1666667  -0.5000000), wk =   0.0069444
        k(   55) = (   0.1666667   0.2500000   0.2500000), wk =   0.0138889
        k(   56) = (   0.1666667   0.2500000   0.3333333), wk =   0.0277778
        k(   57) = (   0.1666667   0.2500000   0.4166667), wk =   0.0277778
        k(   58) = (   0.1666667   0.2500000  -0.5000000), wk =   0.0138889
        k(   59) = (   0.1666667   0.3333333   0.3333333), wk =   0.0138889
        k(   60) = (   0.1666667   0.3333333   0.4166667), wk =   0.0277778
        k(   61) = (   0.1666667   0.3333333  -0.5000000), wk =   0.0138889
        k(   62) = (   0.1666667   0.4166667   0.4166667), wk =   0.0138889
        k(   63) = (   0.1666667   0.4166667  -0.5000000), wk =   0.0138889
        k(   64) = (   0.1666667  -0.5000000  -0.5000000), wk =   0.0034722
        k(   65) = (   0.2500000   0.2500000   0.2500000), wk =   0.0046296
        k(   66) = (   0.2500000   0.2500000   0.3333333), wk =   0.0138889
        k(   67) = (   0.2500000   0.2500000   0.4166667), wk =   0.0138889
        k(   68) = (   0.2500000   0.2500000  -0.5000000), wk =   0.0069444
        k(   69) = (   0.2500000   0.3333333   0.3333333), wk =   0.0138889
        k(   70) = (   0.2500000   0.3333333   0.4166667), wk =   0.0277778
        k(   71) = (   0.2500000   0.3333333  -0.5000000), wk =   0.0138889
        k(   72) = (   0.2500000   0.4166667   0.4166667), wk =   0.0138889
        k(   73) = (   0.2500000   0.4166667  -0.5000000), wk =   0.0138889
        k(   74) = (   0.2500000  -0.5000000  -0.5000000), wk =   0.0034722
        k(   75) = (   0.3333333   0.3333333   0.3333333), wk =   0.0046296
        k(   76) = (   0.3333333   0.3333333   0.4166667), wk =   0.0138889
        k(   77) = (   0.3333333   0.3333333  -0.5000000), wk =   0.0069444
        k(   78) = (   0.3333333   0.4166667   0.4166667), wk =   0.0138889
        k(   79) = (   0.3333333   0.4166667  -0.5000000), wk =   0.0138889
        k(   80) = (   0.3333333  -0.5000000  -0.5000000), wk =   0.0034722
        k(   81) = (   0.4166667   0.4166667   0.4166667), wk =   0.0046296
        k(   82) = (   0.4166667   0.4166667  -0.5000000), wk =   0.0069444
        k(   83) = (   0.4166667  -0.5000000  -0.5000000), wk =   0.0034722
        k(   84) = (  -0.5000000  -0.5000000  -0.5000000), wk =   0.0005787
        k(   85) = (   0.0000000   0.0000000   0.0000000), wk =   0.0005787
        k(   86) = (   0.0000000   0.0000000   0.0833333), wk =   0.0034722
        k(   87) = (   0.0000000   0.0000000   0.1666667), wk =   0.0034722
        k(   88) = (   0.0000000   0.0000000   0.2500000), wk =   0.0034722
        k(   89) = (   0.0000000   0.0000000   0.3333333), wk =   0.0034722
        k(   90) = (   0.0000000   0.0000000   0.4166667), wk =   0.0034722
        k(   91) = (   0.0000000   0.0000000  -0.5000000), wk =   0.0017361
        k(   92) = (   0.0000000   0.0833333   0.0833333), wk =   0.0069444
        k(   93) = (   0.0000000   0.0833333   0.1666667), wk =   0.0138889
        k(   94) = (   0.0000000   0.0833333   0.2500000), wk =   0.0138889
        k(   95) = (   0.0000000   0.0833333   0.3333333), wk =   0.0138889
        k(   96) = (   0.0000000   0.0833333   0.4166667), wk =   0.0138889
        k(   97) = (   0.0000000   0.0833333  -0.5000000), wk =   0.0069444
        k(   98) = (   0.0000000   0.1666667   0.1666667), wk =   0.0069444
        k(   99) = (   0.0000000   0.1666667   0.2500000), wk =   0.0138889
        k(  100) = (   0.0000000   0.1666667   0.3333333), wk =   0.0138889
        k(  101) = (   0.0000000   0.1666667   0.4166667), wk =   0.0138889
        k(  102) = (   0.0000000   0.1666667  -0.5000000), wk =   0.0069444
        k(  103) = (   0.0000000   0.2500000   0.2500000), wk =   0.0069444
        k(  104) = (   0.0000000   0.2500000   0.3333333), wk =   0.0138889
        k(  105) = (   0.0000000   0.2500000   0.4166667), wk =   0.0138889
        k(  106) = (   0.0000000   0.2500000  -0.5000000), wk =   0.0069444
        k(  107) = (   0.0000000   0.3333333   0.3333333), wk =   0.0069444
        k(  108) = (   0.0000000   0.3333333   0.4166667), wk =   0.0138889
        k(  109) = (   0.0000000   0.3333333  -0.5000000), wk =   0.0069444
        k(  110) = (   0.0000000   0.4166667   0.4166667), wk =   0.0069444
        k(  111) = (   0.0000000   0.4166667  -0.5000000), wk =   0.0069444
        k(  112) = (   0.0000000  -0.5000000  -0.5000000), wk =   0.0017361
        k(  113) = (   0.0833333   0.0833333   0.0833333), wk =   0.0046296
        k(  114) = (   0.0833333   0.0833333   0.1666667), wk =   0.0138889
        k(  115) = (   0.0833333   0.0833333   0.2500000), wk =   0.0138889
        k(  116) = (   0.0833333   0.0833333   0.3333333), wk =   0.0138889
        k(  117) = (   0.0833333   0.0833333   0.4166667), wk =   0.0138889
        k(  118) = (   0.0833333   0.0833333  -0.5000000), wk =   0.0069444
        k(  119) = (   0.0833333   0.1666667   0.1666667), wk =   0.0138889
        k(  120) = (   0.0833333   0.1666667   0.2500000), wk =   0.0277778
        k(  121) = (   0.0833333   0.1666667   0.3333333), wk =   0.0277778
        k(  122) = (   0.0833333   0.1666667   0.4166667), wk =   0.0277778
        k(  123) = (   0.0833333   0.1666667  -0.5000000), wk =   0.0138889
        k(  124) = (   0.0833333   0.2500000   0.2500000), wk =   0.0138889
        k(  125) = (   0.0833333   0.2500000   0.3333333), wk =   0.0277778
        k(  126) = (   0.0833333   0.2500000   0.4166667), wk =   0.0277778
        k(  127) = (   0.0833333   0.2500000  -0.5000000), wk =   0.0138889
        k(  128) = (   0.0833333   0.3333333   0.3333333), wk =   0.0138889
        k(  129) = (   0.0833333   0.3333333   0.4166667), wk =   0.0277778
        k(  130) = (   0.0833333   0.3333333  -0.5000000), wk =   0.0138889
        k(  131) = (   0.0833333   0.4166667   0.4166667), wk =   0.0138889
        k(  132) = (   0.0833333   0.4166667  -0.5000000), wk =   0.0138889
        k(  133) = (   0.0833333  -0.5000000  -0.5000000), wk =   0.0034722
        k(  134) = (   0.1666667   0.1666667   0.1666667), wk =   0.0046296
        k(  135) = (   0.1666667   0.1666667   0.2500000), wk =   0.0138889
        k(  136) = (   0.1666667   0.1666667   0.3333333), wk =   0.0138889
        k(  137) = (   0.1666667   0.1666667   0.4166667), wk =   0.0138889
        k(  138) = (   0.1666667   0.1666667  -0.5000000), wk =   0.0069444
        k(  139) = (   0.1666667   0.2500000   0.2500000), wk =   0.0138889
        k(  140) = (   0.1666667   0.2500000   0.3333333), wk =   0.0277778
        k(  141) = (   0.1666667   0.2500000   0.4166667), wk =   0.0277778
        k(  142) = (   0.1666667   0.2500000  -0.5000000), wk =   0.0138889
        k(  143) = (   0.1666667   0.3333333   0.3333333), wk =   0.0138889
        k(  144) = (   0.1666667   0.3333333   0.4166667), wk =   0.0277778
        k(  145) = (   0.1666667   0.3333333  -0.5000000), wk =   0.0138889
        k(  146) = (   0.1666667   0.4166667   0.4166667), wk =   0.0138889
        k(  147) = (   0.1666667   0.4166667  -0.5000000), wk =   0.0138889
        k(  148) = (   0.1666667  -0.5000000  -0.5000000), wk =   0.0034722
        k(  149) = (   0.2500000   0.2500000   0.2500000), wk =   0.0046296
        k(  150) = (   0.2500000   0.2500000   0.3333333), wk =   0.0138889
        k(  151) = (   0.2500000   0.2500000   0.4166667), wk =   0.0138889
        k(  152) = (   0.2500000   0.2500000  -0.5000000), wk =   0.0069444
        k(  153) = (   0.2500000   0.3333333   0.3333333), wk =   0.0138889
        k(  154) = (   0.2500000   0.3333333   0.4166667), wk =   0.0277778
        k(  155) = (   0.2500000   0.3333333  -0.5000000), wk =   0.0138889
        k(  156) = (   0.2500000   0.4166667   0.4166667), wk =   0.0138889
        k(  157) = (   0.2500000   0.4166667  -0.5000000), wk =   0.0138889
        k(  158) = (   0.2500000  -0.5000000  -0.5000000), wk =   0.0034722
        k(  159) = (   0.3333333   0.3333333   0.3333333), wk =   0.0046296
        k(  160) = (   0.3333333   0.3333333   0.4166667), wk =   0.0138889
        k(  161) = (   0.3333333   0.3333333  -0.5000000), wk =   0.0069444
        k(  162) = (   0.3333333   0.4166667   0.4166667), wk =   0.0138889
        k(  163) = (   0.3333333   0.4166667  -0.5000000), wk =   0.0138889
        k(  164) = (   0.3333333  -0.5000000  -0.5000000), wk =   0.0034722
        k(  165) = (   0.4166667   0.4166667   0.4166667), wk =   0.0046296
        k(  166) = (   0.4166667   0.4166667  -0.5000000), wk =   0.0069444
        k(  167) = (   0.4166667  -0.5000000  -0.5000000), wk =   0.0034722
        k(  168) = (  -0.5000000  -0.5000000  -0.5000000), wk =   0.0005787

     PseudoPot. # 1 for Cs read from file:
     /home/administrator/Downloads/BURAI/BURAI1.3/pseudopot/Cs.pbe-mt_bw.UPF
     MD5 check sum: 6496c725b3c50422e9e32b6d725a619d
     Pseudo is Norm-conserving + core correction, Zval =  1.0
     Generated by new atomic code, or converted to UPF format
     Using radial grid of  537 points,  2 beta functions with: 
                l(1) =   1
                l(2) =   2

     PseudoPot. # 2 for Co read from file:
     /home/administrator/Downloads/BURAI/BURAI1.3/pseudopot/Co.pbe-spn-kjpaw_psl.1.0.0.UPF
     MD5 check sum: debeb0e0a2756593e9907dd3738e3b12
     Pseudo is Projector augmented-wave + core cor, Zval = 17.0
     Generated using "atomic" code by A. Dal Corso  v.5.1.2
     Shape of augmentation charge: PSQ
     Using radial grid of 1193 points,  6 beta functions with: 
                l(1) =   0
                l(2) =   0
                l(3) =   1
                l(4) =   1
                l(5) =   2
                l(6) =   2
     Q(r) pseudized with 0 coefficients 


     PseudoPot. # 3 for I  read from file:
     /home/administrator/Downloads/BURAI/BURAI1.3/pseudopot/I.pbe-mt_bw.UPF
     MD5 check sum: 5d4aa4b61956a0a88efe8476ca559976
     Pseudo is Norm-conserving, Zval =  7.0
     Generated by new atomic code, or converted to UPF format
     Using radial grid of  551 points,  2 beta functions with: 
                l(1) =   0
                l(2) =   2

     point group O_h (m-3m) 
     there are 10 classes
     the character table:

       E     8C3   3C2   6C4   6C2'  i     8S6   3s_h  6S4   6s_d 
A_1g   1.00  1.00  1.00  1.00  1.00  1.00  1.00  1.00  1.00  1.00
A_2g   1.00  1.00  1.00 -1.00 -1.00  1.00  1.00  1.00 -1.00 -1.00
E_g    2.00 -1.00  2.00  0.00  0.00  2.00 -1.00  2.00  0.00  0.00
T_1g   3.00  0.00 -1.00  1.00 -1.00  3.00  0.00 -1.00  1.00 -1.00
T_2g   3.00  0.00 -1.00 -1.00  1.00  3.00  0.00 -1.00 -1.00  1.00
A_1u   1.00  1.00  1.00  1.00  1.00 -1.00 -1.00 -1.00 -1.00 -1.00
A_2u   1.00  1.00  1.00 -1.00 -1.00 -1.00 -1.00 -1.00  1.00  1.00
E_u    2.00 -1.00  2.00  0.00  0.00 -2.00  1.00 -2.00  0.00  0.00
T_1u   3.00  0.00 -1.00  1.00 -1.00 -3.00  0.00  1.00 -1.00  1.00
T_2u   3.00  0.00 -1.00 -1.00  1.00 -3.00  0.00  1.00  1.00 -1.00

     the symmetry operations in each class and the name of the first element:

     E        1
                                                                 
     8C3     17   19   20   18   24   21   22   23
                                                                 
     3C2      2    4    3
                                                                 
     6C4      7    8   15   16   12   11
                                                                 
     6C2'     5    6   14   13   10    9
                                                                 
     i       25
                                                                 
     8S6     41   43   44   42   48   45   46   47
                                                                 
     3s_h    26   28   27
                                                                 
     6S4     31   32   39   40   36   35
                                                                 
     6s_d    29   30   38   37   34   33
                                                                 


     Atomic displacements:
     There are    5 irreducible representations

     Representation     1      3 modes -  To be done
     Irreps are as follows:

     mode #   1              mode #   2              mode #   3
     (  -0.00000   0.00000 ) (  -0.00000  -0.00000 ) (   0.00000  -0.00000 ) 
     (  -0.00000   0.00000 ) (  -0.00000  -0.00000 ) (   0.00000  -0.00000 ) 
     (  -0.00000   0.00000 ) (  -0.00000  -0.00000 ) (   0.00000  -0.00000 ) 
     (  -0.00000   0.00000 ) (  -0.00000  -0.00000 ) (   0.00000  -0.00000 ) 
     (  -0.00000   0.00000 ) (  -0.00000  -0.00000 ) (   0.00000  -0.00000 ) 
     (  -0.00000   0.00000 ) (  -0.00000  -0.00000 ) (   0.00000  -0.00000 ) 
     (  -0.00000  -0.00000 ) (  -0.00000  -0.00000 ) (  -0.10353  -0.00000 ) 
     (  -0.04324  -0.00000 ) (  -0.70198  -0.00000 ) (   0.00000  -0.00000 ) 
     (   0.70198   0.00000 ) (  -0.04324  -0.00000 ) (   0.00000   0.00000 ) 
     (  -0.00000  -0.00000 ) (  -0.00000  -0.00000 ) (  -0.70331  -0.00000 ) 
     (  -0.00636  -0.00000 ) (  -0.10333  -0.00000 ) (   0.00000  -0.00000 ) 
     (   0.70198   0.00000 ) (  -0.04324  -0.00000 ) (  -0.00000  -0.00000 ) 
     (  -0.00000  -0.00000 ) (  -0.00000  -0.00000 ) (  -0.70331  -0.00000 ) 
     (  -0.04324  -0.00000 ) (  -0.70198  -0.00000 ) (   0.00000  -0.00000 ) 
     (   0.10333   0.00000 ) (  -0.00636  -0.00000 ) (   0.00000  -0.00000 ) 

     Representation     2      3 modes -  To be done
     Irreps are as follows:

     mode #   4              mode #   5              mode #   6
     (  -0.00000  -0.00000 ) (  -0.00000  -0.00000 ) (  -0.00000  -0.00000 ) 
     (  -0.00000  -0.00000 ) (  -0.00000  -0.00000 ) (  -0.00000  -0.00000 ) 
     (  -0.00000  -0.00000 ) (  -0.00000  -0.00000 ) (  -0.00000  -0.00000 ) 
     (  -1.00000  -0.00000 ) (  -0.00000  -0.00000 ) (  -0.00000  -0.00000 ) 
     (  -0.00000  -0.00000 ) (  -1.00000  -0.00000 ) (  -0.00000  -0.00000 ) 
     (  -0.00000  -0.00000 ) (  -0.00000  -0.00000 ) (  -1.00000  -0.00000 ) 
     (  -0.00000  -0.00000 ) (  -0.00000  -0.00000 ) (  -0.00000  -0.00000 ) 
     (  -0.00000  -0.00000 ) (  -0.00000  -0.00000 ) (  -0.00000  -0.00000 ) 
     (  -0.00000  -0.00000 ) (  -0.00000  -0.00000 ) (  -0.00000  -0.00000 ) 
     (  -0.00000  -0.00000 ) (  -0.00000  -0.00000 ) (  -0.00000  -0.00000 ) 
     (  -0.00000  -0.00000 ) (  -0.00000  -0.00000 ) (  -0.00000  -0.00000 ) 
     (  -0.00000  -0.00000 ) (  -0.00000  -0.00000 ) (  -0.00000  -0.00000 ) 
     (  -0.00000  -0.00000 ) (  -0.00000  -0.00000 ) (  -0.00000  -0.00000 ) 
     (  -0.00000  -0.00000 ) (  -0.00000  -0.00000 ) (  -0.00000  -0.00000 ) 
     (  -0.00000  -0.00000 ) (  -0.00000  -0.00000 ) (  -0.00000  -0.00000 ) 

     Representation     3      3 modes -  To be done
     Irreps are as follows:

     mode #   7              mode #   8              mode #   9
     (  -1.00000  -0.00000 ) (  -0.00000  -0.00000 ) (  -0.00000  -0.00000 ) 
     (  -0.00000  -0.00000 ) (  -0.00000  -0.00000 ) (  -1.00000  -0.00000 ) 
     (  -0.00000  -0.00000 ) (  -1.00000  -0.00000 ) (  -0.00000  -0.00000 ) 
     (  -0.00000  -0.00000 ) (  -0.00000  -0.00000 ) (  -0.00000  -0.00000 ) 
     (  -0.00000  -0.00000 ) (  -0.00000  -0.00000 ) (  -0.00000  -0.00000 ) 
     (  -0.00000  -0.00000 ) (  -0.00000  -0.00000 ) (  -0.00000  -0.00000 ) 
     (  -0.00000  -0.00000 ) (  -0.00000  -0.00000 ) (  -0.00000  -0.00000 ) 
     (  -0.00000  -0.00000 ) (  -0.00000  -0.00000 ) (  -0.00000  -0.00000 ) 
     (  -0.00000  -0.00000 ) (  -0.00000  -0.00000 ) (  -0.00000  -0.00000 ) 
     (  -0.00000  -0.00000 ) (  -0.00000  -0.00000 ) (  -0.00000  -0.00000 ) 
     (  -0.00000  -0.00000 ) (  -0.00000  -0.00000 ) (  -0.00000  -0.00000 ) 
     (  -0.00000  -0.00000 ) (  -0.00000  -0.00000 ) (  -0.00000  -0.00000 ) 
     (  -0.00000  -0.00000 ) (  -0.00000  -0.00000 ) (  -0.00000  -0.00000 ) 
     (  -0.00000  -0.00000 ) (  -0.00000  -0.00000 ) (  -0.00000  -0.00000 ) 
     (  -0.00000  -0.00000 ) (  -0.00000  -0.00000 ) (  -0.00000  -0.00000 ) 

     Representation     4      3 modes -  To be done
     Irreps are as follows:

     mode #  10              mode #  11              mode #  12
     (  -0.00000   0.00000 ) (  -0.00000   0.00000 ) (  -0.00000  -0.00000 ) 
     (  -0.00000   0.00000 ) (  -0.00000   0.00000 ) (  -0.00000  -0.00000 ) 
     (  -0.00000   0.00000 ) (  -0.00000   0.00000 ) (  -0.00000  -0.00000 ) 
     (  -0.00000   0.00000 ) (  -0.00000   0.00000 ) (  -0.00000  -0.00000 ) 
     (  -0.00000   0.00000 ) (  -0.00000   0.00000 ) (  -0.00000  -0.00000 ) 
     (  -0.00000   0.00000 ) (  -0.00000   0.00000 ) (  -0.00000  -0.00000 ) 
     (  -0.99463  -0.00000 ) (   0.00000   0.00000 ) (   0.00000  -0.00000 ) 
     (   0.00000   0.00000 ) (  -0.07320  -0.00000 ) (  -0.00004  -0.00000 ) 
     (  -0.00000  -0.00000 ) (   0.00004   0.00000 ) (  -0.07320  -0.00000 ) 
     (   0.07320   0.00000 ) (   0.00000   0.00000 ) (   0.00000  -0.00000 ) 
     (  -0.00000  -0.00000 ) (   0.99463   0.00000 ) (   0.00057  -0.00000 ) 
     (   0.00000   0.00000 ) (   0.00004   0.00000 ) (  -0.07320  -0.00000 ) 
     (   0.07320   0.00000 ) (  -0.00000  -0.00000 ) (  -0.00000  -0.00000 ) 
     (   0.00000   0.00000 ) (  -0.07320  -0.00000 ) (  -0.00004  -0.00000 ) 
     (   0.00000   0.00000 ) (  -0.00057  -0.00000 ) (   0.99463  -0.00000 ) 

     Representation     5      3 modes -  To be done
     Irreps are as follows:

     mode #  13              mode #  14              mode #  15
     (  -0.00000   0.00000 ) (  -0.00000   0.00000 ) (  -0.00000  -0.00000 ) 
     (  -0.00000   0.00000 ) (  -0.00000   0.00000 ) (  -0.00000  -0.00000 ) 
     (  -0.00000   0.00000 ) (  -0.00000   0.00000 ) (  -0.00000  -0.00000 ) 
     (  -0.00000   0.00000 ) (  -0.00000   0.00000 ) (  -0.00000  -0.00000 ) 
     (  -0.00000   0.00000 ) (  -0.00000   0.00000 ) (  -0.00000  -0.00000 ) 
     (  -0.00000   0.00000 ) (  -0.00000   0.00000 ) (  -0.00000  -0.00000 ) 
     (   0.00000   0.00000 ) (   0.00000   0.00000 ) (   0.00000  -0.00000 ) 
     (  -0.02785  -0.00000 ) (  -0.08258  -0.00000 ) (  -0.70172  -0.00000 ) 
     (  -0.30020  -0.00000 ) (   0.63710   0.00000 ) (  -0.06306  -0.00000 ) 
     (   0.63961   0.00000 ) (   0.29543   0.00000 ) (  -0.06015  -0.00000 ) 
     (  -0.00000  -0.00000 ) (  -0.00000  -0.00000 ) (   0.00000  -0.00000 ) 
     (   0.30020   0.00000 ) (  -0.63710  -0.00000 ) (   0.06306  -0.00000 ) 
     (  -0.63961  -0.00000 ) (  -0.29543  -0.00000 ) (   0.06015  -0.00000 ) 
     (   0.02785   0.00000 ) (   0.08258   0.00000 ) (   0.70172  -0.00000 ) 
     (   0.00000   0.00000 ) (   0.00000   0.00000 ) (   0.00000  -0.00000 ) 



     Alpha used in Ewald sum =   2.8000
     PHONON       :   4m41.35s CPU   3m27.44s WALL



     Representation #   1 modes #   1   2   3

     Self-consistent Calculation

      iter #   1 total cpu time :   950.4 secs   av.it.:   8.6
      thresh= 1.000E-02 alpha_mix =  0.700 |ddv_scf|^2 =  3.686E-09

      iter #   2 total cpu time :  2968.4 secs   av.it.:  28.5
      thresh= 6.071E-06 alpha_mix =  0.700 |ddv_scf|^2 =  1.992E-09

      iter #   3 total cpu time :  4973.2 secs   av.it.:  28.3
      thresh= 4.464E-06 alpha_mix =  0.700 |ddv_scf|^2 =  3.618E-12

      iter #   4 total cpu time :  6973.9 secs   av.it.:  28.4
      thresh= 1.902E-07 alpha_mix =  0.700 |ddv_scf|^2 =  5.732E-13

      iter #   5 total cpu time :  8909.7 secs   av.it.:  27.4
      thresh= 7.571E-08 alpha_mix =  0.700 |ddv_scf|^2 =  2.618E-14

      iter #   6 total cpu time : 10867.7 secs   av.it.:  27.6
      thresh= 1.618E-08 alpha_mix =  0.700 |ddv_scf|^2 =  1.112E-15

     End of self-consistent calculation

     Convergence has been achieved 


     Representation #   2 modes #   4   5   6

     Self-consistent Calculation

      iter #   1 total cpu time : 11872.4 secs   av.it.:  12.2
      thresh= 1.000E-02 alpha_mix =  0.700 |ddv_scf|^2 =  4.496E-08

      iter #   2 total cpu time : 13844.3 secs   av.it.:  27.8
      thresh= 2.120E-05 alpha_mix =  0.700 |ddv_scf|^2 =  1.148E-08

      iter #   3 total cpu time : 15781.0 secs   av.it.:  27.4
      thresh= 1.071E-05 alpha_mix =  0.700 |ddv_scf|^2 =  5.679E-10

      iter #   4 total cpu time : 17724.0 secs   av.it.:  27.6
      thresh= 2.383E-06 alpha_mix =  0.700 |ddv_scf|^2 =  1.561E-10

      iter #   5 total cpu time : 19667.3 secs   av.it.:  27.4
      thresh= 1.249E-06 alpha_mix =  0.700 |ddv_scf|^2 =  5.231E-12

      iter #   6 total cpu time : 21625.2 secs   av.it.:  27.5
      thresh= 2.287E-07 alpha_mix =  0.700 |ddv_scf|^2 =  3.739E-13

      iter #   7 total cpu time : 23600.4 secs   av.it.:  27.9
      thresh= 6.115E-08 alpha_mix =  0.700 |ddv_scf|^2 =  4.742E-14

      iter #   8 total cpu time : 25538.4 secs   av.it.:  27.3
      thresh= 2.178E-08 alpha_mix =  0.700 |ddv_scf|^2 =  3.238E-15

     End of self-consistent calculation

     Convergence has been achieved 


     Representation #   3 modes #   7   8   9

     Self-consistent Calculation

      iter #   1 total cpu time : 25907.7 secs   av.it.:   3.0
      thresh= 1.000E-02 alpha_mix =  0.700 |ddv_scf|^2 =  8.877E-08

      iter #   2 total cpu time : 27105.3 secs   av.it.:  15.7
      thresh= 2.979E-05 alpha_mix =  0.700 |ddv_scf|^2 =  8.011E-09

      iter #   3 total cpu time : 28367.4 secs   av.it.:  16.9
      thresh= 8.950E-06 alpha_mix =  0.700 |ddv_scf|^2 =  7.667E-13

      iter #   4 total cpu time : 30300.9 secs   av.it.:  27.3
      thresh= 8.756E-08 alpha_mix =  0.700 |ddv_scf|^2 =  1.993E-13

      iter #   5 total cpu time : 32224.2 secs   av.it.:  27.1
      thresh= 4.464E-08 alpha_mix =  0.700 |ddv_scf|^2 =  3.944E-15

     End of self-consistent calculation

     Convergence has been achieved 


     Representation #   4 modes #  10  11  12

     Self-consistent Calculation

      iter #   1 total cpu time : 32879.0 secs   av.it.:   7.2
      thresh= 1.000E-02 alpha_mix =  0.700 |ddv_scf|^2 =  3.541E-09

      iter #   2 total cpu time : 34876.9 secs   av.it.:  27.1
      thresh= 5.950E-06 alpha_mix =  0.700 |ddv_scf|^2 =  1.871E-09

      iter #   3 total cpu time : 36803.2 secs   av.it.:  27.0
      thresh= 4.326E-06 alpha_mix =  0.700 |ddv_scf|^2 =  4.090E-12

      iter #   4 total cpu time : 38818.5 secs   av.it.:  28.6
      thresh= 2.022E-07 alpha_mix =  0.700 |ddv_scf|^2 =  3.173E-13

      iter #   5 total cpu time : 40745.3 secs   av.it.:  27.0
      thresh= 5.633E-08 alpha_mix =  0.700 |ddv_scf|^2 =  1.037E-14

      iter #   6 total cpu time : 42692.5 secs   av.it.:  27.3
      thresh= 1.018E-08 alpha_mix =  0.700 |ddv_scf|^2 =  1.858E-16

     End of self-consistent calculation

     Convergence has been achieved 


     Representation #   5 modes #  13  14  15

     Self-consistent Calculation

      iter #   1 total cpu time : 43391.3 secs   av.it.:   7.7
      thresh= 1.000E-02 alpha_mix =  0.700 |ddv_scf|^2 =  9.882E-07

      iter #   2 total cpu time : 45432.9 secs   av.it.:  27.9
      thresh= 9.941E-05 alpha_mix =  0.700 |ddv_scf|^2 =  4.602E-06

      iter #   3 total cpu time : 47302.9 secs   av.it.:  26.1
      thresh= 2.145E-04 alpha_mix =  0.700 |ddv_scf|^2 =  5.080E-06

      iter #   4 total cpu time : 48887.8 secs   av.it.:  21.7
      thresh= 2.254E-04 alpha_mix =  0.700 |ddv_scf|^2 =  6.666E-08

      iter #   5 total cpu time : 50595.1 secs   av.it.:  23.6
      thresh= 2.582E-05 alpha_mix =  0.700 |ddv_scf|^2 =  2.959E-09

      iter #   6 total cpu time : 52132.7 secs   av.it.:  20.9
      thresh= 5.440E-06 alpha_mix =  0.700 |ddv_scf|^2 =  9.123E-09

      iter #   7 total cpu time : 53720.0 secs   av.it.:  21.5
      thresh= 9.552E-06 alpha_mix =  0.700 |ddv_scf|^2 =  1.428E-09

      iter #   8 total cpu time : 55416.4 secs   av.it.:  23.3
      thresh= 3.779E-06 alpha_mix =  0.700 |ddv_scf|^2 =  6.346E-11

      iter #   9 total cpu time : 57161.9 secs   av.it.:  24.2
      thresh= 7.966E-07 alpha_mix =  0.700 |ddv_scf|^2 =  1.876E-12

      iter #  10 total cpu time : 58833.4 secs   av.it.:  23.0
      thresh= 1.370E-07 alpha_mix =  0.700 |ddv_scf|^2 =  5.243E-15

     End of self-consistent calculation

     Convergence has been achieved 

     Number of q in the star =    1
     List of q in the star:
          1   0.000000000   0.000000000   0.000000000

     Diagonalizing the dynamical matrix

     q = (    0.000000000   0.000000000   0.000000000 ) 

 **************************************************************************
     freq (    1) =      -1.911769 [THz] =     -63.769756 [cm-1]
     freq (    2) =      -1.911769 [THz] =     -63.769756 [cm-1]
     freq (    3) =      -1.911769 [THz] =     -63.769756 [cm-1]
     freq (    4) =      -0.650352 [THz] =     -21.693413 [cm-1]
     freq (    5) =      -0.650352 [THz] =     -21.693413 [cm-1]
     freq (    6) =      -0.650352 [THz] =     -21.693413 [cm-1]
     freq (    7) =       1.174713 [THz] =      39.184214 [cm-1]
     freq (    8) =       1.174713 [THz] =      39.184214 [cm-1]
     freq (    9) =       1.174713 [THz] =      39.184214 [cm-1]
     freq (   10) =       4.821940 [THz] =     160.842601 [cm-1]
     freq (   11) =       4.821940 [THz] =     160.842601 [cm-1]
     freq (   12) =       4.821940 [THz] =     160.842601 [cm-1]
     freq (   13) =       9.859341 [THz] =     328.872201 [cm-1]
     freq (   14) =       9.859341 [THz] =     328.872201 [cm-1]
     freq (   15) =       9.859341 [THz] =     328.872201 [cm-1]
 **************************************************************************

     Mode symmetry, O_h (m-3m)  point group:

     freq (   1-   3) =        -63.8  [cm-1]   --> T_1u G_15  G_4- I  
     freq (   4-   6) =        -21.7  [cm-1]   --> T_1u G_15  G_4- I  
     freq (   7-   9) =         39.2  [cm-1]   --> T_1u G_15  G_4- I  
     freq (  10-  12) =        160.8  [cm-1]   --> T_1u G_15  G_4- I  
     freq (  13-  15) =        328.9  [cm-1]   --> T_2u G_25  G_5-    

     PHONON       :     22h50m CPU     16h20m WALL

     INITIALIZATION: 
     phq_setup    :      1.25s CPU      1.42s WALL (       1 calls)
     phq_init     :    276.90s CPU    202.29s WALL (       1 calls)

     phq_init     :    276.90s CPU    202.29s WALL (       1 calls)
     set_drhoc    :      0.01s CPU      0.01s WALL (       3 calls)
     init_vloc    :      0.02s CPU      0.02s WALL (       1 calls)
     init_us_1    :      0.06s CPU      0.07s WALL (       1 calls)
     init_us_2    :     49.64s CPU     34.73s WALL (    8064 calls)
     newd         :      0.53s CPU      0.60s WALL (       1 calls)
     dvanqq       :     25.80s CPU     16.50s WALL (       1 calls)
     drho         :    238.16s CPU    177.21s WALL (       1 calls)
     drhous       :    232.53s CPU    172.19s WALL (       1 calls)
     nldyntot     :      0.44s CPU      0.44s WALL (       1 calls)

     DYNAMICAL MATRIX:
     dynmat0      :      8.08s CPU      5.43s WALL (       1 calls)
     dynmat_us    :      7.45s CPU      4.82s WALL (       1 calls)
     addusdynmat  :      0.00s CPU      0.00s WALL (       1 calls)
     d2ionq       :      0.24s CPU      0.20s WALL (       1 calls)
     dynmatcc     :      0.39s CPU      0.41s WALL (       1 calls)
     phqscf       :  81959.95s CPU  58634.61s WALL (       1 calls)
     dynmatrix    :      0.01s CPU      0.05s WALL (       1 calls)

     phqscf       :  81959.95s CPU  58634.61s WALL (       1 calls)
     solve_linter :  81902.75s CPU  58599.61s WALL (       5 calls)
     sth_kernel   :  80623.46s CPU  57443.70s WALL (      35 calls)
     h_prec       :      8.70s CPU      6.27s WALL (    5880 calls)
     apply_dpot_b :   1962.83s CPU   1475.84s WALL (   15120 calls)
     ortho        :    217.33s CPU    124.29s WALL (   17640 calls)
     cgsolve      :  75808.58s CPU  53906.91s WALL (   17640 calls)
     incdrhoscf   :   2458.57s CPU   1813.88s WALL (   17640 calls)
                                        0.00s GPU  (   17640 calls)
     addusddens   :     81.95s CPU     51.68s WALL (      40 calls)
     dv_of_drho   :     34.39s CPU     38.86s WALL (     105 calls)
     mix_pot      :      7.86s CPU      5.86s WALL (      35 calls)
     drhodv       :     57.19s CPU     34.99s WALL (       5 calls)
     psymdvscf    :    485.79s CPU    489.29s WALL (      35 calls)
     newdq        :     63.69s CPU     64.00s WALL (      35 calls)
     adddvscf     :     57.22s CPU     40.32s WALL (   15120 calls)
     drhodvus     :      1.48s CPU      0.88s WALL (       5 calls)

     dvqpsi_us    :    379.98s CPU    284.97s WALL (    2520 calls)
                                        0.00s GPU  (    2520 calls)
     dvqpsi_us_on :     36.73s CPU     24.89s WALL (    2520 calls)

     add_vuspsi   :   1896.49s CPU   1018.85s WALL (  698338 calls)
     addusdbec    :     89.53s CPU     52.18s WALL (   20160 calls)

     drhodvus     :      1.48s CPU      0.88s WALL (       5 calls)

      General routines
     calbec       :   3992.28s CPU   2370.49s WALL ( 1446236 calls)
     fft          :     32.68s CPU     32.23s WALL (    3737 calls)
     ffts         :     15.52s CPU     12.40s WALL (    3062 calls)
     fftw         :  52470.39s CPU  38985.35s WALL (17654396 calls)
     write_rec    :      0.02s CPU      0.10s WALL (      40 calls)

      Additional routines
     ch_psi       :  73301.83s CPU  52206.05s WALL (  698338 calls)
     last         :   6992.06s CPU   4230.45s WALL (  698338 calls)
     Hesh         :    506.36s CPU    340.57s WALL (  698338 calls)
     ch_psi_all_k :   6462.67s CPU   3877.22s WALL (  698338 calls)
                                        0.00s GPU  (  698338 calls)
     ch_psi_calbe :   1777.85s CPU   1041.41s WALL (  698338 calls)
                                        0.00s GPU  (  698338 calls)
     h_psi_bgrp   :  63629.88s CPU  46363.31s WALL (  698338 calls)
     h_psi        :  63619.00s CPU  46357.09s WALL (  698338 calls)
     h_psi:pot    :  63102.37s CPU  46008.86s WALL (  698338 calls)
     h_psi:calbec :   2046.00s CPU   1232.34s WALL (  698338 calls)
     s_psi_bgrp   :   3870.10s CPU   2159.62s WALL ( 1414316 calls)
     s_psi        :   3387.98s CPU   1825.85s WALL ( 1414316 calls)


     PHONON       :     22h50m CPU     16h20m WALL


   This run was terminated on:  13:31:19   6May2025            

=------------------------------------------------------------------------------=
   JOB DONE.
=------------------------------------------------------------------------------=
