
     Program PHONON v.7.3.1 starts on 14May2025 at 10:59:28 

     This program is part of the open-source Quantum ESPRESSO suite
     for quantum simulation of materials; please cite
         "P. Giannozzi et al., J. Phys.:Condens. Matter 21 395502 (2009);
         "P. Giannozzi et al., J. Phys.:Condens. Matter 29 465901 (2017);
         "P. Giannozzi et al., J. Chem. Phys. 152 154105 (2020);
          URL http://www.quantum-espresso.org", 
     in publications or presentations arising from this work. More details at
     http://www.quantum-espresso.org/quote

     Parallel version (MPI), running on     8 processors

     MPI processes distributed on     1 nodes
     58720 MiB available memory on the printing compute node when the environment starts

     Waiting for input...
     Reading input from standard input
      Title line not specified: using 'default'.

     Reading xml data from directory:

     ./tmp/CsHgI3.save/

     R & G space division:  proc/nbgrp/npool/nimage =       8
     Subspace diagonalization in iterative solution of the eigenvalue problem:
     one sub-group per band group will be used
     custom distributed-memory algorithm (size of sub-group:  2*  2 procs)

     file Cs.pbe-spn-rrkjus_psl.1.0.0.UPF: wavefunction(s)  5S 6S renormalized
     file Hg.pbe-n-rrkjus_psl.1.0.0.UPF: wavefunction(s)  6S renormalized
     file I.pbe-n-kjpaw_psl.1.0.0.UPF: wavefunction(s)  5S renormalized

     IMPORTANT: XC functional enforced from input :
     Exchange-correlation= PBE
                           (   1   4   3   4   0   0   0)
     Any further DFT definition will be discarded
     Please, verify this is what you really want


     Parallelization info
     --------------------
     sticks:   dense  smooth     PW     G-vecs:    dense   smooth      PW
     Min        1051     524    144                72621    25678    3676
     Max        1052     525    145                72624    25683    3679
     Sum        8413    4197   1153               580979   205453   29423

     Using Slab Decomposition

     Reading collected, re-writing distributed wavefunctions in ./tmp/

     Number and degeneracy of irreps per q-point
       N         xq(1)         xq(2)         xq(3)   N irreps
  autoval = -.1097E+01
     Irreps are as follows:

                     mode #   1
                     (  -0.00000   0.00000   ) 
                     (  -0.00000   0.00000   ) 
                     (  -0.00000   0.00000   ) 
                     (  -0.00000   0.00000   ) 
                     (  -0.00000   0.00000   ) 
                     (  -0.00000   0.00000   ) 
                     (  -0.08461  -0.00000   ) 
                     (  -0.04936  -0.00000   ) 
                     (   0.00000   0.00000   ) 
                     (  -0.08461  -0.00000   ) 
                     (  -0.49905  -0.00000   ) 
                     (  -0.00000  -0.00000   ) 
                     (  -0.85543  -0.00000   ) 
                     (  -0.04936  -0.00000   ) 
                     (  -0.00000   0.00000   ) 
  autoval = -.1097E+01
     Irreps are as follows:

                     mode #   2
                     (  -0.00000  -0.00000   ) 
                     (  -0.00000  -0.00000   ) 
                     (  -0.00000  -0.00000   ) 
                     (  -0.00000  -0.00000   ) 
                     (  -0.00000  -0.00000   ) 
                     (  -0.00000  -0.00000   ) 
                     (  -0.00000  -0.00000   ) 
                     (  -0.00000  -0.00000   ) 
                     (  -0.99036  -0.00000   ) 
                     (  -0.00000  -0.00000   ) 
                     (  -0.00000  -0.00000   ) 
                     (  -0.09796  -0.00000   ) 
                     (  -0.00000  -0.00000   ) 
                     (  -0.00000  -0.00000   ) 
                     (  -0.09796  -0.00000   ) 
  autoval = -.1097E+01
     Irreps are as follows:

                     mode #   3
                     (  -0.00000  -0.00000   ) 
                     (  -0.00000  -0.00000   ) 
                     (  -0.00000  -0.00000   ) 
                     (  -0.00000  -0.00000   ) 
                     (  -0.00000  -0.00000   ) 
                     (  -0.00000  -0.00000   ) 
                     (  -0.04936  -0.00000   ) 
                     (   0.08461  -0.00000   ) 
                     (   0.00000  -0.00000   ) 
                     (  -0.04936  -0.00000   ) 
                     (   0.85543  -0.00000   ) 
                     (  -0.00000  -0.00000   ) 
                     (  -0.49905  -0.00000   ) 
                     (   0.08461  -0.00000   ) 
                     (  -0.00000  -0.00000   ) 
  autoval = 0.3752E+00
     Irreps are as follows:

                     mode #   4
                     (  -0.00000  -0.00000   ) 
                     (  -0.00000  -0.00000   ) 
                     (  -0.00000  -0.00000   ) 
                     (  -1.00000  -0.00000   ) 
                     (  -0.00000  -0.00000   ) 
                     (  -0.00000  -0.00000   ) 
                     (  -0.00000  -0.00000   ) 
                     (  -0.00000  -0.00000   ) 
                     (  -0.00000  -0.00000   ) 
                     (  -0.00000  -0.00000   ) 
                     (  -0.00000  -0.00000   ) 
                     (  -0.00000  -0.00000   ) 
                     (  -0.00000  -0.00000   ) 
                     (  -0.00000  -0.00000   ) 
                     (  -0.00000  -0.00000   ) 
  autoval = 0.3752E+00
     Irreps are as follows:

                     mode #   5
                     (  -0.00000  -0.00000   ) 
                     (  -0.00000  -0.00000   ) 
                     (  -0.00000  -0.00000   ) 
                     (  -0.00000  -0.00000   ) 
                     (  -1.00000  -0.00000   ) 
                     (  -0.00000  -0.00000   ) 
                     (  -0.00000  -0.00000   ) 
                     (  -0.00000  -0.00000   ) 
                     (  -0.00000  -0.00000   ) 
                     (  -0.00000  -0.00000   ) 
                     (  -0.00000  -0.00000   ) 
                     (  -0.00000  -0.00000   ) 
                     (  -0.00000  -0.00000   ) 
                     (  -0.00000  -0.00000   ) 
                     (  -0.00000  -0.00000   ) 
  autoval = 0.3752E+00
     Irreps are as follows:

                     mode #   6
                     (  -0.00000  -0.00000   ) 
                     (  -0.00000  -0.00000   ) 
                     (  -0.00000  -0.00000   ) 
                     (  -0.00000  -0.00000   ) 
                     (  -0.00000  -0.00000   ) 
                     (  -1.00000  -0.00000   ) 
                     (  -0.00000  -0.00000   ) 
                     (  -0.00000  -0.00000   ) 
                     (  -0.00000  -0.00000   ) 
                     (  -0.00000  -0.00000   ) 
                     (  -0.00000  -0.00000   ) 
                     (  -0.00000  -0.00000   ) 
                     (  -0.00000  -0.00000   ) 
                     (  -0.00000  -0.00000   ) 
                     (  -0.00000  -0.00000   ) 
  autoval = 0.6682E+00
     Irreps are as follows:

                     mode #   7
                     (  -1.00000  -0.00000   ) 
                     (  -0.00000  -0.00000   ) 
                     (  -0.00000  -0.00000   ) 
                     (  -0.00000  -0.00000   ) 
                     (  -0.00000  -0.00000   ) 
                     (  -0.00000  -0.00000   ) 
                     (  -0.00000  -0.00000   ) 
                     (  -0.00000  -0.00000   ) 
                     (  -0.00000  -0.00000   ) 
                     (  -0.00000  -0.00000   ) 
                     (  -0.00000  -0.00000   ) 
                     (  -0.00000  -0.00000   ) 
                     (  -0.00000  -0.00000   ) 
                     (  -0.00000  -0.00000   ) 
                     (  -0.00000  -0.00000   ) 
  autoval = 0.6682E+00
     Irreps are as follows:

                     mode #   8
                     (  -0.00000  -0.00000   ) 
                     (  -0.00000  -0.00000   ) 
                     (  -1.00000  -0.00000   ) 
                     (  -0.00000  -0.00000   ) 
                     (  -0.00000  -0.00000   ) 
                     (  -0.00000  -0.00000   ) 
                     (  -0.00000  -0.00000   ) 
                     (  -0.00000  -0.00000   ) 
                     (  -0.00000  -0.00000   ) 
                     (  -0.00000  -0.00000   ) 
                     (  -0.00000  -0.00000   ) 
                     (  -0.00000  -0.00000   ) 
                     (  -0.00000  -0.00000   ) 
                     (  -0.00000  -0.00000   ) 
                     (  -0.00000  -0.00000   ) 
  autoval = 0.6682E+00
     Irreps are as follows:

                     mode #   9
                     (  -0.00000  -0.00000   ) 
                     (  -1.00000  -0.00000   ) 
                     (  -0.00000  -0.00000   ) 
                     (  -0.00000  -0.00000   ) 
                     (  -0.00000  -0.00000   ) 
                     (  -0.00000  -0.00000   ) 
                     (  -0.00000  -0.00000   ) 
                     (  -0.00000  -0.00000   ) 
                     (  -0.00000  -0.00000   ) 
                     (  -0.00000  -0.00000   ) 
                     (  -0.00000  -0.00000   ) 
                     (  -0.00000  -0.00000   ) 
                     (  -0.00000  -0.00000   ) 
                     (  -0.00000  -0.00000   ) 
                     (  -0.00000  -0.00000   ) 
  autoval = 0.1010E+01
     Irreps are as follows:

                     mode #  10
                     (  -0.00000   0.00000   ) 
                     (  -0.00000   0.00000   ) 
                     (  -0.00000   0.00000   ) 
                     (  -0.00000   0.00000   ) 
                     (  -0.00000   0.00000   ) 
                     (  -0.00000   0.00000   ) 
                     (  -0.69978  -0.00000   ) 
                     (   0.02678   0.00000   ) 
                     (  -0.00000  -0.00000   ) 
                     (  -0.69978  -0.00000   ) 
                     (  -0.00530  -0.00000   ) 
                     (   0.00000   0.00000   ) 
                     (   0.13843   0.00000   ) 
                     (   0.02678   0.00000   ) 
                     (  -0.00000   0.00000   ) 
  autoval = 0.1010E+01
     Irreps are as follows:

                     mode #  11
                     (  -0.00000  -0.00000   ) 
                     (  -0.00000  -0.00000   ) 
                     (  -0.00000  -0.00000   ) 
                     (  -0.00000  -0.00000   ) 
                     (  -0.00000  -0.00000   ) 
                     (  -0.00000  -0.00000   ) 
                     (  -0.02678  -0.00000   ) 
                     (  -0.69978  -0.00000   ) 
                     (   0.00000  -0.00000   ) 
                     (  -0.02678  -0.00000   ) 
                     (   0.13843  -0.00000   ) 
                     (  -0.00000  -0.00000   ) 
                     (   0.00530  -0.00000   ) 
                     (  -0.69978  -0.00000   ) 
                     (  -0.00000  -0.00000   ) 
  autoval = 0.1010E+01
     Irreps are as follows:

                     mode #  12
                     (   0.00000  -0.00000   ) 
                     (   0.00000  -0.00000   ) 
                     (   0.00000  -0.00000   ) 
                     (   0.00000  -0.00000   ) 
                     (   0.00000  -0.00000   ) 
                     (   0.00000  -0.00000   ) 
                     (   0.00000  -0.00000   ) 
                     (   0.00000  -0.00000   ) 
                     (  -0.13853  -0.00000   ) 
                     (   0.00000  -0.00000   ) 
                     (   0.00000  -0.00000   ) 
                     (   0.70029   0.00000   ) 
                     (   0.00000  -0.00000   ) 
                     (  -0.00000  -0.00000   ) 
                     (   0.70029  -0.00000   ) 
  autoval = 0.1803E+01
     Irreps are as follows:

                     mode #  13
                     (  -0.00000  -0.00000   ) 
                     (  -0.00000  -0.00000   ) 
                     (  -0.00000  -0.00000   ) 
                     (  -0.00000  -0.00000   ) 
                     (  -0.00000  -0.00000   ) 
                     (  -0.00000  -0.00000   ) 
                     (  -0.70708  -0.00000   ) 
                     (   0.00580  -0.00000   ) 
                     (   0.00000  -0.00000   ) 
                     (   0.70708  -0.00000   ) 
                     (   0.00000  -0.00000   ) 
                     (   0.00000  -0.00000   ) 
                     (   0.00000  -0.00000   ) 
                     (  -0.00580  -0.00000   ) 
                     (  -0.00000  -0.00000   ) 
  autoval = 0.1803E+01
     Irreps are as follows:

                     mode #  14
                     (  -0.00000   0.00000   ) 
                     (  -0.00000   0.00000   ) 
                     (  -0.00000   0.00000   ) 
                     (  -0.00000   0.00000   ) 
                     (  -0.00000   0.00000   ) 
                     (  -0.00000   0.00000   ) 
                     (  -0.00000   0.00000   ) 
                     (  -0.00000   0.00000   ) 
                     (  -0.00000  -0.00000   ) 
                     (  -0.00000   0.00000   ) 
                     (  -0.00000   0.00000   ) 
                     (  -0.70711  -0.00000   ) 
                     (  -0.00000   0.00000   ) 
                     (   0.00000   0.00000   ) 
                     (   0.70711   0.00000   ) 
  autoval = 0.1803E+01
     Irreps are as follows:

                     mode #  15
                     (  -0.00000  -0.00000   ) 
                     (  -0.00000  -0.00000   ) 
                     (  -0.00000  -0.00000   ) 
                     (  -0.00000  -0.00000   ) 
                     (  -0.00000  -0.00000   ) 
                     (  -0.00000  -0.00000   ) 
                     (  -0.00580  -0.00000   ) 
                     (  -0.70708  -0.00000   ) 
                     (  -0.00000  -0.00000   ) 
                     (   0.00580  -0.00000   ) 
                     (  -0.00000  -0.00000   ) 
                     (   0.00000  -0.00000   ) 
                     (  -0.00000  -0.00000   ) 
                     (   0.70708  -0.00000   ) 
                     (  -0.00000  -0.00000   ) 
       1   0.000000000   0.000000000   0.000000000       5
        3   3   3   3   3

     Calculation of q =    0.0000000   0.0000000   0.0000000

     default                                                                    

     bravais-lattice index     =            0
     lattice parameter (alat)  =      11.4961  a.u.
     unit-cell volume          =    1519.3344 (a.u.)^3
     number of atoms/cell      =            5
     number of atomic types    =            3
     kinetic-energy cut-off    =     100.0000  Ry
     charge density cut-off    =     800.0000  Ry
     convergence threshold     =      1.0E-14
     beta                      =       0.5000
     number of iterations used =            4
     Exchange-correlation= PBE
                           (   1   4   3   4   0   0   0)


     celldm(1)=   11.49612  celldm(2)=    0.00000  celldm(3)=    0.00000
     celldm(4)=    0.00000  celldm(5)=    0.00000  celldm(6)=    0.00000

     crystal axes: (cart. coord. in units of alat)
               a(1) = (  1.0000  0.0000  0.0000 )  
               a(2) = (  0.0000  1.0000  0.0000 )  
               a(3) = (  0.0000  0.0000  1.0000 )  

     reciprocal axes: (cart. coord. in units 2 pi/alat)
               b(1) = (  1.0000  0.0000  0.0000 )  
               b(2) = (  0.0000  1.0000  0.0000 )  
               b(3) = (  0.0000  0.0000  1.0000 )  


     Atoms inside the unit cell: 

     Cartesian axes

     site n.  atom      mass           positions (alat units)
        1  Cs    132.9055   tau(    1) = (    0.00000    0.00000    0.00000  )
        2  Hg    200.5920   tau(    2) = (    0.50000    0.50000    0.50000  )
        3  I     126.9045   tau(    3) = (    0.50000    0.50000    0.00000  )
        4  I     126.9045   tau(    4) = (    0.50000    0.00000    0.50000  )
        5  I     126.9045   tau(    5) = (    0.00000    0.50000    0.50000  )

     Computing dynamical matrix for 
                    q = (   0.0000000   0.0000000   0.0000000 )

     49 Sym.Ops. (with q -> -q+G )

                                    s                        frac. trans.

      isym =  1     identity                                     

 cryst.   s( 1) = (     1          0          0      )
                  (     0          1          0      )
                  (     0          0          1      )

 cart.    s( 1) = (  1.0000000  0.0000000  0.0000000 )
                  (  0.0000000  1.0000000  0.0000000 )
                  (  0.0000000  0.0000000  1.0000000 )


      isym =  2     180 deg rotation - cart. axis [0,0,1]        

 cryst.   s( 2) = (    -1          0          0      )
                  (     0         -1          0      )
                  (     0          0          1      )

 cart.    s( 2) = ( -1.0000000  0.0000000  0.0000000 )
                  (  0.0000000 -1.0000000  0.0000000 )
                  (  0.0000000  0.0000000  1.0000000 )


      isym =  3     180 deg rotation - cart. axis [0,1,0]        

 cryst.   s( 3) = (    -1          0          0      )
                  (     0          1          0      )
                  (     0          0         -1      )

 cart.    s( 3) = ( -1.0000000  0.0000000  0.0000000 )
                  (  0.0000000  1.0000000  0.0000000 )
                  (  0.0000000  0.0000000 -1.0000000 )


      isym =  4     180 deg rotation - cart. axis [1,0,0]        

 cryst.   s( 4) = (     1          0          0      )
                  (     0         -1          0      )
                  (     0          0         -1      )

 cart.    s( 4) = (  1.0000000  0.0000000  0.0000000 )
                  (  0.0000000 -1.0000000  0.0000000 )
                  (  0.0000000  0.0000000 -1.0000000 )


      isym =  5     180 deg rotation - cart. axis [1,1,0]        

 cryst.   s( 5) = (     0          1          0      )
                  (     1          0          0      )
                  (     0          0         -1      )

 cart.    s( 5) = (  0.0000000  1.0000000  0.0000000 )
                  (  1.0000000  0.0000000  0.0000000 )
                  (  0.0000000  0.0000000 -1.0000000 )


      isym =  6     180 deg rotation - cart. axis [1,-1,0]       

 cryst.   s( 6) = (     0         -1          0      )
                  (    -1          0          0      )
                  (     0          0         -1      )

 cart.    s( 6) = (  0.0000000 -1.0000000  0.0000000 )
                  ( -1.0000000  0.0000000  0.0000000 )
                  (  0.0000000  0.0000000 -1.0000000 )


      isym =  7      90 deg rotation - cart. axis [0,0,-1]       

 cryst.   s( 7) = (     0         -1          0      )
                  (     1          0          0      )
                  (     0          0          1      )

 cart.    s( 7) = (  0.0000000  1.0000000  0.0000000 )
                  ( -1.0000000  0.0000000  0.0000000 )
                  (  0.0000000  0.0000000  1.0000000 )


      isym =  8      90 deg rotation - cart. axis [0,0,1]        

 cryst.   s( 8) = (     0          1          0      )
                  (    -1          0          0      )
                  (     0          0          1      )

 cart.    s( 8) = (  0.0000000 -1.0000000  0.0000000 )
                  (  1.0000000  0.0000000  0.0000000 )
                  (  0.0000000  0.0000000  1.0000000 )


      isym =  9     180 deg rotation - cart. axis [1,0,1]        

 cryst.   s( 9) = (     0          0          1      )
                  (     0         -1          0      )
                  (     1          0          0      )

 cart.    s( 9) = (  0.0000000  0.0000000  1.0000000 )
                  (  0.0000000 -1.0000000  0.0000000 )
                  (  1.0000000  0.0000000  0.0000000 )


      isym = 10     180 deg rotation - cart. axis [-1,0,1]       

 cryst.   s(10) = (     0          0         -1      )
                  (     0         -1          0      )
                  (    -1          0          0      )

 cart.    s(10) = (  0.0000000  0.0000000 -1.0000000 )
                  (  0.0000000 -1.0000000  0.0000000 )
                  ( -1.0000000  0.0000000  0.0000000 )


      isym = 11      90 deg rotation - cart. axis [0,1,0]        

 cryst.   s(11) = (     0          0         -1      )
                  (     0          1          0      )
                  (     1          0          0      )

 cart.    s(11) = (  0.0000000  0.0000000  1.0000000 )
                  (  0.0000000  1.0000000  0.0000000 )
                  ( -1.0000000  0.0000000  0.0000000 )


      isym = 12      90 deg rotation - cart. axis [0,-1,0]       

 cryst.   s(12) = (     0          0          1      )
                  (     0          1          0      )
                  (    -1          0          0      )

 cart.    s(12) = (  0.0000000  0.0000000 -1.0000000 )
                  (  0.0000000  1.0000000  0.0000000 )
                  (  1.0000000  0.0000000  0.0000000 )


      isym = 13     180 deg rotation - cart. axis [0,1,1]        

 cryst.   s(13) = (    -1          0          0      )
                  (     0          0          1      )
                  (     0          1          0      )

 cart.    s(13) = ( -1.0000000  0.0000000  0.0000000 )
                  (  0.0000000  0.0000000  1.0000000 )
                  (  0.0000000  1.0000000  0.0000000 )


      isym = 14     180 deg rotation - cart. axis [0,1,-1]       

 cryst.   s(14) = (    -1          0          0      )
                  (     0          0         -1      )
                  (     0         -1          0      )

 cart.    s(14) = ( -1.0000000  0.0000000  0.0000000 )
                  (  0.0000000  0.0000000 -1.0000000 )
                  (  0.0000000 -1.0000000  0.0000000 )


      isym = 15      90 deg rotation - cart. axis [-1,0,0]       

 cryst.   s(15) = (     1          0          0      )
                  (     0          0         -1      )
                  (     0          1          0      )

 cart.    s(15) = (  1.0000000  0.0000000  0.0000000 )
                  (  0.0000000  0.0000000  1.0000000 )
                  (  0.0000000 -1.0000000  0.0000000 )


      isym = 16      90 deg rotation - cart. axis [1,0,0]        

 cryst.   s(16) = (     1          0          0      )
                  (     0          0          1      )
                  (     0         -1          0      )

 cart.    s(16) = (  1.0000000  0.0000000  0.0000000 )
                  (  0.0000000  0.0000000 -1.0000000 )
                  (  0.0000000  1.0000000  0.0000000 )


      isym = 17     120 deg rotation - cart. axis [-1,-1,-1]     

 cryst.   s(17) = (     0          0          1      )
                  (     1          0          0      )
                  (     0          1          0      )

 cart.    s(17) = (  0.0000000  1.0000000  0.0000000 )
                  (  0.0000000  0.0000000  1.0000000 )
                  (  1.0000000  0.0000000  0.0000000 )


      isym = 18     120 deg rotation - cart. axis [-1,1,1]       

 cryst.   s(18) = (     0          0         -1      )
                  (    -1          0          0      )
                  (     0          1          0      )

 cart.    s(18) = (  0.0000000 -1.0000000  0.0000000 )
                  (  0.0000000  0.0000000  1.0000000 )
                  ( -1.0000000  0.0000000  0.0000000 )


      isym = 19     120 deg rotation - cart. axis [1,1,-1]       

 cryst.   s(19) = (     0          0         -1      )
                  (     1          0          0      )
                  (     0         -1          0      )

 cart.    s(19) = (  0.0000000  1.0000000  0.0000000 )
                  (  0.0000000  0.0000000 -1.0000000 )
                  ( -1.0000000  0.0000000  0.0000000 )


      isym = 20     120 deg rotation - cart. axis [1,-1,1]       

 cryst.   s(20) = (     0          0          1      )
                  (    -1          0          0      )
                  (     0         -1          0      )

 cart.    s(20) = (  0.0000000 -1.0000000  0.0000000 )
                  (  0.0000000  0.0000000 -1.0000000 )
                  (  1.0000000  0.0000000  0.0000000 )


      isym = 21     120 deg rotation - cart. axis [1,1,1]        

 cryst.   s(21) = (     0          1          0      )
                  (     0          0          1      )
                  (     1          0          0      )

 cart.    s(21) = (  0.0000000  0.0000000  1.0000000 )
                  (  1.0000000  0.0000000  0.0000000 )
                  (  0.0000000  1.0000000  0.0000000 )


      isym = 22     120 deg rotation - cart. axis [-1,1,-1]      

 cryst.   s(22) = (     0         -1          0      )
                  (     0          0         -1      )
                  (     1          0          0      )

 cart.    s(22) = (  0.0000000  0.0000000  1.0000000 )
                  ( -1.0000000  0.0000000  0.0000000 )
                  (  0.0000000 -1.0000000  0.0000000 )


      isym = 23     120 deg rotation - cart. axis [1,-1,-1]      

 cryst.   s(23) = (     0         -1          0      )
                  (     0          0          1      )
                  (    -1          0          0      )

 cart.    s(23) = (  0.0000000  0.0000000 -1.0000000 )
                  ( -1.0000000  0.0000000  0.0000000 )
                  (  0.0000000  1.0000000  0.0000000 )


      isym = 24     120 deg rotation - cart. axis [-1,-1,1]      

 cryst.   s(24) = (     0          1          0      )
                  (     0          0         -1      )
                  (    -1          0          0      )

 cart.    s(24) = (  0.0000000  0.0000000 -1.0000000 )
                  (  1.0000000  0.0000000  0.0000000 )
                  (  0.0000000 -1.0000000  0.0000000 )


      isym = 25     inversion                                    

 cryst.   s(25) = (    -1          0          0      )
                  (     0         -1          0      )
                  (     0          0         -1      )

 cart.    s(25) = ( -1.0000000  0.0000000  0.0000000 )
                  (  0.0000000 -1.0000000  0.0000000 )
                  (  0.0000000  0.0000000 -1.0000000 )


      isym = 26     inv. 180 deg rotation - cart. axis [0,0,1]   

 cryst.   s(26) = (     1          0          0      )
                  (     0          1          0      )
                  (     0          0         -1      )

 cart.    s(26) = (  1.0000000  0.0000000  0.0000000 )
                  (  0.0000000  1.0000000  0.0000000 )
                  (  0.0000000  0.0000000 -1.0000000 )


      isym = 27     inv. 180 deg rotation - cart. axis [0,1,0]   

 cryst.   s(27) = (     1          0          0      )
                  (     0         -1          0      )
                  (     0          0          1      )

 cart.    s(27) = (  1.0000000  0.0000000  0.0000000 )
                  (  0.0000000 -1.0000000  0.0000000 )
                  (  0.0000000  0.0000000  1.0000000 )


      isym = 28     inv. 180 deg rotation - cart. axis [1,0,0]   

 cryst.   s(28) = (    -1          0          0      )
                  (     0          1          0      )
                  (     0          0          1      )

 cart.    s(28) = ( -1.0000000  0.0000000  0.0000000 )
                  (  0.0000000  1.0000000  0.0000000 )
                  (  0.0000000  0.0000000  1.0000000 )


      isym = 29     inv. 180 deg rotation - cart. axis [1,1,0]   

 cryst.   s(29) = (     0         -1          0      )
                  (    -1          0          0      )
                  (     0          0          1      )

 cart.    s(29) = (  0.0000000 -1.0000000  0.0000000 )
                  ( -1.0000000  0.0000000  0.0000000 )
                  (  0.0000000  0.0000000  1.0000000 )


      isym = 30     inv. 180 deg rotation - cart. axis [1,-1,0]  

 cryst.   s(30) = (     0          1          0      )
                  (     1          0          0      )
                  (     0          0          1      )

 cart.    s(30) = (  0.0000000  1.0000000  0.0000000 )
                  (  1.0000000  0.0000000  0.0000000 )
                  (  0.0000000  0.0000000  1.0000000 )


      isym = 31     inv.  90 deg rotation - cart. axis [0,0,-1]  

 cryst.   s(31) = (     0          1          0      )
                  (    -1          0          0      )
                  (     0          0         -1      )

 cart.    s(31) = (  0.0000000 -1.0000000  0.0000000 )
                  (  1.0000000  0.0000000  0.0000000 )
                  (  0.0000000  0.0000000 -1.0000000 )


      isym = 32     inv.  90 deg rotation - cart. axis [0,0,1]   

 cryst.   s(32) = (     0         -1          0      )
                  (     1          0          0      )
                  (     0          0         -1      )

 cart.    s(32) = (  0.0000000  1.0000000  0.0000000 )
                  ( -1.0000000  0.0000000  0.0000000 )
                  (  0.0000000  0.0000000 -1.0000000 )


      isym = 33     inv. 180 deg rotation - cart. axis [1,0,1]   

 cryst.   s(33) = (     0          0         -1      )
                  (     0          1          0      )
                  (    -1          0          0      )

 cart.    s(33) = (  0.0000000  0.0000000 -1.0000000 )
                  (  0.0000000  1.0000000  0.0000000 )
                  ( -1.0000000  0.0000000  0.0000000 )


      isym = 34     inv. 180 deg rotation - cart. axis [-1,0,1]  

 cryst.   s(34) = (     0          0          1      )
                  (     0          1          0      )
                  (     1          0          0      )

 cart.    s(34) = (  0.0000000  0.0000000  1.0000000 )
                  (  0.0000000  1.0000000  0.0000000 )
                  (  1.0000000  0.0000000  0.0000000 )


      isym = 35     inv.  90 deg rotation - cart. axis [0,1,0]   

 cryst.   s(35) = (     0          0          1      )
                  (     0         -1          0      )
                  (    -1          0          0      )

 cart.    s(35) = (  0.0000000  0.0000000 -1.0000000 )
                  (  0.0000000 -1.0000000  0.0000000 )
                  (  1.0000000  0.0000000  0.0000000 )


      isym = 36     inv.  90 deg rotation - cart. axis [0,-1,0]  

 cryst.   s(36) = (     0          0         -1      )
                  (     0         -1          0      )
                  (     1          0          0      )

 cart.    s(36) = (  0.0000000  0.0000000  1.0000000 )
                  (  0.0000000 -1.0000000  0.0000000 )
                  ( -1.0000000  0.0000000  0.0000000 )


      isym = 37     inv. 180 deg rotation - cart. axis [0,1,1]   

 cryst.   s(37) = (     1          0          0      )
                  (     0          0         -1      )
                  (     0         -1          0      )

 cart.    s(37) = (  1.0000000  0.0000000  0.0000000 )
                  (  0.0000000  0.0000000 -1.0000000 )
                  (  0.0000000 -1.0000000  0.0000000 )


      isym = 38     inv. 180 deg rotation - cart. axis [0,1,-1]  

 cryst.   s(38) = (     1          0          0      )
                  (     0          0          1      )
                  (     0          1          0      )

 cart.    s(38) = (  1.0000000  0.0000000  0.0000000 )
                  (  0.0000000  0.0000000  1.0000000 )
                  (  0.0000000  1.0000000  0.0000000 )


      isym = 39     inv.  90 deg rotation - cart. axis [-1,0,0]  

 cryst.   s(39) = (    -1          0          0      )
                  (     0          0          1      )
                  (     0         -1          0      )

 cart.    s(39) = ( -1.0000000  0.0000000  0.0000000 )
                  (  0.0000000  0.0000000 -1.0000000 )
                  (  0.0000000  1.0000000  0.0000000 )


      isym = 40     inv.  90 deg rotation - cart. axis [1,0,0]   

 cryst.   s(40) = (    -1          0          0      )
                  (     0          0         -1      )
                  (     0          1          0      )

 cart.    s(40) = ( -1.0000000  0.0000000  0.0000000 )
                  (  0.0000000  0.0000000  1.0000000 )
                  (  0.0000000 -1.0000000  0.0000000 )


      isym = 41     inv. 120 deg rotation - cart. axis [-1,-1,-1]

 cryst.   s(41) = (     0          0         -1      )
                  (    -1          0          0      )
                  (     0         -1          0      )

 cart.    s(41) = (  0.0000000 -1.0000000  0.0000000 )
                  (  0.0000000  0.0000000 -1.0000000 )
                  ( -1.0000000  0.0000000  0.0000000 )


      isym = 42     inv. 120 deg rotation - cart. axis [-1,1,1]  

 cryst.   s(42) = (     0          0          1      )
                  (     1          0          0      )
                  (     0         -1          0      )

 cart.    s(42) = (  0.0000000  1.0000000  0.0000000 )
                  (  0.0000000  0.0000000 -1.0000000 )
                  (  1.0000000  0.0000000  0.0000000 )


      isym = 43     inv. 120 deg rotation - cart. axis [1,1,-1]  

 cryst.   s(43) = (     0          0          1      )
                  (    -1          0          0      )
                  (     0          1          0      )

 cart.    s(43) = (  0.0000000 -1.0000000  0.0000000 )
                  (  0.0000000  0.0000000  1.0000000 )
                  (  1.0000000  0.0000000  0.0000000 )


      isym = 44     inv. 120 deg rotation - cart. axis [1,-1,1]  

 cryst.   s(44) = (     0          0         -1      )
                  (     1          0          0      )
                  (     0          1          0      )

 cart.    s(44) = (  0.0000000  1.0000000  0.0000000 )
                  (  0.0000000  0.0000000  1.0000000 )
                  ( -1.0000000  0.0000000  0.0000000 )


      isym = 45     inv. 120 deg rotation - cart. axis [1,1,1]   

 cryst.   s(45) = (     0         -1          0      )
                  (     0          0         -1      )
                  (    -1          0          0      )

 cart.    s(45) = (  0.0000000  0.0000000 -1.0000000 )
                  ( -1.0000000  0.0000000  0.0000000 )
                  (  0.0000000 -1.0000000  0.0000000 )


      isym = 46     inv. 120 deg rotation - cart. axis [-1,1,-1] 

 cryst.   s(46) = (     0          1          0      )
                  (     0          0          1      )
                  (    -1          0          0      )

 cart.    s(46) = (  0.0000000  0.0000000 -1.0000000 )
                  (  1.0000000  0.0000000  0.0000000 )
                  (  0.0000000  1.0000000  0.0000000 )


      isym = 47     inv. 120 deg rotation - cart. axis [1,-1,-1] 

 cryst.   s(47) = (     0          1          0      )
                  (     0          0         -1      )
                  (     1          0          0      )

 cart.    s(47) = (  0.0000000  0.0000000  1.0000000 )
                  (  1.0000000  0.0000000  0.0000000 )
                  (  0.0000000 -1.0000000  0.0000000 )


      isym = 48     inv. 120 deg rotation - cart. axis [-1,-1,1] 

 cryst.   s(48) = (     0         -1          0      )
                  (     0          0          1      )
                  (     1          0          0      )

 cart.    s(48) = (  0.0000000  0.0000000  1.0000000 )
                  ( -1.0000000  0.0000000  0.0000000 )
                  (  0.0000000  1.0000000  0.0000000 )


     This transformation sends q -> -q+G

      isym = 49     identity                                     

 cryst.   s(49) = (     1          0          0      )
                  (     0          1          0      )
                  (     0          0          1      )

 cart.    s(49) = (  1.0000000  0.0000000  0.0000000 )
                  (  0.0000000  1.0000000  0.0000000 )
                  (  0.0000000  0.0000000  1.0000000 )


     G cutoff = 2678.1352  (  72623 G-vectors)     FFT grid: (108,108,108)
     G cutoff = 1339.0676  (  25680 G-vectors)  smooth grid: ( 75, 75, 75)

     number of k points=    35  Gaussian smearing, width (Ry)=  0.0050
                       cart. coord. in units 2pi/alat
        k(    1) = (   0.0000000   0.0000000   0.0000000), wk =   0.0039062
        k(    2) = (   0.0000000   0.0000000   0.1250000), wk =   0.0234375
        k(    3) = (   0.0000000   0.0000000   0.2500000), wk =   0.0234375
        k(    4) = (   0.0000000   0.0000000   0.3750000), wk =   0.0234375
        k(    5) = (   0.0000000   0.0000000  -0.5000000), wk =   0.0117188
        k(    6) = (   0.0000000   0.1250000   0.1250000), wk =   0.0468750
        k(    7) = (   0.0000000   0.1250000   0.2500000), wk =   0.0937500
        k(    8) = (   0.0000000   0.1250000   0.3750000), wk =   0.0937500
        k(    9) = (   0.0000000   0.1250000  -0.5000000), wk =   0.0468750
        k(   10) = (   0.0000000   0.2500000   0.2500000), wk =   0.0468750
        k(   11) = (   0.0000000   0.2500000   0.3750000), wk =   0.0937500
        k(   12) = (   0.0000000   0.2500000  -0.5000000), wk =   0.0468750
        k(   13) = (   0.0000000   0.3750000   0.3750000), wk =   0.0468750
        k(   14) = (   0.0000000   0.3750000  -0.5000000), wk =   0.0468750
        k(   15) = (   0.0000000  -0.5000000  -0.5000000), wk =   0.0117188
        k(   16) = (   0.1250000   0.1250000   0.1250000), wk =   0.0312500
        k(   17) = (   0.1250000   0.1250000   0.2500000), wk =   0.0937500
        k(   18) = (   0.1250000   0.1250000   0.3750000), wk =   0.0937500
        k(   19) = (   0.1250000   0.1250000  -0.5000000), wk =   0.0468750
        k(   20) = (   0.1250000   0.2500000   0.2500000), wk =   0.0937500
        k(   21) = (   0.1250000   0.2500000   0.3750000), wk =   0.1875000
        k(   22) = (   0.1250000   0.2500000  -0.5000000), wk =   0.0937500
        k(   23) = (   0.1250000   0.3750000   0.3750000), wk =   0.0937500
        k(   24) = (   0.1250000   0.3750000  -0.5000000), wk =   0.0937500
        k(   25) = (   0.1250000  -0.5000000  -0.5000000), wk =   0.0234375
        k(   26) = (   0.2500000   0.2500000   0.2500000), wk =   0.0312500
        k(   27) = (   0.2500000   0.2500000   0.3750000), wk =   0.0937500
        k(   28) = (   0.2500000   0.2500000  -0.5000000), wk =   0.0468750
        k(   29) = (   0.2500000   0.3750000   0.3750000), wk =   0.0937500
        k(   30) = (   0.2500000   0.3750000  -0.5000000), wk =   0.0937500
        k(   31) = (   0.2500000  -0.5000000  -0.5000000), wk =   0.0234375
        k(   32) = (   0.3750000   0.3750000   0.3750000), wk =   0.0312500
        k(   33) = (   0.3750000   0.3750000  -0.5000000), wk =   0.0468750
        k(   34) = (   0.3750000  -0.5000000  -0.5000000), wk =   0.0234375
        k(   35) = (  -0.5000000  -0.5000000  -0.5000000), wk =   0.0039062

                       cryst. coord.
        k(    1) = (   0.0000000   0.0000000   0.0000000), wk =   0.0039062
        k(    2) = (   0.0000000   0.0000000   0.1250000), wk =   0.0234375
        k(    3) = (   0.0000000   0.0000000   0.2500000), wk =   0.0234375
        k(    4) = (   0.0000000   0.0000000   0.3750000), wk =   0.0234375
        k(    5) = (   0.0000000   0.0000000  -0.5000000), wk =   0.0117188
        k(    6) = (   0.0000000   0.1250000   0.1250000), wk =   0.0468750
        k(    7) = (   0.0000000   0.1250000   0.2500000), wk =   0.0937500
        k(    8) = (   0.0000000   0.1250000   0.3750000), wk =   0.0937500
        k(    9) = (   0.0000000   0.1250000  -0.5000000), wk =   0.0468750
        k(   10) = (   0.0000000   0.2500000   0.2500000), wk =   0.0468750
        k(   11) = (   0.0000000   0.2500000   0.3750000), wk =   0.0937500
        k(   12) = (   0.0000000   0.2500000  -0.5000000), wk =   0.0468750
        k(   13) = (   0.0000000   0.3750000   0.3750000), wk =   0.0468750
        k(   14) = (   0.0000000   0.3750000  -0.5000000), wk =   0.0468750
        k(   15) = (   0.0000000  -0.5000000  -0.5000000), wk =   0.0117188
        k(   16) = (   0.1250000   0.1250000   0.1250000), wk =   0.0312500
        k(   17) = (   0.1250000   0.1250000   0.2500000), wk =   0.0937500
        k(   18) = (   0.1250000   0.1250000   0.3750000), wk =   0.0937500
        k(   19) = (   0.1250000   0.1250000  -0.5000000), wk =   0.0468750
        k(   20) = (   0.1250000   0.2500000   0.2500000), wk =   0.0937500
        k(   21) = (   0.1250000   0.2500000   0.3750000), wk =   0.1875000
        k(   22) = (   0.1250000   0.2500000  -0.5000000), wk =   0.0937500
        k(   23) = (   0.1250000   0.3750000   0.3750000), wk =   0.0937500
        k(   24) = (   0.1250000   0.3750000  -0.5000000), wk =   0.0937500
        k(   25) = (   0.1250000  -0.5000000  -0.5000000), wk =   0.0234375
        k(   26) = (   0.2500000   0.2500000   0.2500000), wk =   0.0312500
        k(   27) = (   0.2500000   0.2500000   0.3750000), wk =   0.0937500
        k(   28) = (   0.2500000   0.2500000  -0.5000000), wk =   0.0468750
        k(   29) = (   0.2500000   0.3750000   0.3750000), wk =   0.0937500
        k(   30) = (   0.2500000   0.3750000  -0.5000000), wk =   0.0937500
        k(   31) = (   0.2500000  -0.5000000  -0.5000000), wk =   0.0234375
        k(   32) = (   0.3750000   0.3750000   0.3750000), wk =   0.0312500
        k(   33) = (   0.3750000   0.3750000  -0.5000000), wk =   0.0468750
        k(   34) = (   0.3750000  -0.5000000  -0.5000000), wk =   0.0234375
        k(   35) = (  -0.5000000  -0.5000000  -0.5000000), wk =   0.0039062

     PseudoPot. # 1 for Cs read from file:
     /home/administrator/Downloads/BURAI/BURAI1.3/pseudopot/Cs.pbe-spn-rrkjus_psl.1.0.0.UPF
     MD5 check sum: 0e4a2db85f86c9a13762b1b689b65a6d
     Pseudo is Ultrasoft + core correction, Zval =  9.0
     Generated using "atomic" code by A. Dal Corso  v.5.1.2
     Using radial grid of 1251 points,  9 beta functions with: 
                l(1) =   0
                l(2) =   0
                l(3) =   0
                l(4) =   1
                l(5) =   1
                l(6) =   2
                l(7) =   2
                l(8) =   3
                l(9) =   3
     Q(r) pseudized with 0 coefficients 


     PseudoPot. # 2 for Hg read from file:
     /home/administrator/Downloads/BURAI/BURAI1.3/pseudopot/Hg.pbe-n-rrkjus_psl.1.0.0.UPF
     MD5 check sum: f04d2c262d1abdd3305243a1878853ce
     Pseudo is Ultrasoft + core correction, Zval = 12.0
     Generated using "atomic" code by A. Dal Corso  v.5.1.2
     Using radial grid of 1279 points,  6 beta functions with: 
                l(1) =   0
                l(2) =   0
                l(3) =   1
                l(4) =   1
                l(5) =   2
                l(6) =   2
     Q(r) pseudized with 0 coefficients 


     PseudoPot. # 3 for I  read from file:
     /home/administrator/Downloads/BURAI/BURAI1.3/pseudopot/I.pbe-n-kjpaw_psl.1.0.0.UPF
     MD5 check sum: e1b2a55c91904a364f23c37cb15bc296
     Pseudo is Projector augmented-wave + core cor, Zval =  7.0
     Generated using "atomic" code by A. Dal Corso  v.5.1.2
     Shape of augmentation charge: PSQ
     Using radial grid of 1247 points,  6 beta functions with: 
                l(1) =   0
                l(2) =   0
                l(3) =   1
                l(4) =   1
                l(5) =   2
                l(6) =   2
     Q(r) pseudized with 0 coefficients 


     point group O_h (m-3m) 
     there are 10 classes
     the character table:

       E     8C3   3C2   6C4   6C2'  i     8S6   3s_h  6S4   6s_d 
A_1g   1.00  1.00  1.00  1.00  1.00  1.00  1.00  1.00  1.00  1.00
A_2g   1.00  1.00  1.00 -1.00 -1.00  1.00  1.00  1.00 -1.00 -1.00
E_g    2.00 -1.00  2.00  0.00  0.00  2.00 -1.00  2.00  0.00  0.00
T_1g   3.00  0.00 -1.00  1.00 -1.00  3.00  0.00 -1.00  1.00 -1.00
T_2g   3.00  0.00 -1.00 -1.00  1.00  3.00  0.00 -1.00 -1.00  1.00
A_1u   1.00  1.00  1.00  1.00  1.00 -1.00 -1.00 -1.00 -1.00 -1.00
A_2u   1.00  1.00  1.00 -1.00 -1.00 -1.00 -1.00 -1.00  1.00  1.00
E_u    2.00 -1.00  2.00  0.00  0.00 -2.00  1.00 -2.00  0.00  0.00
T_1u   3.00  0.00 -1.00  1.00 -1.00 -3.00  0.00  1.00 -1.00  1.00
T_2u   3.00  0.00 -1.00 -1.00  1.00 -3.00  0.00  1.00  1.00 -1.00

     the symmetry operations in each class and the name of the first element:

     E        1
                                                                 
     8C3     17   19   20   18   24   21   22   23
                                                                 
     3C2      2    4    3
                                                                 
     6C4      7    8   15   16   12   11
                                                                 
     6C2'     5    6   14   13   10    9
                                                                 
     i       25
                                                                 
     8S6     41   43   44   42   48   45   46   47
                                                                 
     3s_h    26   28   27
                                                                 
     6S4     31   32   39   40   36   35
                                                                 
     6s_d    29   30   38   37   34   33
                                                                 


     Atomic displacements:
     There are    5 irreducible representations

     Representation     1      3 modes -  To be done
     Irreps are as follows:

     mode #   1              mode #   2              mode #   3
     (  -0.00000   0.00000 ) (  -0.00000  -0.00000 ) (  -0.00000  -0.00000 ) 
     (  -0.00000   0.00000 ) (  -0.00000  -0.00000 ) (  -0.00000  -0.00000 ) 
     (  -0.00000   0.00000 ) (  -0.00000  -0.00000 ) (  -0.00000  -0.00000 ) 
     (  -0.00000   0.00000 ) (  -0.00000  -0.00000 ) (  -0.00000  -0.00000 ) 
     (  -0.00000   0.00000 ) (  -0.00000  -0.00000 ) (  -0.00000  -0.00000 ) 
     (  -0.00000   0.00000 ) (  -0.00000  -0.00000 ) (  -0.00000  -0.00000 ) 
     (  -0.08461  -0.00000 ) (  -0.00000  -0.00000 ) (  -0.04936  -0.00000 ) 
     (  -0.04936  -0.00000 ) (  -0.00000  -0.00000 ) (   0.08461  -0.00000 ) 
     (   0.00000   0.00000 ) (  -0.99036  -0.00000 ) (   0.00000  -0.00000 ) 
     (  -0.08461  -0.00000 ) (  -0.00000  -0.00000 ) (  -0.04936  -0.00000 ) 
     (  -0.49905  -0.00000 ) (  -0.00000  -0.00000 ) (   0.85543  -0.00000 ) 
     (  -0.00000  -0.00000 ) (  -0.09796  -0.00000 ) (  -0.00000  -0.00000 ) 
     (  -0.85543  -0.00000 ) (  -0.00000  -0.00000 ) (  -0.49905  -0.00000 ) 
     (  -0.04936  -0.00000 ) (  -0.00000  -0.00000 ) (   0.08461  -0.00000 ) 
     (  -0.00000   0.00000 ) (  -0.09796  -0.00000 ) (  -0.00000  -0.00000 ) 

     Representation     2      3 modes -  To be done
     Irreps are as follows:

     mode #   4              mode #   5              mode #   6
     (  -0.00000  -0.00000 ) (  -0.00000  -0.00000 ) (  -0.00000  -0.00000 ) 
     (  -0.00000  -0.00000 ) (  -0.00000  -0.00000 ) (  -0.00000  -0.00000 ) 
     (  -0.00000  -0.00000 ) (  -0.00000  -0.00000 ) (  -0.00000  -0.00000 ) 
     (  -1.00000  -0.00000 ) (  -0.00000  -0.00000 ) (  -0.00000  -0.00000 ) 
     (  -0.00000  -0.00000 ) (  -1.00000  -0.00000 ) (  -0.00000  -0.00000 ) 
     (  -0.00000  -0.00000 ) (  -0.00000  -0.00000 ) (  -1.00000  -0.00000 ) 
     (  -0.00000  -0.00000 ) (  -0.00000  -0.00000 ) (  -0.00000  -0.00000 ) 
     (  -0.00000  -0.00000 ) (  -0.00000  -0.00000 ) (  -0.00000  -0.00000 ) 
     (  -0.00000  -0.00000 ) (  -0.00000  -0.00000 ) (  -0.00000  -0.00000 ) 
     (  -0.00000  -0.00000 ) (  -0.00000  -0.00000 ) (  -0.00000  -0.00000 ) 
     (  -0.00000  -0.00000 ) (  -0.00000  -0.00000 ) (  -0.00000  -0.00000 ) 
     (  -0.00000  -0.00000 ) (  -0.00000  -0.00000 ) (  -0.00000  -0.00000 ) 
     (  -0.00000  -0.00000 ) (  -0.00000  -0.00000 ) (  -0.00000  -0.00000 ) 
     (  -0.00000  -0.00000 ) (  -0.00000  -0.00000 ) (  -0.00000  -0.00000 ) 
     (  -0.00000  -0.00000 ) (  -0.00000  -0.00000 ) (  -0.00000  -0.00000 ) 

     Representation     3      3 modes -  To be done
     Irreps are as follows:

     mode #   7              mode #   8              mode #   9
     (  -1.00000  -0.00000 ) (  -0.00000  -0.00000 ) (  -0.00000  -0.00000 ) 
     (  -0.00000  -0.00000 ) (  -0.00000  -0.00000 ) (  -1.00000  -0.00000 ) 
     (  -0.00000  -0.00000 ) (  -1.00000  -0.00000 ) (  -0.00000  -0.00000 ) 
     (  -0.00000  -0.00000 ) (  -0.00000  -0.00000 ) (  -0.00000  -0.00000 ) 
     (  -0.00000  -0.00000 ) (  -0.00000  -0.00000 ) (  -0.00000  -0.00000 ) 
     (  -0.00000  -0.00000 ) (  -0.00000  -0.00000 ) (  -0.00000  -0.00000 ) 
     (  -0.00000  -0.00000 ) (  -0.00000  -0.00000 ) (  -0.00000  -0.00000 ) 
     (  -0.00000  -0.00000 ) (  -0.00000  -0.00000 ) (  -0.00000  -0.00000 ) 
     (  -0.00000  -0.00000 ) (  -0.00000  -0.00000 ) (  -0.00000  -0.00000 ) 
     (  -0.00000  -0.00000 ) (  -0.00000  -0.00000 ) (  -0.00000  -0.00000 ) 
     (  -0.00000  -0.00000 ) (  -0.00000  -0.00000 ) (  -0.00000  -0.00000 ) 
     (  -0.00000  -0.00000 ) (  -0.00000  -0.00000 ) (  -0.00000  -0.00000 ) 
     (  -0.00000  -0.00000 ) (  -0.00000  -0.00000 ) (  -0.00000  -0.00000 ) 
     (  -0.00000  -0.00000 ) (  -0.00000  -0.00000 ) (  -0.00000  -0.00000 ) 
     (  -0.00000  -0.00000 ) (  -0.00000  -0.00000 ) (  -0.00000  -0.00000 ) 

     Representation     4      3 modes -  To be done
     Irreps are as follows:

     mode #  10              mode #  11              mode #  12
     (  -0.00000   0.00000 ) (  -0.00000  -0.00000 ) (   0.00000  -0.00000 ) 
     (  -0.00000   0.00000 ) (  -0.00000  -0.00000 ) (   0.00000  -0.00000 ) 
     (  -0.00000   0.00000 ) (  -0.00000  -0.00000 ) (   0.00000  -0.00000 ) 
     (  -0.00000   0.00000 ) (  -0.00000  -0.00000 ) (   0.00000  -0.00000 ) 
     (  -0.00000   0.00000 ) (  -0.00000  -0.00000 ) (   0.00000  -0.00000 ) 
     (  -0.00000   0.00000 ) (  -0.00000  -0.00000 ) (   0.00000  -0.00000 ) 
     (  -0.69978  -0.00000 ) (  -0.02678  -0.00000 ) (   0.00000  -0.00000 ) 
     (   0.02678   0.00000 ) (  -0.69978  -0.00000 ) (   0.00000  -0.00000 ) 
     (  -0.00000  -0.00000 ) (   0.00000  -0.00000 ) (  -0.13853  -0.00000 ) 
     (  -0.69978  -0.00000 ) (  -0.02678  -0.00000 ) (   0.00000  -0.00000 ) 
     (  -0.00530  -0.00000 ) (   0.13843  -0.00000 ) (   0.00000  -0.00000 ) 
     (   0.00000   0.00000 ) (  -0.00000  -0.00000 ) (   0.70029   0.00000 ) 
     (   0.13843   0.00000 ) (   0.00530  -0.00000 ) (   0.00000  -0.00000 ) 
     (   0.02678   0.00000 ) (  -0.69978  -0.00000 ) (  -0.00000  -0.00000 ) 
     (  -0.00000   0.00000 ) (  -0.00000  -0.00000 ) (   0.70029  -0.00000 ) 

     Representation     5      3 modes -  To be done
     Irreps are as follows:

     mode #  13              mode #  14              mode #  15
     (  -0.00000  -0.00000 ) (  -0.00000   0.00000 ) (  -0.00000  -0.00000 ) 
     (  -0.00000  -0.00000 ) (  -0.00000   0.00000 ) (  -0.00000  -0.00000 ) 
     (  -0.00000  -0.00000 ) (  -0.00000   0.00000 ) (  -0.00000  -0.00000 ) 
     (  -0.00000  -0.00000 ) (  -0.00000   0.00000 ) (  -0.00000  -0.00000 ) 
     (  -0.00000  -0.00000 ) (  -0.00000   0.00000 ) (  -0.00000  -0.00000 ) 
     (  -0.00000  -0.00000 ) (  -0.00000   0.00000 ) (  -0.00000  -0.00000 ) 
     (  -0.70708  -0.00000 ) (  -0.00000   0.00000 ) (  -0.00580  -0.00000 ) 
     (   0.00580  -0.00000 ) (  -0.00000   0.00000 ) (  -0.70708  -0.00000 ) 
     (   0.00000  -0.00000 ) (  -0.00000  -0.00000 ) (  -0.00000  -0.00000 ) 
     (   0.70708  -0.00000 ) (  -0.00000   0.00000 ) (   0.00580  -0.00000 ) 
     (   0.00000  -0.00000 ) (  -0.00000   0.00000 ) (  -0.00000  -0.00000 ) 
     (   0.00000  -0.00000 ) (  -0.70711  -0.00000 ) (   0.00000  -0.00000 ) 
     (   0.00000  -0.00000 ) (  -0.00000   0.00000 ) (  -0.00000  -0.00000 ) 
     (  -0.00580  -0.00000 ) (   0.00000   0.00000 ) (   0.70708  -0.00000 ) 
     (  -0.00000  -0.00000 ) (   0.70711   0.00000 ) (  -0.00000  -0.00000 ) 



     Alpha used in Ewald sum =   2.8000
     PHONON       :   4m35.75s CPU   3m 5.64s WALL



     Representation #   1 modes #   1   2   3

     Self-consistent Calculation

     Pert. #  1: Fermi energy shift (Ry) =     0.0000E+00     1.2539E-37
     Pert. #  2: Fermi energy shift (Ry) =     8.6165E-27     0.0000E+00
     Pert. #  3: Fermi energy shift (Ry) =     0.0000E+00    -3.1347E-38

      iter #   1 total cpu time :   373.3 secs   av.it.:   7.3
      thresh= 1.000E-02 alpha_mix =  0.500 |ddv_scf|^2 =  6.372E-09

     Pert. #  1: Fermi energy shift (Ry) =    -4.3082E-27    -1.2245E-40
     Pert. #  2: Fermi energy shift (Ry) =     4.3082E-27    -6.1224E-41
     Pert. #  3: Fermi energy shift (Ry) =    -1.5079E-26    -2.1428E-40

      iter #   2 total cpu time :   793.1 secs   av.it.:  23.0
      thresh= 7.982E-06 alpha_mix =  0.500 |ddv_scf|^2 =  1.151E-09

     Pert. #  1: Fermi energy shift (Ry) =     8.6165E-27     1.5306E-41
     Pert. #  2: Fermi energy shift (Ry) =    -8.6165E-27     7.6530E-42
     Pert. #  3: Fermi energy shift (Ry) =     0.0000E+00     2.2959E-41

      iter #   3 total cpu time :  1218.5 secs   av.it.:  23.3
      thresh= 3.392E-06 alpha_mix =  0.500 |ddv_scf|^2 =  1.158E-11

     Pert. #  1: Fermi energy shift (Ry) =     1.7233E-26     7.6530E-42
     Pert. #  2: Fermi energy shift (Ry) =     0.0000E+00     0.0000E+00
     Pert. #  3: Fermi energy shift (Ry) =    -8.6165E-27     1.9132E-41

      iter #   4 total cpu time :  1647.7 secs   av.it.:  23.5
      thresh= 3.403E-07 alpha_mix =  0.500 |ddv_scf|^2 =  1.737E-12

     Pert. #  1: Fermi energy shift (Ry) =     4.3082E-27    -9.5662E-43
     Pert. #  2: Fermi energy shift (Ry) =     2.1541E-27     1.9818E-44
     Pert. #  3: Fermi energy shift (Ry) =    -1.0771E-26     4.7831E-43

      iter #   5 total cpu time :  2090.7 secs   av.it.:  24.7
      thresh= 1.318E-07 alpha_mix =  0.500 |ddv_scf|^2 =  8.424E-14

     Pert. #  1: Fermi energy shift (Ry) =     4.3082E-27     1.9132E-42
     Pert. #  2: Fermi energy shift (Ry) =     4.3082E-27    -4.7831E-43
     Pert. #  3: Fermi energy shift (Ry) =     2.1541E-27     4.7831E-43

      iter #   6 total cpu time :  2505.2 secs   av.it.:  23.0
      thresh= 2.902E-08 alpha_mix =  0.500 |ddv_scf|^2 =  2.924E-14

     Pert. #  1: Fermi energy shift (Ry) =    -4.3082E-27     0.0000E+00
     Pert. #  2: Fermi energy shift (Ry) =     2.1541E-27     1.4349E-42
     Pert. #  3: Fermi energy shift (Ry) =    -6.4623E-27     2.3915E-43

      iter #   7 total cpu time :  2928.8 secs   av.it.:  23.5
      thresh= 1.710E-08 alpha_mix =  0.500 |ddv_scf|^2 =  1.339E-15

     End of self-consistent calculation

     Convergence has been achieved 


     Representation #   2 modes #   4   5   6

     Self-consistent Calculation

     Pert. #  1: Fermi energy shift (Ry) =     0.0000E+00     0.0000E+00
     Pert. #  2: Fermi energy shift (Ry) =     0.0000E+00     0.0000E+00
     Pert. #  3: Fermi energy shift (Ry) =     0.0000E+00     0.0000E+00

      iter #   1 total cpu time :  3143.8 secs   av.it.:   8.8
      thresh= 1.000E-02 alpha_mix =  0.500 |ddv_scf|^2 =  5.393E-08

     Pert. #  1: Fermi energy shift (Ry) =     0.0000E+00     0.0000E+00
     Pert. #  2: Fermi energy shift (Ry) =     0.0000E+00     0.0000E+00
     Pert. #  3: Fermi energy shift (Ry) =     0.0000E+00     0.0000E+00

      iter #   2 total cpu time :  3548.4 secs   av.it.:  22.3
      thresh= 2.322E-05 alpha_mix =  0.500 |ddv_scf|^2 =  1.092E-08

     Pert. #  1: Fermi energy shift (Ry) =     0.0000E+00     0.0000E+00
     Pert. #  2: Fermi energy shift (Ry) =     0.0000E+00     0.0000E+00
     Pert. #  3: Fermi energy shift (Ry) =     0.0000E+00     0.0000E+00

      iter #   3 total cpu time :  3957.1 secs   av.it.:  22.4
      thresh= 1.045E-05 alpha_mix =  0.500 |ddv_scf|^2 =  2.840E-11

     Pert. #  1: Fermi energy shift (Ry) =     0.0000E+00     0.0000E+00
     Pert. #  2: Fermi energy shift (Ry) =     0.0000E+00     0.0000E+00
     Pert. #  3: Fermi energy shift (Ry) =     0.0000E+00     0.0000E+00

      iter #   4 total cpu time :  4380.6 secs   av.it.:  23.4
      thresh= 5.329E-07 alpha_mix =  0.500 |ddv_scf|^2 =  1.728E-12

     Pert. #  1: Fermi energy shift (Ry) =     0.0000E+00     0.0000E+00
     Pert. #  2: Fermi energy shift (Ry) =     0.0000E+00     0.0000E+00
     Pert. #  3: Fermi energy shift (Ry) =     0.0000E+00     0.0000E+00

      iter #   5 total cpu time :  4805.9 secs   av.it.:  23.6
      thresh= 1.314E-07 alpha_mix =  0.500 |ddv_scf|^2 =  3.888E-13

     Pert. #  1: Fermi energy shift (Ry) =     0.0000E+00     0.0000E+00
     Pert. #  2: Fermi energy shift (Ry) =     0.0000E+00     0.0000E+00
     Pert. #  3: Fermi energy shift (Ry) =     0.0000E+00     0.0000E+00

      iter #   6 total cpu time :  5213.0 secs   av.it.:  22.9
      thresh= 6.235E-08 alpha_mix =  0.500 |ddv_scf|^2 =  1.517E-13

     Pert. #  1: Fermi energy shift (Ry) =     0.0000E+00     0.0000E+00
     Pert. #  2: Fermi energy shift (Ry) =     0.0000E+00     0.0000E+00
     Pert. #  3: Fermi energy shift (Ry) =     0.0000E+00     0.0000E+00

      iter #   7 total cpu time :  5640.4 secs   av.it.:  23.5
      thresh= 3.895E-08 alpha_mix =  0.500 |ddv_scf|^2 =  1.527E-15

     End of self-consistent calculation

     Convergence has been achieved 


     Representation #   3 modes #   7   8   9

     Self-consistent Calculation

     Pert. #  1: Fermi energy shift (Ry) =     0.0000E+00     0.0000E+00
     Pert. #  2: Fermi energy shift (Ry) =     0.0000E+00     0.0000E+00
     Pert. #  3: Fermi energy shift (Ry) =     0.0000E+00     0.0000E+00

      iter #   1 total cpu time :  5810.2 secs   av.it.:   5.9
      thresh= 1.000E-02 alpha_mix =  0.500 |ddv_scf|^2 =  9.040E-09

     Pert. #  1: Fermi energy shift (Ry) =     0.0000E+00     0.0000E+00
     Pert. #  2: Fermi energy shift (Ry) =     0.0000E+00     0.0000E+00
     Pert. #  3: Fermi energy shift (Ry) =     0.0000E+00     0.0000E+00

      iter #   2 total cpu time :  6205.1 secs   av.it.:  21.8
      thresh= 9.508E-06 alpha_mix =  0.500 |ddv_scf|^2 =  6.578E-10

     Pert. #  1: Fermi energy shift (Ry) =     0.0000E+00     0.0000E+00
     Pert. #  2: Fermi energy shift (Ry) =     0.0000E+00     0.0000E+00
     Pert. #  3: Fermi energy shift (Ry) =     0.0000E+00     0.0000E+00

      iter #   3 total cpu time :  6623.1 secs   av.it.:  23.1
      thresh= 2.565E-06 alpha_mix =  0.500 |ddv_scf|^2 =  5.352E-11

     Pert. #  1: Fermi energy shift (Ry) =     0.0000E+00     0.0000E+00
     Pert. #  2: Fermi energy shift (Ry) =     0.0000E+00     0.0000E+00
     Pert. #  3: Fermi energy shift (Ry) =     0.0000E+00     0.0000E+00

      iter #   4 total cpu time :  7037.6 secs   av.it.:  23.0
      thresh= 7.316E-07 alpha_mix =  0.500 |ddv_scf|^2 =  3.146E-12

     Pert. #  1: Fermi energy shift (Ry) =     0.0000E+00     0.0000E+00
     Pert. #  2: Fermi energy shift (Ry) =     0.0000E+00     0.0000E+00
     Pert. #  3: Fermi energy shift (Ry) =     0.0000E+00     0.0000E+00

      iter #   5 total cpu time :  7453.6 secs   av.it.:  22.3
      thresh= 1.774E-07 alpha_mix =  0.500 |ddv_scf|^2 =  5.039E-12

     Pert. #  1: Fermi energy shift (Ry) =     0.0000E+00     0.0000E+00
     Pert. #  2: Fermi energy shift (Ry) =     0.0000E+00     0.0000E+00
     Pert. #  3: Fermi energy shift (Ry) =     0.0000E+00     0.0000E+00

      iter #   6 total cpu time :  7828.7 secs   av.it.:  20.5
      thresh= 2.245E-07 alpha_mix =  0.500 |ddv_scf|^2 =  6.015E-14

     Pert. #  1: Fermi energy shift (Ry) =     0.0000E+00     0.0000E+00
     Pert. #  2: Fermi energy shift (Ry) =     0.0000E+00     0.0000E+00
     Pert. #  3: Fermi energy shift (Ry) =     0.0000E+00     0.0000E+00

      iter #   7 total cpu time :  8238.1 secs   av.it.:  22.3
      thresh= 2.453E-08 alpha_mix =  0.500 |ddv_scf|^2 =  4.671E-15

     End of self-consistent calculation

     Convergence has been achieved 


     Representation #   4 modes #  10  11  12

     Self-consistent Calculation

     Pert. #  1: Fermi energy shift (Ry) =     4.3082E-27    -5.0938E-38
     Pert. #  2: Fermi energy shift (Ry) =     0.0000E+00     2.5077E-37
     Pert. #  3: Fermi energy shift (Ry) =    -1.4260E-26     5.3192E-38

      iter #   1 total cpu time :  8421.0 secs   av.it.:   7.2
      thresh= 1.000E-02 alpha_mix =  0.500 |ddv_scf|^2 =  1.172E-08

     Pert. #  1: Fermi energy shift (Ry) =     1.0501E-26     2.0663E-40
     Pert. #  2: Fermi energy shift (Ry) =    -6.4623E-27     0.0000E+00
     Pert. #  3: Fermi energy shift (Ry) =     2.3595E-28     1.2055E-41

      iter #   2 total cpu time :  8842.1 secs   av.it.:  22.4
      thresh= 1.083E-05 alpha_mix =  0.500 |ddv_scf|^2 =  1.592E-09

     Pert. #  1: Fermi energy shift (Ry) =    -5.5199E-27    -1.1479E-40
     Pert. #  2: Fermi energy shift (Ry) =     1.9387E-26    -2.4489E-40
     Pert. #  3: Fermi energy shift (Ry) =    -1.3514E-26     3.3863E-41

      iter #   3 total cpu time :  9259.2 secs   av.it.:  23.1
      thresh= 3.989E-06 alpha_mix =  0.500 |ddv_scf|^2 =  2.084E-11

     Pert. #  1: Fermi energy shift (Ry) =     4.0390E-28     2.1524E-41
     Pert. #  2: Fermi energy shift (Ry) =    -2.1541E-27    -1.5306E-41
     Pert. #  3: Fermi energy shift (Ry) =    -5.6307E-27    -2.9452E-41

      iter #   4 total cpu time :  9683.4 secs   av.it.:  23.4
      thresh= 4.566E-07 alpha_mix =  0.500 |ddv_scf|^2 =  1.740E-12

     Pert. #  1: Fermi energy shift (Ry) =     4.9814E-27     0.0000E+00
     Pert. #  2: Fermi energy shift (Ry) =     4.3082E-27     0.0000E+00
     Pert. #  3: Fermi energy shift (Ry) =    -8.0862E-27     6.7408E-43

      iter #   5 total cpu time : 10125.1 secs   av.it.:  23.9
      thresh= 1.319E-07 alpha_mix =  0.500 |ddv_scf|^2 =  4.774E-13

     Pert. #  1: Fermi energy shift (Ry) =    -3.5004E-27    -3.5873E-43
     Pert. #  2: Fermi energy shift (Ry) =     1.0771E-26     0.0000E+00
     Pert. #  3: Fermi energy shift (Ry) =    -1.1075E-27    -1.6233E-42

      iter #   6 total cpu time : 10513.5 secs   av.it.:  21.8
      thresh= 6.909E-08 alpha_mix =  0.500 |ddv_scf|^2 =  4.926E-14

     Pert. #  1: Fermi energy shift (Ry) =    -4.5775E-27     0.0000E+00
     Pert. #  2: Fermi energy shift (Ry) =    -4.3082E-27     0.0000E+00
     Pert. #  3: Fermi energy shift (Ry) =     7.5114E-27     1.2368E-43

      iter #   7 total cpu time : 10936.7 secs   av.it.:  23.4
      thresh= 2.220E-08 alpha_mix =  0.500 |ddv_scf|^2 =  3.765E-15

     End of self-consistent calculation

     Convergence has been achieved 


     Representation #   5 modes #  13  14  15

     Self-consistent Calculation

     Pert. #  1: Fermi energy shift (Ry) =     1.1029E-24     2.0375E-37
     Pert. #  2: Fermi energy shift (Ry) =     3.2226E-24     1.5159E-37
     Pert. #  3: Fermi energy shift (Ry) =    -7.4963E-25    -2.4000E-38

      iter #   1 total cpu time : 11109.2 secs   av.it.:   6.0
      thresh= 1.000E-02 alpha_mix =  0.500 |ddv_scf|^2 =  1.656E-09

     Pert. #  1: Fermi energy shift (Ry) =     0.0000E+00     0.0000E+00
     Pert. #  2: Fermi energy shift (Ry) =    -2.9451E-27     1.5497E-40
     Pert. #  3: Fermi energy shift (Ry) =    -2.5412E-27     1.8750E-40

      iter #   2 total cpu time : 11502.3 secs   av.it.:  21.3
      thresh= 4.070E-06 alpha_mix =  0.500 |ddv_scf|^2 =  4.519E-11

     Pert. #  1: Fermi energy shift (Ry) =     0.0000E+00    -7.6530E-42
     Pert. #  2: Fermi energy shift (Ry) =     6.0585E-28    -9.9249E-42
     Pert. #  3: Fermi energy shift (Ry) =     2.7095E-27     1.7937E-42

      iter #   3 total cpu time : 11900.8 secs   av.it.:  21.9
      thresh= 6.723E-07 alpha_mix =  0.500 |ddv_scf|^2 =  6.153E-12

     Pert. #  1: Fermi energy shift (Ry) =     3.7697E-27    -5.7397E-42
     Pert. #  2: Fermi energy shift (Ry) =     3.6498E-28     2.8400E-42
     Pert. #  3: Fermi energy shift (Ry) =     1.7565E-28     7.3241E-43

      iter #   4 total cpu time : 12314.0 secs   av.it.:  22.8
      thresh= 2.481E-07 alpha_mix =  0.500 |ddv_scf|^2 =  9.902E-14

     Pert. #  1: Fermi energy shift (Ry) =     4.7121E-27    -2.6905E-43
     Pert. #  2: Fermi energy shift (Ry) =     4.5291E-27     4.2751E-43
     Pert. #  3: Fermi energy shift (Ry) =    -2.0826E-28     2.6555E-43

      iter #   5 total cpu time : 12716.7 secs   av.it.:  21.8
      thresh= 3.147E-08 alpha_mix =  0.500 |ddv_scf|^2 =  5.723E-16

     End of self-consistent calculation

     Convergence has been achieved 

     Number of q in the star =    1
     List of q in the star:
          1   0.000000000   0.000000000   0.000000000

     Diagonalizing the dynamical matrix

     q = (    0.000000000   0.000000000   0.000000000 ) 

 **************************************************************************
     freq (    1) =      -0.130647 [THz] =      -4.357901 [cm-1]
     freq (    2) =      -0.130647 [THz] =      -4.357901 [cm-1]
     freq (    3) =      -0.130647 [THz] =      -4.357901 [cm-1]
     freq (    4) =       0.616749 [THz] =      20.572543 [cm-1]
     freq (    5) =       0.616749 [THz] =      20.572543 [cm-1]
     freq (    6) =       0.616749 [THz] =      20.572543 [cm-1]
     freq (    7) =       0.832519 [THz] =      27.769832 [cm-1]
     freq (    8) =       0.832519 [THz] =      27.769832 [cm-1]
     freq (    9) =       0.832519 [THz] =      27.769832 [cm-1]
     freq (   10) =       0.868493 [THz] =      28.969813 [cm-1]
     freq (   11) =       0.868493 [THz] =      28.969813 [cm-1]
     freq (   12) =       0.868493 [THz] =      28.969813 [cm-1]
     freq (   13) =       2.881990 [THz] =      96.132837 [cm-1]
     freq (   14) =       2.881990 [THz] =      96.132837 [cm-1]
     freq (   15) =       2.881990 [THz] =      96.132837 [cm-1]
 **************************************************************************

     Mode symmetry, O_h (m-3m)  point group:

     freq (   1-   3) =         -4.4  [cm-1]   --> T_1u G_15  G_4- I  
     freq (   4-   6) =         20.6  [cm-1]   --> T_1u G_15  G_4- I  
     freq (   7-   9) =         27.8  [cm-1]   --> T_1u G_15  G_4- I  
     freq (  10-  12) =         29.0  [cm-1]   --> T_2u G_25  G_5-    
     freq (  13-  15) =         96.1  [cm-1]   --> T_1u G_15  G_4- I  

     PHONON       :      5h 2m CPU      3h32m WALL

     INITIALIZATION: 
     phq_setup    :      0.41s CPU      0.46s WALL (       1 calls)
     phq_init     :    270.84s CPU    180.04s WALL (       1 calls)

     phq_init     :    270.84s CPU    180.04s WALL (       1 calls)
     set_drhoc    :      0.01s CPU      0.01s WALL (       3 calls)
     init_vloc    :      0.03s CPU      0.03s WALL (       1 calls)
     init_us_1    :      0.26s CPU      0.28s WALL (       1 calls)
     init_us_2    :     21.82s CPU     15.39s WALL (    1785 calls)
     newd         :      2.20s CPU      2.66s WALL (       1 calls)
     dvanqq       :    158.03s CPU     99.14s WALL (       1 calls)
     drho         :    106.06s CPU     76.50s WALL (       1 calls)
     drhous       :     59.93s CPU     42.81s WALL (       1 calls)
     nldyntot     :      0.31s CPU      0.31s WALL (       1 calls)

     DYNAMICAL MATRIX:
     dynmat0      :      4.46s CPU      2.97s WALL (       1 calls)
     dynmat_us    :      4.02s CPU      2.56s WALL (       1 calls)
     addusdynmat  :      0.00s CPU      0.00s WALL (       1 calls)
     d2ionq       :      0.24s CPU      0.21s WALL (       1 calls)
     dynmatcc     :      0.20s CPU      0.20s WALL (       1 calls)
     phqscf       :  17844.82s CPU  12535.73s WALL (       1 calls)
     dynmatrix    :      0.00s CPU      0.00s WALL (       1 calls)

     phqscf       :  17844.82s CPU  12535.73s WALL (       1 calls)
     solve_linter :  17817.18s CPU  12518.98s WALL (       5 calls)
     sth_kernel   :  16735.02s CPU  11570.40s WALL (      33 calls)
     h_prec       :      2.49s CPU      1.81s WALL (    1155 calls)
     apply_dpot_b :    389.65s CPU    293.34s WALL (    2940 calls)
     ortho        :     98.49s CPU     55.79s WALL (    3465 calls)
     cgsolve      :  15601.87s CPU  10748.55s WALL (    3465 calls)
     incdrhoscf   :    537.34s CPU    394.08s WALL (    3465 calls)
                                        0.00s GPU  (    3465 calls)
     addusddens   :    345.52s CPU    230.38s WALL (      38 calls)
     dv_of_drho   :     14.64s CPU     15.54s WALL (      99 calls)
     mix_pot      :      3.29s CPU      2.57s WALL (      33 calls)
     ef_shift     :      3.56s CPU      2.72s WALL (      33 calls)
     ef_shift_wfc :      0.98s CPU      0.98s WALL (       5 calls)
     localdos     :     36.48s CPU     29.96s WALL (       5 calls)
     drhodv       :     27.62s CPU     16.73s WALL (       5 calls)
     psymdvscf    :    219.42s CPU    221.59s WALL (      33 calls)
     newdq        :    287.51s CPU    287.77s WALL (      33 calls)
     adddvscf     :     72.72s CPU     54.28s WALL (    2940 calls)
     drhodvus     :      0.65s CPU      0.46s WALL (       5 calls)

     dvqpsi_us    :    102.43s CPU     79.72s WALL (     525 calls)
                                        0.00s GPU  (     525 calls)
     dvqpsi_us_on :     20.40s CPU     16.08s WALL (     525 calls)

     add_vuspsi   :    762.89s CPU    399.01s WALL (  103606 calls)
     addusdbec    :     37.99s CPU     20.87s WALL (    3990 calls)

     drhodvus     :      0.65s CPU      0.46s WALL (       5 calls)

      General routines
     calbec       :   1456.69s CPU    811.49s WALL (  217292 calls)
     fft          :     35.54s CPU     33.12s WALL (    2208 calls)
     ffts         :     21.83s CPU     16.99s WALL (    4529 calls)
     fftw         :   9203.18s CPU   6878.78s WALL ( 3365908 calls)
     write_rec    :      0.01s CPU      0.02s WALL (      38 calls)

      Additional routines
     ch_psi       :  15088.31s CPU  10392.77s WALL (  103606 calls)
     last         :   2121.63s CPU   1215.10s WALL (  103606 calls)
     Hesh         :     88.11s CPU     61.40s WALL (  103606 calls)
     ch_psi_all_k :   2029.96s CPU   1151.79s WALL (  103606 calls)
                                        0.00s GPU  (  103606 calls)
     ch_psi_calbe :    673.88s CPU    374.55s WALL (  103606 calls)
                                        0.00s GPU  (  103606 calls)
     h_psi_bgrp   :  12067.63s CPU   8670.48s WALL (  103606 calls)
     h_psi        :  12065.95s CPU   8669.61s WALL (  103606 calls)
     h_psi:pot    :  11970.62s CPU   8605.00s WALL (  103606 calls)
     h_psi:calbec :    691.28s CPU    386.28s WALL (  103606 calls)
     s_psi_bgrp   :   1580.94s CPU    844.94s WALL (  210677 calls)
     s_psi        :   1482.59s CPU    774.53s WALL (  210677 calls)


     PHONON       :      5h 2m CPU      3h32m WALL


   This run was terminated on:  14:31:29  14May2025            

=------------------------------------------------------------------------------=
   JOB DONE.
=------------------------------------------------------------------------------=
