
     Program PHONON v.7.3.1 starts on  1May2025 at  9: 9:15 

     This program is part of the open-source Quantum ESPRESSO suite
     for quantum simulation of materials; please cite
         "P. Giannozzi et al., J. Phys.:Condens. Matter 21 395502 (2009);
         "P. Giannozzi et al., J. Phys.:Condens. Matter 29 465901 (2017);
         "P. Giannozzi et al., J. Chem. Phys. 152 154105 (2020);
          URL http://www.quantum-espresso.org", 
     in publications or presentations arising from this work. More details at
     http://www.quantum-espresso.org/quote

     Parallel version (MPI), running on     8 processors

     MPI processes distributed on     1 nodes
     47481 MiB available memory on the printing compute node when the environment starts

     Waiting for input...
     Reading input from standard input
      Title line not specified: using 'default'.

     Reading xml data from directory:

     ./tmp/khgcl3.save/

     K-points division:     npool     =       4
     R & G space division:  proc/nbgrp/npool/nimage =       2
     Subspace diagonalization in iterative solution of the eigenvalue problem:
     a serial algorithm will be used

     file K.pbe-spn-kjpaw_psl.1.0.0.UPF: wavefunction(s)  3S renormalized
     file Hg.pbe-spn-kjpaw_psl.1.0.0.UPF: wavefunction(s)  5P 5D renormalized
     file Cl.pbe-n-kjpaw_psl.1.0.0.UPF: wavefunction(s)  3S 3P renormalized

     IMPORTANT: XC functional enforced from input :
     Exchange-correlation= PBE
                           (   1   4   3   4   0   0   0)
     Any further DFT definition will be discarded
     Please, verify this is what you really want


     Parallelization info
     --------------------
     sticks:   dense  smooth     PW     G-vecs:    dense   smooth      PW
     Min        2958    1481    414               171288    60632    8922
     Max        2959    1484    415               171291    60633    8923
     Sum        5917    2965    829               342579   121265   17845

     Using Slab Decomposition

     Reading collected, re-writing distributed wavefunctions in ./tmp/

     Number and degeneracy of irreps per q-point
       N         xq(1)         xq(2)         xq(3)   N irreps
  autoval = 0.1177E-01
     Irreps are as follows:

                     mode #   1
                     (  -0.00000  -0.00000   ) 
                     (  -0.00000  -0.00000   ) 
                     (  -0.00000  -0.00000   ) 
                     (  -0.00000  -0.00000   ) 
                     (  -0.00000  -0.00000   ) 
                     (  -0.00000  -0.00000   ) 
                     (  -0.01689  -0.00000   ) 
                     (   0.49946  -0.00000   ) 
                     (   0.00000  -0.00000   ) 
                     (  -0.01378  -0.00000   ) 
                     (   0.61228  -0.00000   ) 
                     (   0.00000  -0.00000   ) 
                     (  -0.01689  -0.00000   ) 
                     (   0.61228  -0.00000   ) 
                     (  -0.00000  -0.00000   ) 
  autoval = 0.1177E-01
     Irreps are as follows:

                     mode #   2
                     (  -0.00000  -0.00000   ) 
                     (  -0.00000  -0.00000   ) 
                     (  -0.00000  -0.00000   ) 
                     (  -0.00000  -0.00000   ) 
                     (  -0.00000  -0.00000   ) 
                     (  -0.00000  -0.00000   ) 
                     (  -0.00000  -0.00000   ) 
                     (  -0.00000  -0.00000   ) 
                     (  -0.61252  -0.00000   ) 
                     (  -0.00000  -0.00000   ) 
                     (  -0.00000  -0.00000   ) 
                     (  -0.61252  -0.00000   ) 
                     (  -0.00000  -0.00000   ) 
                     (  -0.00000  -0.00000   ) 
                     (  -0.49965  -0.00000   ) 
  autoval = 0.1177E-01
     Irreps are as follows:

                     mode #   3
                     (   0.00000  -0.00000   ) 
                     (   0.00000  -0.00000   ) 
                     (   0.00000  -0.00000   ) 
                     (   0.00000  -0.00000   ) 
                     (   0.00000  -0.00000   ) 
                     (   0.00000  -0.00000   ) 
                     (  -0.61228  -0.00000   ) 
                     (  -0.01378  -0.00000   ) 
                     (   0.00000  -0.00000   ) 
                     (  -0.49946  -0.00000   ) 
                     (  -0.01689  -0.00000   ) 
                     (  -0.00000  -0.00000   ) 
                     (  -0.61228  -0.00000   ) 
                     (  -0.01689  -0.00000   ) 
                     (   0.00000  -0.00000   ) 
  autoval = 0.3752E+00
     Irreps are as follows:

                     mode #   4
                     (  -0.00000  -0.00000   ) 
                     (  -0.00000  -0.00000   ) 
                     (  -0.00000  -0.00000   ) 
                     (  -1.00000  -0.00000   ) 
                     (  -0.00000  -0.00000   ) 
                     (  -0.00000  -0.00000   ) 
                     (  -0.00000  -0.00000   ) 
                     (  -0.00000  -0.00000   ) 
                     (  -0.00000  -0.00000   ) 
                     (  -0.00000  -0.00000   ) 
                     (  -0.00000  -0.00000   ) 
                     (  -0.00000  -0.00000   ) 
                     (  -0.00000  -0.00000   ) 
                     (  -0.00000  -0.00000   ) 
                     (  -0.00000  -0.00000   ) 
  autoval = 0.3752E+00
     Irreps are as follows:

                     mode #   5
                     (  -0.00000  -0.00000   ) 
                     (  -0.00000  -0.00000   ) 
                     (  -0.00000  -0.00000   ) 
                     (  -0.00000  -0.00000   ) 
                     (  -1.00000  -0.00000   ) 
                     (  -0.00000  -0.00000   ) 
                     (  -0.00000  -0.00000   ) 
                     (  -0.00000  -0.00000   ) 
                     (  -0.00000  -0.00000   ) 
                     (  -0.00000  -0.00000   ) 
                     (  -0.00000  -0.00000   ) 
                     (  -0.00000  -0.00000   ) 
                     (  -0.00000  -0.00000   ) 
                     (  -0.00000  -0.00000   ) 
                     (  -0.00000  -0.00000   ) 
  autoval = 0.3752E+00
     Irreps are as follows:

                     mode #   6
                     (  -0.00000  -0.00000   ) 
                     (  -0.00000  -0.00000   ) 
                     (  -0.00000  -0.00000   ) 
                     (  -0.00000  -0.00000   ) 
                     (  -0.00000  -0.00000   ) 
                     (  -1.00000  -0.00000   ) 
                     (  -0.00000  -0.00000   ) 
                     (  -0.00000  -0.00000   ) 
                     (  -0.00000  -0.00000   ) 
                     (  -0.00000  -0.00000   ) 
                     (  -0.00000  -0.00000   ) 
                     (  -0.00000  -0.00000   ) 
                     (  -0.00000  -0.00000   ) 
                     (  -0.00000  -0.00000   ) 
                     (  -0.00000  -0.00000   ) 
  autoval = 0.5104E+00
     Irreps are as follows:

                     mode #   7
                     (  -0.00000   0.00000   ) 
                     (  -0.00000   0.00000   ) 
                     (  -0.00000   0.00000   ) 
                     (  -0.00000   0.00000   ) 
                     (  -0.00000   0.00000   ) 
                     (  -0.00000   0.00000   ) 
                     (  -0.66352  -0.00000   ) 
                     (   0.00000   0.00000   ) 
                     (   0.17677   0.00000   ) 
                     (  -0.00000  -0.00000   ) 
                     (   0.16879   0.00000   ) 
                     (  -0.17677  -0.00000   ) 
                     (   0.66352   0.00000   ) 
                     (  -0.16879  -0.00000   ) 
                     (  -0.00000   0.00000   ) 
  autoval = 0.5104E+00
     Irreps are as follows:

                     mode #   8
                     (  -0.00000   0.00000   ) 
                     (  -0.00000   0.00000   ) 
                     (  -0.00000   0.00000   ) 
                     (  -0.00000   0.00000   ) 
                     (  -0.00000   0.00000   ) 
                     (  -0.00000   0.00000   ) 
                     (  -0.02705  -0.00000   ) 
                     (  -0.00000  -0.00000   ) 
                     (   0.43220   0.00000   ) 
                     (  -0.00000  -0.00000   ) 
                     (  -0.55899  -0.00000   ) 
                     (  -0.43220  -0.00000   ) 
                     (   0.02705   0.00000   ) 
                     (   0.55899   0.00000   ) 
                     (  -0.00000   0.00000   ) 
  autoval = 0.5104E+00
     Irreps are as follows:

                     mode #   9
                     (  -0.00000   0.00000   ) 
                     (  -0.00000   0.00000   ) 
                     (  -0.00000   0.00000   ) 
                     (  -0.00000   0.00000   ) 
                     (  -0.00000   0.00000   ) 
                     (  -0.00000   0.00000   ) 
                     (  -0.24291  -0.00000   ) 
                     (   0.00000   0.00000   ) 
                     (  -0.53099  -0.00000   ) 
                     (   0.00000   0.00000   ) 
                     (  -0.39880  -0.00000   ) 
                     (   0.53099   0.00000   ) 
                     (   0.24291   0.00000   ) 
                     (   0.39880   0.00000   ) 
                     (  -0.00000   0.00000   ) 
  autoval = 0.6682E+00
     Irreps are as follows:

                     mode #  10
                     (  -1.00000  -0.00000   ) 
                     (  -0.00000  -0.00000   ) 
                     (  -0.00000  -0.00000   ) 
                     (  -0.00000  -0.00000   ) 
                     (  -0.00000  -0.00000   ) 
                     (  -0.00000  -0.00000   ) 
                     (  -0.00000  -0.00000   ) 
                     (  -0.00000  -0.00000   ) 
                     (  -0.00000  -0.00000   ) 
                     (  -0.00000  -0.00000   ) 
                     (  -0.00000  -0.00000   ) 
                     (  -0.00000  -0.00000   ) 
                     (  -0.00000  -0.00000   ) 
                     (  -0.00000  -0.00000   ) 
                     (  -0.00000  -0.00000   ) 
  autoval = 0.6682E+00
     Irreps are as follows:

                     mode #  11
                     (  -0.00000  -0.00000   ) 
                     (  -0.00000  -0.00000   ) 
                     (  -1.00000  -0.00000   ) 
                     (  -0.00000  -0.00000   ) 
                     (  -0.00000  -0.00000   ) 
                     (  -0.00000  -0.00000   ) 
                     (  -0.00000  -0.00000   ) 
                     (  -0.00000  -0.00000   ) 
                     (  -0.00000  -0.00000   ) 
                     (  -0.00000  -0.00000   ) 
                     (  -0.00000  -0.00000   ) 
                     (  -0.00000  -0.00000   ) 
                     (  -0.00000  -0.00000   ) 
                     (  -0.00000  -0.00000   ) 
                     (  -0.00000  -0.00000   ) 
  autoval = 0.6682E+00
     Irreps are as follows:

                     mode #  12
                     (  -0.00000  -0.00000   ) 
                     (  -1.00000  -0.00000   ) 
                     (  -0.00000  -0.00000   ) 
                     (  -0.00000  -0.00000   ) 
                     (  -0.00000  -0.00000   ) 
                     (  -0.00000  -0.00000   ) 
                     (  -0.00000  -0.00000   ) 
                     (  -0.00000  -0.00000   ) 
                     (  -0.00000  -0.00000   ) 
                     (  -0.00000  -0.00000   ) 
                     (  -0.00000  -0.00000   ) 
                     (  -0.00000  -0.00000   ) 
                     (  -0.00000  -0.00000   ) 
                     (  -0.00000  -0.00000   ) 
                     (  -0.00000  -0.00000   ) 
  autoval = 0.1194E+01
     Irreps are as follows:

                     mode #  13
                     (  -0.00000   0.00000   ) 
                     (  -0.00000   0.00000   ) 
                     (  -0.00000   0.00000   ) 
                     (  -0.00000   0.00000   ) 
                     (  -0.00000   0.00000   ) 
                     (  -0.00000   0.00000   ) 
                     (  -0.00000   0.00000   ) 
                     (  -0.00000   0.00000   ) 
                     (  -0.35330  -0.00000   ) 
                     (  -0.00000   0.00000   ) 
                     (  -0.00000   0.00000   ) 
                     (  -0.35330  -0.00000   ) 
                     (  -0.00000   0.00000   ) 
                     (  -0.00000   0.00000   ) 
                     (   0.86623   0.00000   ) 
  autoval = 0.1194E+01
     Irreps are as follows:

                     mode #  14
                     (  -0.00000  -0.00000   ) 
                     (  -0.00000  -0.00000   ) 
                     (  -0.00000  -0.00000   ) 
                     (  -0.00000  -0.00000   ) 
                     (  -0.00000  -0.00000   ) 
                     (  -0.00000  -0.00000   ) 
                     (  -0.35330  -0.00000   ) 
                     (  -0.00000  -0.00000   ) 
                     (   0.00000  -0.00000   ) 
                     (   0.86623  -0.00000   ) 
                     (   0.00000  -0.00000   ) 
                     (  -0.00000  -0.00000   ) 
                     (  -0.35330  -0.00000   ) 
                     (  -0.00000  -0.00000   ) 
                     (  -0.00000  -0.00000   ) 
  autoval = 0.1194E+01
     Irreps are as follows:

                     mode #  15
                     (  -0.00000  -0.00000   ) 
                     (  -0.00000  -0.00000   ) 
                     (  -0.00000  -0.00000   ) 
                     (  -0.00000  -0.00000   ) 
                     (  -0.00000  -0.00000   ) 
                     (  -0.00000  -0.00000   ) 
                     (  -0.00000  -0.00000   ) 
                     (  -0.86623  -0.00000   ) 
                     (   0.00000  -0.00000   ) 
                     (  -0.00000  -0.00000   ) 
                     (   0.35330  -0.00000   ) 
                     (   0.00000  -0.00000   ) 
                     (   0.00000  -0.00000   ) 
                     (   0.35330  -0.00000   ) 
                     (  -0.00000  -0.00000   ) 
       1   0.000000000   0.000000000   0.000000000       5
        3   3   3   3   3

     Calculation of q =    0.0000000   0.0000000   0.0000000

     default                                                                    

     bravais-lattice index     =            0
     lattice parameter (alat)  =      10.7796  a.u.
     unit-cell volume          =    1252.5770 (a.u.)^3
     number of atoms/cell      =            5
     number of atomic types    =            3
     kinetic-energy cut-off    =      80.0000  Ry
     charge density cut-off    =     640.0000  Ry
     convergence threshold     =      1.0E-14
     beta                      =       0.7000
     number of iterations used =            4
     Exchange-correlation= PBE
                           (   1   4   3   4   0   0   0)


     celldm(1)=   10.77957  celldm(2)=    0.00000  celldm(3)=    0.00000
     celldm(4)=    0.00000  celldm(5)=    0.00000  celldm(6)=    0.00000

     crystal axes: (cart. coord. in units of alat)
               a(1) = (  1.0000  0.0000  0.0000 )  
               a(2) = (  0.0000  1.0000  0.0000 )  
               a(3) = (  0.0000  0.0000  1.0000 )  

     reciprocal axes: (cart. coord. in units 2 pi/alat)
               b(1) = (  1.0000  0.0000  0.0000 )  
               b(2) = (  0.0000  1.0000  0.0000 )  
               b(3) = (  0.0000  0.0000  1.0000 )  


     Atoms inside the unit cell: 

     Cartesian axes

     site n.  atom      mass           positions (alat units)
        1  K      39.0983   tau(    1) = (    0.00000    0.00000    0.00000  )
        2  Hg    200.5900   tau(    2) = (    0.50000    0.50000    0.50000  )
        3  Cl     35.4500   tau(    3) = (    0.00000    0.50000    0.00000  )
        4  Cl     35.4500   tau(    4) = (    0.50000    0.00000    0.00000  )
        5  Cl     35.4500   tau(    5) = (    0.00000    0.00000    0.50000  )

     Computing dynamical matrix for 
                    q = (   0.0000000   0.0000000   0.0000000 )

     49 Sym.Ops. (with q -> -q+G )

                                    s                        frac. trans.

      isym =  1     identity                                     

 cryst.   s( 1) = (     1          0          0      )
                  (     0          1          0      )
                  (     0          0          1      )

 cart.    s( 1) = (  1.0000000  0.0000000  0.0000000 )
                  (  0.0000000  1.0000000  0.0000000 )
                  (  0.0000000  0.0000000  1.0000000 )


      isym =  2     180 deg rotation - cart. axis [0,0,1]        

 cryst.   s( 2) = (    -1          0          0      )
                  (     0         -1          0      )
                  (     0          0          1      )

 cart.    s( 2) = ( -1.0000000  0.0000000  0.0000000 )
                  (  0.0000000 -1.0000000  0.0000000 )
                  (  0.0000000  0.0000000  1.0000000 )


      isym =  3     180 deg rotation - cart. axis [0,1,0]        

 cryst.   s( 3) = (    -1          0          0      )
                  (     0          1          0      )
                  (     0          0         -1      )

 cart.    s( 3) = ( -1.0000000  0.0000000  0.0000000 )
                  (  0.0000000  1.0000000  0.0000000 )
                  (  0.0000000  0.0000000 -1.0000000 )


      isym =  4     180 deg rotation - cart. axis [1,0,0]        

 cryst.   s( 4) = (     1          0          0      )
                  (     0         -1          0      )
                  (     0          0         -1      )

 cart.    s( 4) = (  1.0000000  0.0000000  0.0000000 )
                  (  0.0000000 -1.0000000  0.0000000 )
                  (  0.0000000  0.0000000 -1.0000000 )


      isym =  5     180 deg rotation - cart. axis [1,1,0]        

 cryst.   s( 5) = (     0          1          0      )
                  (     1          0          0      )
                  (     0          0         -1      )

 cart.    s( 5) = (  0.0000000  1.0000000  0.0000000 )
                  (  1.0000000  0.0000000  0.0000000 )
                  (  0.0000000  0.0000000 -1.0000000 )


      isym =  6     180 deg rotation - cart. axis [1,-1,0]       

 cryst.   s( 6) = (     0         -1          0      )
                  (    -1          0          0      )
                  (     0          0         -1      )

 cart.    s( 6) = (  0.0000000 -1.0000000  0.0000000 )
                  ( -1.0000000  0.0000000  0.0000000 )
                  (  0.0000000  0.0000000 -1.0000000 )


      isym =  7      90 deg rotation - cart. axis [0,0,-1]       

 cryst.   s( 7) = (     0         -1          0      )
                  (     1          0          0      )
                  (     0          0          1      )

 cart.    s( 7) = (  0.0000000  1.0000000  0.0000000 )
                  ( -1.0000000  0.0000000  0.0000000 )
                  (  0.0000000  0.0000000  1.0000000 )


      isym =  8      90 deg rotation - cart. axis [0,0,1]        

 cryst.   s( 8) = (     0          1          0      )
                  (    -1          0          0      )
                  (     0          0          1      )

 cart.    s( 8) = (  0.0000000 -1.0000000  0.0000000 )
                  (  1.0000000  0.0000000  0.0000000 )
                  (  0.0000000  0.0000000  1.0000000 )


      isym =  9     180 deg rotation - cart. axis [1,0,1]        

 cryst.   s( 9) = (     0          0          1      )
                  (     0         -1          0      )
                  (     1          0          0      )

 cart.    s( 9) = (  0.0000000  0.0000000  1.0000000 )
                  (  0.0000000 -1.0000000  0.0000000 )
                  (  1.0000000  0.0000000  0.0000000 )


      isym = 10     180 deg rotation - cart. axis [-1,0,1]       

 cryst.   s(10) = (     0          0         -1      )
                  (     0         -1          0      )
                  (    -1          0          0      )

 cart.    s(10) = (  0.0000000  0.0000000 -1.0000000 )
                  (  0.0000000 -1.0000000  0.0000000 )
                  ( -1.0000000  0.0000000  0.0000000 )


      isym = 11      90 deg rotation - cart. axis [0,1,0]        

 cryst.   s(11) = (     0          0         -1      )
                  (     0          1          0      )
                  (     1          0          0      )

 cart.    s(11) = (  0.0000000  0.0000000  1.0000000 )
                  (  0.0000000  1.0000000  0.0000000 )
                  ( -1.0000000  0.0000000  0.0000000 )


      isym = 12      90 deg rotation - cart. axis [0,-1,0]       

 cryst.   s(12) = (     0          0          1      )
                  (     0          1          0      )
                  (    -1          0          0      )

 cart.    s(12) = (  0.0000000  0.0000000 -1.0000000 )
                  (  0.0000000  1.0000000  0.0000000 )
                  (  1.0000000  0.0000000  0.0000000 )


      isym = 13     180 deg rotation - cart. axis [0,1,1]        

 cryst.   s(13) = (    -1          0          0      )
                  (     0          0          1      )
                  (     0          1          0      )

 cart.    s(13) = ( -1.0000000  0.0000000  0.0000000 )
                  (  0.0000000  0.0000000  1.0000000 )
                  (  0.0000000  1.0000000  0.0000000 )


      isym = 14     180 deg rotation - cart. axis [0,1,-1]       

 cryst.   s(14) = (    -1          0          0      )
                  (     0          0         -1      )
                  (     0         -1          0      )

 cart.    s(14) = ( -1.0000000  0.0000000  0.0000000 )
                  (  0.0000000  0.0000000 -1.0000000 )
                  (  0.0000000 -1.0000000  0.0000000 )


      isym = 15      90 deg rotation - cart. axis [-1,0,0]       

 cryst.   s(15) = (     1          0          0      )
                  (     0          0         -1      )
                  (     0          1          0      )

 cart.    s(15) = (  1.0000000  0.0000000  0.0000000 )
                  (  0.0000000  0.0000000  1.0000000 )
                  (  0.0000000 -1.0000000  0.0000000 )


      isym = 16      90 deg rotation - cart. axis [1,0,0]        

 cryst.   s(16) = (     1          0          0      )
                  (     0          0          1      )
                  (     0         -1          0      )

 cart.    s(16) = (  1.0000000  0.0000000  0.0000000 )
                  (  0.0000000  0.0000000 -1.0000000 )
                  (  0.0000000  1.0000000  0.0000000 )


      isym = 17     120 deg rotation - cart. axis [-1,-1,-1]     

 cryst.   s(17) = (     0          0          1      )
                  (     1          0          0      )
                  (     0          1          0      )

 cart.    s(17) = (  0.0000000  1.0000000  0.0000000 )
                  (  0.0000000  0.0000000  1.0000000 )
                  (  1.0000000  0.0000000  0.0000000 )


      isym = 18     120 deg rotation - cart. axis [-1,1,1]       

 cryst.   s(18) = (     0          0         -1      )
                  (    -1          0          0      )
                  (     0          1          0      )

 cart.    s(18) = (  0.0000000 -1.0000000  0.0000000 )
                  (  0.0000000  0.0000000  1.0000000 )
                  ( -1.0000000  0.0000000  0.0000000 )


      isym = 19     120 deg rotation - cart. axis [1,1,-1]       

 cryst.   s(19) = (     0          0         -1      )
                  (     1          0          0      )
                  (     0         -1          0      )

 cart.    s(19) = (  0.0000000  1.0000000  0.0000000 )
                  (  0.0000000  0.0000000 -1.0000000 )
                  ( -1.0000000  0.0000000  0.0000000 )


      isym = 20     120 deg rotation - cart. axis [1,-1,1]       

 cryst.   s(20) = (     0          0          1      )
                  (    -1          0          0      )
                  (     0         -1          0      )

 cart.    s(20) = (  0.0000000 -1.0000000  0.0000000 )
                  (  0.0000000  0.0000000 -1.0000000 )
                  (  1.0000000  0.0000000  0.0000000 )


      isym = 21     120 deg rotation - cart. axis [1,1,1]        

 cryst.   s(21) = (     0          1          0      )
                  (     0          0          1      )
                  (     1          0          0      )

 cart.    s(21) = (  0.0000000  0.0000000  1.0000000 )
                  (  1.0000000  0.0000000  0.0000000 )
                  (  0.0000000  1.0000000  0.0000000 )


      isym = 22     120 deg rotation - cart. axis [-1,1,-1]      

 cryst.   s(22) = (     0         -1          0      )
                  (     0          0         -1      )
                  (     1          0          0      )

 cart.    s(22) = (  0.0000000  0.0000000  1.0000000 )
                  ( -1.0000000  0.0000000  0.0000000 )
                  (  0.0000000 -1.0000000  0.0000000 )


      isym = 23     120 deg rotation - cart. axis [1,-1,-1]      

 cryst.   s(23) = (     0         -1          0      )
                  (     0          0          1      )
                  (    -1          0          0      )

 cart.    s(23) = (  0.0000000  0.0000000 -1.0000000 )
                  ( -1.0000000  0.0000000  0.0000000 )
                  (  0.0000000  1.0000000  0.0000000 )


      isym = 24     120 deg rotation - cart. axis [-1,-1,1]      

 cryst.   s(24) = (     0          1          0      )
                  (     0          0         -1      )
                  (    -1          0          0      )

 cart.    s(24) = (  0.0000000  0.0000000 -1.0000000 )
                  (  1.0000000  0.0000000  0.0000000 )
                  (  0.0000000 -1.0000000  0.0000000 )


      isym = 25     inversion                                    

 cryst.   s(25) = (    -1          0          0      )
                  (     0         -1          0      )
                  (     0          0         -1      )

 cart.    s(25) = ( -1.0000000  0.0000000  0.0000000 )
                  (  0.0000000 -1.0000000  0.0000000 )
                  (  0.0000000  0.0000000 -1.0000000 )


      isym = 26     inv. 180 deg rotation - cart. axis [0,0,1]   

 cryst.   s(26) = (     1          0          0      )
                  (     0          1          0      )
                  (     0          0         -1      )

 cart.    s(26) = (  1.0000000  0.0000000  0.0000000 )
                  (  0.0000000  1.0000000  0.0000000 )
                  (  0.0000000  0.0000000 -1.0000000 )


      isym = 27     inv. 180 deg rotation - cart. axis [0,1,0]   

 cryst.   s(27) = (     1          0          0      )
                  (     0         -1          0      )
                  (     0          0          1      )

 cart.    s(27) = (  1.0000000  0.0000000  0.0000000 )
                  (  0.0000000 -1.0000000  0.0000000 )
                  (  0.0000000  0.0000000  1.0000000 )


      isym = 28     inv. 180 deg rotation - cart. axis [1,0,0]   

 cryst.   s(28) = (    -1          0          0      )
                  (     0          1          0      )
                  (     0          0          1      )

 cart.    s(28) = ( -1.0000000  0.0000000  0.0000000 )
                  (  0.0000000  1.0000000  0.0000000 )
                  (  0.0000000  0.0000000  1.0000000 )


      isym = 29     inv. 180 deg rotation - cart. axis [1,1,0]   

 cryst.   s(29) = (     0         -1          0      )
                  (    -1          0          0      )
                  (     0          0          1      )

 cart.    s(29) = (  0.0000000 -1.0000000  0.0000000 )
                  ( -1.0000000  0.0000000  0.0000000 )
                  (  0.0000000  0.0000000  1.0000000 )


      isym = 30     inv. 180 deg rotation - cart. axis [1,-1,0]  

 cryst.   s(30) = (     0          1          0      )
                  (     1          0          0      )
                  (     0          0          1      )

 cart.    s(30) = (  0.0000000  1.0000000  0.0000000 )
                  (  1.0000000  0.0000000  0.0000000 )
                  (  0.0000000  0.0000000  1.0000000 )


      isym = 31     inv.  90 deg rotation - cart. axis [0,0,-1]  

 cryst.   s(31) = (     0          1          0      )
                  (    -1          0          0      )
                  (     0          0         -1      )

 cart.    s(31) = (  0.0000000 -1.0000000  0.0000000 )
                  (  1.0000000  0.0000000  0.0000000 )
                  (  0.0000000  0.0000000 -1.0000000 )


      isym = 32     inv.  90 deg rotation - cart. axis [0,0,1]   

 cryst.   s(32) = (     0         -1          0      )
                  (     1          0          0      )
                  (     0          0         -1      )

 cart.    s(32) = (  0.0000000  1.0000000  0.0000000 )
                  ( -1.0000000  0.0000000  0.0000000 )
                  (  0.0000000  0.0000000 -1.0000000 )


      isym = 33     inv. 180 deg rotation - cart. axis [1,0,1]   

 cryst.   s(33) = (     0          0         -1      )
                  (     0          1          0      )
                  (    -1          0          0      )

 cart.    s(33) = (  0.0000000  0.0000000 -1.0000000 )
                  (  0.0000000  1.0000000  0.0000000 )
                  ( -1.0000000  0.0000000  0.0000000 )


      isym = 34     inv. 180 deg rotation - cart. axis [-1,0,1]  

 cryst.   s(34) = (     0          0          1      )
                  (     0          1          0      )
                  (     1          0          0      )

 cart.    s(34) = (  0.0000000  0.0000000  1.0000000 )
                  (  0.0000000  1.0000000  0.0000000 )
                  (  1.0000000  0.0000000  0.0000000 )


      isym = 35     inv.  90 deg rotation - cart. axis [0,1,0]   

 cryst.   s(35) = (     0          0          1      )
                  (     0         -1          0      )
                  (    -1          0          0      )

 cart.    s(35) = (  0.0000000  0.0000000 -1.0000000 )
                  (  0.0000000 -1.0000000  0.0000000 )
                  (  1.0000000  0.0000000  0.0000000 )


      isym = 36     inv.  90 deg rotation - cart. axis [0,-1,0]  

 cryst.   s(36) = (     0          0         -1      )
                  (     0         -1          0      )
                  (     1          0          0      )

 cart.    s(36) = (  0.0000000  0.0000000  1.0000000 )
                  (  0.0000000 -1.0000000  0.0000000 )
                  ( -1.0000000  0.0000000  0.0000000 )


      isym = 37     inv. 180 deg rotation - cart. axis [0,1,1]   

 cryst.   s(37) = (     1          0          0      )
                  (     0          0         -1      )
                  (     0         -1          0      )

 cart.    s(37) = (  1.0000000  0.0000000  0.0000000 )
                  (  0.0000000  0.0000000 -1.0000000 )
                  (  0.0000000 -1.0000000  0.0000000 )


      isym = 38     inv. 180 deg rotation - cart. axis [0,1,-1]  

 cryst.   s(38) = (     1          0          0      )
                  (     0          0          1      )
                  (     0          1          0      )

 cart.    s(38) = (  1.0000000  0.0000000  0.0000000 )
                  (  0.0000000  0.0000000  1.0000000 )
                  (  0.0000000  1.0000000  0.0000000 )


      isym = 39     inv.  90 deg rotation - cart. axis [-1,0,0]  

 cryst.   s(39) = (    -1          0          0      )
                  (     0          0          1      )
                  (     0         -1          0      )

 cart.    s(39) = ( -1.0000000  0.0000000  0.0000000 )
                  (  0.0000000  0.0000000 -1.0000000 )
                  (  0.0000000  1.0000000  0.0000000 )


      isym = 40     inv.  90 deg rotation - cart. axis [1,0,0]   

 cryst.   s(40) = (    -1          0          0      )
                  (     0          0         -1      )
                  (     0          1          0      )

 cart.    s(40) = ( -1.0000000  0.0000000  0.0000000 )
                  (  0.0000000  0.0000000  1.0000000 )
                  (  0.0000000 -1.0000000  0.0000000 )


      isym = 41     inv. 120 deg rotation - cart. axis [-1,-1,-1]

 cryst.   s(41) = (     0          0         -1      )
                  (    -1          0          0      )
                  (     0         -1          0      )

 cart.    s(41) = (  0.0000000 -1.0000000  0.0000000 )
                  (  0.0000000  0.0000000 -1.0000000 )
                  ( -1.0000000  0.0000000  0.0000000 )


      isym = 42     inv. 120 deg rotation - cart. axis [-1,1,1]  

 cryst.   s(42) = (     0          0          1      )
                  (     1          0          0      )
                  (     0         -1          0      )

 cart.    s(42) = (  0.0000000  1.0000000  0.0000000 )
                  (  0.0000000  0.0000000 -1.0000000 )
                  (  1.0000000  0.0000000  0.0000000 )


      isym = 43     inv. 120 deg rotation - cart. axis [1,1,-1]  

 cryst.   s(43) = (     0          0          1      )
                  (    -1          0          0      )
                  (     0          1          0      )

 cart.    s(43) = (  0.0000000 -1.0000000  0.0000000 )
                  (  0.0000000  0.0000000  1.0000000 )
                  (  1.0000000  0.0000000  0.0000000 )


      isym = 44     inv. 120 deg rotation - cart. axis [1,-1,1]  

 cryst.   s(44) = (     0          0         -1      )
                  (     1          0          0      )
                  (     0          1          0      )

 cart.    s(44) = (  0.0000000  1.0000000  0.0000000 )
                  (  0.0000000  0.0000000  1.0000000 )
                  ( -1.0000000  0.0000000  0.0000000 )


      isym = 45     inv. 120 deg rotation - cart. axis [1,1,1]   

 cryst.   s(45) = (     0         -1          0      )
                  (     0          0         -1      )
                  (    -1          0          0      )

 cart.    s(45) = (  0.0000000  0.0000000 -1.0000000 )
                  ( -1.0000000  0.0000000  0.0000000 )
                  (  0.0000000 -1.0000000  0.0000000 )


      isym = 46     inv. 120 deg rotation - cart. axis [-1,1,-1] 

 cryst.   s(46) = (     0          1          0      )
                  (     0          0          1      )
                  (    -1          0          0      )

 cart.    s(46) = (  0.0000000  0.0000000 -1.0000000 )
                  (  1.0000000  0.0000000  0.0000000 )
                  (  0.0000000  1.0000000  0.0000000 )


      isym = 47     inv. 120 deg rotation - cart. axis [1,-1,-1] 

 cryst.   s(47) = (     0          1          0      )
                  (     0          0         -1      )
                  (     1          0          0      )

 cart.    s(47) = (  0.0000000  0.0000000  1.0000000 )
                  (  1.0000000  0.0000000  0.0000000 )
                  (  0.0000000 -1.0000000  0.0000000 )


      isym = 48     inv. 120 deg rotation - cart. axis [-1,-1,1] 

 cryst.   s(48) = (     0         -1          0      )
                  (     0          0          1      )
                  (     1          0          0      )

 cart.    s(48) = (  0.0000000  0.0000000  1.0000000 )
                  ( -1.0000000  0.0000000  0.0000000 )
                  (  0.0000000  1.0000000  0.0000000 )


     This transformation sends q -> -q+G

      isym = 49     identity                                     

 cryst.   s(49) = (     1          0          0      )
                  (     0          1          0      )
                  (     0          0          1      )

 cart.    s(49) = (  1.0000000  0.0000000  0.0000000 )
                  (  0.0000000  1.0000000  0.0000000 )
                  (  0.0000000  0.0000000  1.0000000 )


     G cutoff = 1883.7497  ( 171291 G-vectors)     FFT grid: ( 90, 90, 90)
     G cutoff =  941.8748  (  60633 G-vectors)  smooth grid: ( 64, 64, 64)

     number of k points=    84  Gaussian smearing, width (Ry)=  0.0050
                       cart. coord. in units 2pi/alat
        k(    1) = (   0.0000000   0.0000000   0.0000000), wk =   0.0011574
        k(    2) = (   0.0000000   0.0000000   0.0833333), wk =   0.0069444
        k(    3) = (   0.0000000   0.0000000   0.1666667), wk =   0.0069444
        k(    4) = (   0.0000000   0.0000000   0.2500000), wk =   0.0069444
        k(    5) = (   0.0000000   0.0000000   0.3333333), wk =   0.0069444
        k(    6) = (   0.0000000   0.0000000   0.4166667), wk =   0.0069444
        k(    7) = (   0.0000000   0.0000000  -0.5000000), wk =   0.0034722
        k(    8) = (   0.0000000   0.0833333   0.0833333), wk =   0.0138889
        k(    9) = (   0.0000000   0.0833333   0.1666667), wk =   0.0277778
        k(   10) = (   0.0000000   0.0833333   0.2500000), wk =   0.0277778
        k(   11) = (   0.0000000   0.0833333   0.3333333), wk =   0.0277778
        k(   12) = (   0.0000000   0.0833333   0.4166667), wk =   0.0277778
        k(   13) = (   0.0000000   0.0833333  -0.5000000), wk =   0.0138889
        k(   14) = (   0.0000000   0.1666667   0.1666667), wk =   0.0138889
        k(   15) = (   0.0000000   0.1666667   0.2500000), wk =   0.0277778
        k(   16) = (   0.0000000   0.1666667   0.3333333), wk =   0.0277778
        k(   17) = (   0.0000000   0.1666667   0.4166667), wk =   0.0277778
        k(   18) = (   0.0000000   0.1666667  -0.5000000), wk =   0.0138889
        k(   19) = (   0.0000000   0.2500000   0.2500000), wk =   0.0138889
        k(   20) = (   0.0000000   0.2500000   0.3333333), wk =   0.0277778
        k(   21) = (   0.0000000   0.2500000   0.4166667), wk =   0.0277778
        k(   22) = (   0.0000000   0.2500000  -0.5000000), wk =   0.0138889
        k(   23) = (   0.0000000   0.3333333   0.3333333), wk =   0.0138889
        k(   24) = (   0.0000000   0.3333333   0.4166667), wk =   0.0277778
        k(   25) = (   0.0000000   0.3333333  -0.5000000), wk =   0.0138889
        k(   26) = (   0.0000000   0.4166667   0.4166667), wk =   0.0138889
        k(   27) = (   0.0000000   0.4166667  -0.5000000), wk =   0.0138889
        k(   28) = (   0.0000000  -0.5000000  -0.5000000), wk =   0.0034722
        k(   29) = (   0.0833333   0.0833333   0.0833333), wk =   0.0092593
        k(   30) = (   0.0833333   0.0833333   0.1666667), wk =   0.0277778
        k(   31) = (   0.0833333   0.0833333   0.2500000), wk =   0.0277778
        k(   32) = (   0.0833333   0.0833333   0.3333333), wk =   0.0277778
        k(   33) = (   0.0833333   0.0833333   0.4166667), wk =   0.0277778
        k(   34) = (   0.0833333   0.0833333  -0.5000000), wk =   0.0138889
        k(   35) = (   0.0833333   0.1666667   0.1666667), wk =   0.0277778
        k(   36) = (   0.0833333   0.1666667   0.2500000), wk =   0.0555556
        k(   37) = (   0.0833333   0.1666667   0.3333333), wk =   0.0555556
        k(   38) = (   0.0833333   0.1666667   0.4166667), wk =   0.0555556
        k(   39) = (   0.0833333   0.1666667  -0.5000000), wk =   0.0277778
        k(   40) = (   0.0833333   0.2500000   0.2500000), wk =   0.0277778
        k(   41) = (   0.0833333   0.2500000   0.3333333), wk =   0.0555556
        k(   42) = (   0.0833333   0.2500000   0.4166667), wk =   0.0555556
        k(   43) = (   0.0833333   0.2500000  -0.5000000), wk =   0.0277778
        k(   44) = (   0.0833333   0.3333333   0.3333333), wk =   0.0277778
        k(   45) = (   0.0833333   0.3333333   0.4166667), wk =   0.0555556
        k(   46) = (   0.0833333   0.3333333  -0.5000000), wk =   0.0277778
        k(   47) = (   0.0833333   0.4166667   0.4166667), wk =   0.0277778
        k(   48) = (   0.0833333   0.4166667  -0.5000000), wk =   0.0277778
        k(   49) = (   0.0833333  -0.5000000  -0.5000000), wk =   0.0069444
        k(   50) = (   0.1666667   0.1666667   0.1666667), wk =   0.0092593
        k(   51) = (   0.1666667   0.1666667   0.2500000), wk =   0.0277778
        k(   52) = (   0.1666667   0.1666667   0.3333333), wk =   0.0277778
        k(   53) = (   0.1666667   0.1666667   0.4166667), wk =   0.0277778
        k(   54) = (   0.1666667   0.1666667  -0.5000000), wk =   0.0138889
        k(   55) = (   0.1666667   0.2500000   0.2500000), wk =   0.0277778
        k(   56) = (   0.1666667   0.2500000   0.3333333), wk =   0.0555556
        k(   57) = (   0.1666667   0.2500000   0.4166667), wk =   0.0555556
        k(   58) = (   0.1666667   0.2500000  -0.5000000), wk =   0.0277778
        k(   59) = (   0.1666667   0.3333333   0.3333333), wk =   0.0277778
        k(   60) = (   0.1666667   0.3333333   0.4166667), wk =   0.0555556
        k(   61) = (   0.1666667   0.3333333  -0.5000000), wk =   0.0277778
        k(   62) = (   0.1666667   0.4166667   0.4166667), wk =   0.0277778
        k(   63) = (   0.1666667   0.4166667  -0.5000000), wk =   0.0277778
        k(   64) = (   0.1666667  -0.5000000  -0.5000000), wk =   0.0069444
        k(   65) = (   0.2500000   0.2500000   0.2500000), wk =   0.0092593
        k(   66) = (   0.2500000   0.2500000   0.3333333), wk =   0.0277778
        k(   67) = (   0.2500000   0.2500000   0.4166667), wk =   0.0277778
        k(   68) = (   0.2500000   0.2500000  -0.5000000), wk =   0.0138889
        k(   69) = (   0.2500000   0.3333333   0.3333333), wk =   0.0277778
        k(   70) = (   0.2500000   0.3333333   0.4166667), wk =   0.0555556
        k(   71) = (   0.2500000   0.3333333  -0.5000000), wk =   0.0277778
        k(   72) = (   0.2500000   0.4166667   0.4166667), wk =   0.0277778
        k(   73) = (   0.2500000   0.4166667  -0.5000000), wk =   0.0277778
        k(   74) = (   0.2500000  -0.5000000  -0.5000000), wk =   0.0069444
        k(   75) = (   0.3333333   0.3333333   0.3333333), wk =   0.0092593
        k(   76) = (   0.3333333   0.3333333   0.4166667), wk =   0.0277778
        k(   77) = (   0.3333333   0.3333333  -0.5000000), wk =   0.0138889
        k(   78) = (   0.3333333   0.4166667   0.4166667), wk =   0.0277778
        k(   79) = (   0.3333333   0.4166667  -0.5000000), wk =   0.0277778
        k(   80) = (   0.3333333  -0.5000000  -0.5000000), wk =   0.0069444
        k(   81) = (   0.4166667   0.4166667   0.4166667), wk =   0.0092593
        k(   82) = (   0.4166667   0.4166667  -0.5000000), wk =   0.0138889
        k(   83) = (   0.4166667  -0.5000000  -0.5000000), wk =   0.0069444
        k(   84) = (  -0.5000000  -0.5000000  -0.5000000), wk =   0.0011574

                       cryst. coord.
        k(    1) = (   0.0000000   0.0000000   0.0000000), wk =   0.0011574
        k(    2) = (   0.0000000   0.0000000   0.0833333), wk =   0.0069444
        k(    3) = (   0.0000000   0.0000000   0.1666667), wk =   0.0069444
        k(    4) = (   0.0000000   0.0000000   0.2500000), wk =   0.0069444
        k(    5) = (   0.0000000   0.0000000   0.3333333), wk =   0.0069444
        k(    6) = (   0.0000000   0.0000000   0.4166667), wk =   0.0069444
        k(    7) = (   0.0000000   0.0000000  -0.5000000), wk =   0.0034722
        k(    8) = (   0.0000000   0.0833333   0.0833333), wk =   0.0138889
        k(    9) = (   0.0000000   0.0833333   0.1666667), wk =   0.0277778
        k(   10) = (   0.0000000   0.0833333   0.2500000), wk =   0.0277778
        k(   11) = (   0.0000000   0.0833333   0.3333333), wk =   0.0277778
        k(   12) = (   0.0000000   0.0833333   0.4166667), wk =   0.0277778
        k(   13) = (   0.0000000   0.0833333  -0.5000000), wk =   0.0138889
        k(   14) = (   0.0000000   0.1666667   0.1666667), wk =   0.0138889
        k(   15) = (   0.0000000   0.1666667   0.2500000), wk =   0.0277778
        k(   16) = (   0.0000000   0.1666667   0.3333333), wk =   0.0277778
        k(   17) = (   0.0000000   0.1666667   0.4166667), wk =   0.0277778
        k(   18) = (   0.0000000   0.1666667  -0.5000000), wk =   0.0138889
        k(   19) = (   0.0000000   0.2500000   0.2500000), wk =   0.0138889
        k(   20) = (   0.0000000   0.2500000   0.3333333), wk =   0.0277778
        k(   21) = (   0.0000000   0.2500000   0.4166667), wk =   0.0277778
        k(   22) = (   0.0000000   0.2500000  -0.5000000), wk =   0.0138889
        k(   23) = (   0.0000000   0.3333333   0.3333333), wk =   0.0138889
        k(   24) = (   0.0000000   0.3333333   0.4166667), wk =   0.0277778
        k(   25) = (   0.0000000   0.3333333  -0.5000000), wk =   0.0138889
        k(   26) = (   0.0000000   0.4166667   0.4166667), wk =   0.0138889
        k(   27) = (   0.0000000   0.4166667  -0.5000000), wk =   0.0138889
        k(   28) = (   0.0000000  -0.5000000  -0.5000000), wk =   0.0034722
        k(   29) = (   0.0833333   0.0833333   0.0833333), wk =   0.0092593
        k(   30) = (   0.0833333   0.0833333   0.1666667), wk =   0.0277778
        k(   31) = (   0.0833333   0.0833333   0.2500000), wk =   0.0277778
        k(   32) = (   0.0833333   0.0833333   0.3333333), wk =   0.0277778
        k(   33) = (   0.0833333   0.0833333   0.4166667), wk =   0.0277778
        k(   34) = (   0.0833333   0.0833333  -0.5000000), wk =   0.0138889
        k(   35) = (   0.0833333   0.1666667   0.1666667), wk =   0.0277778
        k(   36) = (   0.0833333   0.1666667   0.2500000), wk =   0.0555556
        k(   37) = (   0.0833333   0.1666667   0.3333333), wk =   0.0555556
        k(   38) = (   0.0833333   0.1666667   0.4166667), wk =   0.0555556
        k(   39) = (   0.0833333   0.1666667  -0.5000000), wk =   0.0277778
        k(   40) = (   0.0833333   0.2500000   0.2500000), wk =   0.0277778
        k(   41) = (   0.0833333   0.2500000   0.3333333), wk =   0.0555556
        k(   42) = (   0.0833333   0.2500000   0.4166667), wk =   0.0555556
        k(   43) = (   0.0833333   0.2500000  -0.5000000), wk =   0.0277778
        k(   44) = (   0.0833333   0.3333333   0.3333333), wk =   0.0277778
        k(   45) = (   0.0833333   0.3333333   0.4166667), wk =   0.0555556
        k(   46) = (   0.0833333   0.3333333  -0.5000000), wk =   0.0277778
        k(   47) = (   0.0833333   0.4166667   0.4166667), wk =   0.0277778
        k(   48) = (   0.0833333   0.4166667  -0.5000000), wk =   0.0277778
        k(   49) = (   0.0833333  -0.5000000  -0.5000000), wk =   0.0069444
        k(   50) = (   0.1666667   0.1666667   0.1666667), wk =   0.0092593
        k(   51) = (   0.1666667   0.1666667   0.2500000), wk =   0.0277778
        k(   52) = (   0.1666667   0.1666667   0.3333333), wk =   0.0277778
        k(   53) = (   0.1666667   0.1666667   0.4166667), wk =   0.0277778
        k(   54) = (   0.1666667   0.1666667  -0.5000000), wk =   0.0138889
        k(   55) = (   0.1666667   0.2500000   0.2500000), wk =   0.0277778
        k(   56) = (   0.1666667   0.2500000   0.3333333), wk =   0.0555556
        k(   57) = (   0.1666667   0.2500000   0.4166667), wk =   0.0555556
        k(   58) = (   0.1666667   0.2500000  -0.5000000), wk =   0.0277778
        k(   59) = (   0.1666667   0.3333333   0.3333333), wk =   0.0277778
        k(   60) = (   0.1666667   0.3333333   0.4166667), wk =   0.0555556
        k(   61) = (   0.1666667   0.3333333  -0.5000000), wk =   0.0277778
        k(   62) = (   0.1666667   0.4166667   0.4166667), wk =   0.0277778
        k(   63) = (   0.1666667   0.4166667  -0.5000000), wk =   0.0277778
        k(   64) = (   0.1666667  -0.5000000  -0.5000000), wk =   0.0069444
        k(   65) = (   0.2500000   0.2500000   0.2500000), wk =   0.0092593
        k(   66) = (   0.2500000   0.2500000   0.3333333), wk =   0.0277778
        k(   67) = (   0.2500000   0.2500000   0.4166667), wk =   0.0277778
        k(   68) = (   0.2500000   0.2500000  -0.5000000), wk =   0.0138889
        k(   69) = (   0.2500000   0.3333333   0.3333333), wk =   0.0277778
        k(   70) = (   0.2500000   0.3333333   0.4166667), wk =   0.0555556
        k(   71) = (   0.2500000   0.3333333  -0.5000000), wk =   0.0277778
        k(   72) = (   0.2500000   0.4166667   0.4166667), wk =   0.0277778
        k(   73) = (   0.2500000   0.4166667  -0.5000000), wk =   0.0277778
        k(   74) = (   0.2500000  -0.5000000  -0.5000000), wk =   0.0069444
        k(   75) = (   0.3333333   0.3333333   0.3333333), wk =   0.0092593
        k(   76) = (   0.3333333   0.3333333   0.4166667), wk =   0.0277778
        k(   77) = (   0.3333333   0.3333333  -0.5000000), wk =   0.0138889
        k(   78) = (   0.3333333   0.4166667   0.4166667), wk =   0.0277778
        k(   79) = (   0.3333333   0.4166667  -0.5000000), wk =   0.0277778
        k(   80) = (   0.3333333  -0.5000000  -0.5000000), wk =   0.0069444
        k(   81) = (   0.4166667   0.4166667   0.4166667), wk =   0.0092593
        k(   82) = (   0.4166667   0.4166667  -0.5000000), wk =   0.0138889
        k(   83) = (   0.4166667  -0.5000000  -0.5000000), wk =   0.0069444
        k(   84) = (  -0.5000000  -0.5000000  -0.5000000), wk =   0.0011574

     PseudoPot. # 1 for K  read from file:
     /home/administrator/Downloads/BURAI/BURAI1.3/pseudopot/K.pbe-spn-kjpaw_psl.1.0.0.UPF
     MD5 check sum: 14ff5a24ff9f8afecca2cb30191d3c3d
     Pseudo is Projector augmented-wave + core cor, Zval =  9.0
     Generated using "atomic" code by A. Dal Corso  v.5.1.2
     Shape of augmentation charge: PSQ
     Using radial grid of 1165 points,  6 beta functions with: 
                l(1) =   0
                l(2) =   0
                l(3) =   1
                l(4) =   1
                l(5) =   2
                l(6) =   2
     Q(r) pseudized with 0 coefficients 


     PseudoPot. # 2 for Hg read from file:
     /home/administrator/Downloads/BURAI/BURAI1.3/pseudopot/Hg.pbe-spn-kjpaw_psl.1.0.0.UPF
     MD5 check sum: 083292b708b7984353df1419b7cd3dff
     Pseudo is Projector augmented-wave + core cor, Zval = 20.0
     Generated using "atomic" code by A. Dal Corso  v.5.1.2
     Shape of augmentation charge: PSQ
     Using radial grid of 1279 points,  6 beta functions with: 
                l(1) =   0
                l(2) =   0
                l(3) =   1
                l(4) =   1
                l(5) =   2
                l(6) =   2
     Q(r) pseudized with 0 coefficients 


     PseudoPot. # 3 for Cl read from file:
     /home/administrator/Downloads/BURAI/BURAI1.3/pseudopot/Cl.pbe-n-kjpaw_psl.1.0.0.UPF
     MD5 check sum: d11ac872591ccaf6ebdc6d6d0c764b72
     Pseudo is Projector augmented-wave + core cor, Zval =  7.0
     Generated using "atomic" code by A. Dal Corso  v.5.1.2
     Shape of augmentation charge: PSQ
     Using radial grid of 1157 points,  6 beta functions with: 
                l(1) =   0
                l(2) =   0
                l(3) =   1
                l(4) =   1
                l(5) =   2
                l(6) =   2
     Q(r) pseudized with 0 coefficients 


     point group O_h (m-3m) 
     there are 10 classes
     the character table:

       E     8C3   3C2   6C4   6C2'  i     8S6   3s_h  6S4   6s_d 
A_1g   1.00  1.00  1.00  1.00  1.00  1.00  1.00  1.00  1.00  1.00
A_2g   1.00  1.00  1.00 -1.00 -1.00  1.00  1.00  1.00 -1.00 -1.00
E_g    2.00 -1.00  2.00  0.00  0.00  2.00 -1.00  2.00  0.00  0.00
T_1g   3.00  0.00 -1.00  1.00 -1.00  3.00  0.00 -1.00  1.00 -1.00
T_2g   3.00  0.00 -1.00 -1.00  1.00  3.00  0.00 -1.00 -1.00  1.00
A_1u   1.00  1.00  1.00  1.00  1.00 -1.00 -1.00 -1.00 -1.00 -1.00
A_2u   1.00  1.00  1.00 -1.00 -1.00 -1.00 -1.00 -1.00  1.00  1.00
E_u    2.00 -1.00  2.00  0.00  0.00 -2.00  1.00 -2.00  0.00  0.00
T_1u   3.00  0.00 -1.00  1.00 -1.00 -3.00  0.00  1.00 -1.00  1.00
T_2u   3.00  0.00 -1.00 -1.00  1.00 -3.00  0.00  1.00  1.00 -1.00

     the symmetry operations in each class and the name of the first element:

     E        1
                                                                 
     8C3     17   19   20   18   24   21   22   23
                                                                 
     3C2      2    4    3
                                                                 
     6C4      7    8   15   16   12   11
                                                                 
     6C2'     5    6   14   13   10    9
                                                                 
     i       25
                                                                 
     8S6     41   43   44   42   48   45   46   47
                                                                 
     3s_h    26   28   27
                                                                 
     6S4     31   32   39   40   36   35
                                                                 
     6s_d    29   30   38   37   34   33
                                                                 


     Atomic displacements:
     There are    5 irreducible representations

     Representation     1      3 modes -  To be done
     Irreps are as follows:

     mode #   1              mode #   2              mode #   3
     (  -0.00000  -0.00000 ) (  -0.00000  -0.00000 ) (   0.00000  -0.00000 ) 
     (  -0.00000  -0.00000 ) (  -0.00000  -0.00000 ) (   0.00000  -0.00000 ) 
     (  -0.00000  -0.00000 ) (  -0.00000  -0.00000 ) (   0.00000  -0.00000 ) 
     (  -0.00000  -0.00000 ) (  -0.00000  -0.00000 ) (   0.00000  -0.00000 ) 
     (  -0.00000  -0.00000 ) (  -0.00000  -0.00000 ) (   0.00000  -0.00000 ) 
     (  -0.00000  -0.00000 ) (  -0.00000  -0.00000 ) (   0.00000  -0.00000 ) 
     (  -0.01689  -0.00000 ) (  -0.00000  -0.00000 ) (  -0.61228  -0.00000 ) 
     (   0.49946  -0.00000 ) (  -0.00000  -0.00000 ) (  -0.01378  -0.00000 ) 
     (   0.00000  -0.00000 ) (  -0.61252  -0.00000 ) (   0.00000  -0.00000 ) 
     (  -0.01378  -0.00000 ) (  -0.00000  -0.00000 ) (  -0.49946  -0.00000 ) 
     (   0.61228  -0.00000 ) (  -0.00000  -0.00000 ) (  -0.01689  -0.00000 ) 
     (   0.00000  -0.00000 ) (  -0.61252  -0.00000 ) (  -0.00000  -0.00000 ) 
     (  -0.01689  -0.00000 ) (  -0.00000  -0.00000 ) (  -0.61228  -0.00000 ) 
     (   0.61228  -0.00000 ) (  -0.00000  -0.00000 ) (  -0.01689  -0.00000 ) 
     (  -0.00000  -0.00000 ) (  -0.49965  -0.00000 ) (   0.00000  -0.00000 ) 

     Representation     2      3 modes -  To be done
     Irreps are as follows:

     mode #   4              mode #   5              mode #   6
     (  -0.00000  -0.00000 ) (  -0.00000  -0.00000 ) (  -0.00000  -0.00000 ) 
     (  -0.00000  -0.00000 ) (  -0.00000  -0.00000 ) (  -0.00000  -0.00000 ) 
     (  -0.00000  -0.00000 ) (  -0.00000  -0.00000 ) (  -0.00000  -0.00000 ) 
     (  -1.00000  -0.00000 ) (  -0.00000  -0.00000 ) (  -0.00000  -0.00000 ) 
     (  -0.00000  -0.00000 ) (  -1.00000  -0.00000 ) (  -0.00000  -0.00000 ) 
     (  -0.00000  -0.00000 ) (  -0.00000  -0.00000 ) (  -1.00000  -0.00000 ) 
     (  -0.00000  -0.00000 ) (  -0.00000  -0.00000 ) (  -0.00000  -0.00000 ) 
     (  -0.00000  -0.00000 ) (  -0.00000  -0.00000 ) (  -0.00000  -0.00000 ) 
     (  -0.00000  -0.00000 ) (  -0.00000  -0.00000 ) (  -0.00000  -0.00000 ) 
     (  -0.00000  -0.00000 ) (  -0.00000  -0.00000 ) (  -0.00000  -0.00000 ) 
     (  -0.00000  -0.00000 ) (  -0.00000  -0.00000 ) (  -0.00000  -0.00000 ) 
     (  -0.00000  -0.00000 ) (  -0.00000  -0.00000 ) (  -0.00000  -0.00000 ) 
     (  -0.00000  -0.00000 ) (  -0.00000  -0.00000 ) (  -0.00000  -0.00000 ) 
     (  -0.00000  -0.00000 ) (  -0.00000  -0.00000 ) (  -0.00000  -0.00000 ) 
     (  -0.00000  -0.00000 ) (  -0.00000  -0.00000 ) (  -0.00000  -0.00000 ) 

     Representation     3      3 modes -  To be done
     Irreps are as follows:

     mode #   7              mode #   8              mode #   9
     (  -1.00000  -0.00000 ) (  -0.00000  -0.00000 ) (  -0.00000  -0.00000 ) 
     (  -0.00000  -0.00000 ) (  -0.00000  -0.00000 ) (  -1.00000  -0.00000 ) 
     (  -0.00000  -0.00000 ) (  -1.00000  -0.00000 ) (  -0.00000  -0.00000 ) 
     (  -0.00000  -0.00000 ) (  -0.00000  -0.00000 ) (  -0.00000  -0.00000 ) 
     (  -0.00000  -0.00000 ) (  -0.00000  -0.00000 ) (  -0.00000  -0.00000 ) 
     (  -0.00000  -0.00000 ) (  -0.00000  -0.00000 ) (  -0.00000  -0.00000 ) 
     (  -0.00000  -0.00000 ) (  -0.00000  -0.00000 ) (  -0.00000  -0.00000 ) 
     (  -0.00000  -0.00000 ) (  -0.00000  -0.00000 ) (  -0.00000  -0.00000 ) 
     (  -0.00000  -0.00000 ) (  -0.00000  -0.00000 ) (  -0.00000  -0.00000 ) 
     (  -0.00000  -0.00000 ) (  -0.00000  -0.00000 ) (  -0.00000  -0.00000 ) 
     (  -0.00000  -0.00000 ) (  -0.00000  -0.00000 ) (  -0.00000  -0.00000 ) 
     (  -0.00000  -0.00000 ) (  -0.00000  -0.00000 ) (  -0.00000  -0.00000 ) 
     (  -0.00000  -0.00000 ) (  -0.00000  -0.00000 ) (  -0.00000  -0.00000 ) 
     (  -0.00000  -0.00000 ) (  -0.00000  -0.00000 ) (  -0.00000  -0.00000 ) 
     (  -0.00000  -0.00000 ) (  -0.00000  -0.00000 ) (  -0.00000  -0.00000 ) 

     Representation     4      3 modes -  To be done
     Irreps are as follows:

     mode #  10              mode #  11              mode #  12
     (  -0.00000   0.00000 ) (  -0.00000  -0.00000 ) (  -0.00000  -0.00000 ) 
     (  -0.00000   0.00000 ) (  -0.00000  -0.00000 ) (  -0.00000  -0.00000 ) 
     (  -0.00000   0.00000 ) (  -0.00000  -0.00000 ) (  -0.00000  -0.00000 ) 
     (  -0.00000   0.00000 ) (  -0.00000  -0.00000 ) (  -0.00000  -0.00000 ) 
     (  -0.00000   0.00000 ) (  -0.00000  -0.00000 ) (  -0.00000  -0.00000 ) 
     (  -0.00000   0.00000 ) (  -0.00000  -0.00000 ) (  -0.00000  -0.00000 ) 
     (  -0.00000   0.00000 ) (  -0.35330  -0.00000 ) (  -0.00000  -0.00000 ) 
     (  -0.00000   0.00000 ) (  -0.00000  -0.00000 ) (  -0.86623  -0.00000 ) 
     (  -0.35330  -0.00000 ) (   0.00000  -0.00000 ) (   0.00000  -0.00000 ) 
     (  -0.00000   0.00000 ) (   0.86623  -0.00000 ) (  -0.00000  -0.00000 ) 
     (  -0.00000   0.00000 ) (   0.00000  -0.00000 ) (   0.35330  -0.00000 ) 
     (  -0.35330  -0.00000 ) (  -0.00000  -0.00000 ) (   0.00000  -0.00000 ) 
     (  -0.00000   0.00000 ) (  -0.35330  -0.00000 ) (   0.00000  -0.00000 ) 
     (  -0.00000   0.00000 ) (  -0.00000  -0.00000 ) (   0.35330  -0.00000 ) 
     (   0.86623   0.00000 ) (  -0.00000  -0.00000 ) (  -0.00000  -0.00000 ) 

     Representation     5      3 modes -  To be done
     Irreps are as follows:

     mode #  13              mode #  14              mode #  15
     (  -0.00000   0.00000 ) (  -0.00000   0.00000 ) (  -0.00000   0.00000 ) 
     (  -0.00000   0.00000 ) (  -0.00000   0.00000 ) (  -0.00000   0.00000 ) 
     (  -0.00000   0.00000 ) (  -0.00000   0.00000 ) (  -0.00000   0.00000 ) 
     (  -0.00000   0.00000 ) (  -0.00000   0.00000 ) (  -0.00000   0.00000 ) 
     (  -0.00000   0.00000 ) (  -0.00000   0.00000 ) (  -0.00000   0.00000 ) 
     (  -0.00000   0.00000 ) (  -0.00000   0.00000 ) (  -0.00000   0.00000 ) 
     (  -0.66352  -0.00000 ) (  -0.02705  -0.00000 ) (  -0.24291  -0.00000 ) 
     (   0.00000   0.00000 ) (  -0.00000  -0.00000 ) (   0.00000   0.00000 ) 
     (   0.17677   0.00000 ) (   0.43220   0.00000 ) (  -0.53099  -0.00000 ) 
     (  -0.00000  -0.00000 ) (  -0.00000  -0.00000 ) (   0.00000   0.00000 ) 
     (   0.16879   0.00000 ) (  -0.55899  -0.00000 ) (  -0.39880  -0.00000 ) 
     (  -0.17677  -0.00000 ) (  -0.43220  -0.00000 ) (   0.53099   0.00000 ) 
     (   0.66352   0.00000 ) (   0.02705   0.00000 ) (   0.24291   0.00000 ) 
     (  -0.16879  -0.00000 ) (   0.55899   0.00000 ) (   0.39880   0.00000 ) 
     (  -0.00000   0.00000 ) (  -0.00000   0.00000 ) (  -0.00000   0.00000 ) 



     Alpha used in Ewald sum =   2.8000
     PHONON       :   7m 7.11s CPU   7m12.29s WALL



     Representation #   1 modes #   1   2   3

     Self-consistent Calculation

     Pert. #  1: Fermi energy shift (Ry) =    -2.9594E-26    -7.8366E-39
     Pert. #  2: Fermi energy shift (Ry) =     0.0000E+00     0.0000E+00
     Pert. #  3: Fermi energy shift (Ry) =     5.3853E-28    -7.1019E-39

      iter #   1 total cpu time :  1026.2 secs   av.it.:   6.2
      thresh= 1.000E-02 alpha_mix =  0.700 |ddv_scf|^2 =  1.384E-08

     Pert. #  1: Fermi energy shift (Ry) =    -8.9783E-27     0.0000E+00
     Pert. #  2: Fermi energy shift (Ry) =    -1.2925E-26     0.0000E+00
     Pert. #  3: Fermi energy shift (Ry) =     4.4429E-27     0.0000E+00

      iter #   2 total cpu time :  2474.2 secs   av.it.:  20.0
      thresh= 1.176E-05 alpha_mix =  0.700 |ddv_scf|^2 =  5.229E-09

     Pert. #  1: Fermi energy shift (Ry) =     2.1415E-27     2.9894E-43
     Pert. #  2: Fermi energy shift (Ry) =     8.6165E-27     0.0000E+00
     Pert. #  3: Fermi energy shift (Ry) =     3.9043E-27    -3.4565E-43

      iter #   3 total cpu time :  3900.8 secs   av.it.:  19.9
      thresh= 7.231E-06 alpha_mix =  0.700 |ddv_scf|^2 =  1.638E-10

     Pert. #  1: Fermi energy shift (Ry) =    -6.1426E-27     1.1706E-42
     Pert. #  2: Fermi energy shift (Ry) =     8.6165E-27    -5.9789E-43
     Pert. #  3: Fermi energy shift (Ry) =    -4.4429E-27     8.9309E-43

      iter #   4 total cpu time :  5323.9 secs   av.it.:  20.1
      thresh= 1.280E-06 alpha_mix =  0.700 |ddv_scf|^2 =  6.444E-12

     Pert. #  1: Fermi energy shift (Ry) =    -3.8581E-27    -6.7846E-44
     Pert. #  2: Fermi energy shift (Ry) =     0.0000E+00    -7.4736E-44
     Pert. #  3: Fermi energy shift (Ry) =     2.8273E-27    -4.0171E-44

      iter #   5 total cpu time :  6751.9 secs   av.it.:  19.6
      thresh= 2.538E-07 alpha_mix =  0.700 |ddv_scf|^2 =  3.420E-13

     Pert. #  1: Fermi energy shift (Ry) =    -7.4132E-27    -1.3765E-44
     Pert. #  2: Fermi energy shift (Ry) =     1.2925E-26     2.6158E-43
     Pert. #  3: Fermi energy shift (Ry) =     5.7892E-27     1.5414E-44

      iter #   6 total cpu time :  8130.2 secs   av.it.:  19.0
      thresh= 5.848E-08 alpha_mix =  0.700 |ddv_scf|^2 =  2.232E-14

     Pert. #  1: Fermi energy shift (Ry) =    -7.6151E-28     1.9414E-45
     Pert. #  2: Fermi energy shift (Ry) =     8.6165E-27     5.6052E-45
     Pert. #  3: Fermi energy shift (Ry) =    -1.2117E-27    -5.1381E-45

      iter #   7 total cpu time :  9575.3 secs   av.it.:  20.8
      thresh= 1.494E-08 alpha_mix =  0.700 |ddv_scf|^2 =  4.236E-15

     End of self-consistent calculation

     Convergence has been achieved 


     Representation #   2 modes #   4   5   6

     Self-consistent Calculation

     Pert. #  1: Fermi energy shift (Ry) =     0.0000E+00     0.0000E+00
     Pert. #  2: Fermi energy shift (Ry) =     0.0000E+00     0.0000E+00
     Pert. #  3: Fermi energy shift (Ry) =     0.0000E+00     0.0000E+00

      iter #   1 total cpu time : 10416.6 secs   av.it.:   8.6
      thresh= 1.000E-02 alpha_mix =  0.700 |ddv_scf|^2 =  5.199E-07

     Pert. #  1: Fermi energy shift (Ry) =     0.0000E+00     0.0000E+00
     Pert. #  2: Fermi energy shift (Ry) =     0.0000E+00     0.0000E+00
     Pert. #  3: Fermi energy shift (Ry) =     0.0000E+00     0.0000E+00

      iter #   2 total cpu time : 11818.5 secs   av.it.:  19.4
      thresh= 7.211E-05 alpha_mix =  0.700 |ddv_scf|^2 =  4.620E-07

     Pert. #  1: Fermi energy shift (Ry) =     0.0000E+00     0.0000E+00
     Pert. #  2: Fermi energy shift (Ry) =     0.0000E+00     0.0000E+00
     Pert. #  3: Fermi energy shift (Ry) =     0.0000E+00     0.0000E+00

      iter #   3 total cpu time : 13195.1 secs   av.it.:  18.8
      thresh= 6.797E-05 alpha_mix =  0.700 |ddv_scf|^2 =  2.094E-09

     Pert. #  1: Fermi energy shift (Ry) =     0.0000E+00     0.0000E+00
     Pert. #  2: Fermi energy shift (Ry) =     0.0000E+00     0.0000E+00
     Pert. #  3: Fermi energy shift (Ry) =     0.0000E+00     0.0000E+00

      iter #   4 total cpu time : 14613.1 secs   av.it.:  20.0
      thresh= 4.576E-06 alpha_mix =  0.700 |ddv_scf|^2 =  2.728E-10

     Pert. #  1: Fermi energy shift (Ry) =     0.0000E+00     0.0000E+00
     Pert. #  2: Fermi energy shift (Ry) =     0.0000E+00     0.0000E+00
     Pert. #  3: Fermi energy shift (Ry) =     0.0000E+00     0.0000E+00

      iter #   5 total cpu time : 15994.1 secs   av.it.:  19.0
      thresh= 1.652E-06 alpha_mix =  0.700 |ddv_scf|^2 =  5.251E-12

     Pert. #  1: Fermi energy shift (Ry) =     0.0000E+00     0.0000E+00
     Pert. #  2: Fermi energy shift (Ry) =     0.0000E+00     0.0000E+00
     Pert. #  3: Fermi energy shift (Ry) =     0.0000E+00     0.0000E+00

      iter #   6 total cpu time : 17415.1 secs   av.it.:  19.6
      thresh= 2.292E-07 alpha_mix =  0.700 |ddv_scf|^2 =  2.485E-13

     Pert. #  1: Fermi energy shift (Ry) =     0.0000E+00     0.0000E+00
     Pert. #  2: Fermi energy shift (Ry) =     0.0000E+00     0.0000E+00
     Pert. #  3: Fermi energy shift (Ry) =     0.0000E+00     0.0000E+00

      iter #   7 total cpu time : 18807.8 secs   av.it.:  19.2
      thresh= 4.985E-08 alpha_mix =  0.700 |ddv_scf|^2 =  9.646E-15

     End of self-consistent calculation

     Convergence has been achieved 


     Representation #   3 modes #   7   8   9

     Self-consistent Calculation

     Pert. #  1: Fermi energy shift (Ry) =     0.0000E+00     0.0000E+00
     Pert. #  2: Fermi energy shift (Ry) =     0.0000E+00     0.0000E+00
     Pert. #  3: Fermi energy shift (Ry) =     0.0000E+00     0.0000E+00

      iter #   1 total cpu time : 19338.1 secs   av.it.:   5.8
      thresh= 1.000E-02 alpha_mix =  0.700 |ddv_scf|^2 =  5.075E-08

     Pert. #  1: Fermi energy shift (Ry) =     0.0000E+00     0.0000E+00
     Pert. #  2: Fermi energy shift (Ry) =     0.0000E+00     0.0000E+00
     Pert. #  3: Fermi energy shift (Ry) =     0.0000E+00     0.0000E+00

      iter #   2 total cpu time : 20706.8 secs   av.it.:  19.0
      thresh= 2.253E-05 alpha_mix =  0.700 |ddv_scf|^2 =  2.676E-08

     Pert. #  1: Fermi energy shift (Ry) =     0.0000E+00     0.0000E+00
     Pert. #  2: Fermi energy shift (Ry) =     0.0000E+00     0.0000E+00
     Pert. #  3: Fermi energy shift (Ry) =     0.0000E+00     0.0000E+00

      iter #   3 total cpu time : 22075.6 secs   av.it.:  18.9
      thresh= 1.636E-05 alpha_mix =  0.700 |ddv_scf|^2 =  2.383E-10

     Pert. #  1: Fermi energy shift (Ry) =     0.0000E+00     0.0000E+00
     Pert. #  2: Fermi energy shift (Ry) =     0.0000E+00     0.0000E+00
     Pert. #  3: Fermi energy shift (Ry) =     0.0000E+00     0.0000E+00

      iter #   4 total cpu time : 23491.8 secs   av.it.:  19.9
      thresh= 1.544E-06 alpha_mix =  0.700 |ddv_scf|^2 =  9.346E-12

     Pert. #  1: Fermi energy shift (Ry) =     0.0000E+00     0.0000E+00
     Pert. #  2: Fermi energy shift (Ry) =     0.0000E+00     0.0000E+00
     Pert. #  3: Fermi energy shift (Ry) =     0.0000E+00     0.0000E+00

      iter #   5 total cpu time : 24896.3 secs   av.it.:  19.8
      thresh= 3.057E-07 alpha_mix =  0.700 |ddv_scf|^2 =  5.547E-13

     Pert. #  1: Fermi energy shift (Ry) =     0.0000E+00     0.0000E+00
     Pert. #  2: Fermi energy shift (Ry) =     0.0000E+00     0.0000E+00
     Pert. #  3: Fermi energy shift (Ry) =     0.0000E+00     0.0000E+00

      iter #   6 total cpu time : 26317.3 secs   av.it.:  20.0
      thresh= 7.448E-08 alpha_mix =  0.700 |ddv_scf|^2 =  3.481E-14

     Pert. #  1: Fermi energy shift (Ry) =     0.0000E+00     0.0000E+00
     Pert. #  2: Fermi energy shift (Ry) =     0.0000E+00     0.0000E+00
     Pert. #  3: Fermi energy shift (Ry) =     0.0000E+00     0.0000E+00

      iter #   7 total cpu time : 27720.4 secs   av.it.:  19.5
      thresh= 1.866E-08 alpha_mix =  0.700 |ddv_scf|^2 =  1.852E-15

     End of self-consistent calculation

     Convergence has been achieved 


     Representation #   4 modes #  10  11  12

     Self-consistent Calculation

     Pert. #  1: Fermi energy shift (Ry) =     3.3215E-27     7.3595E-40
     Pert. #  2: Fermi energy shift (Ry) =    -1.7233E-26     0.0000E+00
     Pert. #  3: Fermi energy shift (Ry) =    -5.6078E-27    -1.5692E-39

      iter #   1 total cpu time : 28340.8 secs   av.it.:   6.4
      thresh= 1.000E-02 alpha_mix =  0.700 |ddv_scf|^2 =  4.399E-08

     Pert. #  1: Fermi energy shift (Ry) =    -1.0418E-27    -9.7150E-44
     Pert. #  2: Fermi energy shift (Ry) =    -2.1541E-27    -3.8265E-42
     Pert. #  3: Fermi energy shift (Ry) =     4.0691E-27     8.5760E-43

      iter #   2 total cpu time : 29767.2 secs   av.it.:  19.4
      thresh= 2.097E-05 alpha_mix =  0.700 |ddv_scf|^2 =  2.593E-08

     Pert. #  1: Fermi energy shift (Ry) =    -1.0807E-28    -1.6753E-43
     Pert. #  2: Fermi energy shift (Ry) =     2.6926E-28     2.3915E-43
     Pert. #  3: Fermi energy shift (Ry) =    -1.4699E-28     2.3090E-43

      iter #   3 total cpu time : 31158.8 secs   av.it.:  19.1
      thresh= 1.610E-05 alpha_mix =  0.700 |ddv_scf|^2 =  1.421E-10

     Pert. #  1: Fermi energy shift (Ry) =    -1.8785E-28    -2.4287E-44
     Pert. #  2: Fermi energy shift (Ry) =     0.0000E+00     0.0000E+00
     Pert. #  3: Fermi energy shift (Ry) =    -2.8315E-28    -2.4756E-44

      iter #   4 total cpu time : 32573.0 secs   av.it.:  19.7
      thresh= 1.192E-06 alpha_mix =  0.700 |ddv_scf|^2 =  9.695E-12

     Pert. #  1: Fermi energy shift (Ry) =    -2.1396E-28    -7.4349E-45
     Pert. #  2: Fermi energy shift (Ry) =    -5.3853E-28     0.0000E+00
     Pert. #  3: Fermi energy shift (Ry) =    -2.9198E-28    -1.5856E-44

      iter #   5 total cpu time : 33976.4 secs   av.it.:  19.6
      thresh= 3.114E-07 alpha_mix =  0.700 |ddv_scf|^2 =  6.817E-13

     Pert. #  1: Fermi energy shift (Ry) =    -2.0291E-28     2.9591E-43
     Pert. #  2: Fermi energy shift (Ry) =    -5.3853E-28     0.0000E+00
     Pert. #  3: Fermi energy shift (Ry) =    -2.8449E-28    -3.2989E-44

      iter #   6 total cpu time : 35345.2 secs   av.it.:  18.7
      thresh= 8.257E-08 alpha_mix =  0.700 |ddv_scf|^2 =  3.145E-14

     Pert. #  1: Fermi energy shift (Ry) =    -2.0337E-28    -4.1883E-44
     Pert. #  2: Fermi energy shift (Ry) =    -5.3853E-28     5.9789E-44
     Pert. #  3: Fermi energy shift (Ry) =    -2.8608E-28     5.7726E-44

      iter #   7 total cpu time : 36757.7 secs   av.it.:  19.4
      thresh= 1.773E-08 alpha_mix =  0.700 |ddv_scf|^2 =  1.838E-15

     End of self-consistent calculation

     Convergence has been achieved 


     Representation #   5 modes #  13  14  15

     Self-consistent Calculation

     Pert. #  1: Fermi energy shift (Ry) =     1.7233E-26     7.8366E-39
     Pert. #  2: Fermi energy shift (Ry) =    -3.4466E-26    -3.9183E-39
     Pert. #  3: Fermi energy shift (Ry) =     0.0000E+00    -9.7958E-40

      iter #   1 total cpu time : 37370.4 secs   av.it.:   5.9
      thresh= 1.000E-02 alpha_mix =  0.700 |ddv_scf|^2 =  1.114E-08

     Pert. #  1: Fermi energy shift (Ry) =     6.4623E-27     0.0000E+00
     Pert. #  2: Fermi energy shift (Ry) =     0.0000E+00     1.9132E-42
     Pert. #  3: Fermi energy shift (Ry) =     2.1541E-27     5.7397E-42

      iter #   2 total cpu time : 38864.3 secs   av.it.:  19.5
      thresh= 1.056E-05 alpha_mix =  0.700 |ddv_scf|^2 =  1.587E-09

     Pert. #  1: Fermi energy shift (Ry) =     6.4623E-27    -1.9132E-42
     Pert. #  2: Fermi energy shift (Ry) =    -4.3082E-27     1.9132E-42
     Pert. #  3: Fermi energy shift (Ry) =     6.4623E-27     2.8699E-42

      iter #   3 total cpu time : 40346.6 secs   av.it.:  19.7
      thresh= 3.983E-06 alpha_mix =  0.700 |ddv_scf|^2 =  1.803E-11

     Pert. #  1: Fermi energy shift (Ry) =    -4.3082E-27    -7.1746E-43
     Pert. #  2: Fermi energy shift (Ry) =     0.0000E+00     0.0000E+00
     Pert. #  3: Fermi energy shift (Ry) =    -1.2925E-26    -1.1958E-43

      iter #   4 total cpu time : 41797.7 secs   av.it.:  19.7
      thresh= 4.246E-07 alpha_mix =  0.700 |ddv_scf|^2 =  9.073E-13

     Pert. #  1: Fermi energy shift (Ry) =     6.4623E-27     5.9789E-44
     Pert. #  2: Fermi energy shift (Ry) =    -4.3082E-27     4.1852E-43
     Pert. #  3: Fermi energy shift (Ry) =     2.1541E-27     2.9894E-44

      iter #   5 total cpu time : 43015.4 secs   av.it.:  15.7
      thresh= 9.525E-08 alpha_mix =  0.700 |ddv_scf|^2 =  5.683E-16

     End of self-consistent calculation

     Convergence has been achieved 

     Number of q in the star =    1
     List of q in the star:
          1   0.000000000   0.000000000   0.000000000

     Diagonalizing the dynamical matrix

     q = (    0.000000000   0.000000000   0.000000000 ) 

 **************************************************************************
     freq (    1) =      -2.904912 [THz] =     -96.897441 [cm-1]
     freq (    2) =      -2.904912 [THz] =     -96.897441 [cm-1]
     freq (    3) =      -2.904912 [THz] =     -96.897441 [cm-1]
     freq (    4) =      -2.641678 [THz] =     -88.116880 [cm-1]
     freq (    5) =      -2.641678 [THz] =     -88.116880 [cm-1]
     freq (    6) =      -2.641678 [THz] =     -88.116880 [cm-1]
     freq (    7) =      -1.382674 [THz] =     -46.121028 [cm-1]
     freq (    8) =      -1.382674 [THz] =     -46.121028 [cm-1]
     freq (    9) =      -1.382674 [THz] =     -46.121028 [cm-1]
     freq (   10) =      -1.019633 [THz] =     -34.011288 [cm-1]
     freq (   11) =      -1.019633 [THz] =     -34.011288 [cm-1]
     freq (   12) =      -1.019633 [THz] =     -34.011288 [cm-1]
     freq (   13) =       8.262174 [THz] =     275.596467 [cm-1]
     freq (   14) =       8.262174 [THz] =     275.596467 [cm-1]
     freq (   15) =       8.262174 [THz] =     275.596467 [cm-1]
 **************************************************************************

     Mode symmetry, O_h (m-3m)  point group:

     freq (   1-   3) =        -96.9  [cm-1]   --> T_2u G_25  G_5-    
     freq (   4-   6) =        -88.1  [cm-1]   --> T_1u G_15  G_4- I  
     freq (   7-   9) =        -46.1  [cm-1]   --> T_1u G_15  G_4- I  
     freq (  10-  12) =        -34.0  [cm-1]   --> T_1u G_15  G_4- I  
     freq (  13-  15) =        275.6  [cm-1]   --> T_1u G_15  G_4- I  

     PHONON       :     11h38m CPU     11h57m WALL

     INITIALIZATION: 
     phq_setup    :      0.89s CPU      1.03s WALL (       1 calls)
     phq_init     :    422.12s CPU    426.70s WALL (       1 calls)

     phq_init     :    422.12s CPU    426.70s WALL (       1 calls)
     set_drhoc    :      0.02s CPU      0.02s WALL (       3 calls)
     init_vloc    :      0.08s CPU      0.08s WALL (       1 calls)
     init_us_1    :      0.54s CPU      0.55s WALL (       1 calls)
     init_us_2    :     18.54s CPU     16.12s WALL (    1071 calls)
     newd         :      1.51s CPU      1.70s WALL (       1 calls)
     dvanqq       :    218.06s CPU    234.14s WALL (       1 calls)
     drho         :    188.57s CPU    178.51s WALL (       1 calls)
     drhous       :     99.18s CPU     79.47s WALL (       1 calls)
     nldyntot     :      0.86s CPU      1.44s WALL (       1 calls)

     DYNAMICAL MATRIX:
     dynmat0      :     10.70s CPU      9.73s WALL (       1 calls)
     dynmat_us    :      9.74s CPU      8.84s WALL (       1 calls)
     addusdynmat  :      0.00s CPU      0.00s WALL (       1 calls)
     d2ionq       :      0.48s CPU      0.35s WALL (       1 calls)
     dynmatcc     :      0.48s CPU      0.53s WALL (       1 calls)
     phqscf       :  41478.33s CPU  42599.61s WALL (       1 calls)
     dynmatrix    :      0.00s CPU      0.00s WALL (       1 calls)

     phqscf       :  41478.33s CPU  42599.61s WALL (       1 calls)
     solve_linter :  41403.50s CPU  42535.06s WALL (       5 calls)
     sth_kernel   :  39652.69s CPU  40705.03s WALL (      33 calls)
     h_prec       :     58.35s CPU     65.84s WALL (     693 calls)
     apply_dpot_b :    490.09s CPU    609.61s WALL (    1764 calls)
     ortho        :    289.57s CPU    329.37s WALL (    2079 calls)
     cgsolve      :  37115.65s CPU  37482.17s WALL (    2079 calls)
     incdrhoscf   :    824.59s CPU    947.29s WALL (    2079 calls)
                                        0.00s GPU  (    2079 calls)
     addusddens   :    723.38s CPU    822.37s WALL (      38 calls)
     dv_of_drho   :     34.92s CPU     40.40s WALL (      99 calls)
     mix_pot      :      9.59s CPU      8.31s WALL (      33 calls)
     ef_shift     :      5.79s CPU      6.00s WALL (      33 calls)
     ef_shift_wfc :      2.06s CPU      2.07s WALL (       5 calls)
     localdos     :     64.56s CPU     56.22s WALL (       5 calls)
     drhodv       :     74.76s CPU     64.48s WALL (       5 calls)
     psymdvscf    :    125.81s CPU    126.78s WALL (      33 calls)
     newdq        :    579.49s CPU    580.52s WALL (      33 calls)
     adddvscf     :     74.09s CPU    112.80s WALL (    1764 calls)
     drhodvus     :      2.46s CPU      2.45s WALL (       5 calls)

     dvqpsi_us    :    139.34s CPU    126.05s WALL (     315 calls)
                                        0.00s GPU  (     315 calls)
     dvqpsi_us_on :     39.15s CPU     26.86s WALL (     315 calls)

     add_vuspsi   :   1591.87s CPU   1590.79s WALL (   61357 calls)
     addusdbec    :    151.89s CPU    179.06s WALL (    2394 calls)

     drhodvus     :      2.46s CPU      2.45s WALL (       5 calls)

      General routines
     calbec       :   8337.07s CPU   8688.63s WALL (  128762 calls)
     fft          :     65.00s CPU     76.77s WALL (    2208 calls)
     ffts         :     39.29s CPU     29.99s WALL (    3329 calls)
     fftw         :  11582.78s CPU  12803.16s WALL ( 2058045 calls)
     write_rec    :      1.19s CPU      1.19s WALL (      38 calls)

      Additional routines
     ch_psi       :  29031.28s CPU  29827.34s WALL (   61357 calls)
     last         :   9704.48s CPU   8839.64s WALL (   61357 calls)
     Hesh         :     65.53s CPU     41.97s WALL (   61357 calls)
     ch_psi_all_k :   9637.44s CPU   8796.82s WALL (   61357 calls)
                                        0.00s GPU  (   61357 calls)
     ch_psi_calbe :   3952.28s CPU   3381.25s WALL (   61357 calls)
                                        0.00s GPU  (   61357 calls)
     h_psi_bgrp   :  18160.28s CPU  20150.06s WALL (   61357 calls)
     h_psi        :  18158.38s CPU  20149.55s WALL (   61357 calls)
     h_psi:pot    :  18095.00s CPU  20101.19s WALL (   61357 calls)
     h_psi:calbec :   4027.94s CPU   4906.95s WALL (   61357 calls)
     s_psi_bgrp   :   2929.05s CPU   2570.59s WALL (  124793 calls)
     s_psi        :   2847.36s CPU   2512.92s WALL (  124793 calls)


     PHONON       :     11h38m CPU     11h57m WALL


   This run was terminated on:  21: 6:27   1May2025            

=------------------------------------------------------------------------------=
   JOB DONE.
=------------------------------------------------------------------------------=
