
     Program PHONON v.7.3.1 starts on 10Apr2025 at 13:16:28 

     This program is part of the open-source Quantum ESPRESSO suite
     for quantum simulation of materials; please cite
         "P. Giannozzi et al., J. Phys.:Condens. Matter 21 395502 (2009);
         "P. Giannozzi et al., J. Phys.:Condens. Matter 29 465901 (2017);
         "P. Giannozzi et al., J. Chem. Phys. 152 154105 (2020);
          URL http://www.quantum-espresso.org", 
     in publications or presentations arising from this work. More details at
     http://www.quantum-espresso.org/quote

     Parallel version (MPI), running on     8 processors

     MPI processes distributed on     1 nodes
     58350 MiB available memory on the printing compute node when the environment starts

     Waiting for input...
     Reading input from standard input
      Title line not specified: using 'default'.

     Reading xml data from directory:

     ./tmp/catis3.save/

     R & G space division:  proc/nbgrp/npool/nimage =       8
     Subspace diagonalization in iterative solution of the eigenvalue problem:
     a serial algorithm will be used

     file Ca.pbe-spn-kjpaw_psl.1.0.0.UPF: wavefunction(s)  3S renormalized
     file Ti.pbe-spn-rrkjus_psl.1.0.0.UPF: wavefunction(s)  3S 3D renormalized
     file S.pbe-n-kjpaw_psl.1.0.0.UPF: wavefunction(s)  3S 3P renormalized

     IMPORTANT: XC functional enforced from input :
     Exchange-correlation= PBE
                           (   1   4   3   4   0   0   0)
     Any further DFT definition will be discarded
     Please, verify this is what you really want


     Parallelization info
     --------------------
     sticks:   dense  smooth     PW     G-vecs:    dense   smooth      PW
     Min         579     289     82                29573    10449    1569
     Max         580     290     84                29576    10452    1571
     Sum        4637    2313    665               236601    83599   12557

     Using Slab Decomposition

     Reading collected, re-writing distributed wavefunctions in ./tmp/

     Number and degeneracy of irreps per q-point
       N         xq(1)         xq(2)         xq(3)   N irreps
  autoval = -.7051E+00
     Irreps are as follows:

                     mode #   1
                     (  -0.00000  -0.00000   ) 
                     (  -0.00000  -0.00000   ) 
                     (  -0.00000  -0.00000   ) 
                     (  -0.00000  -0.00000   ) 
                     (  -0.00000  -0.00000   ) 
                     (  -0.00000  -0.00000   ) 
                     (  -0.10353  -0.00000   ) 
                     (  -0.00000  -0.00000   ) 
                     (   0.00000  -0.00000   ) 
                     (  -0.70331  -0.00000   ) 
                     (  -0.00000  -0.00000   ) 
                     (  -0.00000  -0.00000   ) 
                     (  -0.70331  -0.00000   ) 
                     (   0.00000  -0.00000   ) 
                     (  -0.00000  -0.00000   ) 
  autoval = -.7051E+00
     Irreps are as follows:

                     mode #   2
                     (  -0.00000  -0.00000   ) 
                     (  -0.00000  -0.00000   ) 
                     (  -0.00000  -0.00000   ) 
                     (  -0.00000  -0.00000   ) 
                     (  -0.00000  -0.00000   ) 
                     (  -0.00000  -0.00000   ) 
                     (  -0.00000  -0.00000   ) 
                     (  -0.70331  -0.00000   ) 
                     (   0.00000  -0.00000   ) 
                     (  -0.00000  -0.00000   ) 
                     (  -0.10353  -0.00000   ) 
                     (   0.00000  -0.00000   ) 
                     (   0.00000  -0.00000   ) 
                     (  -0.70331  -0.00000   ) 
                     (  -0.00000  -0.00000   ) 
  autoval = -.7051E+00
     Irreps are as follows:

                     mode #   3
                     (  -0.00000  -0.00000   ) 
                     (  -0.00000  -0.00000   ) 
                     (  -0.00000  -0.00000   ) 
                     (  -0.00000  -0.00000   ) 
                     (  -0.00000  -0.00000   ) 
                     (  -0.00000  -0.00000   ) 
                     (  -0.00000  -0.00000   ) 
                     (   0.00000  -0.00000   ) 
                     (  -0.70331  -0.00000   ) 
                     (  -0.00000  -0.00000   ) 
                     (   0.00000  -0.00000   ) 
                     (  -0.70331  -0.00000   ) 
                     (  -0.00000  -0.00000   ) 
                     (   0.00000  -0.00000   ) 
                     (  -0.10353  -0.00000   ) 
  autoval = 0.9508E-01
     Irreps are as follows:

                     mode #   4
                     (  -0.00000  -0.00000   ) 
                     (  -0.00000  -0.00000   ) 
                     (  -0.00000  -0.00000   ) 
                     (  -0.00000  -0.00000   ) 
                     (  -0.00000  -0.00000   ) 
                     (  -0.00000  -0.00000   ) 
                     (  -0.00000  -0.00000   ) 
                     (  -0.70711  -0.00000   ) 
                     (  -0.00000   0.00000   ) 
                     (  -0.00000  -0.00000   ) 
                     (   0.00000  -0.00000   ) 
                     (  -0.00000   0.00000   ) 
                     (   0.00000  -0.00000   ) 
                     (   0.70711  -0.00000   ) 
                     (   0.00000  -0.00000   ) 
  autoval = 0.9508E-01
     Irreps are as follows:

                     mode #   5
                     (  -0.00000  -0.00000   ) 
                     (  -0.00000  -0.00000   ) 
                     (  -0.00000  -0.00000   ) 
                     (  -0.00000  -0.00000   ) 
                     (  -0.00000  -0.00000   ) 
                     (  -0.00000  -0.00000   ) 
                     (  -0.00000  -0.00000   ) 
                     (  -0.00000  -0.00000   ) 
                     (  -0.33962  -0.00000   ) 
                     (   0.62021  -0.00000   ) 
                     (  -0.00000  -0.00000   ) 
                     (   0.33962  -0.00000   ) 
                     (  -0.62021  -0.00000   ) 
                     (   0.00000  -0.00000   ) 
                     (  -0.00000  -0.00000   ) 
  autoval = 0.9508E-01
     Irreps are as follows:

                     mode #   6
                     (  -0.00000   0.00000   ) 
                     (  -0.00000   0.00000   ) 
                     (  -0.00000   0.00000   ) 
                     (  -0.00000   0.00000   ) 
                     (  -0.00000   0.00000   ) 
                     (  -0.00000   0.00000   ) 
                     (  -0.00000  -0.00000   ) 
                     (  -0.00000  -0.00000   ) 
                     (  -0.62021  -0.00000   ) 
                     (  -0.33962  -0.00000   ) 
                     (  -0.00000  -0.00000   ) 
                     (   0.62021   0.00000   ) 
                     (   0.33962   0.00000   ) 
                     (   0.00000   0.00000   ) 
                     (  -0.00000   0.00000   ) 
  autoval = 0.3752E+00
     Irreps are as follows:

                     mode #   7
                     (  -0.00000  -0.00000   ) 
                     (  -0.00000  -0.00000   ) 
                     (  -0.00000  -0.00000   ) 
                     (  -1.00000  -0.00000   ) 
                     (  -0.00000  -0.00000   ) 
                     (  -0.00000  -0.00000   ) 
                     (  -0.00000  -0.00000   ) 
                     (  -0.00000  -0.00000   ) 
                     (  -0.00000  -0.00000   ) 
                     (  -0.00000  -0.00000   ) 
                     (  -0.00000  -0.00000   ) 
                     (  -0.00000  -0.00000   ) 
                     (  -0.00000  -0.00000   ) 
                     (  -0.00000  -0.00000   ) 
                     (  -0.00000  -0.00000   ) 
  autoval = 0.3752E+00
     Irreps are as follows:

                     mode #   8
                     (  -0.00000  -0.00000   ) 
                     (  -0.00000  -0.00000   ) 
                     (  -0.00000  -0.00000   ) 
                     (  -0.00000  -0.00000   ) 
                     (  -1.00000  -0.00000   ) 
                     (  -0.00000  -0.00000   ) 
                     (  -0.00000  -0.00000   ) 
                     (  -0.00000  -0.00000   ) 
                     (  -0.00000  -0.00000   ) 
                     (  -0.00000  -0.00000   ) 
                     (  -0.00000  -0.00000   ) 
                     (  -0.00000  -0.00000   ) 
                     (  -0.00000  -0.00000   ) 
                     (  -0.00000  -0.00000   ) 
                     (  -0.00000  -0.00000   ) 
  autoval = 0.3752E+00
     Irreps are as follows:

                     mode #   9
                     (  -0.00000  -0.00000   ) 
                     (  -0.00000  -0.00000   ) 
                     (  -0.00000  -0.00000   ) 
                     (  -0.00000  -0.00000   ) 
                     (  -0.00000  -0.00000   ) 
                     (  -1.00000  -0.00000   ) 
                     (  -0.00000  -0.00000   ) 
                     (  -0.00000  -0.00000   ) 
                     (  -0.00000  -0.00000   ) 
                     (  -0.00000  -0.00000   ) 
                     (  -0.00000  -0.00000   ) 
                     (  -0.00000  -0.00000   ) 
                     (  -0.00000  -0.00000   ) 
                     (  -0.00000  -0.00000   ) 
                     (  -0.00000  -0.00000   ) 
  autoval = 0.6682E+00
     Irreps are as follows:

                     mode #  10
                     (  -1.00000  -0.00000   ) 
                     (  -0.00000  -0.00000   ) 
                     (  -0.00000  -0.00000   ) 
                     (  -0.00000  -0.00000   ) 
                     (  -0.00000  -0.00000   ) 
                     (  -0.00000  -0.00000   ) 
                     (  -0.00000  -0.00000   ) 
                     (  -0.00000  -0.00000   ) 
                     (  -0.00000  -0.00000   ) 
                     (  -0.00000  -0.00000   ) 
                     (  -0.00000  -0.00000   ) 
                     (  -0.00000  -0.00000   ) 
                     (  -0.00000  -0.00000   ) 
                     (  -0.00000  -0.00000   ) 
                     (  -0.00000  -0.00000   ) 
  autoval = 0.6682E+00
     Irreps are as follows:

                     mode #  11
                     (  -0.00000  -0.00000   ) 
                     (  -1.00000  -0.00000   ) 
                     (  -0.00000  -0.00000   ) 
                     (  -0.00000  -0.00000   ) 
                     (  -0.00000  -0.00000   ) 
                     (  -0.00000  -0.00000   ) 
                     (  -0.00000  -0.00000   ) 
                     (  -0.00000  -0.00000   ) 
                     (  -0.00000  -0.00000   ) 
                     (  -0.00000  -0.00000   ) 
                     (  -0.00000  -0.00000   ) 
                     (  -0.00000  -0.00000   ) 
                     (  -0.00000  -0.00000   ) 
                     (  -0.00000  -0.00000   ) 
                     (  -0.00000  -0.00000   ) 
  autoval = 0.6682E+00
     Irreps are as follows:

                     mode #  12
                     (  -0.00000  -0.00000   ) 
                     (  -0.00000  -0.00000   ) 
                     (  -1.00000  -0.00000   ) 
                     (  -0.00000  -0.00000   ) 
                     (  -0.00000  -0.00000   ) 
                     (  -0.00000  -0.00000   ) 
                     (  -0.00000  -0.00000   ) 
                     (  -0.00000  -0.00000   ) 
                     (  -0.00000  -0.00000   ) 
                     (  -0.00000  -0.00000   ) 
                     (  -0.00000  -0.00000   ) 
                     (  -0.00000  -0.00000   ) 
                     (  -0.00000  -0.00000   ) 
                     (  -0.00000  -0.00000   ) 
                     (  -0.00000  -0.00000   ) 
  autoval = 0.2326E+01
     Irreps are as follows:

                     mode #  13
                     (  -0.00000  -0.00000   ) 
                     (  -0.00000  -0.00000   ) 
                     (  -0.00000  -0.00000   ) 
                     (  -0.00000  -0.00000   ) 
                     (  -0.00000  -0.00000   ) 
                     (  -0.00000  -0.00000   ) 
                     (  -0.00000  -0.00000   ) 
                     (  -0.07320  -0.00000   ) 
                     (   0.00100  -0.00000   ) 
                     (  -0.00000  -0.00000   ) 
                     (   0.99453  -0.00000   ) 
                     (   0.00100  -0.00000   ) 
                     (   0.00000  -0.00000   ) 
                     (  -0.07320  -0.00000   ) 
                     (  -0.01363  -0.00000   ) 
  autoval = 0.2326E+01
     Irreps are as follows:

                     mode #  14
                     (  -0.00000  -0.00000   ) 
                     (  -0.00000  -0.00000   ) 
                     (  -0.00000  -0.00000   ) 
                     (  -0.00000  -0.00000   ) 
                     (  -0.00000  -0.00000   ) 
                     (  -0.00000  -0.00000   ) 
                     (  -0.99463  -0.00000   ) 
                     (  -0.00000  -0.00000   ) 
                     (   0.00000  -0.00000   ) 
                     (   0.07320  -0.00000   ) 
                     (   0.00000  -0.00000   ) 
                     (  -0.00000  -0.00000   ) 
                     (   0.07320  -0.00000   ) 
                     (  -0.00000  -0.00000   ) 
                     (  -0.00000  -0.00000   ) 
  autoval = 0.2326E+01
     Irreps are as follows:

                     mode #  15
                     (  -0.00000   0.00000   ) 
                     (  -0.00000   0.00000   ) 
                     (  -0.00000   0.00000   ) 
                     (  -0.00000   0.00000   ) 
                     (  -0.00000   0.00000   ) 
                     (  -0.00000   0.00000   ) 
                     (  -0.00000   0.00000   ) 
                     (  -0.00100  -0.00000   ) 
                     (  -0.07320  -0.00000   ) 
                     (  -0.00000   0.00000   ) 
                     (   0.01363   0.00000   ) 
                     (  -0.07320  -0.00000   ) 
                     (   0.00000   0.00000   ) 
                     (  -0.00100  -0.00000   ) 
                     (   0.99453   0.00000   ) 
       1   0.000000000   0.000000000   0.000000000       5
        3   3   3   3   3

     Calculation of q =    0.0000000   0.0000000   0.0000000

Possibly too few bands at point    1   0.00000   0.00000   0.00000

Possibly too few bands at point    2   0.00000   0.00000   0.16667

Possibly too few bands at point    5   0.00000   0.16667   0.16667

Possibly too few bands at point   20  -0.50000  -0.50000  -0.50000

     default                                                                    

     bravais-lattice index     =            0
     lattice parameter (alat)  =       9.5239  a.u.
     unit-cell volume          =     863.8495 (a.u.)^3
     number of atoms/cell      =            5
     number of atomic types    =            3
     kinetic-energy cut-off    =      80.0000  Ry
     charge density cut-off    =     640.0000  Ry
     convergence threshold     =      1.0E-14
     beta                      =       0.7000
     number of iterations used =            4
     Exchange-correlation= PBE
                           (   1   4   3   4   0   0   0)


     celldm(1)=    9.52385  celldm(2)=    0.00000  celldm(3)=    0.00000
     celldm(4)=    0.00000  celldm(5)=    0.00000  celldm(6)=    0.00000

     crystal axes: (cart. coord. in units of alat)
               a(1) = (  1.0000  0.0000  0.0000 )  
               a(2) = (  0.0000  1.0000  0.0000 )  
               a(3) = (  0.0000  0.0000  1.0000 )  

     reciprocal axes: (cart. coord. in units 2 pi/alat)
               b(1) = (  1.0000  0.0000  0.0000 )  
               b(2) = (  0.0000  1.0000  0.0000 )  
               b(3) = (  0.0000  0.0000  1.0000 )  


     Atoms inside the unit cell: 

     Cartesian axes

     site n.  atom      mass           positions (alat units)
        1  Ca     40.0780   tau(    1) = (    0.00000    0.00000    0.00000  )
        2  Ti     47.8670   tau(    2) = (    0.50000    0.50000    0.50000  )
        3  S      32.0600   tau(    3) = (    0.50000    0.00000    0.00000  )
        4  S      32.0600   tau(    4) = (    0.00000    0.50000    0.00000  )
        5  S      32.0600   tau(    5) = (    0.00000    0.00000    0.50000  )

     Computing dynamical matrix for 
                    q = (   0.0000000   0.0000000   0.0000000 )

     49 Sym.Ops. (with q -> -q+G )

                                    s                        frac. trans.

      isym =  1     identity                                     

 cryst.   s( 1) = (     1          0          0      )
                  (     0          1          0      )
                  (     0          0          1      )

 cart.    s( 1) = (  1.0000000  0.0000000  0.0000000 )
                  (  0.0000000  1.0000000  0.0000000 )
                  (  0.0000000  0.0000000  1.0000000 )


      isym =  2     180 deg rotation - cart. axis [0,0,1]        

 cryst.   s( 2) = (    -1          0          0      )
                  (     0         -1          0      )
                  (     0          0          1      )

 cart.    s( 2) = ( -1.0000000  0.0000000  0.0000000 )
                  (  0.0000000 -1.0000000  0.0000000 )
                  (  0.0000000  0.0000000  1.0000000 )


      isym =  3     180 deg rotation - cart. axis [0,1,0]        

 cryst.   s( 3) = (    -1          0          0      )
                  (     0          1          0      )
                  (     0          0         -1      )

 cart.    s( 3) = ( -1.0000000  0.0000000  0.0000000 )
                  (  0.0000000  1.0000000  0.0000000 )
                  (  0.0000000  0.0000000 -1.0000000 )


      isym =  4     180 deg rotation - cart. axis [1,0,0]        

 cryst.   s( 4) = (     1          0          0      )
                  (     0         -1          0      )
                  (     0          0         -1      )

 cart.    s( 4) = (  1.0000000  0.0000000  0.0000000 )
                  (  0.0000000 -1.0000000  0.0000000 )
                  (  0.0000000  0.0000000 -1.0000000 )


      isym =  5     180 deg rotation - cart. axis [1,1,0]        

 cryst.   s( 5) = (     0          1          0      )
                  (     1          0          0      )
                  (     0          0         -1      )

 cart.    s( 5) = (  0.0000000  1.0000000  0.0000000 )
                  (  1.0000000  0.0000000  0.0000000 )
                  (  0.0000000  0.0000000 -1.0000000 )


      isym =  6     180 deg rotation - cart. axis [1,-1,0]       

 cryst.   s( 6) = (     0         -1          0      )
                  (    -1          0          0      )
                  (     0          0         -1      )

 cart.    s( 6) = (  0.0000000 -1.0000000  0.0000000 )
                  ( -1.0000000  0.0000000  0.0000000 )
                  (  0.0000000  0.0000000 -1.0000000 )


      isym =  7      90 deg rotation - cart. axis [0,0,-1]       

 cryst.   s( 7) = (     0         -1          0      )
                  (     1          0          0      )
                  (     0          0          1      )

 cart.    s( 7) = (  0.0000000  1.0000000  0.0000000 )
                  ( -1.0000000  0.0000000  0.0000000 )
                  (  0.0000000  0.0000000  1.0000000 )


      isym =  8      90 deg rotation - cart. axis [0,0,1]        

 cryst.   s( 8) = (     0          1          0      )
                  (    -1          0          0      )
                  (     0          0          1      )

 cart.    s( 8) = (  0.0000000 -1.0000000  0.0000000 )
                  (  1.0000000  0.0000000  0.0000000 )
                  (  0.0000000  0.0000000  1.0000000 )


      isym =  9     180 deg rotation - cart. axis [1,0,1]        

 cryst.   s( 9) = (     0          0          1      )
                  (     0         -1          0      )
                  (     1          0          0      )

 cart.    s( 9) = (  0.0000000  0.0000000  1.0000000 )
                  (  0.0000000 -1.0000000  0.0000000 )
                  (  1.0000000  0.0000000  0.0000000 )


      isym = 10     180 deg rotation - cart. axis [-1,0,1]       

 cryst.   s(10) = (     0          0         -1      )
                  (     0         -1          0      )
                  (    -1          0          0      )

 cart.    s(10) = (  0.0000000  0.0000000 -1.0000000 )
                  (  0.0000000 -1.0000000  0.0000000 )
                  ( -1.0000000  0.0000000  0.0000000 )


      isym = 11      90 deg rotation - cart. axis [0,1,0]        

 cryst.   s(11) = (     0          0         -1      )
                  (     0          1          0      )
                  (     1          0          0      )

 cart.    s(11) = (  0.0000000  0.0000000  1.0000000 )
                  (  0.0000000  1.0000000  0.0000000 )
                  ( -1.0000000  0.0000000  0.0000000 )


      isym = 12      90 deg rotation - cart. axis [0,-1,0]       

 cryst.   s(12) = (     0          0          1      )
                  (     0          1          0      )
                  (    -1          0          0      )

 cart.    s(12) = (  0.0000000  0.0000000 -1.0000000 )
                  (  0.0000000  1.0000000  0.0000000 )
                  (  1.0000000  0.0000000  0.0000000 )


      isym = 13     180 deg rotation - cart. axis [0,1,1]        

 cryst.   s(13) = (    -1          0          0      )
                  (     0          0          1      )
                  (     0          1          0      )

 cart.    s(13) = ( -1.0000000  0.0000000  0.0000000 )
                  (  0.0000000  0.0000000  1.0000000 )
                  (  0.0000000  1.0000000  0.0000000 )


      isym = 14     180 deg rotation - cart. axis [0,1,-1]       

 cryst.   s(14) = (    -1          0          0      )
                  (     0          0         -1      )
                  (     0         -1          0      )

 cart.    s(14) = ( -1.0000000  0.0000000  0.0000000 )
                  (  0.0000000  0.0000000 -1.0000000 )
                  (  0.0000000 -1.0000000  0.0000000 )


      isym = 15      90 deg rotation - cart. axis [-1,0,0]       

 cryst.   s(15) = (     1          0          0      )
                  (     0          0         -1      )
                  (     0          1          0      )

 cart.    s(15) = (  1.0000000  0.0000000  0.0000000 )
                  (  0.0000000  0.0000000  1.0000000 )
                  (  0.0000000 -1.0000000  0.0000000 )


      isym = 16      90 deg rotation - cart. axis [1,0,0]        

 cryst.   s(16) = (     1          0          0      )
                  (     0          0          1      )
                  (     0         -1          0      )

 cart.    s(16) = (  1.0000000  0.0000000  0.0000000 )
                  (  0.0000000  0.0000000 -1.0000000 )
                  (  0.0000000  1.0000000  0.0000000 )


      isym = 17     120 deg rotation - cart. axis [-1,-1,-1]     

 cryst.   s(17) = (     0          0          1      )
                  (     1          0          0      )
                  (     0          1          0      )

 cart.    s(17) = (  0.0000000  1.0000000  0.0000000 )
                  (  0.0000000  0.0000000  1.0000000 )
                  (  1.0000000  0.0000000  0.0000000 )


      isym = 18     120 deg rotation - cart. axis [-1,1,1]       

 cryst.   s(18) = (     0          0         -1      )
                  (    -1          0          0      )
                  (     0          1          0      )

 cart.    s(18) = (  0.0000000 -1.0000000  0.0000000 )
                  (  0.0000000  0.0000000  1.0000000 )
                  ( -1.0000000  0.0000000  0.0000000 )


      isym = 19     120 deg rotation - cart. axis [1,1,-1]       

 cryst.   s(19) = (     0          0         -1      )
                  (     1          0          0      )
                  (     0         -1          0      )

 cart.    s(19) = (  0.0000000  1.0000000  0.0000000 )
                  (  0.0000000  0.0000000 -1.0000000 )
                  ( -1.0000000  0.0000000  0.0000000 )


      isym = 20     120 deg rotation - cart. axis [1,-1,1]       

 cryst.   s(20) = (     0          0          1      )
                  (    -1          0          0      )
                  (     0         -1          0      )

 cart.    s(20) = (  0.0000000 -1.0000000  0.0000000 )
                  (  0.0000000  0.0000000 -1.0000000 )
                  (  1.0000000  0.0000000  0.0000000 )


      isym = 21     120 deg rotation - cart. axis [1,1,1]        

 cryst.   s(21) = (     0          1          0      )
                  (     0          0          1      )
                  (     1          0          0      )

 cart.    s(21) = (  0.0000000  0.0000000  1.0000000 )
                  (  1.0000000  0.0000000  0.0000000 )
                  (  0.0000000  1.0000000  0.0000000 )


      isym = 22     120 deg rotation - cart. axis [-1,1,-1]      

 cryst.   s(22) = (     0         -1          0      )
                  (     0          0         -1      )
                  (     1          0          0      )

 cart.    s(22) = (  0.0000000  0.0000000  1.0000000 )
                  ( -1.0000000  0.0000000  0.0000000 )
                  (  0.0000000 -1.0000000  0.0000000 )


      isym = 23     120 deg rotation - cart. axis [1,-1,-1]      

 cryst.   s(23) = (     0         -1          0      )
                  (     0          0          1      )
                  (    -1          0          0      )

 cart.    s(23) = (  0.0000000  0.0000000 -1.0000000 )
                  ( -1.0000000  0.0000000  0.0000000 )
                  (  0.0000000  1.0000000  0.0000000 )


      isym = 24     120 deg rotation - cart. axis [-1,-1,1]      

 cryst.   s(24) = (     0          1          0      )
                  (     0          0         -1      )
                  (    -1          0          0      )

 cart.    s(24) = (  0.0000000  0.0000000 -1.0000000 )
                  (  1.0000000  0.0000000  0.0000000 )
                  (  0.0000000 -1.0000000  0.0000000 )


      isym = 25     inversion                                    

 cryst.   s(25) = (    -1          0          0      )
                  (     0         -1          0      )
                  (     0          0         -1      )

 cart.    s(25) = ( -1.0000000  0.0000000  0.0000000 )
                  (  0.0000000 -1.0000000  0.0000000 )
                  (  0.0000000  0.0000000 -1.0000000 )


      isym = 26     inv. 180 deg rotation - cart. axis [0,0,1]   

 cryst.   s(26) = (     1          0          0      )
                  (     0          1          0      )
                  (     0          0         -1      )

 cart.    s(26) = (  1.0000000  0.0000000  0.0000000 )
                  (  0.0000000  1.0000000  0.0000000 )
                  (  0.0000000  0.0000000 -1.0000000 )


      isym = 27     inv. 180 deg rotation - cart. axis [0,1,0]   

 cryst.   s(27) = (     1          0          0      )
                  (     0         -1          0      )
                  (     0          0          1      )

 cart.    s(27) = (  1.0000000  0.0000000  0.0000000 )
                  (  0.0000000 -1.0000000  0.0000000 )
                  (  0.0000000  0.0000000  1.0000000 )


      isym = 28     inv. 180 deg rotation - cart. axis [1,0,0]   

 cryst.   s(28) = (    -1          0          0      )
                  (     0          1          0      )
                  (     0          0          1      )

 cart.    s(28) = ( -1.0000000  0.0000000  0.0000000 )
                  (  0.0000000  1.0000000  0.0000000 )
                  (  0.0000000  0.0000000  1.0000000 )


      isym = 29     inv. 180 deg rotation - cart. axis [1,1,0]   

 cryst.   s(29) = (     0         -1          0      )
                  (    -1          0          0      )
                  (     0          0          1      )

 cart.    s(29) = (  0.0000000 -1.0000000  0.0000000 )
                  ( -1.0000000  0.0000000  0.0000000 )
                  (  0.0000000  0.0000000  1.0000000 )


      isym = 30     inv. 180 deg rotation - cart. axis [1,-1,0]  

 cryst.   s(30) = (     0          1          0      )
                  (     1          0          0      )
                  (     0          0          1      )

 cart.    s(30) = (  0.0000000  1.0000000  0.0000000 )
                  (  1.0000000  0.0000000  0.0000000 )
                  (  0.0000000  0.0000000  1.0000000 )


      isym = 31     inv.  90 deg rotation - cart. axis [0,0,-1]  

 cryst.   s(31) = (     0          1          0      )
                  (    -1          0          0      )
                  (     0          0         -1      )

 cart.    s(31) = (  0.0000000 -1.0000000  0.0000000 )
                  (  1.0000000  0.0000000  0.0000000 )
                  (  0.0000000  0.0000000 -1.0000000 )


      isym = 32     inv.  90 deg rotation - cart. axis [0,0,1]   

 cryst.   s(32) = (     0         -1          0      )
                  (     1          0          0      )
                  (     0          0         -1      )

 cart.    s(32) = (  0.0000000  1.0000000  0.0000000 )
                  ( -1.0000000  0.0000000  0.0000000 )
                  (  0.0000000  0.0000000 -1.0000000 )


      isym = 33     inv. 180 deg rotation - cart. axis [1,0,1]   

 cryst.   s(33) = (     0          0         -1      )
                  (     0          1          0      )
                  (    -1          0          0      )

 cart.    s(33) = (  0.0000000  0.0000000 -1.0000000 )
                  (  0.0000000  1.0000000  0.0000000 )
                  ( -1.0000000  0.0000000  0.0000000 )


      isym = 34     inv. 180 deg rotation - cart. axis [-1,0,1]  

 cryst.   s(34) = (     0          0          1      )
                  (     0          1          0      )
                  (     1          0          0      )

 cart.    s(34) = (  0.0000000  0.0000000  1.0000000 )
                  (  0.0000000  1.0000000  0.0000000 )
                  (  1.0000000  0.0000000  0.0000000 )


      isym = 35     inv.  90 deg rotation - cart. axis [0,1,0]   

 cryst.   s(35) = (     0          0          1      )
                  (     0         -1          0      )
                  (    -1          0          0      )

 cart.    s(35) = (  0.0000000  0.0000000 -1.0000000 )
                  (  0.0000000 -1.0000000  0.0000000 )
                  (  1.0000000  0.0000000  0.0000000 )


      isym = 36     inv.  90 deg rotation - cart. axis [0,-1,0]  

 cryst.   s(36) = (     0          0         -1      )
                  (     0         -1          0      )
                  (     1          0          0      )

 cart.    s(36) = (  0.0000000  0.0000000  1.0000000 )
                  (  0.0000000 -1.0000000  0.0000000 )
                  ( -1.0000000  0.0000000  0.0000000 )


      isym = 37     inv. 180 deg rotation - cart. axis [0,1,1]   

 cryst.   s(37) = (     1          0          0      )
                  (     0          0         -1      )
                  (     0         -1          0      )

 cart.    s(37) = (  1.0000000  0.0000000  0.0000000 )
                  (  0.0000000  0.0000000 -1.0000000 )
                  (  0.0000000 -1.0000000  0.0000000 )


      isym = 38     inv. 180 deg rotation - cart. axis [0,1,-1]  

 cryst.   s(38) = (     1          0          0      )
                  (     0          0          1      )
                  (     0          1          0      )

 cart.    s(38) = (  1.0000000  0.0000000  0.0000000 )
                  (  0.0000000  0.0000000  1.0000000 )
                  (  0.0000000  1.0000000  0.0000000 )


      isym = 39     inv.  90 deg rotation - cart. axis [-1,0,0]  

 cryst.   s(39) = (    -1          0          0      )
                  (     0          0          1      )
                  (     0         -1          0      )

 cart.    s(39) = ( -1.0000000  0.0000000  0.0000000 )
                  (  0.0000000  0.0000000 -1.0000000 )
                  (  0.0000000  1.0000000  0.0000000 )


      isym = 40     inv.  90 deg rotation - cart. axis [1,0,0]   

 cryst.   s(40) = (    -1          0          0      )
                  (     0          0         -1      )
                  (     0          1          0      )

 cart.    s(40) = ( -1.0000000  0.0000000  0.0000000 )
                  (  0.0000000  0.0000000  1.0000000 )
                  (  0.0000000 -1.0000000  0.0000000 )


      isym = 41     inv. 120 deg rotation - cart. axis [-1,-1,-1]

 cryst.   s(41) = (     0          0         -1      )
                  (    -1          0          0      )
                  (     0         -1          0      )

 cart.    s(41) = (  0.0000000 -1.0000000  0.0000000 )
                  (  0.0000000  0.0000000 -1.0000000 )
                  ( -1.0000000  0.0000000  0.0000000 )


      isym = 42     inv. 120 deg rotation - cart. axis [-1,1,1]  

 cryst.   s(42) = (     0          0          1      )
                  (     1          0          0      )
                  (     0         -1          0      )

 cart.    s(42) = (  0.0000000  1.0000000  0.0000000 )
                  (  0.0000000  0.0000000 -1.0000000 )
                  (  1.0000000  0.0000000  0.0000000 )


      isym = 43     inv. 120 deg rotation - cart. axis [1,1,-1]  

 cryst.   s(43) = (     0          0          1      )
                  (    -1          0          0      )
                  (     0          1          0      )

 cart.    s(43) = (  0.0000000 -1.0000000  0.0000000 )
                  (  0.0000000  0.0000000  1.0000000 )
                  (  1.0000000  0.0000000  0.0000000 )


      isym = 44     inv. 120 deg rotation - cart. axis [1,-1,1]  

 cryst.   s(44) = (     0          0         -1      )
                  (     1          0          0      )
                  (     0          1          0      )

 cart.    s(44) = (  0.0000000  1.0000000  0.0000000 )
                  (  0.0000000  0.0000000  1.0000000 )
                  ( -1.0000000  0.0000000  0.0000000 )


      isym = 45     inv. 120 deg rotation - cart. axis [1,1,1]   

 cryst.   s(45) = (     0         -1          0      )
                  (     0          0         -1      )
                  (    -1          0          0      )

 cart.    s(45) = (  0.0000000  0.0000000 -1.0000000 )
                  ( -1.0000000  0.0000000  0.0000000 )
                  (  0.0000000 -1.0000000  0.0000000 )


      isym = 46     inv. 120 deg rotation - cart. axis [-1,1,-1] 

 cryst.   s(46) = (     0          1          0      )
                  (     0          0          1      )
                  (    -1          0          0      )

 cart.    s(46) = (  0.0000000  0.0000000 -1.0000000 )
                  (  1.0000000  0.0000000  0.0000000 )
                  (  0.0000000  1.0000000  0.0000000 )


      isym = 47     inv. 120 deg rotation - cart. axis [1,-1,-1] 

 cryst.   s(47) = (     0          1          0      )
                  (     0          0         -1      )
                  (     1          0          0      )

 cart.    s(47) = (  0.0000000  0.0000000  1.0000000 )
                  (  1.0000000  0.0000000  0.0000000 )
                  (  0.0000000 -1.0000000  0.0000000 )


      isym = 48     inv. 120 deg rotation - cart. axis [-1,-1,1] 

 cryst.   s(48) = (     0         -1          0      )
                  (     0          0          1      )
                  (     1          0          0      )

 cart.    s(48) = (  0.0000000  0.0000000  1.0000000 )
                  ( -1.0000000  0.0000000  0.0000000 )
                  (  0.0000000  1.0000000  0.0000000 )


     This transformation sends q -> -q+G

      isym = 49     identity                                     

 cryst.   s(49) = (     1          0          0      )
                  (     0          1          0      )
                  (     0          0          1      )

 cart.    s(49) = (  1.0000000  0.0000000  0.0000000 )
                  (  0.0000000  1.0000000  0.0000000 )
                  (  0.0000000  0.0000000  1.0000000 )


     G cutoff = 1470.4344  (  29575 G-vectors)     FFT grid: ( 80, 80, 80)
     G cutoff =  735.2172  (  10451 G-vectors)  smooth grid: ( 60, 60, 60)

     number of k points=    20  Marzari-Vanderbilt smearing, width (Ry)=  0.0100
                       cart. coord. in units 2pi/alat
        k(    1) = (   0.0000000   0.0000000   0.0000000), wk =   0.0092593
        k(    2) = (   0.0000000   0.0000000   0.1666667), wk =   0.0555556
        k(    3) = (   0.0000000   0.0000000   0.3333333), wk =   0.0555556
        k(    4) = (   0.0000000   0.0000000  -0.5000000), wk =   0.0277778
        k(    5) = (   0.0000000   0.1666667   0.1666667), wk =   0.1111111
        k(    6) = (   0.0000000   0.1666667   0.3333333), wk =   0.2222222
        k(    7) = (   0.0000000   0.1666667  -0.5000000), wk =   0.1111111
        k(    8) = (   0.0000000   0.3333333   0.3333333), wk =   0.1111111
        k(    9) = (   0.0000000   0.3333333  -0.5000000), wk =   0.1111111
        k(   10) = (   0.0000000  -0.5000000  -0.5000000), wk =   0.0277778
        k(   11) = (   0.1666667   0.1666667   0.1666667), wk =   0.0740741
        k(   12) = (   0.1666667   0.1666667   0.3333333), wk =   0.2222222
        k(   13) = (   0.1666667   0.1666667  -0.5000000), wk =   0.1111111
        k(   14) = (   0.1666667   0.3333333   0.3333333), wk =   0.2222222
        k(   15) = (   0.1666667   0.3333333  -0.5000000), wk =   0.2222222
        k(   16) = (   0.1666667  -0.5000000  -0.5000000), wk =   0.0555556
        k(   17) = (   0.3333333   0.3333333   0.3333333), wk =   0.0740741
        k(   18) = (   0.3333333   0.3333333  -0.5000000), wk =   0.1111111
        k(   19) = (   0.3333333  -0.5000000  -0.5000000), wk =   0.0555556
        k(   20) = (  -0.5000000  -0.5000000  -0.5000000), wk =   0.0092593

                       cryst. coord.
        k(    1) = (   0.0000000   0.0000000   0.0000000), wk =   0.0092593
        k(    2) = (   0.0000000   0.0000000   0.1666667), wk =   0.0555556
        k(    3) = (   0.0000000   0.0000000   0.3333333), wk =   0.0555556
        k(    4) = (   0.0000000   0.0000000  -0.5000000), wk =   0.0277778
        k(    5) = (   0.0000000   0.1666667   0.1666667), wk =   0.1111111
        k(    6) = (   0.0000000   0.1666667   0.3333333), wk =   0.2222222
        k(    7) = (   0.0000000   0.1666667  -0.5000000), wk =   0.1111111
        k(    8) = (   0.0000000   0.3333333   0.3333333), wk =   0.1111111
        k(    9) = (   0.0000000   0.3333333  -0.5000000), wk =   0.1111111
        k(   10) = (   0.0000000  -0.5000000  -0.5000000), wk =   0.0277778
        k(   11) = (   0.1666667   0.1666667   0.1666667), wk =   0.0740741
        k(   12) = (   0.1666667   0.1666667   0.3333333), wk =   0.2222222
        k(   13) = (   0.1666667   0.1666667  -0.5000000), wk =   0.1111111
        k(   14) = (   0.1666667   0.3333333   0.3333333), wk =   0.2222222
        k(   15) = (   0.1666667   0.3333333  -0.5000000), wk =   0.2222222
        k(   16) = (   0.1666667  -0.5000000  -0.5000000), wk =   0.0555556
        k(   17) = (   0.3333333   0.3333333   0.3333333), wk =   0.0740741
        k(   18) = (   0.3333333   0.3333333  -0.5000000), wk =   0.1111111
        k(   19) = (   0.3333333  -0.5000000  -0.5000000), wk =   0.0555556
        k(   20) = (  -0.5000000  -0.5000000  -0.5000000), wk =   0.0092593

     PseudoPot. # 1 for Ca read from file:
     /home/administrator/Downloads/BURAI/BURAI1.3/pseudopot/Ca.pbe-spn-kjpaw_psl.1.0.0.UPF
     MD5 check sum: b518bfa21c8e9f1b10ff1c7131b15729
     Pseudo is Projector augmented-wave + core cor, Zval = 10.0
     Generated using "atomic" code by A. Dal Corso  v.5.1.2
     Shape of augmentation charge: PSQ
     Using radial grid of 1169 points,  6 beta functions with: 
                l(1) =   0
                l(2) =   0
                l(3) =   1
                l(4) =   1
                l(5) =   2
                l(6) =   2
     Q(r) pseudized with 0 coefficients 


     PseudoPot. # 2 for Ti read from file:
     /home/administrator/Downloads/BURAI/BURAI1.3/pseudopot/Ti.pbe-spn-rrkjus_psl.1.0.0.UPF
     MD5 check sum: 40bbf9bd2b317505b6eb957456eaaf86
     Pseudo is Ultrasoft + core correction, Zval = 12.0
     Generated using "atomic" code by A. Dal Corso  v.5.1.2
     Using radial grid of 1177 points,  6 beta functions with: 
                l(1) =   0
                l(2) =   0
                l(3) =   1
                l(4) =   1
                l(5) =   2
                l(6) =   2
     Q(r) pseudized with 0 coefficients 


     PseudoPot. # 3 for S  read from file:
     /home/administrator/Downloads/BURAI/BURAI1.3/pseudopot/S.pbe-n-kjpaw_psl.1.0.0.UPF
     MD5 check sum: cb96b46a5ee63c4f5db34501b74ad364
     Pseudo is Projector augmented-wave + core cor, Zval =  6.0
     Generated using "atomic" code by A. Dal Corso  v.5.1.2
     Shape of augmentation charge: PSQ
     Using radial grid of 1151 points,  6 beta functions with: 
                l(1) =   0
                l(2) =   0
                l(3) =   1
                l(4) =   1
                l(5) =   2
                l(6) =   2
     Q(r) pseudized with 0 coefficients 


     point group O_h (m-3m) 
     there are 10 classes
     the character table:

       E     8C3   3C2   6C4   6C2'  i     8S6   3s_h  6S4   6s_d 
A_1g   1.00  1.00  1.00  1.00  1.00  1.00  1.00  1.00  1.00  1.00
A_2g   1.00  1.00  1.00 -1.00 -1.00  1.00  1.00  1.00 -1.00 -1.00
E_g    2.00 -1.00  2.00  0.00  0.00  2.00 -1.00  2.00  0.00  0.00
T_1g   3.00  0.00 -1.00  1.00 -1.00  3.00  0.00 -1.00  1.00 -1.00
T_2g   3.00  0.00 -1.00 -1.00  1.00  3.00  0.00 -1.00 -1.00  1.00
A_1u   1.00  1.00  1.00  1.00  1.00 -1.00 -1.00 -1.00 -1.00 -1.00
A_2u   1.00  1.00  1.00 -1.00 -1.00 -1.00 -1.00 -1.00  1.00  1.00
E_u    2.00 -1.00  2.00  0.00  0.00 -2.00  1.00 -2.00  0.00  0.00
T_1u   3.00  0.00 -1.00  1.00 -1.00 -3.00  0.00  1.00 -1.00  1.00
T_2u   3.00  0.00 -1.00 -1.00  1.00 -3.00  0.00  1.00  1.00 -1.00

     the symmetry operations in each class and the name of the first element:

     E        1
                                                                 
     8C3     17   19   20   18   24   21   22   23
                                                                 
     3C2      2    4    3
                                                                 
     6C4      7    8   15   16   12   11
                                                                 
     6C2'     5    6   14   13   10    9
                                                                 
     i       25
                                                                 
     8S6     41   43   44   42   48   45   46   47
                                                                 
     3s_h    26   28   27
                                                                 
     6S4     31   32   39   40   36   35
                                                                 
     6s_d    29   30   38   37   34   33
                                                                 


     Atomic displacements:
     There are    5 irreducible representations

     Representation     1      3 modes -  To be done
     Irreps are as follows:

     mode #   1              mode #   2              mode #   3
     (  -0.00000  -0.00000 ) (  -0.00000  -0.00000 ) (  -0.00000  -0.00000 ) 
     (  -0.00000  -0.00000 ) (  -0.00000  -0.00000 ) (  -0.00000  -0.00000 ) 
     (  -0.00000  -0.00000 ) (  -0.00000  -0.00000 ) (  -0.00000  -0.00000 ) 
     (  -0.00000  -0.00000 ) (  -0.00000  -0.00000 ) (  -0.00000  -0.00000 ) 
     (  -0.00000  -0.00000 ) (  -0.00000  -0.00000 ) (  -0.00000  -0.00000 ) 
     (  -0.00000  -0.00000 ) (  -0.00000  -0.00000 ) (  -0.00000  -0.00000 ) 
     (  -0.10353  -0.00000 ) (  -0.00000  -0.00000 ) (  -0.00000  -0.00000 ) 
     (  -0.00000  -0.00000 ) (  -0.70331  -0.00000 ) (   0.00000  -0.00000 ) 
     (   0.00000  -0.00000 ) (   0.00000  -0.00000 ) (  -0.70331  -0.00000 ) 
     (  -0.70331  -0.00000 ) (  -0.00000  -0.00000 ) (  -0.00000  -0.00000 ) 
     (  -0.00000  -0.00000 ) (  -0.10353  -0.00000 ) (   0.00000  -0.00000 ) 
     (  -0.00000  -0.00000 ) (   0.00000  -0.00000 ) (  -0.70331  -0.00000 ) 
     (  -0.70331  -0.00000 ) (   0.00000  -0.00000 ) (  -0.00000  -0.00000 ) 
     (   0.00000  -0.00000 ) (  -0.70331  -0.00000 ) (   0.00000  -0.00000 ) 
     (  -0.00000  -0.00000 ) (  -0.00000  -0.00000 ) (  -0.10353  -0.00000 ) 

     Representation     2      3 modes -  To be done
     Irreps are as follows:

     mode #   4              mode #   5              mode #   6
     (  -0.00000  -0.00000 ) (  -0.00000  -0.00000 ) (  -0.00000  -0.00000 ) 
     (  -0.00000  -0.00000 ) (  -0.00000  -0.00000 ) (  -0.00000  -0.00000 ) 
     (  -0.00000  -0.00000 ) (  -0.00000  -0.00000 ) (  -0.00000  -0.00000 ) 
     (  -1.00000  -0.00000 ) (  -0.00000  -0.00000 ) (  -0.00000  -0.00000 ) 
     (  -0.00000  -0.00000 ) (  -1.00000  -0.00000 ) (  -0.00000  -0.00000 ) 
     (  -0.00000  -0.00000 ) (  -0.00000  -0.00000 ) (  -1.00000  -0.00000 ) 
     (  -0.00000  -0.00000 ) (  -0.00000  -0.00000 ) (  -0.00000  -0.00000 ) 
     (  -0.00000  -0.00000 ) (  -0.00000  -0.00000 ) (  -0.00000  -0.00000 ) 
     (  -0.00000  -0.00000 ) (  -0.00000  -0.00000 ) (  -0.00000  -0.00000 ) 
     (  -0.00000  -0.00000 ) (  -0.00000  -0.00000 ) (  -0.00000  -0.00000 ) 
     (  -0.00000  -0.00000 ) (  -0.00000  -0.00000 ) (  -0.00000  -0.00000 ) 
     (  -0.00000  -0.00000 ) (  -0.00000  -0.00000 ) (  -0.00000  -0.00000 ) 
     (  -0.00000  -0.00000 ) (  -0.00000  -0.00000 ) (  -0.00000  -0.00000 ) 
     (  -0.00000  -0.00000 ) (  -0.00000  -0.00000 ) (  -0.00000  -0.00000 ) 
     (  -0.00000  -0.00000 ) (  -0.00000  -0.00000 ) (  -0.00000  -0.00000 ) 

     Representation     3      3 modes -  To be done
     Irreps are as follows:

     mode #   7              mode #   8              mode #   9
     (  -1.00000  -0.00000 ) (  -0.00000  -0.00000 ) (  -0.00000  -0.00000 ) 
     (  -0.00000  -0.00000 ) (  -1.00000  -0.00000 ) (  -0.00000  -0.00000 ) 
     (  -0.00000  -0.00000 ) (  -0.00000  -0.00000 ) (  -1.00000  -0.00000 ) 
     (  -0.00000  -0.00000 ) (  -0.00000  -0.00000 ) (  -0.00000  -0.00000 ) 
     (  -0.00000  -0.00000 ) (  -0.00000  -0.00000 ) (  -0.00000  -0.00000 ) 
     (  -0.00000  -0.00000 ) (  -0.00000  -0.00000 ) (  -0.00000  -0.00000 ) 
     (  -0.00000  -0.00000 ) (  -0.00000  -0.00000 ) (  -0.00000  -0.00000 ) 
     (  -0.00000  -0.00000 ) (  -0.00000  -0.00000 ) (  -0.00000  -0.00000 ) 
     (  -0.00000  -0.00000 ) (  -0.00000  -0.00000 ) (  -0.00000  -0.00000 ) 
     (  -0.00000  -0.00000 ) (  -0.00000  -0.00000 ) (  -0.00000  -0.00000 ) 
     (  -0.00000  -0.00000 ) (  -0.00000  -0.00000 ) (  -0.00000  -0.00000 ) 
     (  -0.00000  -0.00000 ) (  -0.00000  -0.00000 ) (  -0.00000  -0.00000 ) 
     (  -0.00000  -0.00000 ) (  -0.00000  -0.00000 ) (  -0.00000  -0.00000 ) 
     (  -0.00000  -0.00000 ) (  -0.00000  -0.00000 ) (  -0.00000  -0.00000 ) 
     (  -0.00000  -0.00000 ) (  -0.00000  -0.00000 ) (  -0.00000  -0.00000 ) 

     Representation     4      3 modes -  To be done
     Irreps are as follows:

     mode #  10              mode #  11              mode #  12
     (  -0.00000  -0.00000 ) (  -0.00000  -0.00000 ) (  -0.00000   0.00000 ) 
     (  -0.00000  -0.00000 ) (  -0.00000  -0.00000 ) (  -0.00000   0.00000 ) 
     (  -0.00000  -0.00000 ) (  -0.00000  -0.00000 ) (  -0.00000   0.00000 ) 
     (  -0.00000  -0.00000 ) (  -0.00000  -0.00000 ) (  -0.00000   0.00000 ) 
     (  -0.00000  -0.00000 ) (  -0.00000  -0.00000 ) (  -0.00000   0.00000 ) 
     (  -0.00000  -0.00000 ) (  -0.00000  -0.00000 ) (  -0.00000   0.00000 ) 
     (  -0.00000  -0.00000 ) (  -0.99463  -0.00000 ) (  -0.00000   0.00000 ) 
     (  -0.07320  -0.00000 ) (  -0.00000  -0.00000 ) (  -0.00100  -0.00000 ) 
     (   0.00100  -0.00000 ) (   0.00000  -0.00000 ) (  -0.07320  -0.00000 ) 
     (  -0.00000  -0.00000 ) (   0.07320  -0.00000 ) (  -0.00000   0.00000 ) 
     (   0.99453  -0.00000 ) (   0.00000  -0.00000 ) (   0.01363   0.00000 ) 
     (   0.00100  -0.00000 ) (  -0.00000  -0.00000 ) (  -0.07320  -0.00000 ) 
     (   0.00000  -0.00000 ) (   0.07320  -0.00000 ) (   0.00000   0.00000 ) 
     (  -0.07320  -0.00000 ) (  -0.00000  -0.00000 ) (  -0.00100  -0.00000 ) 
     (  -0.01363  -0.00000 ) (  -0.00000  -0.00000 ) (   0.99453   0.00000 ) 

     Representation     5      3 modes -  To be done
     Irreps are as follows:

     mode #  13              mode #  14              mode #  15
     (  -0.00000  -0.00000 ) (  -0.00000  -0.00000 ) (  -0.00000   0.00000 ) 
     (  -0.00000  -0.00000 ) (  -0.00000  -0.00000 ) (  -0.00000   0.00000 ) 
     (  -0.00000  -0.00000 ) (  -0.00000  -0.00000 ) (  -0.00000   0.00000 ) 
     (  -0.00000  -0.00000 ) (  -0.00000  -0.00000 ) (  -0.00000   0.00000 ) 
     (  -0.00000  -0.00000 ) (  -0.00000  -0.00000 ) (  -0.00000   0.00000 ) 
     (  -0.00000  -0.00000 ) (  -0.00000  -0.00000 ) (  -0.00000   0.00000 ) 
     (  -0.00000  -0.00000 ) (  -0.00000  -0.00000 ) (  -0.00000  -0.00000 ) 
     (  -0.70711  -0.00000 ) (  -0.00000  -0.00000 ) (  -0.00000  -0.00000 ) 
     (  -0.00000   0.00000 ) (  -0.33962  -0.00000 ) (  -0.62021  -0.00000 ) 
     (  -0.00000  -0.00000 ) (   0.62021  -0.00000 ) (  -0.33962  -0.00000 ) 
     (   0.00000  -0.00000 ) (  -0.00000  -0.00000 ) (  -0.00000  -0.00000 ) 
     (  -0.00000   0.00000 ) (   0.33962  -0.00000 ) (   0.62021   0.00000 ) 
     (   0.00000  -0.00000 ) (  -0.62021  -0.00000 ) (   0.33962   0.00000 ) 
     (   0.70711  -0.00000 ) (   0.00000  -0.00000 ) (   0.00000   0.00000 ) 
     (   0.00000  -0.00000 ) (  -0.00000  -0.00000 ) (  -0.00000   0.00000 ) 



     Alpha used in Ewald sum =   2.8000
     PHONON       :   2m 3.40s CPU   2m 5.95s WALL



     Representation #   1 modes #   1   2   3

     Self-consistent Calculation

     Pert. #  1: Fermi energy shift (Ry) =    -3.2036E-26     2.6166E-39
     Pert. #  2: Fermi energy shift (Ry) =     0.0000E+00     1.9592E-39
     Pert. #  3: Fermi energy shift (Ry) =     1.0654E-25    -7.4908E-40

      iter #   1 total cpu time :   762.6 secs   av.it.:   8.0
      thresh= 1.000E-02 alpha_mix =  0.700 |ddv_scf|^2 =  4.373E-08

     Pert. #  1: Fermi energy shift (Ry) =     6.3773E-27     0.0000E+00
     Pert. #  2: Fermi energy shift (Ry) =     0.0000E+00     4.1256E-42
     Pert. #  3: Fermi energy shift (Ry) =    -1.9583E-27    -1.6300E-41

      iter #   2 total cpu time :  2065.7 secs   av.it.:  21.2
      thresh= 2.091E-05 alpha_mix =  0.700 |ddv_scf|^2 =  3.413E-08

     Pert. #  1: Fermi energy shift (Ry) =     2.5304E-27     1.7120E-42
     Pert. #  2: Fermi energy shift (Ry) =     0.0000E+00     1.9132E-42
     Pert. #  3: Fermi energy shift (Ry) =    -1.1155E-27    -2.1163E-42

      iter #   3 total cpu time :  3360.0 secs   av.it.:  20.7
      thresh= 1.848E-05 alpha_mix =  0.700 |ddv_scf|^2 =  7.687E-11

     Pert. #  1: Fermi energy shift (Ry) =     2.3813E-27     0.0000E+00
     Pert. #  2: Fermi energy shift (Ry) =     0.0000E+00     7.5783E-44
     Pert. #  3: Fermi energy shift (Ry) =    -6.2881E-27     2.1348E-44

      iter #   4 total cpu time :  4685.2 secs   av.it.:  21.9
      thresh= 8.768E-07 alpha_mix =  0.700 |ddv_scf|^2 =  9.380E-13

     Pert. #  1: Fermi energy shift (Ry) =     2.0501E-27     0.0000E+00
     Pert. #  2: Fermi energy shift (Ry) =     0.0000E+00     1.6534E-43
     Pert. #  3: Fermi energy shift (Ry) =    -1.7775E-27     4.6577E-44

      iter #   5 total cpu time :  6012.4 secs   av.it.:  22.0
      thresh= 9.685E-08 alpha_mix =  0.700 |ddv_scf|^2 =  5.263E-14

     Pert. #  1: Fermi energy shift (Ry) =    -2.2708E-27     0.0000E+00
     Pert. #  2: Fermi energy shift (Ry) =     0.0000E+00     5.5115E-44
     Pert. #  3: Fermi energy shift (Ry) =    -1.0402E-26     1.5526E-44

      iter #   6 total cpu time :  7308.3 secs   av.it.:  21.7
      thresh= 2.294E-08 alpha_mix =  0.700 |ddv_scf|^2 =  2.404E-15

     End of self-consistent calculation

     Convergence has been achieved 


     Representation #   2 modes #   4   5   6

     Self-consistent Calculation

     Pert. #  1: Fermi energy shift (Ry) =     0.0000E+00     0.0000E+00
     Pert. #  2: Fermi energy shift (Ry) =     0.0000E+00     0.0000E+00
     Pert. #  3: Fermi energy shift (Ry) =     0.0000E+00     0.0000E+00

      iter #   1 total cpu time :  8055.5 secs   av.it.:   9.5
      thresh= 1.000E-02 alpha_mix =  0.700 |ddv_scf|^2 =  1.850E-07

     Pert. #  1: Fermi energy shift (Ry) =     0.0000E+00     0.0000E+00
     Pert. #  2: Fermi energy shift (Ry) =     0.0000E+00     0.0000E+00
     Pert. #  3: Fermi energy shift (Ry) =     0.0000E+00     0.0000E+00

      iter #   2 total cpu time :  9372.2 secs   av.it.:  21.2
      thresh= 4.302E-05 alpha_mix =  0.700 |ddv_scf|^2 =  8.024E-08

     Pert. #  1: Fermi energy shift (Ry) =     0.0000E+00     0.0000E+00
     Pert. #  2: Fermi energy shift (Ry) =     0.0000E+00     0.0000E+00
     Pert. #  3: Fermi energy shift (Ry) =     0.0000E+00     0.0000E+00

      iter #   3 total cpu time : 10671.5 secs   av.it.:  21.0
      thresh= 2.833E-05 alpha_mix =  0.700 |ddv_scf|^2 =  2.351E-09

     Pert. #  1: Fermi energy shift (Ry) =     0.0000E+00     0.0000E+00
     Pert. #  2: Fermi energy shift (Ry) =     0.0000E+00     0.0000E+00
     Pert. #  3: Fermi energy shift (Ry) =     0.0000E+00     0.0000E+00

      iter #   4 total cpu time : 11970.9 secs   av.it.:  21.6
      thresh= 4.849E-06 alpha_mix =  0.700 |ddv_scf|^2 =  2.157E-11

     Pert. #  1: Fermi energy shift (Ry) =     0.0000E+00     0.0000E+00
     Pert. #  2: Fermi energy shift (Ry) =     0.0000E+00     0.0000E+00
     Pert. #  3: Fermi energy shift (Ry) =     0.0000E+00     0.0000E+00

      iter #   5 total cpu time : 13304.4 secs   av.it.:  22.2
      thresh= 4.645E-07 alpha_mix =  0.700 |ddv_scf|^2 =  1.410E-12

     Pert. #  1: Fermi energy shift (Ry) =     0.0000E+00     0.0000E+00
     Pert. #  2: Fermi energy shift (Ry) =     0.0000E+00     0.0000E+00
     Pert. #  3: Fermi energy shift (Ry) =     0.0000E+00     0.0000E+00

      iter #   6 total cpu time : 14617.1 secs   av.it.:  22.0
      thresh= 1.188E-07 alpha_mix =  0.700 |ddv_scf|^2 =  3.384E-14

     Pert. #  1: Fermi energy shift (Ry) =     0.0000E+00     0.0000E+00
     Pert. #  2: Fermi energy shift (Ry) =     0.0000E+00     0.0000E+00
     Pert. #  3: Fermi energy shift (Ry) =     0.0000E+00     0.0000E+00

      iter #   7 total cpu time : 15874.8 secs   av.it.:  20.9
      thresh= 1.840E-08 alpha_mix =  0.700 |ddv_scf|^2 =  4.587E-15

     End of self-consistent calculation

     Convergence has been achieved 


     Representation #   3 modes #   7   8   9

     Self-consistent Calculation

     Pert. #  1: Fermi energy shift (Ry) =     0.0000E+00     0.0000E+00
     Pert. #  2: Fermi energy shift (Ry) =     0.0000E+00     0.0000E+00
     Pert. #  3: Fermi energy shift (Ry) =     0.0000E+00     0.0000E+00

      iter #   1 total cpu time : 16530.6 secs   av.it.:   8.5
      thresh= 1.000E-02 alpha_mix =  0.700 |ddv_scf|^2 =  1.598E-07

     Pert. #  1: Fermi energy shift (Ry) =     0.0000E+00     0.0000E+00
     Pert. #  2: Fermi energy shift (Ry) =     0.0000E+00     0.0000E+00
     Pert. #  3: Fermi energy shift (Ry) =     0.0000E+00     0.0000E+00

      iter #   2 total cpu time : 17824.7 secs   av.it.:  21.1
      thresh= 3.997E-05 alpha_mix =  0.700 |ddv_scf|^2 =  1.311E-07

     Pert. #  1: Fermi energy shift (Ry) =     0.0000E+00     0.0000E+00
     Pert. #  2: Fermi energy shift (Ry) =     0.0000E+00     0.0000E+00
     Pert. #  3: Fermi energy shift (Ry) =     0.0000E+00     0.0000E+00

      iter #   3 total cpu time : 19095.1 secs   av.it.:  20.6
      thresh= 3.621E-05 alpha_mix =  0.700 |ddv_scf|^2 =  4.525E-10

     Pert. #  1: Fermi energy shift (Ry) =     0.0000E+00     0.0000E+00
     Pert. #  2: Fermi energy shift (Ry) =     0.0000E+00     0.0000E+00
     Pert. #  3: Fermi energy shift (Ry) =     0.0000E+00     0.0000E+00

      iter #   4 total cpu time : 20421.1 secs   av.it.:  21.9
      thresh= 2.127E-06 alpha_mix =  0.700 |ddv_scf|^2 =  9.487E-12

     Pert. #  1: Fermi energy shift (Ry) =     0.0000E+00     0.0000E+00
     Pert. #  2: Fermi energy shift (Ry) =     0.0000E+00     0.0000E+00
     Pert. #  3: Fermi energy shift (Ry) =     0.0000E+00     0.0000E+00

      iter #   5 total cpu time : 21749.2 secs   av.it.:  21.8
      thresh= 3.080E-07 alpha_mix =  0.700 |ddv_scf|^2 =  5.733E-13

     Pert. #  1: Fermi energy shift (Ry) =     0.0000E+00     0.0000E+00
     Pert. #  2: Fermi energy shift (Ry) =     0.0000E+00     0.0000E+00
     Pert. #  3: Fermi energy shift (Ry) =     0.0000E+00     0.0000E+00

      iter #   6 total cpu time : 23027.8 secs   av.it.:  21.2
      thresh= 7.572E-08 alpha_mix =  0.700 |ddv_scf|^2 =  1.862E-14

     Pert. #  1: Fermi energy shift (Ry) =     0.0000E+00     0.0000E+00
     Pert. #  2: Fermi energy shift (Ry) =     0.0000E+00     0.0000E+00
     Pert. #  3: Fermi energy shift (Ry) =     0.0000E+00     0.0000E+00

      iter #   7 total cpu time : 24236.3 secs   av.it.:  20.5
      thresh= 1.364E-08 alpha_mix =  0.700 |ddv_scf|^2 =  9.615E-16

     End of self-consistent calculation

     Convergence has been achieved 


     Representation #   4 modes #  10  11  12

     Self-consistent Calculation

     Pert. #  1: Fermi energy shift (Ry) =    -7.7548E-26     0.0000E+00
     Pert. #  2: Fermi energy shift (Ry) =    -1.0771E-26    -1.1097E-39
     Pert. #  3: Fermi energy shift (Ry) =    -4.1871E-26     1.3393E-39

      iter #   1 total cpu time : 24909.9 secs   av.it.:   7.8
      thresh= 1.000E-02 alpha_mix =  0.700 |ddv_scf|^2 =  4.203E-08

     Pert. #  1: Fermi energy shift (Ry) =     1.7233E-26     0.0000E+00
     Pert. #  2: Fermi energy shift (Ry) =    -7.6740E-27     0.0000E+00
     Pert. #  3: Fermi energy shift (Ry) =     2.9081E-26    -2.9296E-42

      iter #   2 total cpu time : 26258.0 secs   av.it.:  21.5
      thresh= 2.050E-05 alpha_mix =  0.700 |ddv_scf|^2 =  3.417E-08

     Pert. #  1: Fermi energy shift (Ry) =    -2.1541E-27    -1.5306E-41
     Pert. #  2: Fermi energy shift (Ry) =    -2.1205E-27     1.5306E-41
     Pert. #  3: Fermi energy shift (Ry) =    -1.4338E-26    -1.2884E-41

      iter #   3 total cpu time : 27565.0 secs   av.it.:  20.9
      thresh= 1.849E-05 alpha_mix =  0.700 |ddv_scf|^2 =  6.065E-11

     Pert. #  1: Fermi energy shift (Ry) =    -1.0771E-26    -3.2884E-43
     Pert. #  2: Fermi energy shift (Ry) =     1.6829E-28     2.5644E-43
     Pert. #  3: Fermi energy shift (Ry) =    -1.9690E-27    -7.0766E-44

      iter #   4 total cpu time : 28945.6 secs   av.it.:  22.2
      thresh= 7.788E-07 alpha_mix =  0.700 |ddv_scf|^2 =  1.732E-12

     Pert. #  1: Fermi energy shift (Ry) =    -1.0771E-27     3.5500E-44
     Pert. #  2: Fermi energy shift (Ry) =    -4.0221E-27     7.3057E-45
     Pert. #  3: Fermi energy shift (Ry) =     1.9690E-27    -4.3316E-44

      iter #   5 total cpu time : 30247.8 secs   av.it.:  21.5
      thresh= 1.316E-07 alpha_mix =  0.700 |ddv_scf|^2 =  5.034E-14

     Pert. #  1: Fermi energy shift (Ry) =    -6.4623E-27     0.0000E+00
     Pert. #  2: Fermi energy shift (Ry) =     1.1528E-26     2.1954E-44
     Pert. #  3: Fermi energy shift (Ry) =     6.2772E-27     2.1954E-44

      iter #   6 total cpu time : 31530.7 secs   av.it.:  21.9
      thresh= 2.244E-08 alpha_mix =  0.700 |ddv_scf|^2 =  2.512E-15

     End of self-consistent calculation

     Convergence has been achieved 


     Representation #   5 modes #  13  14  15

     Self-consistent Calculation

     Pert. #  1: Fermi energy shift (Ry) =     4.1359E-25     0.0000E+00
     Pert. #  2: Fermi energy shift (Ry) =    -1.0340E-25    -2.9387E-39
     Pert. #  3: Fermi energy shift (Ry) =    -6.8932E-25     2.9387E-39

      iter #   1 total cpu time : 32208.1 secs   av.it.:   7.7
      thresh= 1.000E-02 alpha_mix =  0.700 |ddv_scf|^2 =  1.091E-08

     Pert. #  1: Fermi energy shift (Ry) =     0.0000E+00     1.9132E-42
     Pert. #  2: Fermi energy shift (Ry) =    -1.6156E-27    -1.4349E-42
     Pert. #  3: Fermi energy shift (Ry) =     6.4623E-27     3.8265E-42

      iter #   2 total cpu time : 33650.6 secs   av.it.:  22.3
      thresh= 1.045E-05 alpha_mix =  0.700 |ddv_scf|^2 =  1.721E-09

     Pert. #  1: Fermi energy shift (Ry) =     0.0000E+00     0.0000E+00
     Pert. #  2: Fermi energy shift (Ry) =     5.5199E-27     1.1958E-42
     Pert. #  3: Fermi energy shift (Ry) =     6.0585E-27     2.6307E-42

      iter #   3 total cpu time : 35094.4 secs   av.it.:  22.3
      thresh= 4.148E-06 alpha_mix =  0.700 |ddv_scf|^2 =  3.354E-12

     Pert. #  1: Fermi energy shift (Ry) =     1.0771E-27     2.3915E-43
     Pert. #  2: Fermi energy shift (Ry) =     5.9238E-27     0.0000E+00
     Pert. #  3: Fermi energy shift (Ry) =    -2.6926E-27     2.9894E-43

      iter #   4 total cpu time : 36580.8 secs   av.it.:  22.9
      thresh= 1.831E-07 alpha_mix =  0.700 |ddv_scf|^2 =  4.776E-14

     Pert. #  1: Fermi energy shift (Ry) =     1.0771E-27    -2.3915E-43
     Pert. #  2: Fermi energy shift (Ry) =    -9.9628E-27    -1.1958E-43
     Pert. #  3: Fermi energy shift (Ry) =     3.2312E-27    -4.1852E-43

      iter #   5 total cpu time : 37968.3 secs   av.it.:  21.8
      thresh= 2.185E-08 alpha_mix =  0.700 |ddv_scf|^2 =  1.964E-16

     End of self-consistent calculation

     Convergence has been achieved 

     Number of q in the star =    1
     List of q in the star:
          1   0.000000000   0.000000000   0.000000000

     Diagonalizing the dynamical matrix

     q = (    0.000000000   0.000000000   0.000000000 ) 

 **************************************************************************
     freq (    1) =      -7.039360 [THz] =    -234.807782 [cm-1]
     freq (    2) =      -7.039360 [THz] =    -234.807782 [cm-1]
     freq (    3) =      -7.039360 [THz] =    -234.807782 [cm-1]
     freq (    4) =      -6.243894 [THz] =    -208.273874 [cm-1]
     freq (    5) =      -6.243894 [THz] =    -208.273874 [cm-1]
     freq (    6) =      -6.243894 [THz] =    -208.273874 [cm-1]
     freq (    7) =      -1.913405 [THz] =     -63.824327 [cm-1]
     freq (    8) =      -1.913405 [THz] =     -63.824327 [cm-1]
     freq (    9) =      -1.913405 [THz] =     -63.824327 [cm-1]
     freq (   10) =       1.250167 [THz] =      41.701082 [cm-1]
     freq (   11) =       1.250167 [THz] =      41.701082 [cm-1]
     freq (   12) =       1.250167 [THz] =      41.701082 [cm-1]
     freq (   13) =      14.248525 [THz] =     475.279621 [cm-1]
     freq (   14) =      14.248525 [THz] =     475.279621 [cm-1]
     freq (   15) =      14.248525 [THz] =     475.279621 [cm-1]
 **************************************************************************

     Mode symmetry, O_h (m-3m)  point group:

     freq (   1-   3) =       -234.8  [cm-1]   --> T_1u G_15  G_4- I  
     freq (   4-   6) =       -208.3  [cm-1]   --> T_2u G_25  G_5-    
     freq (   7-   9) =        -63.8  [cm-1]   --> T_1u G_15  G_4- I  
     freq (  10-  12) =         41.7  [cm-1]   --> T_1u G_15  G_4- I  
     freq (  13-  15) =        475.3  [cm-1]   --> T_1u G_15  G_4- I  

     PHONON       :      9h56m CPU     10h33m WALL

     INITIALIZATION: 
     phq_setup    :      0.46s CPU      0.48s WALL (       1 calls)
     phq_init     :    119.95s CPU    122.45s WALL (       1 calls)

     phq_init     :    119.95s CPU    122.45s WALL (       1 calls)
     set_drhoc    :      0.01s CPU      0.01s WALL (       3 calls)
     init_vloc    :      0.03s CPU      0.03s WALL (       1 calls)
     init_us_1    :      0.14s CPU      0.15s WALL (       1 calls)
     init_us_2    :      2.78s CPU      2.55s WALL (     980 calls)
     newd         :      1.52s CPU      1.39s WALL (       1 calls)
     dvanqq       :     33.88s CPU     38.39s WALL (       1 calls)
     drho         :     65.49s CPU     64.52s WALL (       1 calls)
     drhous       :     48.98s CPU     43.26s WALL (       1 calls)
     nldyntot     :      0.17s CPU      0.17s WALL (       1 calls)

     DYNAMICAL MATRIX:
     dynmat0      :     12.50s CPU     12.14s WALL (       1 calls)
     dynmat_us    :     12.34s CPU     11.98s WALL (       1 calls)
     addusdynmat  :      0.00s CPU      0.00s WALL (       1 calls)
     d2ionq       :      0.08s CPU      0.08s WALL (       1 calls)
     dynmatcc     :      0.08s CPU      0.08s WALL (       1 calls)
     phqscf       :  35663.19s CPU  37865.81s WALL (       1 calls)
     dynmatrix    :      0.00s CPU      0.00s WALL (       1 calls)

     phqscf       :  35663.19s CPU  37865.81s WALL (       1 calls)
     solve_linter :  35542.56s CPU  37750.52s WALL (       5 calls)
     sth_kernel   :  35113.28s CPU  37296.48s WALL (      31 calls)
     h_prec       :      2.84s CPU      2.73s WALL (     620 calls)
     apply_dpot_b :    144.22s CPU    134.31s WALL (    1560 calls)
     ortho        :    171.66s CPU    178.33s WALL (    1860 calls)
     cgsolve      :  34554.54s CPU  36754.82s WALL (    1860 calls)
     incdrhoscf   :    229.12s CPU    215.55s WALL (    1860 calls)
                                        0.00s GPU  (    1860 calls)
     addusddens   :    129.41s CPU    156.76s WALL (      36 calls)
     dv_of_drho   :      3.64s CPU      4.09s WALL (      93 calls)
     mix_pot      :      8.40s CPU      9.73s WALL (      31 calls)
     ef_shift     :      6.71s CPU      6.00s WALL (      31 calls)
     ef_shift_wfc :      0.03s CPU      0.17s WALL (       5 calls)
     localdos     :     18.94s CPU     16.88s WALL (       5 calls)
     drhodv       :    120.59s CPU    115.22s WALL (       5 calls)
     psymdvscf    :     93.75s CPU     94.24s WALL (      31 calls)
     newdq        :     42.72s CPU     42.76s WALL (      31 calls)
     adddvscf     :      6.85s CPU      6.45s WALL (    1560 calls)
     drhodvus     :      0.81s CPU      1.04s WALL (       5 calls)

     dvqpsi_us    :     55.54s CPU     56.33s WALL (     300 calls)
                                        0.00s GPU  (     300 calls)
     dvqpsi_us_on :      7.28s CPU      8.07s WALL (     300 calls)

     add_vuspsi   :    779.86s CPU   1341.05s WALL (   66774 calls)
     addusdbec    :    166.71s CPU    153.08s WALL (    2160 calls)

     drhodvus     :      0.81s CPU      1.04s WALL (       5 calls)

      General routines
     calbec       :  13871.70s CPU  13482.41s WALL (  139068 calls)
     fft          :     34.71s CPU     34.96s WALL (    2100 calls)
     ffts         :     26.48s CPU     25.44s WALL (    2877 calls)
     fftw         :   2265.77s CPU   2100.32s WALL ( 1866876 calls)
     davcio       :      2.00s CPU      3.24s WALL (    7865 calls)
     write_rec    :      0.05s CPU      0.23s WALL (      36 calls)

      Additional routines
     ch_psi       :  27082.28s CPU  28860.50s WALL (   66774 calls)
     last         :  18839.29s CPU  20548.65s WALL (   66774 calls)
     Hesh         :     10.22s CPU      7.72s WALL (   66774 calls)
     ch_psi_all_k :  18827.81s CPU  20539.94s WALL (   66774 calls)
                                        0.00s GPU  (   66774 calls)
     ch_psi_calbe :   8575.48s CPU   8651.57s WALL (   66774 calls)
                                        0.00s GPU  (   66774 calls)
     h_psi_bgrp   :   7881.00s CPU   7838.90s WALL (   66774 calls)
     h_psi        :   7879.98s CPU   7838.31s WALL (   66774 calls)
     h_psi:pot    :   7868.36s CPU   7827.59s WALL (   66774 calls)
     h_psi:calbec :   4870.84s CPU   4435.75s WALL (   66774 calls)
     s_psi_bgrp   :   1272.24s CPU   2106.96s WALL (  135408 calls)
     s_psi        :   1261.91s CPU   2095.93s WALL (  135408 calls)


     PHONON       :      9h56m CPU     10h33m WALL


   This run was terminated on:  23:49:40  10Apr2025            

=------------------------------------------------------------------------------=
   JOB DONE.
=------------------------------------------------------------------------------=
