
     Program PHONON v.7.3.1 starts on  1May2025 at 22:55:24 

     This program is part of the open-source Quantum ESPRESSO suite
     for quantum simulation of materials; please cite
         "P. Giannozzi et al., J. Phys.:Condens. Matter 21 395502 (2009);
         "P. Giannozzi et al., J. Phys.:Condens. Matter 29 465901 (2017);
         "P. Giannozzi et al., J. Chem. Phys. 152 154105 (2020);
          URL http://www.quantum-espresso.org", 
     in publications or presentations arising from this work. More details at
     http://www.quantum-espresso.org/quote

     Parallel version (MPI), running on     8 processors

     MPI processes distributed on     1 nodes
     46714 MiB available memory on the printing compute node when the environment starts

     Waiting for input...
     Reading input from standard input
      Title line not specified: using 'default'.

     Reading xml data from directory:

     ./tmp/rbfebr3.save/

     K-points division:     npool     =       4
     R & G space division:  proc/nbgrp/npool/nimage =       2
     Subspace diagonalization in iterative solution of the eigenvalue problem:
     a serial algorithm will be used

     file Rb.pbe-spn-kjpaw_psl.1.0.0.UPF: wavefunction(s)  4S renormalized
     file Fe.pbe-spn-kjpaw_psl.1.0.0.UPF: wavefunction(s)  3P 3D renormalized
     file Br.pbe-n-kjpaw_psl.1.0.0.UPF: wavefunction(s)  4S 4P renormalized

     IMPORTANT: XC functional enforced from input :
     Exchange-correlation= PBE
                           (   1   4   3   4   0   0   0)
     Any further DFT definition will be discarded
     Please, verify this is what you really want


     Parallelization info
     --------------------
     sticks:   dense  smooth     PW     G-vecs:    dense   smooth      PW
     Min        3454    1728    474               215988    76356   11070
     Max        3455    1729    475               215989    76359   11073
     Sum        6909    3457    949               431977   152715   22143

     Using Slab Decomposition

     Reading collected, re-writing distributed wavefunctions in ./tmp/

     Number and degeneracy of irreps per q-point
       N         xq(1)         xq(2)         xq(3)   N irreps
  autoval = -.7051E+00
     Irreps are as follows:

                     mode #   1
                     (  -0.00000   0.00000   ) 
                     (  -0.00000   0.00000   ) 
                     (  -0.00000   0.00000   ) 
                     (  -0.00000   0.00000   ) 
                     (  -0.00000   0.00000   ) 
                     (  -0.00000   0.00000   ) 
                     (  -0.00000  -0.00000   ) 
                     (  -0.04324  -0.00000   ) 
                     (   0.70198   0.00000   ) 
                     (  -0.00000  -0.00000   ) 
                     (  -0.00636  -0.00000   ) 
                     (   0.70198   0.00000   ) 
                     (  -0.00000  -0.00000   ) 
                     (  -0.04324  -0.00000   ) 
                     (   0.10333   0.00000   ) 
  autoval = -.7051E+00
     Irreps are as follows:

                     mode #   2
                     (  -0.00000  -0.00000   ) 
                     (  -0.00000  -0.00000   ) 
                     (  -0.00000  -0.00000   ) 
                     (  -0.00000  -0.00000   ) 
                     (  -0.00000  -0.00000   ) 
                     (  -0.00000  -0.00000   ) 
                     (  -0.00000  -0.00000   ) 
                     (  -0.70198  -0.00000   ) 
                     (  -0.04324  -0.00000   ) 
                     (  -0.00000  -0.00000   ) 
                     (  -0.10333  -0.00000   ) 
                     (  -0.04324  -0.00000   ) 
                     (  -0.00000  -0.00000   ) 
                     (  -0.70198  -0.00000   ) 
                     (  -0.00636  -0.00000   ) 
  autoval = -.7051E+00
     Irreps are as follows:

                     mode #   3
                     (   0.00000  -0.00000   ) 
                     (   0.00000  -0.00000   ) 
                     (   0.00000  -0.00000   ) 
                     (   0.00000  -0.00000   ) 
                     (   0.00000  -0.00000   ) 
                     (   0.00000  -0.00000   ) 
                     (  -0.10353  -0.00000   ) 
                     (   0.00000  -0.00000   ) 
                     (   0.00000   0.00000   ) 
                     (  -0.70331  -0.00000   ) 
                     (   0.00000  -0.00000   ) 
                     (  -0.00000  -0.00000   ) 
                     (  -0.70331  -0.00000   ) 
                     (   0.00000  -0.00000   ) 
                     (   0.00000  -0.00000   ) 
  autoval = 0.9508E-01
     Irreps are as follows:

                     mode #   4
                     (  -0.00000   0.00000   ) 
                     (  -0.00000   0.00000   ) 
                     (  -0.00000   0.00000   ) 
                     (  -0.00000   0.00000   ) 
                     (  -0.00000   0.00000   ) 
                     (  -0.00000   0.00000   ) 
                     (   0.00000   0.00000   ) 
                     (  -0.02785  -0.00000   ) 
                     (  -0.30020  -0.00000   ) 
                     (   0.63961   0.00000   ) 
                     (  -0.00000  -0.00000   ) 
                     (   0.30020   0.00000   ) 
                     (  -0.63961  -0.00000   ) 
                     (   0.02785   0.00000   ) 
                     (   0.00000   0.00000   ) 
  autoval = 0.9508E-01
     Irreps are as follows:

                     mode #   5
                     (  -0.00000   0.00000   ) 
                     (  -0.00000   0.00000   ) 
                     (  -0.00000   0.00000   ) 
                     (  -0.00000   0.00000   ) 
                     (  -0.00000   0.00000   ) 
                     (  -0.00000   0.00000   ) 
                     (   0.00000   0.00000   ) 
                     (  -0.08258  -0.00000   ) 
                     (   0.63710   0.00000   ) 
                     (   0.29543   0.00000   ) 
                     (  -0.00000  -0.00000   ) 
                     (  -0.63710  -0.00000   ) 
                     (  -0.29543  -0.00000   ) 
                     (   0.08258   0.00000   ) 
                     (   0.00000   0.00000   ) 
  autoval = 0.9508E-01
     Irreps are as follows:

                     mode #   6
                     (  -0.00000  -0.00000   ) 
                     (  -0.00000  -0.00000   ) 
                     (  -0.00000  -0.00000   ) 
                     (  -0.00000  -0.00000   ) 
                     (  -0.00000  -0.00000   ) 
                     (  -0.00000  -0.00000   ) 
                     (   0.00000  -0.00000   ) 
                     (  -0.70172  -0.00000   ) 
                     (  -0.06306  -0.00000   ) 
                     (  -0.06015  -0.00000   ) 
                     (   0.00000  -0.00000   ) 
                     (   0.06306  -0.00000   ) 
                     (   0.06015  -0.00000   ) 
                     (   0.70172  -0.00000   ) 
                     (   0.00000  -0.00000   ) 
  autoval = 0.3752E+00
     Irreps are as follows:

                     mode #   7
                     (  -0.00000  -0.00000   ) 
                     (  -0.00000  -0.00000   ) 
                     (  -0.00000  -0.00000   ) 
                     (  -1.00000  -0.00000   ) 
                     (  -0.00000  -0.00000   ) 
                     (  -0.00000  -0.00000   ) 
                     (  -0.00000  -0.00000   ) 
                     (  -0.00000  -0.00000   ) 
                     (  -0.00000  -0.00000   ) 
                     (  -0.00000  -0.00000   ) 
                     (  -0.00000  -0.00000   ) 
                     (  -0.00000  -0.00000   ) 
                     (  -0.00000  -0.00000   ) 
                     (  -0.00000  -0.00000   ) 
                     (  -0.00000  -0.00000   ) 
  autoval = 0.3752E+00
     Irreps are as follows:

                     mode #   8
                     (  -0.00000  -0.00000   ) 
                     (  -0.00000  -0.00000   ) 
                     (  -0.00000  -0.00000   ) 
                     (  -0.00000  -0.00000   ) 
                     (  -1.00000  -0.00000   ) 
                     (  -0.00000  -0.00000   ) 
                     (  -0.00000  -0.00000   ) 
                     (  -0.00000  -0.00000   ) 
                     (  -0.00000  -0.00000   ) 
                     (  -0.00000  -0.00000   ) 
                     (  -0.00000  -0.00000   ) 
                     (  -0.00000  -0.00000   ) 
                     (  -0.00000  -0.00000   ) 
                     (  -0.00000  -0.00000   ) 
                     (  -0.00000  -0.00000   ) 
  autoval = 0.3752E+00
     Irreps are as follows:

                     mode #   9
                     (  -0.00000  -0.00000   ) 
                     (  -0.00000  -0.00000   ) 
                     (  -0.00000  -0.00000   ) 
                     (  -0.00000  -0.00000   ) 
                     (  -0.00000  -0.00000   ) 
                     (  -1.00000  -0.00000   ) 
                     (  -0.00000  -0.00000   ) 
                     (  -0.00000  -0.00000   ) 
                     (  -0.00000  -0.00000   ) 
                     (  -0.00000  -0.00000   ) 
                     (  -0.00000  -0.00000   ) 
                     (  -0.00000  -0.00000   ) 
                     (  -0.00000  -0.00000   ) 
                     (  -0.00000  -0.00000   ) 
                     (  -0.00000  -0.00000   ) 
  autoval = 0.6682E+00
     Irreps are as follows:

                     mode #  10
                     (  -1.00000  -0.00000   ) 
                     (  -0.00000  -0.00000   ) 
                     (  -0.00000  -0.00000   ) 
                     (  -0.00000  -0.00000   ) 
                     (  -0.00000  -0.00000   ) 
                     (  -0.00000  -0.00000   ) 
                     (  -0.00000  -0.00000   ) 
                     (  -0.00000  -0.00000   ) 
                     (  -0.00000  -0.00000   ) 
                     (  -0.00000  -0.00000   ) 
                     (  -0.00000  -0.00000   ) 
                     (  -0.00000  -0.00000   ) 
                     (  -0.00000  -0.00000   ) 
                     (  -0.00000  -0.00000   ) 
                     (  -0.00000  -0.00000   ) 
  autoval = 0.6682E+00
     Irreps are as follows:

                     mode #  11
                     (  -0.00000  -0.00000   ) 
                     (  -0.00000  -0.00000   ) 
                     (  -1.00000  -0.00000   ) 
                     (  -0.00000  -0.00000   ) 
                     (  -0.00000  -0.00000   ) 
                     (  -0.00000  -0.00000   ) 
                     (  -0.00000  -0.00000   ) 
                     (  -0.00000  -0.00000   ) 
                     (  -0.00000  -0.00000   ) 
                     (  -0.00000  -0.00000   ) 
                     (  -0.00000  -0.00000   ) 
                     (  -0.00000  -0.00000   ) 
                     (  -0.00000  -0.00000   ) 
                     (  -0.00000  -0.00000   ) 
                     (  -0.00000  -0.00000   ) 
  autoval = 0.6682E+00
     Irreps are as follows:

                     mode #  12
                     (  -0.00000  -0.00000   ) 
                     (  -1.00000  -0.00000   ) 
                     (  -0.00000  -0.00000   ) 
                     (  -0.00000  -0.00000   ) 
                     (  -0.00000  -0.00000   ) 
                     (  -0.00000  -0.00000   ) 
                     (  -0.00000  -0.00000   ) 
                     (  -0.00000  -0.00000   ) 
                     (  -0.00000  -0.00000   ) 
                     (  -0.00000  -0.00000   ) 
                     (  -0.00000  -0.00000   ) 
                     (  -0.00000  -0.00000   ) 
                     (  -0.00000  -0.00000   ) 
                     (  -0.00000  -0.00000   ) 
                     (  -0.00000  -0.00000   ) 
  autoval = 0.2326E+01
     Irreps are as follows:

                     mode #  13
                     (  -0.00000   0.00000   ) 
                     (  -0.00000   0.00000   ) 
                     (  -0.00000   0.00000   ) 
                     (  -0.00000   0.00000   ) 
                     (  -0.00000   0.00000   ) 
                     (  -0.00000   0.00000   ) 
                     (  -0.99463  -0.00000   ) 
                     (   0.00000   0.00000   ) 
                     (  -0.00000  -0.00000   ) 
                     (   0.07320   0.00000   ) 
                     (  -0.00000  -0.00000   ) 
                     (   0.00000   0.00000   ) 
                     (   0.07320   0.00000   ) 
                     (   0.00000   0.00000   ) 
                     (   0.00000   0.00000   ) 
  autoval = 0.2326E+01
     Irreps are as follows:

                     mode #  14
                     (  -0.00000   0.00000   ) 
                     (  -0.00000   0.00000   ) 
                     (  -0.00000   0.00000   ) 
                     (  -0.00000   0.00000   ) 
                     (  -0.00000   0.00000   ) 
                     (  -0.00000   0.00000   ) 
                     (   0.00000   0.00000   ) 
                     (  -0.07320  -0.00000   ) 
                     (   0.00004   0.00000   ) 
                     (   0.00000   0.00000   ) 
                     (   0.99463   0.00000   ) 
                     (   0.00004   0.00000   ) 
                     (  -0.00000  -0.00000   ) 
                     (  -0.07320  -0.00000   ) 
                     (  -0.00057  -0.00000   ) 
  autoval = 0.2326E+01
     Irreps are as follows:

                     mode #  15
                     (  -0.00000  -0.00000   ) 
                     (  -0.00000  -0.00000   ) 
                     (  -0.00000  -0.00000   ) 
                     (  -0.00000  -0.00000   ) 
                     (  -0.00000  -0.00000   ) 
                     (  -0.00000  -0.00000   ) 
                     (   0.00000  -0.00000   ) 
                     (  -0.00004  -0.00000   ) 
                     (  -0.07320  -0.00000   ) 
                     (   0.00000  -0.00000   ) 
                     (   0.00057  -0.00000   ) 
                     (  -0.07320  -0.00000   ) 
                     (  -0.00000  -0.00000   ) 
                     (  -0.00004  -0.00000   ) 
                     (   0.99463  -0.00000   ) 
       1   0.000000000   0.000000000   0.000000000       5
        3   3   3   3   3

     Calculation of q =    0.0000000   0.0000000   0.0000000

     default                                                                    

     bravais-lattice index     =            0
     lattice parameter (alat)  =      11.6460  a.u.
     unit-cell volume          =    1579.5231 (a.u.)^3
     number of atoms/cell      =            5
     number of atomic types    =            3
     kinetic-energy cut-off    =      80.0000  Ry
     charge density cut-off    =     640.0000  Ry
     convergence threshold     =      1.0E-14
     beta                      =       0.7000
     number of iterations used =            4
     Exchange-correlation= PBE
                           (   1   4   3   4   0   0   0)


     celldm(1)=   11.64596  celldm(2)=    0.00000  celldm(3)=    0.00000
     celldm(4)=    0.00000  celldm(5)=    0.00000  celldm(6)=    0.00000

     crystal axes: (cart. coord. in units of alat)
               a(1) = (  1.0000  0.0000  0.0000 )  
               a(2) = (  0.0000  1.0000  0.0000 )  
               a(3) = (  0.0000  0.0000  1.0000 )  

     reciprocal axes: (cart. coord. in units 2 pi/alat)
               b(1) = (  1.0000  0.0000  0.0000 )  
               b(2) = (  0.0000  1.0000  0.0000 )  
               b(3) = (  0.0000  0.0000  1.0000 )  


     Atoms inside the unit cell: 

     Cartesian axes

     site n.  atom      mass           positions (alat units)
        1  Rb     85.4678   tau(    1) = (    0.00000    0.00000    0.00000  )
        2  Fe     55.8450   tau(    2) = (    0.50000    0.50000    0.50000  )
        3  Br     79.9040   tau(    3) = (    0.50000    0.00000    0.00000  )
        4  Br     79.9040   tau(    4) = (    0.00000    0.50000    0.00000  )
        5  Br     79.9040   tau(    5) = (    0.00000    0.00000    0.50000  )

     Computing dynamical matrix for 
                    q = (   0.0000000   0.0000000   0.0000000 )

     49 Sym.Ops. (with q -> -q+G )

                                    s                        frac. trans.

      isym =  1     identity                                     

 cryst.   s( 1) = (     1          0          0      )
                  (     0          1          0      )
                  (     0          0          1      )

 cart.    s( 1) = (  1.0000000  0.0000000  0.0000000 )
                  (  0.0000000  1.0000000  0.0000000 )
                  (  0.0000000  0.0000000  1.0000000 )


      isym =  2     180 deg rotation - cart. axis [0,0,1]        

 cryst.   s( 2) = (    -1          0          0      )
                  (     0         -1          0      )
                  (     0          0          1      )

 cart.    s( 2) = ( -1.0000000  0.0000000  0.0000000 )
                  (  0.0000000 -1.0000000  0.0000000 )
                  (  0.0000000  0.0000000  1.0000000 )


      isym =  3     180 deg rotation - cart. axis [0,1,0]        

 cryst.   s( 3) = (    -1          0          0      )
                  (     0          1          0      )
                  (     0          0         -1      )

 cart.    s( 3) = ( -1.0000000  0.0000000  0.0000000 )
                  (  0.0000000  1.0000000  0.0000000 )
                  (  0.0000000  0.0000000 -1.0000000 )


      isym =  4     180 deg rotation - cart. axis [1,0,0]        

 cryst.   s( 4) = (     1          0          0      )
                  (     0         -1          0      )
                  (     0          0         -1      )

 cart.    s( 4) = (  1.0000000  0.0000000  0.0000000 )
                  (  0.0000000 -1.0000000  0.0000000 )
                  (  0.0000000  0.0000000 -1.0000000 )


      isym =  5     180 deg rotation - cart. axis [1,1,0]        

 cryst.   s( 5) = (     0          1          0      )
                  (     1          0          0      )
                  (     0          0         -1      )

 cart.    s( 5) = (  0.0000000  1.0000000  0.0000000 )
                  (  1.0000000  0.0000000  0.0000000 )
                  (  0.0000000  0.0000000 -1.0000000 )


      isym =  6     180 deg rotation - cart. axis [1,-1,0]       

 cryst.   s( 6) = (     0         -1          0      )
                  (    -1          0          0      )
                  (     0          0         -1      )

 cart.    s( 6) = (  0.0000000 -1.0000000  0.0000000 )
                  ( -1.0000000  0.0000000  0.0000000 )
                  (  0.0000000  0.0000000 -1.0000000 )


      isym =  7      90 deg rotation - cart. axis [0,0,-1]       

 cryst.   s( 7) = (     0         -1          0      )
                  (     1          0          0      )
                  (     0          0          1      )

 cart.    s( 7) = (  0.0000000  1.0000000  0.0000000 )
                  ( -1.0000000  0.0000000  0.0000000 )
                  (  0.0000000  0.0000000  1.0000000 )


      isym =  8      90 deg rotation - cart. axis [0,0,1]        

 cryst.   s( 8) = (     0          1          0      )
                  (    -1          0          0      )
                  (     0          0          1      )

 cart.    s( 8) = (  0.0000000 -1.0000000  0.0000000 )
                  (  1.0000000  0.0000000  0.0000000 )
                  (  0.0000000  0.0000000  1.0000000 )


      isym =  9     180 deg rotation - cart. axis [1,0,1]        

 cryst.   s( 9) = (     0          0          1      )
                  (     0         -1          0      )
                  (     1          0          0      )

 cart.    s( 9) = (  0.0000000  0.0000000  1.0000000 )
                  (  0.0000000 -1.0000000  0.0000000 )
                  (  1.0000000  0.0000000  0.0000000 )


      isym = 10     180 deg rotation - cart. axis [-1,0,1]       

 cryst.   s(10) = (     0          0         -1      )
                  (     0         -1          0      )
                  (    -1          0          0      )

 cart.    s(10) = (  0.0000000  0.0000000 -1.0000000 )
                  (  0.0000000 -1.0000000  0.0000000 )
                  ( -1.0000000  0.0000000  0.0000000 )


      isym = 11      90 deg rotation - cart. axis [0,1,0]        

 cryst.   s(11) = (     0          0         -1      )
                  (     0          1          0      )
                  (     1          0          0      )

 cart.    s(11) = (  0.0000000  0.0000000  1.0000000 )
                  (  0.0000000  1.0000000  0.0000000 )
                  ( -1.0000000  0.0000000  0.0000000 )


      isym = 12      90 deg rotation - cart. axis [0,-1,0]       

 cryst.   s(12) = (     0          0          1      )
                  (     0          1          0      )
                  (    -1          0          0      )

 cart.    s(12) = (  0.0000000  0.0000000 -1.0000000 )
                  (  0.0000000  1.0000000  0.0000000 )
                  (  1.0000000  0.0000000  0.0000000 )


      isym = 13     180 deg rotation - cart. axis [0,1,1]        

 cryst.   s(13) = (    -1          0          0      )
                  (     0          0          1      )
                  (     0          1          0      )

 cart.    s(13) = ( -1.0000000  0.0000000  0.0000000 )
                  (  0.0000000  0.0000000  1.0000000 )
                  (  0.0000000  1.0000000  0.0000000 )


      isym = 14     180 deg rotation - cart. axis [0,1,-1]       

 cryst.   s(14) = (    -1          0          0      )
                  (     0          0         -1      )
                  (     0         -1          0      )

 cart.    s(14) = ( -1.0000000  0.0000000  0.0000000 )
                  (  0.0000000  0.0000000 -1.0000000 )
                  (  0.0000000 -1.0000000  0.0000000 )


      isym = 15      90 deg rotation - cart. axis [-1,0,0]       

 cryst.   s(15) = (     1          0          0      )
                  (     0          0         -1      )
                  (     0          1          0      )

 cart.    s(15) = (  1.0000000  0.0000000  0.0000000 )
                  (  0.0000000  0.0000000  1.0000000 )
                  (  0.0000000 -1.0000000  0.0000000 )


      isym = 16      90 deg rotation - cart. axis [1,0,0]        

 cryst.   s(16) = (     1          0          0      )
                  (     0          0          1      )
                  (     0         -1          0      )

 cart.    s(16) = (  1.0000000  0.0000000  0.0000000 )
                  (  0.0000000  0.0000000 -1.0000000 )
                  (  0.0000000  1.0000000  0.0000000 )


      isym = 17     120 deg rotation - cart. axis [-1,-1,-1]     

 cryst.   s(17) = (     0          0          1      )
                  (     1          0          0      )
                  (     0          1          0      )

 cart.    s(17) = (  0.0000000  1.0000000  0.0000000 )
                  (  0.0000000  0.0000000  1.0000000 )
                  (  1.0000000  0.0000000  0.0000000 )


      isym = 18     120 deg rotation - cart. axis [-1,1,1]       

 cryst.   s(18) = (     0          0         -1      )
                  (    -1          0          0      )
                  (     0          1          0      )

 cart.    s(18) = (  0.0000000 -1.0000000  0.0000000 )
                  (  0.0000000  0.0000000  1.0000000 )
                  ( -1.0000000  0.0000000  0.0000000 )


      isym = 19     120 deg rotation - cart. axis [1,1,-1]       

 cryst.   s(19) = (     0          0         -1      )
                  (     1          0          0      )
                  (     0         -1          0      )

 cart.    s(19) = (  0.0000000  1.0000000  0.0000000 )
                  (  0.0000000  0.0000000 -1.0000000 )
                  ( -1.0000000  0.0000000  0.0000000 )


      isym = 20     120 deg rotation - cart. axis [1,-1,1]       

 cryst.   s(20) = (     0          0          1      )
                  (    -1          0          0      )
                  (     0         -1          0      )

 cart.    s(20) = (  0.0000000 -1.0000000  0.0000000 )
                  (  0.0000000  0.0000000 -1.0000000 )
                  (  1.0000000  0.0000000  0.0000000 )


      isym = 21     120 deg rotation - cart. axis [1,1,1]        

 cryst.   s(21) = (     0          1          0      )
                  (     0          0          1      )
                  (     1          0          0      )

 cart.    s(21) = (  0.0000000  0.0000000  1.0000000 )
                  (  1.0000000  0.0000000  0.0000000 )
                  (  0.0000000  1.0000000  0.0000000 )


      isym = 22     120 deg rotation - cart. axis [-1,1,-1]      

 cryst.   s(22) = (     0         -1          0      )
                  (     0          0         -1      )
                  (     1          0          0      )

 cart.    s(22) = (  0.0000000  0.0000000  1.0000000 )
                  ( -1.0000000  0.0000000  0.0000000 )
                  (  0.0000000 -1.0000000  0.0000000 )


      isym = 23     120 deg rotation - cart. axis [1,-1,-1]      

 cryst.   s(23) = (     0         -1          0      )
                  (     0          0          1      )
                  (    -1          0          0      )

 cart.    s(23) = (  0.0000000  0.0000000 -1.0000000 )
                  ( -1.0000000  0.0000000  0.0000000 )
                  (  0.0000000  1.0000000  0.0000000 )


      isym = 24     120 deg rotation - cart. axis [-1,-1,1]      

 cryst.   s(24) = (     0          1          0      )
                  (     0          0         -1      )
                  (    -1          0          0      )

 cart.    s(24) = (  0.0000000  0.0000000 -1.0000000 )
                  (  1.0000000  0.0000000  0.0000000 )
                  (  0.0000000 -1.0000000  0.0000000 )


      isym = 25     inversion                                    

 cryst.   s(25) = (    -1          0          0      )
                  (     0         -1          0      )
                  (     0          0         -1      )

 cart.    s(25) = ( -1.0000000  0.0000000  0.0000000 )
                  (  0.0000000 -1.0000000  0.0000000 )
                  (  0.0000000  0.0000000 -1.0000000 )


      isym = 26     inv. 180 deg rotation - cart. axis [0,0,1]   

 cryst.   s(26) = (     1          0          0      )
                  (     0          1          0      )
                  (     0          0         -1      )

 cart.    s(26) = (  1.0000000  0.0000000  0.0000000 )
                  (  0.0000000  1.0000000  0.0000000 )
                  (  0.0000000  0.0000000 -1.0000000 )


      isym = 27     inv. 180 deg rotation - cart. axis [0,1,0]   

 cryst.   s(27) = (     1          0          0      )
                  (     0         -1          0      )
                  (     0          0          1      )

 cart.    s(27) = (  1.0000000  0.0000000  0.0000000 )
                  (  0.0000000 -1.0000000  0.0000000 )
                  (  0.0000000  0.0000000  1.0000000 )


      isym = 28     inv. 180 deg rotation - cart. axis [1,0,0]   

 cryst.   s(28) = (    -1          0          0      )
                  (     0          1          0      )
                  (     0          0          1      )

 cart.    s(28) = ( -1.0000000  0.0000000  0.0000000 )
                  (  0.0000000  1.0000000  0.0000000 )
                  (  0.0000000  0.0000000  1.0000000 )


      isym = 29     inv. 180 deg rotation - cart. axis [1,1,0]   

 cryst.   s(29) = (     0         -1          0      )
                  (    -1          0          0      )
                  (     0          0          1      )

 cart.    s(29) = (  0.0000000 -1.0000000  0.0000000 )
                  ( -1.0000000  0.0000000  0.0000000 )
                  (  0.0000000  0.0000000  1.0000000 )


      isym = 30     inv. 180 deg rotation - cart. axis [1,-1,0]  

 cryst.   s(30) = (     0          1          0      )
                  (     1          0          0      )
                  (     0          0          1      )

 cart.    s(30) = (  0.0000000  1.0000000  0.0000000 )
                  (  1.0000000  0.0000000  0.0000000 )
                  (  0.0000000  0.0000000  1.0000000 )


      isym = 31     inv.  90 deg rotation - cart. axis [0,0,-1]  

 cryst.   s(31) = (     0          1          0      )
                  (    -1          0          0      )
                  (     0          0         -1      )

 cart.    s(31) = (  0.0000000 -1.0000000  0.0000000 )
                  (  1.0000000  0.0000000  0.0000000 )
                  (  0.0000000  0.0000000 -1.0000000 )


      isym = 32     inv.  90 deg rotation - cart. axis [0,0,1]   

 cryst.   s(32) = (     0         -1          0      )
                  (     1          0          0      )
                  (     0          0         -1      )

 cart.    s(32) = (  0.0000000  1.0000000  0.0000000 )
                  ( -1.0000000  0.0000000  0.0000000 )
                  (  0.0000000  0.0000000 -1.0000000 )


      isym = 33     inv. 180 deg rotation - cart. axis [1,0,1]   

 cryst.   s(33) = (     0          0         -1      )
                  (     0          1          0      )
                  (    -1          0          0      )

 cart.    s(33) = (  0.0000000  0.0000000 -1.0000000 )
                  (  0.0000000  1.0000000  0.0000000 )
                  ( -1.0000000  0.0000000  0.0000000 )


      isym = 34     inv. 180 deg rotation - cart. axis [-1,0,1]  

 cryst.   s(34) = (     0          0          1      )
                  (     0          1          0      )
                  (     1          0          0      )

 cart.    s(34) = (  0.0000000  0.0000000  1.0000000 )
                  (  0.0000000  1.0000000  0.0000000 )
                  (  1.0000000  0.0000000  0.0000000 )


      isym = 35     inv.  90 deg rotation - cart. axis [0,1,0]   

 cryst.   s(35) = (     0          0          1      )
                  (     0         -1          0      )
                  (    -1          0          0      )

 cart.    s(35) = (  0.0000000  0.0000000 -1.0000000 )
                  (  0.0000000 -1.0000000  0.0000000 )
                  (  1.0000000  0.0000000  0.0000000 )


      isym = 36     inv.  90 deg rotation - cart. axis [0,-1,0]  

 cryst.   s(36) = (     0          0         -1      )
                  (     0         -1          0      )
                  (     1          0          0      )

 cart.    s(36) = (  0.0000000  0.0000000  1.0000000 )
                  (  0.0000000 -1.0000000  0.0000000 )
                  ( -1.0000000  0.0000000  0.0000000 )


      isym = 37     inv. 180 deg rotation - cart. axis [0,1,1]   

 cryst.   s(37) = (     1          0          0      )
                  (     0          0         -1      )
                  (     0         -1          0      )

 cart.    s(37) = (  1.0000000  0.0000000  0.0000000 )
                  (  0.0000000  0.0000000 -1.0000000 )
                  (  0.0000000 -1.0000000  0.0000000 )


      isym = 38     inv. 180 deg rotation - cart. axis [0,1,-1]  

 cryst.   s(38) = (     1          0          0      )
                  (     0          0          1      )
                  (     0          1          0      )

 cart.    s(38) = (  1.0000000  0.0000000  0.0000000 )
                  (  0.0000000  0.0000000  1.0000000 )
                  (  0.0000000  1.0000000  0.0000000 )


      isym = 39     inv.  90 deg rotation - cart. axis [-1,0,0]  

 cryst.   s(39) = (    -1          0          0      )
                  (     0          0          1      )
                  (     0         -1          0      )

 cart.    s(39) = ( -1.0000000  0.0000000  0.0000000 )
                  (  0.0000000  0.0000000 -1.0000000 )
                  (  0.0000000  1.0000000  0.0000000 )


      isym = 40     inv.  90 deg rotation - cart. axis [1,0,0]   

 cryst.   s(40) = (    -1          0          0      )
                  (     0          0         -1      )
                  (     0          1          0      )

 cart.    s(40) = ( -1.0000000  0.0000000  0.0000000 )
                  (  0.0000000  0.0000000  1.0000000 )
                  (  0.0000000 -1.0000000  0.0000000 )


      isym = 41     inv. 120 deg rotation - cart. axis [-1,-1,-1]

 cryst.   s(41) = (     0          0         -1      )
                  (    -1          0          0      )
                  (     0         -1          0      )

 cart.    s(41) = (  0.0000000 -1.0000000  0.0000000 )
                  (  0.0000000  0.0000000 -1.0000000 )
                  ( -1.0000000  0.0000000  0.0000000 )


      isym = 42     inv. 120 deg rotation - cart. axis [-1,1,1]  

 cryst.   s(42) = (     0          0          1      )
                  (     1          0          0      )
                  (     0         -1          0      )

 cart.    s(42) = (  0.0000000  1.0000000  0.0000000 )
                  (  0.0000000  0.0000000 -1.0000000 )
                  (  1.0000000  0.0000000  0.0000000 )


      isym = 43     inv. 120 deg rotation - cart. axis [1,1,-1]  

 cryst.   s(43) = (     0          0          1      )
                  (    -1          0          0      )
                  (     0          1          0      )

 cart.    s(43) = (  0.0000000 -1.0000000  0.0000000 )
                  (  0.0000000  0.0000000  1.0000000 )
                  (  1.0000000  0.0000000  0.0000000 )


      isym = 44     inv. 120 deg rotation - cart. axis [1,-1,1]  

 cryst.   s(44) = (     0          0         -1      )
                  (     1          0          0      )
                  (     0          1          0      )

 cart.    s(44) = (  0.0000000  1.0000000  0.0000000 )
                  (  0.0000000  0.0000000  1.0000000 )
                  ( -1.0000000  0.0000000  0.0000000 )


      isym = 45     inv. 120 deg rotation - cart. axis [1,1,1]   

 cryst.   s(45) = (     0         -1          0      )
                  (     0          0         -1      )
                  (    -1          0          0      )

 cart.    s(45) = (  0.0000000  0.0000000 -1.0000000 )
                  ( -1.0000000  0.0000000  0.0000000 )
                  (  0.0000000 -1.0000000  0.0000000 )


      isym = 46     inv. 120 deg rotation - cart. axis [-1,1,-1] 

 cryst.   s(46) = (     0          1          0      )
                  (     0          0          1      )
                  (    -1          0          0      )

 cart.    s(46) = (  0.0000000  0.0000000 -1.0000000 )
                  (  1.0000000  0.0000000  0.0000000 )
                  (  0.0000000  1.0000000  0.0000000 )


      isym = 47     inv. 120 deg rotation - cart. axis [1,-1,-1] 

 cryst.   s(47) = (     0          1          0      )
                  (     0          0         -1      )
                  (     1          0          0      )

 cart.    s(47) = (  0.0000000  0.0000000  1.0000000 )
                  (  1.0000000  0.0000000  0.0000000 )
                  (  0.0000000 -1.0000000  0.0000000 )


      isym = 48     inv. 120 deg rotation - cart. axis [-1,-1,1] 

 cryst.   s(48) = (     0         -1          0      )
                  (     0          0          1      )
                  (     1          0          0      )

 cart.    s(48) = (  0.0000000  0.0000000  1.0000000 )
                  ( -1.0000000  0.0000000  0.0000000 )
                  (  0.0000000  1.0000000  0.0000000 )


     This transformation sends q -> -q+G

      isym = 49     identity                                     

 cryst.   s(49) = (     1          0          0      )
                  (     0          1          0      )
                  (     0          0          1      )

 cart.    s(49) = (  1.0000000  0.0000000  0.0000000 )
                  (  0.0000000  1.0000000  0.0000000 )
                  (  0.0000000  0.0000000  1.0000000 )


     G cutoff = 2198.7249  ( 215988 G-vectors)     FFT grid: ( 96, 96, 96)
     G cutoff = 1099.3624  (  76359 G-vectors)  smooth grid: ( 72, 72, 72)

     number of k points=    35  Gaussian smearing, width (Ry)=  0.0050
                       cart. coord. in units 2pi/alat
        k(    1) = (   0.0000000   0.0000000   0.0000000), wk =   0.0039062
        k(    2) = (   0.0000000   0.0000000   0.1250000), wk =   0.0234375
        k(    3) = (   0.0000000   0.0000000   0.2500000), wk =   0.0234375
        k(    4) = (   0.0000000   0.0000000   0.3750000), wk =   0.0234375
        k(    5) = (   0.0000000   0.0000000  -0.5000000), wk =   0.0117188
        k(    6) = (   0.0000000   0.1250000   0.1250000), wk =   0.0468750
        k(    7) = (   0.0000000   0.1250000   0.2500000), wk =   0.0937500
        k(    8) = (   0.0000000   0.1250000   0.3750000), wk =   0.0937500
        k(    9) = (   0.0000000   0.1250000  -0.5000000), wk =   0.0468750
        k(   10) = (   0.0000000   0.2500000   0.2500000), wk =   0.0468750
        k(   11) = (   0.0000000   0.2500000   0.3750000), wk =   0.0937500
        k(   12) = (   0.0000000   0.2500000  -0.5000000), wk =   0.0468750
        k(   13) = (   0.0000000   0.3750000   0.3750000), wk =   0.0468750
        k(   14) = (   0.0000000   0.3750000  -0.5000000), wk =   0.0468750
        k(   15) = (   0.0000000  -0.5000000  -0.5000000), wk =   0.0117188
        k(   16) = (   0.1250000   0.1250000   0.1250000), wk =   0.0312500
        k(   17) = (   0.1250000   0.1250000   0.2500000), wk =   0.0937500
        k(   18) = (   0.1250000   0.1250000   0.3750000), wk =   0.0937500
        k(   19) = (   0.1250000   0.1250000  -0.5000000), wk =   0.0468750
        k(   20) = (   0.1250000   0.2500000   0.2500000), wk =   0.0937500
        k(   21) = (   0.1250000   0.2500000   0.3750000), wk =   0.1875000
        k(   22) = (   0.1250000   0.2500000  -0.5000000), wk =   0.0937500
        k(   23) = (   0.1250000   0.3750000   0.3750000), wk =   0.0937500
        k(   24) = (   0.1250000   0.3750000  -0.5000000), wk =   0.0937500
        k(   25) = (   0.1250000  -0.5000000  -0.5000000), wk =   0.0234375
        k(   26) = (   0.2500000   0.2500000   0.2500000), wk =   0.0312500
        k(   27) = (   0.2500000   0.2500000   0.3750000), wk =   0.0937500
        k(   28) = (   0.2500000   0.2500000  -0.5000000), wk =   0.0468750
        k(   29) = (   0.2500000   0.3750000   0.3750000), wk =   0.0937500
        k(   30) = (   0.2500000   0.3750000  -0.5000000), wk =   0.0937500
        k(   31) = (   0.2500000  -0.5000000  -0.5000000), wk =   0.0234375
        k(   32) = (   0.3750000   0.3750000   0.3750000), wk =   0.0312500
        k(   33) = (   0.3750000   0.3750000  -0.5000000), wk =   0.0468750
        k(   34) = (   0.3750000  -0.5000000  -0.5000000), wk =   0.0234375
        k(   35) = (  -0.5000000  -0.5000000  -0.5000000), wk =   0.0039062

                       cryst. coord.
        k(    1) = (   0.0000000   0.0000000   0.0000000), wk =   0.0039062
        k(    2) = (   0.0000000   0.0000000   0.1250000), wk =   0.0234375
        k(    3) = (   0.0000000   0.0000000   0.2500000), wk =   0.0234375
        k(    4) = (   0.0000000   0.0000000   0.3750000), wk =   0.0234375
        k(    5) = (   0.0000000   0.0000000  -0.5000000), wk =   0.0117188
        k(    6) = (   0.0000000   0.1250000   0.1250000), wk =   0.0468750
        k(    7) = (   0.0000000   0.1250000   0.2500000), wk =   0.0937500
        k(    8) = (   0.0000000   0.1250000   0.3750000), wk =   0.0937500
        k(    9) = (   0.0000000   0.1250000  -0.5000000), wk =   0.0468750
        k(   10) = (   0.0000000   0.2500000   0.2500000), wk =   0.0468750
        k(   11) = (   0.0000000   0.2500000   0.3750000), wk =   0.0937500
        k(   12) = (   0.0000000   0.2500000  -0.5000000), wk =   0.0468750
        k(   13) = (   0.0000000   0.3750000   0.3750000), wk =   0.0468750
        k(   14) = (   0.0000000   0.3750000  -0.5000000), wk =   0.0468750
        k(   15) = (   0.0000000  -0.5000000  -0.5000000), wk =   0.0117188
        k(   16) = (   0.1250000   0.1250000   0.1250000), wk =   0.0312500
        k(   17) = (   0.1250000   0.1250000   0.2500000), wk =   0.0937500
        k(   18) = (   0.1250000   0.1250000   0.3750000), wk =   0.0937500
        k(   19) = (   0.1250000   0.1250000  -0.5000000), wk =   0.0468750
        k(   20) = (   0.1250000   0.2500000   0.2500000), wk =   0.0937500
        k(   21) = (   0.1250000   0.2500000   0.3750000), wk =   0.1875000
        k(   22) = (   0.1250000   0.2500000  -0.5000000), wk =   0.0937500
        k(   23) = (   0.1250000   0.3750000   0.3750000), wk =   0.0937500
        k(   24) = (   0.1250000   0.3750000  -0.5000000), wk =   0.0937500
        k(   25) = (   0.1250000  -0.5000000  -0.5000000), wk =   0.0234375
        k(   26) = (   0.2500000   0.2500000   0.2500000), wk =   0.0312500
        k(   27) = (   0.2500000   0.2500000   0.3750000), wk =   0.0937500
        k(   28) = (   0.2500000   0.2500000  -0.5000000), wk =   0.0468750
        k(   29) = (   0.2500000   0.3750000   0.3750000), wk =   0.0937500
        k(   30) = (   0.2500000   0.3750000  -0.5000000), wk =   0.0937500
        k(   31) = (   0.2500000  -0.5000000  -0.5000000), wk =   0.0234375
        k(   32) = (   0.3750000   0.3750000   0.3750000), wk =   0.0312500
        k(   33) = (   0.3750000   0.3750000  -0.5000000), wk =   0.0468750
        k(   34) = (   0.3750000  -0.5000000  -0.5000000), wk =   0.0234375
        k(   35) = (  -0.5000000  -0.5000000  -0.5000000), wk =   0.0039062

     PseudoPot. # 1 for Rb read from file:
     /home/administrator/Downloads/BURAI/BURAI1.3/pseudopot/Rb.pbe-spn-kjpaw_psl.1.0.0.UPF
     MD5 check sum: 2771e311bc20ea25cdd5c0a9866b789c
     Pseudo is Projector augmented-wave + core cor, Zval =  9.0
     Generated using "atomic" code by A. Dal Corso  v.5.1.2
     Shape of augmentation charge: PSQ
     Using radial grid of 1219 points,  6 beta functions with: 
                l(1) =   0
                l(2) =   0
                l(3) =   1
                l(4) =   1
                l(5) =   2
                l(6) =   2
     Q(r) pseudized with 0 coefficients 


     PseudoPot. # 2 for Fe read from file:
     /home/administrator/Downloads/BURAI/BURAI1.3/pseudopot/Fe.pbe-spn-kjpaw_psl.1.0.0.UPF
     MD5 check sum: 04029f3f376fc501f927dd43ca5e13d6
     Pseudo is Projector augmented-wave + core cor, Zval = 16.0
     Generated using "atomic" code by A. Dal Corso  v.5.1.2
     Shape of augmentation charge: PSQ
     Using radial grid of 1191 points,  6 beta functions with: 
                l(1) =   0
                l(2) =   0
                l(3) =   1
                l(4) =   1
                l(5) =   2
                l(6) =   2
     Q(r) pseudized with 0 coefficients 


     PseudoPot. # 3 for Br read from file:
     /home/administrator/Downloads/BURAI/BURAI1.3/pseudopot/Br.pbe-n-kjpaw_psl.1.0.0.UPF
     MD5 check sum: 4e719ecb11afb5eb9a83625d9f5c08f4
     Pseudo is Projector augmented-wave + core cor, Zval =  7.0
     Generated using "atomic" code by A. Dal Corso  v.5.1.2
     Shape of augmentation charge: PSQ
     Using radial grid of 1213 points,  4 beta functions with: 
                l(1) =   0
                l(2) =   0
                l(3) =   1
                l(4) =   1
     Q(r) pseudized with 0 coefficients 


     point group O_h (m-3m) 
     there are 10 classes
     the character table:

       E     8C3   3C2   6C4   6C2'  i     8S6   3s_h  6S4   6s_d 
A_1g   1.00  1.00  1.00  1.00  1.00  1.00  1.00  1.00  1.00  1.00
A_2g   1.00  1.00  1.00 -1.00 -1.00  1.00  1.00  1.00 -1.00 -1.00
E_g    2.00 -1.00  2.00  0.00  0.00  2.00 -1.00  2.00  0.00  0.00
T_1g   3.00  0.00 -1.00  1.00 -1.00  3.00  0.00 -1.00  1.00 -1.00
T_2g   3.00  0.00 -1.00 -1.00  1.00  3.00  0.00 -1.00 -1.00  1.00
A_1u   1.00  1.00  1.00  1.00  1.00 -1.00 -1.00 -1.00 -1.00 -1.00
A_2u   1.00  1.00  1.00 -1.00 -1.00 -1.00 -1.00 -1.00  1.00  1.00
E_u    2.00 -1.00  2.00  0.00  0.00 -2.00  1.00 -2.00  0.00  0.00
T_1u   3.00  0.00 -1.00  1.00 -1.00 -3.00  0.00  1.00 -1.00  1.00
T_2u   3.00  0.00 -1.00 -1.00  1.00 -3.00  0.00  1.00  1.00 -1.00

     the symmetry operations in each class and the name of the first element:

     E        1
                                                                 
     8C3     17   19   20   18   24   21   22   23
                                                                 
     3C2      2    4    3
                                                                 
     6C4      7    8   15   16   12   11
                                                                 
     6C2'     5    6   14   13   10    9
                                                                 
     i       25
                                                                 
     8S6     41   43   44   42   48   45   46   47
                                                                 
     3s_h    26   28   27
                                                                 
     6S4     31   32   39   40   36   35
                                                                 
     6s_d    29   30   38   37   34   33
                                                                 


     Atomic displacements:
     There are    5 irreducible representations

     Representation     1      3 modes -  To be done
     Irreps are as follows:

     mode #   1              mode #   2              mode #   3
     (  -0.00000   0.00000 ) (  -0.00000  -0.00000 ) (   0.00000  -0.00000 ) 
     (  -0.00000   0.00000 ) (  -0.00000  -0.00000 ) (   0.00000  -0.00000 ) 
     (  -0.00000   0.00000 ) (  -0.00000  -0.00000 ) (   0.00000  -0.00000 ) 
     (  -0.00000   0.00000 ) (  -0.00000  -0.00000 ) (   0.00000  -0.00000 ) 
     (  -0.00000   0.00000 ) (  -0.00000  -0.00000 ) (   0.00000  -0.00000 ) 
     (  -0.00000   0.00000 ) (  -0.00000  -0.00000 ) (   0.00000  -0.00000 ) 
     (  -0.00000  -0.00000 ) (  -0.00000  -0.00000 ) (  -0.10353  -0.00000 ) 
     (  -0.04324  -0.00000 ) (  -0.70198  -0.00000 ) (   0.00000  -0.00000 ) 
     (   0.70198   0.00000 ) (  -0.04324  -0.00000 ) (   0.00000   0.00000 ) 
     (  -0.00000  -0.00000 ) (  -0.00000  -0.00000 ) (  -0.70331  -0.00000 ) 
     (  -0.00636  -0.00000 ) (  -0.10333  -0.00000 ) (   0.00000  -0.00000 ) 
     (   0.70198   0.00000 ) (  -0.04324  -0.00000 ) (  -0.00000  -0.00000 ) 
     (  -0.00000  -0.00000 ) (  -0.00000  -0.00000 ) (  -0.70331  -0.00000 ) 
     (  -0.04324  -0.00000 ) (  -0.70198  -0.00000 ) (   0.00000  -0.00000 ) 
     (   0.10333   0.00000 ) (  -0.00636  -0.00000 ) (   0.00000  -0.00000 ) 

     Representation     2      3 modes -  To be done
     Irreps are as follows:

     mode #   4              mode #   5              mode #   6
     (  -0.00000  -0.00000 ) (  -0.00000  -0.00000 ) (  -0.00000  -0.00000 ) 
     (  -0.00000  -0.00000 ) (  -0.00000  -0.00000 ) (  -0.00000  -0.00000 ) 
     (  -0.00000  -0.00000 ) (  -0.00000  -0.00000 ) (  -0.00000  -0.00000 ) 
     (  -1.00000  -0.00000 ) (  -0.00000  -0.00000 ) (  -0.00000  -0.00000 ) 
     (  -0.00000  -0.00000 ) (  -1.00000  -0.00000 ) (  -0.00000  -0.00000 ) 
     (  -0.00000  -0.00000 ) (  -0.00000  -0.00000 ) (  -1.00000  -0.00000 ) 
     (  -0.00000  -0.00000 ) (  -0.00000  -0.00000 ) (  -0.00000  -0.00000 ) 
     (  -0.00000  -0.00000 ) (  -0.00000  -0.00000 ) (  -0.00000  -0.00000 ) 
     (  -0.00000  -0.00000 ) (  -0.00000  -0.00000 ) (  -0.00000  -0.00000 ) 
     (  -0.00000  -0.00000 ) (  -0.00000  -0.00000 ) (  -0.00000  -0.00000 ) 
     (  -0.00000  -0.00000 ) (  -0.00000  -0.00000 ) (  -0.00000  -0.00000 ) 
     (  -0.00000  -0.00000 ) (  -0.00000  -0.00000 ) (  -0.00000  -0.00000 ) 
     (  -0.00000  -0.00000 ) (  -0.00000  -0.00000 ) (  -0.00000  -0.00000 ) 
     (  -0.00000  -0.00000 ) (  -0.00000  -0.00000 ) (  -0.00000  -0.00000 ) 
     (  -0.00000  -0.00000 ) (  -0.00000  -0.00000 ) (  -0.00000  -0.00000 ) 

     Representation     3      3 modes -  To be done
     Irreps are as follows:

     mode #   7              mode #   8              mode #   9
     (  -1.00000  -0.00000 ) (  -0.00000  -0.00000 ) (  -0.00000  -0.00000 ) 
     (  -0.00000  -0.00000 ) (  -0.00000  -0.00000 ) (  -1.00000  -0.00000 ) 
     (  -0.00000  -0.00000 ) (  -1.00000  -0.00000 ) (  -0.00000  -0.00000 ) 
     (  -0.00000  -0.00000 ) (  -0.00000  -0.00000 ) (  -0.00000  -0.00000 ) 
     (  -0.00000  -0.00000 ) (  -0.00000  -0.00000 ) (  -0.00000  -0.00000 ) 
     (  -0.00000  -0.00000 ) (  -0.00000  -0.00000 ) (  -0.00000  -0.00000 ) 
     (  -0.00000  -0.00000 ) (  -0.00000  -0.00000 ) (  -0.00000  -0.00000 ) 
     (  -0.00000  -0.00000 ) (  -0.00000  -0.00000 ) (  -0.00000  -0.00000 ) 
     (  -0.00000  -0.00000 ) (  -0.00000  -0.00000 ) (  -0.00000  -0.00000 ) 
     (  -0.00000  -0.00000 ) (  -0.00000  -0.00000 ) (  -0.00000  -0.00000 ) 
     (  -0.00000  -0.00000 ) (  -0.00000  -0.00000 ) (  -0.00000  -0.00000 ) 
     (  -0.00000  -0.00000 ) (  -0.00000  -0.00000 ) (  -0.00000  -0.00000 ) 
     (  -0.00000  -0.00000 ) (  -0.00000  -0.00000 ) (  -0.00000  -0.00000 ) 
     (  -0.00000  -0.00000 ) (  -0.00000  -0.00000 ) (  -0.00000  -0.00000 ) 
     (  -0.00000  -0.00000 ) (  -0.00000  -0.00000 ) (  -0.00000  -0.00000 ) 

     Representation     4      3 modes -  To be done
     Irreps are as follows:

     mode #  10              mode #  11              mode #  12
     (  -0.00000   0.00000 ) (  -0.00000   0.00000 ) (  -0.00000  -0.00000 ) 
     (  -0.00000   0.00000 ) (  -0.00000   0.00000 ) (  -0.00000  -0.00000 ) 
     (  -0.00000   0.00000 ) (  -0.00000   0.00000 ) (  -0.00000  -0.00000 ) 
     (  -0.00000   0.00000 ) (  -0.00000   0.00000 ) (  -0.00000  -0.00000 ) 
     (  -0.00000   0.00000 ) (  -0.00000   0.00000 ) (  -0.00000  -0.00000 ) 
     (  -0.00000   0.00000 ) (  -0.00000   0.00000 ) (  -0.00000  -0.00000 ) 
     (  -0.99463  -0.00000 ) (   0.00000   0.00000 ) (   0.00000  -0.00000 ) 
     (   0.00000   0.00000 ) (  -0.07320  -0.00000 ) (  -0.00004  -0.00000 ) 
     (  -0.00000  -0.00000 ) (   0.00004   0.00000 ) (  -0.07320  -0.00000 ) 
     (   0.07320   0.00000 ) (   0.00000   0.00000 ) (   0.00000  -0.00000 ) 
     (  -0.00000  -0.00000 ) (   0.99463   0.00000 ) (   0.00057  -0.00000 ) 
     (   0.00000   0.00000 ) (   0.00004   0.00000 ) (  -0.07320  -0.00000 ) 
     (   0.07320   0.00000 ) (  -0.00000  -0.00000 ) (  -0.00000  -0.00000 ) 
     (   0.00000   0.00000 ) (  -0.07320  -0.00000 ) (  -0.00004  -0.00000 ) 
     (   0.00000   0.00000 ) (  -0.00057  -0.00000 ) (   0.99463  -0.00000 ) 

     Representation     5      3 modes -  To be done
     Irreps are as follows:

     mode #  13              mode #  14              mode #  15
     (  -0.00000   0.00000 ) (  -0.00000   0.00000 ) (  -0.00000  -0.00000 ) 
     (  -0.00000   0.00000 ) (  -0.00000   0.00000 ) (  -0.00000  -0.00000 ) 
     (  -0.00000   0.00000 ) (  -0.00000   0.00000 ) (  -0.00000  -0.00000 ) 
     (  -0.00000   0.00000 ) (  -0.00000   0.00000 ) (  -0.00000  -0.00000 ) 
     (  -0.00000   0.00000 ) (  -0.00000   0.00000 ) (  -0.00000  -0.00000 ) 
     (  -0.00000   0.00000 ) (  -0.00000   0.00000 ) (  -0.00000  -0.00000 ) 
     (   0.00000   0.00000 ) (   0.00000   0.00000 ) (   0.00000  -0.00000 ) 
     (  -0.02785  -0.00000 ) (  -0.08258  -0.00000 ) (  -0.70172  -0.00000 ) 
     (  -0.30020  -0.00000 ) (   0.63710   0.00000 ) (  -0.06306  -0.00000 ) 
     (   0.63961   0.00000 ) (   0.29543   0.00000 ) (  -0.06015  -0.00000 ) 
     (  -0.00000  -0.00000 ) (  -0.00000  -0.00000 ) (   0.00000  -0.00000 ) 
     (   0.30020   0.00000 ) (  -0.63710  -0.00000 ) (   0.06306  -0.00000 ) 
     (  -0.63961  -0.00000 ) (  -0.29543  -0.00000 ) (   0.06015  -0.00000 ) 
     (   0.02785   0.00000 ) (   0.08258   0.00000 ) (   0.70172  -0.00000 ) 
     (   0.00000   0.00000 ) (   0.00000   0.00000 ) (   0.00000  -0.00000 ) 



     Alpha used in Ewald sum =   2.8000
     PHONON       :   4m32.55s CPU   4m43.29s WALL



     Representation #   1 modes #   1   2   3

     Self-consistent Calculation

     Pert. #  1: Fermi energy shift (Ry) =     0.0000E+00    -9.7958E-40
     Pert. #  2: Fermi energy shift (Ry) =    -3.3658E-29     3.6734E-40
     Pert. #  3: Fermi energy shift (Ry) =     1.8758E-29    -1.1964E-40

      iter #   1 total cpu time :   584.9 secs   av.it.:   6.8
      thresh= 1.000E-02 alpha_mix =  0.700 |ddv_scf|^2 =  1.523E-08

     Pert. #  1: Fermi energy shift (Ry) =     1.0771E-27    -1.9132E-42
     Pert. #  2: Fermi energy shift (Ry) =    -6.7316E-29    -1.1958E-43
     Pert. #  3: Fermi energy shift (Ry) =     8.4325E-29    -4.8817E-44

      iter #   2 total cpu time :  1260.6 secs   av.it.:  20.8
      thresh= 1.234E-05 alpha_mix =  0.700 |ddv_scf|^2 =  7.013E-09

     Pert. #  1: Fermi energy shift (Ry) =     0.0000E+00    -1.4349E-42
     Pert. #  2: Fermi energy shift (Ry) =     0.0000E+00    -1.2855E-42
     Pert. #  3: Fermi energy shift (Ry) =    -4.8758E-29     2.3696E-43

      iter #   3 total cpu time :  1936.7 secs   av.it.:  20.6
      thresh= 8.375E-06 alpha_mix =  0.700 |ddv_scf|^2 =  4.363E-11

     Pert. #  1: Fermi energy shift (Ry) =    -1.3463E-28    -5.9789E-44
     Pert. #  2: Fermi energy shift (Ry) =     5.8902E-29     1.4947E-44
     Pert. #  3: Fermi energy shift (Ry) =    -7.7235E-29     3.6819E-44

      iter #   4 total cpu time :  2600.9 secs   av.it.:  20.4
      thresh= 6.605E-07 alpha_mix =  0.700 |ddv_scf|^2 =  1.423E-12

     Pert. #  1: Fermi energy shift (Ry) =     0.0000E+00    -5.9789E-44
     Pert. #  2: Fermi energy shift (Ry) =    -4.2073E-30    -2.2421E-44
     Pert. #  3: Fermi energy shift (Ry) =     5.6867E-29     3.7025E-44

      iter #   5 total cpu time :  3278.1 secs   av.it.:  20.9
      thresh= 1.193E-07 alpha_mix =  0.700 |ddv_scf|^2 =  6.027E-14

     Pert. #  1: Fermi energy shift (Ry) =     0.0000E+00     2.9894E-44
     Pert. #  2: Fermi energy shift (Ry) =     1.4725E-28     3.9236E-44
     Pert. #  3: Fermi energy shift (Ry) =     5.8308E-29     1.4810E-44

      iter #   6 total cpu time :  3951.3 secs   av.it.:  20.5
      thresh= 2.455E-08 alpha_mix =  0.700 |ddv_scf|^2 =  3.910E-16

     End of self-consistent calculation

     Convergence has been achieved 


     Representation #   2 modes #   4   5   6

     Self-consistent Calculation

     Pert. #  1: Fermi energy shift (Ry) =     0.0000E+00     0.0000E+00
     Pert. #  2: Fermi energy shift (Ry) =     0.0000E+00     0.0000E+00
     Pert. #  3: Fermi energy shift (Ry) =     0.0000E+00     0.0000E+00

      iter #   1 total cpu time :  4336.4 secs   av.it.:   8.9
      thresh= 1.000E-02 alpha_mix =  0.700 |ddv_scf|^2 =  1.304E-07

     Pert. #  1: Fermi energy shift (Ry) =     0.0000E+00     0.0000E+00
     Pert. #  2: Fermi energy shift (Ry) =     0.0000E+00     0.0000E+00
     Pert. #  3: Fermi energy shift (Ry) =     0.0000E+00     0.0000E+00

      iter #   2 total cpu time :  5014.4 secs   av.it.:  20.0
      thresh= 3.611E-05 alpha_mix =  0.700 |ddv_scf|^2 =  2.008E-08

     Pert. #  1: Fermi energy shift (Ry) =     0.0000E+00     0.0000E+00
     Pert. #  2: Fermi energy shift (Ry) =     0.0000E+00     0.0000E+00
     Pert. #  3: Fermi energy shift (Ry) =     0.0000E+00     0.0000E+00

      iter #   3 total cpu time :  5677.0 secs   av.it.:  20.1
      thresh= 1.417E-05 alpha_mix =  0.700 |ddv_scf|^2 =  1.471E-09

     Pert. #  1: Fermi energy shift (Ry) =     0.0000E+00     0.0000E+00
     Pert. #  2: Fermi energy shift (Ry) =     0.0000E+00     0.0000E+00
     Pert. #  3: Fermi energy shift (Ry) =     0.0000E+00     0.0000E+00

      iter #   4 total cpu time :  6322.6 secs   av.it.:  19.7
      thresh= 3.836E-06 alpha_mix =  0.700 |ddv_scf|^2 =  4.758E-11

     Pert. #  1: Fermi energy shift (Ry) =     0.0000E+00     0.0000E+00
     Pert. #  2: Fermi energy shift (Ry) =     0.0000E+00     0.0000E+00
     Pert. #  3: Fermi energy shift (Ry) =     0.0000E+00     0.0000E+00

      iter #   5 total cpu time :  6983.0 secs   av.it.:  19.8
      thresh= 6.898E-07 alpha_mix =  0.700 |ddv_scf|^2 =  1.872E-12

     Pert. #  1: Fermi energy shift (Ry) =     0.0000E+00     0.0000E+00
     Pert. #  2: Fermi energy shift (Ry) =     0.0000E+00     0.0000E+00
     Pert. #  3: Fermi energy shift (Ry) =     0.0000E+00     0.0000E+00

      iter #   6 total cpu time :  7642.6 secs   av.it.:  20.2
      thresh= 1.368E-07 alpha_mix =  0.700 |ddv_scf|^2 =  6.371E-14

     Pert. #  1: Fermi energy shift (Ry) =     0.0000E+00     0.0000E+00
     Pert. #  2: Fermi energy shift (Ry) =     0.0000E+00     0.0000E+00
     Pert. #  3: Fermi energy shift (Ry) =     0.0000E+00     0.0000E+00

      iter #   7 total cpu time :  8290.7 secs   av.it.:  19.6
      thresh= 2.524E-08 alpha_mix =  0.700 |ddv_scf|^2 =  1.942E-15

     End of self-consistent calculation

     Convergence has been achieved 


     Representation #   3 modes #   7   8   9

     Self-consistent Calculation

     Pert. #  1: Fermi energy shift (Ry) =     0.0000E+00     0.0000E+00
     Pert. #  2: Fermi energy shift (Ry) =     0.0000E+00     0.0000E+00
     Pert. #  3: Fermi energy shift (Ry) =     0.0000E+00     0.0000E+00

      iter #   1 total cpu time :  8544.4 secs   av.it.:   5.9
      thresh= 1.000E-02 alpha_mix =  0.700 |ddv_scf|^2 =  2.571E-08

     Pert. #  1: Fermi energy shift (Ry) =     0.0000E+00     0.0000E+00
     Pert. #  2: Fermi energy shift (Ry) =     0.0000E+00     0.0000E+00
     Pert. #  3: Fermi energy shift (Ry) =     0.0000E+00     0.0000E+00

      iter #   2 total cpu time :  9193.7 secs   av.it.:  19.5
      thresh= 1.603E-05 alpha_mix =  0.700 |ddv_scf|^2 =  1.402E-08

     Pert. #  1: Fermi energy shift (Ry) =     0.0000E+00     0.0000E+00
     Pert. #  2: Fermi energy shift (Ry) =     0.0000E+00     0.0000E+00
     Pert. #  3: Fermi energy shift (Ry) =     0.0000E+00     0.0000E+00

      iter #   3 total cpu time :  9838.1 secs   av.it.:  19.2
      thresh= 1.184E-05 alpha_mix =  0.700 |ddv_scf|^2 =  4.759E-11

     Pert. #  1: Fermi energy shift (Ry) =     0.0000E+00     0.0000E+00
     Pert. #  2: Fermi energy shift (Ry) =     0.0000E+00     0.0000E+00
     Pert. #  3: Fermi energy shift (Ry) =     0.0000E+00     0.0000E+00

      iter #   4 total cpu time : 10507.6 secs   av.it.:  20.5
      thresh= 6.899E-07 alpha_mix =  0.700 |ddv_scf|^2 =  3.472E-12

     Pert. #  1: Fermi energy shift (Ry) =     0.0000E+00     0.0000E+00
     Pert. #  2: Fermi energy shift (Ry) =     0.0000E+00     0.0000E+00
     Pert. #  3: Fermi energy shift (Ry) =     0.0000E+00     0.0000E+00

      iter #   5 total cpu time : 11158.7 secs   av.it.:  19.8
      thresh= 1.863E-07 alpha_mix =  0.700 |ddv_scf|^2 =  2.766E-13

     Pert. #  1: Fermi energy shift (Ry) =     0.0000E+00     0.0000E+00
     Pert. #  2: Fermi energy shift (Ry) =     0.0000E+00     0.0000E+00
     Pert. #  3: Fermi energy shift (Ry) =     0.0000E+00     0.0000E+00

      iter #   6 total cpu time : 11797.4 secs   av.it.:  19.5
      thresh= 5.259E-08 alpha_mix =  0.700 |ddv_scf|^2 =  1.042E-14

     Pert. #  1: Fermi energy shift (Ry) =     0.0000E+00     0.0000E+00
     Pert. #  2: Fermi energy shift (Ry) =     0.0000E+00     0.0000E+00
     Pert. #  3: Fermi energy shift (Ry) =     0.0000E+00     0.0000E+00

      iter #   7 total cpu time : 12458.5 secs   av.it.:  20.2
      thresh= 1.021E-08 alpha_mix =  0.700 |ddv_scf|^2 =  4.568E-16

     End of self-consistent calculation

     Convergence has been achieved 


     Representation #   4 modes #  10  11  12

     Self-consistent Calculation

     Pert. #  1: Fermi energy shift (Ry) =     5.0109E-29     9.9488E-41
     Pert. #  2: Fermi energy shift (Ry) =     3.3658E-29     0.0000E+00
     Pert. #  3: Fermi energy shift (Ry) =     4.1282E-28     3.4845E-40

      iter #   1 total cpu time : 12735.4 secs   av.it.:   6.1
      thresh= 1.000E-02 alpha_mix =  0.700 |ddv_scf|^2 =  1.645E-08

     Pert. #  1: Fermi energy shift (Ry) =    -1.8111E-29     6.6095E-44
     Pert. #  2: Fermi energy shift (Ry) =     4.2073E-29     0.0000E+00
     Pert. #  3: Fermi energy shift (Ry) =     2.0478E-28    -6.5954E-43

      iter #   2 total cpu time : 13398.8 secs   av.it.:  19.9
      thresh= 1.283E-05 alpha_mix =  0.700 |ddv_scf|^2 =  9.167E-09

     Pert. #  1: Fermi energy shift (Ry) =     1.7277E-29     9.4354E-44
     Pert. #  2: Fermi energy shift (Ry) =    -3.7865E-29     0.0000E+00
     Pert. #  3: Fermi energy shift (Ry) =    -7.8296E-29    -3.2043E-43

      iter #   3 total cpu time : 14051.2 secs   av.it.:  19.5
      thresh= 9.574E-06 alpha_mix =  0.700 |ddv_scf|^2 =  1.943E-11

     Pert. #  1: Fermi energy shift (Ry) =     1.8863E-29    -5.2549E-46
     Pert. #  2: Fermi energy shift (Ry) =     5.8902E-29     0.0000E+00
     Pert. #  3: Fermi energy shift (Ry) =    -4.8092E-29     2.0526E-43

      iter #   4 total cpu time : 14728.3 secs   av.it.:  20.5
      thresh= 4.408E-07 alpha_mix =  0.700 |ddv_scf|^2 =  1.137E-12

     Pert. #  1: Fermi energy shift (Ry) =    -3.0219E-29    -6.1380E-45
     Pert. #  2: Fermi energy shift (Ry) =     1.3463E-28     7.4736E-45
     Pert. #  3: Fermi energy shift (Ry) =     1.7801E-28     1.2801E-44

      iter #   5 total cpu time : 15381.4 secs   av.it.:  19.8
      thresh= 1.066E-07 alpha_mix =  0.700 |ddv_scf|^2 =  3.592E-14

     Pert. #  1: Fermi energy shift (Ry) =    -8.3693E-30    -1.0656E-45
     Pert. #  2: Fermi energy shift (Ry) =    -2.5244E-29     0.0000E+00
     Pert. #  3: Fermi energy shift (Ry) =     6.4136E-30    -9.3420E-46

      iter #   6 total cpu time : 16027.5 secs   av.it.:  19.7
      thresh= 1.895E-08 alpha_mix =  0.700 |ddv_scf|^2 =  2.808E-15

     End of self-consistent calculation

     Convergence has been achieved 


     Representation #   5 modes #  13  14  15

     Self-consistent Calculation

     Pert. #  1: Fermi energy shift (Ry) =     0.0000E+00     4.8979E-40
     Pert. #  2: Fermi energy shift (Ry) =     1.3786E-25     1.4694E-39
     Pert. #  3: Fermi energy shift (Ry) =    -3.9582E-26    -1.0714E-39

      iter #   1 total cpu time : 16323.3 secs   av.it.:   6.3
      thresh= 1.000E-02 alpha_mix =  0.700 |ddv_scf|^2 =  5.429E-09

     Pert. #  1: Fermi energy shift (Ry) =    -3.3658E-29    -4.7831E-43
     Pert. #  2: Fermi energy shift (Ry) =    -1.0939E-28    -2.9894E-43
     Pert. #  3: Fermi energy shift (Ry) =     8.6906E-29    -1.3266E-43

      iter #   2 total cpu time : 17031.2 secs   av.it.:  21.5
      thresh= 7.368E-06 alpha_mix =  0.700 |ddv_scf|^2 =  6.685E-10

     Pert. #  1: Fermi energy shift (Ry) =     6.7316E-29     3.2884E-43
     Pert. #  2: Fermi energy shift (Ry) =    -3.7024E-28     1.4947E-43
     Pert. #  3: Fermi energy shift (Ry) =    -1.9722E-29     8.4078E-44

      iter #   3 total cpu time : 17728.7 secs   av.it.:  21.8
      thresh= 2.586E-06 alpha_mix =  0.700 |ddv_scf|^2 =  5.837E-12

     Pert. #  1: Fermi energy shift (Ry) =    -6.7316E-29     2.9894E-44
     Pert. #  2: Fermi energy shift (Ry) =    -3.3658E-29     0.0000E+00
     Pert. #  3: Fermi energy shift (Ry) =    -1.2858E-28     6.9131E-44

      iter #   4 total cpu time : 18443.9 secs   av.it.:  22.1
      thresh= 2.416E-07 alpha_mix =  0.700 |ddv_scf|^2 =  7.798E-14

     Pert. #  1: Fermi energy shift (Ry) =    -8.7511E-28    -1.4947E-44
     Pert. #  2: Fermi energy shift (Ry) =     4.7121E-28     2.9894E-44
     Pert. #  3: Fermi energy shift (Ry) =     1.5251E-29    -2.8026E-45

      iter #   5 total cpu time : 19083.8 secs   av.it.:  19.5
      thresh= 2.792E-08 alpha_mix =  0.700 |ddv_scf|^2 =  1.959E-16

     End of self-consistent calculation

     Convergence has been achieved 

     Number of q in the star =    1
     List of q in the star:
          1   0.000000000   0.000000000   0.000000000

     Diagonalizing the dynamical matrix

     q = (    0.000000000   0.000000000   0.000000000 ) 

 **************************************************************************
     freq (    1) =      -2.771489 [THz] =     -92.446908 [cm-1]
     freq (    2) =      -2.771489 [THz] =     -92.446908 [cm-1]
     freq (    3) =      -2.771489 [THz] =     -92.446908 [cm-1]
     freq (    4) =      -1.953096 [THz] =     -65.148279 [cm-1]
     freq (    5) =      -1.953096 [THz] =     -65.148279 [cm-1]
     freq (    6) =      -1.953096 [THz] =     -65.148279 [cm-1]
     freq (    7) =      -0.631436 [THz] =     -21.062449 [cm-1]
     freq (    8) =      -0.631436 [THz] =     -21.062449 [cm-1]
     freq (    9) =      -0.631436 [THz] =     -21.062449 [cm-1]
     freq (   10) =       0.935006 [THz] =      31.188451 [cm-1]
     freq (   11) =       0.935006 [THz] =      31.188451 [cm-1]
     freq (   12) =       0.935006 [THz] =      31.188451 [cm-1]
     freq (   13) =       5.499775 [THz] =     183.452760 [cm-1]
     freq (   14) =       5.499775 [THz] =     183.452760 [cm-1]
     freq (   15) =       5.499775 [THz] =     183.452760 [cm-1]
 **************************************************************************

     Mode symmetry, O_h (m-3m)  point group:

     freq (   1-   3) =        -92.4  [cm-1]   --> T_1u G_15  G_4- I  
     freq (   4-   6) =        -65.1  [cm-1]   --> T_2u G_25  G_5-    
     freq (   7-   9) =        -21.1  [cm-1]   --> T_1u G_15  G_4- I  
     freq (  10-  12) =         31.2  [cm-1]   --> T_1u G_15  G_4- I  
     freq (  13-  15) =        183.5  [cm-1]   --> T_1u G_15  G_4- I  

     PHONON       :      5h24m CPU      5h18m WALL

     INITIALIZATION: 
     phq_setup    :      1.26s CPU      1.39s WALL (       1 calls)
     phq_init     :    267.58s CPU    277.69s WALL (       1 calls)

     phq_init     :    267.58s CPU    277.69s WALL (       1 calls)
     set_drhoc    :      0.03s CPU      0.03s WALL (       3 calls)
     init_vloc    :      0.09s CPU      0.09s WALL (       1 calls)
     init_us_1    :      0.50s CPU      0.50s WALL (       1 calls)
     init_us_2    :      7.44s CPU      6.95s WALL (     441 calls)
     newd         :      0.99s CPU      1.27s WALL (       1 calls)
     dvanqq       :    151.15s CPU    158.95s WALL (       1 calls)
     drho         :    112.34s CPU    115.13s WALL (       1 calls)
     drhous       :     42.50s CPU     34.83s WALL (       1 calls)
     nldyntot     :      0.33s CPU      0.24s WALL (       1 calls)

     DYNAMICAL MATRIX:
     dynmat0      :      3.05s CPU      2.73s WALL (       1 calls)
     dynmat_us    :      1.98s CPU      1.65s WALL (       1 calls)
     addusdynmat  :      0.00s CPU      0.00s WALL (       1 calls)
     d2ionq       :      0.47s CPU      0.42s WALL (       1 calls)
     dynmatcc     :      0.61s CPU      0.65s WALL (       1 calls)
     phqscf       :  19223.30s CPU  18807.97s WALL (       1 calls)
     dynmatrix    :      0.00s CPU      0.00s WALL (       1 calls)

     phqscf       :  19223.30s CPU  18807.97s WALL (       1 calls)
     solve_linter :  19208.01s CPU  18798.03s WALL (       5 calls)
     sth_kernel   :  17837.70s CPU  17350.51s WALL (      31 calls)
     h_prec       :     24.10s CPU     23.65s WALL (     279 calls)
     apply_dpot_b :    283.34s CPU    357.00s WALL (     702 calls)
     ortho        :     85.46s CPU     92.14s WALL (     837 calls)
     cgsolve      :  16272.68s CPU  15478.05s WALL (     837 calls)
     incdrhoscf   :    433.31s CPU    479.61s WALL (     837 calls)
                                        0.00s GPU  (     837 calls)
     addusddens   :    523.75s CPU    614.03s WALL (      36 calls)
     dv_of_drho   :     49.19s CPU     55.17s WALL (      93 calls)
     mix_pot      :      9.02s CPU      8.76s WALL (      31 calls)
     ef_shift     :      8.29s CPU      8.09s WALL (      31 calls)
     ef_shift_wfc :      1.29s CPU      1.34s WALL (       5 calls)
     localdos     :     39.63s CPU     37.41s WALL (       5 calls)
     drhodv       :     15.24s CPU      9.88s WALL (       5 calls)
     psymdvscf    :    178.50s CPU    179.84s WALL (      31 calls)
     newdq        :    438.59s CPU    439.72s WALL (      31 calls)
     adddvscf     :     22.35s CPU     32.30s WALL (     702 calls)
     drhodvus     :      2.72s CPU      2.62s WALL (       5 calls)

     dvqpsi_us    :     74.12s CPU     65.63s WALL (     135 calls)
                                        0.00s GPU  (     135 calls)
     dvqpsi_us_on :     12.53s CPU      7.41s WALL (     135 calls)

     add_vuspsi   :    579.95s CPU    555.01s WALL (   26638 calls)
     addusdbec    :     29.42s CPU     38.05s WALL (     972 calls)

     drhodvus     :      2.72s CPU      2.62s WALL (       5 calls)

      General routines
     calbec       :   2311.85s CPU   2298.26s WALL (   55760 calls)
     fft          :     87.85s CPU    100.92s WALL (    2100 calls)
     ffts         :     20.70s CPU     17.24s WALL (    1557 calls)
     fftw         :   6911.65s CPU   7271.53s WALL (  814121 calls)
     write_rec    :      2.28s CPU      2.29s WALL (      36 calls)

      Additional routines
     ch_psi       :  12963.98s CPU  12667.33s WALL (   26638 calls)
     last         :   3566.45s CPU   2944.51s WALL (   26638 calls)
     Hesh         :     36.27s CPU     21.74s WALL (   26638 calls)
     ch_psi_all_k :   3529.39s CPU   2922.39s WALL (   26638 calls)
                                        0.00s GPU  (   26638 calls)
     ch_psi_calbe :   1298.28s CPU    999.65s WALL (   26638 calls)
                                        0.00s GPU  (   26638 calls)
     h_psi_bgrp   :   8939.30s CPU   9406.97s WALL (   26638 calls)
     h_psi        :   8938.08s CPU   9406.73s WALL (   26638 calls)
     h_psi:pot    :   8902.53s CPU   9384.14s WALL (   26638 calls)
     h_psi:calbec :    949.08s CPU   1220.71s WALL (   26638 calls)
     s_psi_bgrp   :   1122.18s CPU    934.18s WALL (   54113 calls)
     s_psi        :   1075.69s CPU    904.51s WALL (   54113 calls)


     PHONON       :      5h24m CPU      5h18m WALL


   This run was terminated on:   4:13:36   2May2025            

=------------------------------------------------------------------------------=
   JOB DONE.
=------------------------------------------------------------------------------=
