
     Program PHONON v.7.3.1 starts on 15May2025 at  9:28:59 

     This program is part of the open-source Quantum ESPRESSO suite
     for quantum simulation of materials; please cite
         "P. Giannozzi et al., J. Phys.:Condens. Matter 21 395502 (2009);
         "P. Giannozzi et al., J. Phys.:Condens. Matter 29 465901 (2017);
         "P. Giannozzi et al., J. Chem. Phys. 152 154105 (2020);
          URL http://www.quantum-espresso.org", 
     in publications or presentations arising from this work. More details at
     http://www.quantum-espresso.org/quote

     Parallel version (MPI), running on     8 processors

     MPI processes distributed on     1 nodes
     56851 MiB available memory on the printing compute node when the environment starts

     Waiting for input...
     Reading input from standard input
      Title line not specified: using 'default'.

     Reading xml data from directory:

     ./tmp/RbNiI3.save/

     R & G space division:  proc/nbgrp/npool/nimage =       8
     Subspace diagonalization in iterative solution of the eigenvalue problem:
     one sub-group per band group will be used
     custom distributed-memory algorithm (size of sub-group:  2*  2 procs)

     file Rb.pbe-spn-rrkjus_psl.1.0.0.UPF: wavefunction(s)  4S renormalized
     file Ni.pbe-spn-kjpaw_psl.1.0.0.UPF: wavefunction(s)  3P 3D renormalized
     file I.pbe-n-kjpaw_psl.1.0.0.UPF: wavefunction(s)  5S renormalized

     IMPORTANT: XC functional enforced from input :
     Exchange-correlation= PBE
                           (   1   4   3   4   0   0   0)
     Any further DFT definition will be discarded
     Please, verify this is what you really want


     Parallelization info
     --------------------
     sticks:   dense  smooth     PW     G-vecs:    dense   smooth      PW
     Min         863     432    118                54111    19104    2766
     Max         864     433    119                54116    19107    2769
     Sum        6909    3457    949               432913   152835   22143

     Using Slab Decomposition

     Reading collected, re-writing distributed wavefunctions in ./tmp/

     Number and degeneracy of irreps per q-point
       N         xq(1)         xq(2)         xq(3)   N irreps
  autoval = -.1097E+01
     Irreps are as follows:

                     mode #   1
                     (  -0.00000   0.00000   ) 
                     (  -0.00000   0.00000   ) 
                     (  -0.00000   0.00000   ) 
                     (  -0.00000   0.00000   ) 
                     (  -0.00000   0.00000   ) 
                     (  -0.00000   0.00000   ) 
                     (  -0.08461  -0.00000   ) 
                     (  -0.04936  -0.00000   ) 
                     (   0.00000   0.00000   ) 
                     (  -0.08461  -0.00000   ) 
                     (  -0.49905  -0.00000   ) 
                     (  -0.00000  -0.00000   ) 
                     (  -0.85543  -0.00000   ) 
                     (  -0.04936  -0.00000   ) 
                     (  -0.00000   0.00000   ) 
  autoval = -.1097E+01
     Irreps are as follows:

                     mode #   2
                     (  -0.00000  -0.00000   ) 
                     (  -0.00000  -0.00000   ) 
                     (  -0.00000  -0.00000   ) 
                     (  -0.00000  -0.00000   ) 
                     (  -0.00000  -0.00000   ) 
                     (  -0.00000  -0.00000   ) 
                     (  -0.00000  -0.00000   ) 
                     (  -0.00000  -0.00000   ) 
                     (  -0.99036  -0.00000   ) 
                     (  -0.00000  -0.00000   ) 
                     (  -0.00000  -0.00000   ) 
                     (  -0.09796  -0.00000   ) 
                     (  -0.00000  -0.00000   ) 
                     (  -0.00000  -0.00000   ) 
                     (  -0.09796  -0.00000   ) 
  autoval = -.1097E+01
     Irreps are as follows:

                     mode #   3
                     (  -0.00000  -0.00000   ) 
                     (  -0.00000  -0.00000   ) 
                     (  -0.00000  -0.00000   ) 
                     (  -0.00000  -0.00000   ) 
                     (  -0.00000  -0.00000   ) 
                     (  -0.00000  -0.00000   ) 
                     (  -0.04936  -0.00000   ) 
                     (   0.08461  -0.00000   ) 
                     (   0.00000  -0.00000   ) 
                     (  -0.04936  -0.00000   ) 
                     (   0.85543  -0.00000   ) 
                     (  -0.00000  -0.00000   ) 
                     (  -0.49905  -0.00000   ) 
                     (   0.08461  -0.00000   ) 
                     (  -0.00000  -0.00000   ) 
  autoval = 0.3752E+00
     Irreps are as follows:

                     mode #   4
                     (  -0.00000  -0.00000   ) 
                     (  -0.00000  -0.00000   ) 
                     (  -0.00000  -0.00000   ) 
                     (  -1.00000  -0.00000   ) 
                     (  -0.00000  -0.00000   ) 
                     (  -0.00000  -0.00000   ) 
                     (  -0.00000  -0.00000   ) 
                     (  -0.00000  -0.00000   ) 
                     (  -0.00000  -0.00000   ) 
                     (  -0.00000  -0.00000   ) 
                     (  -0.00000  -0.00000   ) 
                     (  -0.00000  -0.00000   ) 
                     (  -0.00000  -0.00000   ) 
                     (  -0.00000  -0.00000   ) 
                     (  -0.00000  -0.00000   ) 
  autoval = 0.3752E+00
     Irreps are as follows:

                     mode #   5
                     (  -0.00000  -0.00000   ) 
                     (  -0.00000  -0.00000   ) 
                     (  -0.00000  -0.00000   ) 
                     (  -0.00000  -0.00000   ) 
                     (  -1.00000  -0.00000   ) 
                     (  -0.00000  -0.00000   ) 
                     (  -0.00000  -0.00000   ) 
                     (  -0.00000  -0.00000   ) 
                     (  -0.00000  -0.00000   ) 
                     (  -0.00000  -0.00000   ) 
                     (  -0.00000  -0.00000   ) 
                     (  -0.00000  -0.00000   ) 
                     (  -0.00000  -0.00000   ) 
                     (  -0.00000  -0.00000   ) 
                     (  -0.00000  -0.00000   ) 
  autoval = 0.3752E+00
     Irreps are as follows:

                     mode #   6
                     (  -0.00000  -0.00000   ) 
                     (  -0.00000  -0.00000   ) 
                     (  -0.00000  -0.00000   ) 
                     (  -0.00000  -0.00000   ) 
                     (  -0.00000  -0.00000   ) 
                     (  -1.00000  -0.00000   ) 
                     (  -0.00000  -0.00000   ) 
                     (  -0.00000  -0.00000   ) 
                     (  -0.00000  -0.00000   ) 
                     (  -0.00000  -0.00000   ) 
                     (  -0.00000  -0.00000   ) 
                     (  -0.00000  -0.00000   ) 
                     (  -0.00000  -0.00000   ) 
                     (  -0.00000  -0.00000   ) 
                     (  -0.00000  -0.00000   ) 
  autoval = 0.6682E+00
     Irreps are as follows:

                     mode #   7
                     (  -1.00000  -0.00000   ) 
                     (  -0.00000  -0.00000   ) 
                     (  -0.00000  -0.00000   ) 
                     (  -0.00000  -0.00000   ) 
                     (  -0.00000  -0.00000   ) 
                     (  -0.00000  -0.00000   ) 
                     (  -0.00000  -0.00000   ) 
                     (  -0.00000  -0.00000   ) 
                     (  -0.00000  -0.00000   ) 
                     (  -0.00000  -0.00000   ) 
                     (  -0.00000  -0.00000   ) 
                     (  -0.00000  -0.00000   ) 
                     (  -0.00000  -0.00000   ) 
                     (  -0.00000  -0.00000   ) 
                     (  -0.00000  -0.00000   ) 
  autoval = 0.6682E+00
     Irreps are as follows:

                     mode #   8
                     (  -0.00000  -0.00000   ) 
                     (  -0.00000  -0.00000   ) 
                     (  -1.00000  -0.00000   ) 
                     (  -0.00000  -0.00000   ) 
                     (  -0.00000  -0.00000   ) 
                     (  -0.00000  -0.00000   ) 
                     (  -0.00000  -0.00000   ) 
                     (  -0.00000  -0.00000   ) 
                     (  -0.00000  -0.00000   ) 
                     (  -0.00000  -0.00000   ) 
                     (  -0.00000  -0.00000   ) 
                     (  -0.00000  -0.00000   ) 
                     (  -0.00000  -0.00000   ) 
                     (  -0.00000  -0.00000   ) 
                     (  -0.00000  -0.00000   ) 
  autoval = 0.6682E+00
     Irreps are as follows:

                     mode #   9
                     (  -0.00000  -0.00000   ) 
                     (  -1.00000  -0.00000   ) 
                     (  -0.00000  -0.00000   ) 
                     (  -0.00000  -0.00000   ) 
                     (  -0.00000  -0.00000   ) 
                     (  -0.00000  -0.00000   ) 
                     (  -0.00000  -0.00000   ) 
                     (  -0.00000  -0.00000   ) 
                     (  -0.00000  -0.00000   ) 
                     (  -0.00000  -0.00000   ) 
                     (  -0.00000  -0.00000   ) 
                     (  -0.00000  -0.00000   ) 
                     (  -0.00000  -0.00000   ) 
                     (  -0.00000  -0.00000   ) 
                     (  -0.00000  -0.00000   ) 
  autoval = 0.1010E+01
     Irreps are as follows:

                     mode #  10
                     (  -0.00000   0.00000   ) 
                     (  -0.00000   0.00000   ) 
                     (  -0.00000   0.00000   ) 
                     (  -0.00000   0.00000   ) 
                     (  -0.00000   0.00000   ) 
                     (  -0.00000   0.00000   ) 
                     (  -0.69978  -0.00000   ) 
                     (   0.02678   0.00000   ) 
                     (  -0.00000  -0.00000   ) 
                     (  -0.69978  -0.00000   ) 
                     (  -0.00530  -0.00000   ) 
                     (   0.00000   0.00000   ) 
                     (   0.13843   0.00000   ) 
                     (   0.02678   0.00000   ) 
                     (  -0.00000   0.00000   ) 
  autoval = 0.1010E+01
     Irreps are as follows:

                     mode #  11
                     (  -0.00000  -0.00000   ) 
                     (  -0.00000  -0.00000   ) 
                     (  -0.00000  -0.00000   ) 
                     (  -0.00000  -0.00000   ) 
                     (  -0.00000  -0.00000   ) 
                     (  -0.00000  -0.00000   ) 
                     (  -0.02678  -0.00000   ) 
                     (  -0.69978  -0.00000   ) 
                     (   0.00000  -0.00000   ) 
                     (  -0.02678  -0.00000   ) 
                     (   0.13843  -0.00000   ) 
                     (  -0.00000  -0.00000   ) 
                     (   0.00530  -0.00000   ) 
                     (  -0.69978  -0.00000   ) 
                     (  -0.00000  -0.00000   ) 
  autoval = 0.1010E+01
     Irreps are as follows:

                     mode #  12
                     (   0.00000  -0.00000   ) 
                     (   0.00000  -0.00000   ) 
                     (   0.00000  -0.00000   ) 
                     (   0.00000  -0.00000   ) 
                     (   0.00000  -0.00000   ) 
                     (   0.00000  -0.00000   ) 
                     (   0.00000  -0.00000   ) 
                     (   0.00000  -0.00000   ) 
                     (  -0.13853  -0.00000   ) 
                     (   0.00000  -0.00000   ) 
                     (   0.00000  -0.00000   ) 
                     (   0.70029   0.00000   ) 
                     (   0.00000  -0.00000   ) 
                     (  -0.00000  -0.00000   ) 
                     (   0.70029  -0.00000   ) 
  autoval = 0.1803E+01
     Irreps are as follows:

                     mode #  13
                     (  -0.00000  -0.00000   ) 
                     (  -0.00000  -0.00000   ) 
                     (  -0.00000  -0.00000   ) 
                     (  -0.00000  -0.00000   ) 
                     (  -0.00000  -0.00000   ) 
                     (  -0.00000  -0.00000   ) 
                     (  -0.70708  -0.00000   ) 
                     (   0.00580  -0.00000   ) 
                     (   0.00000  -0.00000   ) 
                     (   0.70708  -0.00000   ) 
                     (   0.00000  -0.00000   ) 
                     (   0.00000  -0.00000   ) 
                     (   0.00000  -0.00000   ) 
                     (  -0.00580  -0.00000   ) 
                     (  -0.00000  -0.00000   ) 
  autoval = 0.1803E+01
     Irreps are as follows:

                     mode #  14
                     (  -0.00000   0.00000   ) 
                     (  -0.00000   0.00000   ) 
                     (  -0.00000   0.00000   ) 
                     (  -0.00000   0.00000   ) 
                     (  -0.00000   0.00000   ) 
                     (  -0.00000   0.00000   ) 
                     (  -0.00000   0.00000   ) 
                     (  -0.00000   0.00000   ) 
                     (  -0.00000  -0.00000   ) 
                     (  -0.00000   0.00000   ) 
                     (  -0.00000   0.00000   ) 
                     (  -0.70711  -0.00000   ) 
                     (  -0.00000   0.00000   ) 
                     (   0.00000   0.00000   ) 
                     (   0.70711   0.00000   ) 
  autoval = 0.1803E+01
     Irreps are as follows:

                     mode #  15
                     (  -0.00000  -0.00000   ) 
                     (  -0.00000  -0.00000   ) 
                     (  -0.00000  -0.00000   ) 
                     (  -0.00000  -0.00000   ) 
                     (  -0.00000  -0.00000   ) 
                     (  -0.00000  -0.00000   ) 
                     (  -0.00580  -0.00000   ) 
                     (  -0.70708  -0.00000   ) 
                     (  -0.00000  -0.00000   ) 
                     (   0.00580  -0.00000   ) 
                     (  -0.00000  -0.00000   ) 
                     (   0.00000  -0.00000   ) 
                     (  -0.00000  -0.00000   ) 
                     (   0.70708  -0.00000   ) 
                     (  -0.00000  -0.00000   ) 
       1   0.000000000   0.000000000   0.000000000       5
        3   3   3   3   3

     Calculation of q =    0.0000000   0.0000000   0.0000000

     default                                                                    

     bravais-lattice index     =            0
     lattice parameter (alat)  =      10.4221  a.u.
     unit-cell volume          =    1132.0615 (a.u.)^3
     number of atoms/cell      =            5
     number of atomic types    =            3
     kinetic-energy cut-off    =     100.0000  Ry
     charge density cut-off    =     800.0000  Ry
     convergence threshold     =      1.0E-14
     beta                      =       0.5000
     number of iterations used =            4
     Exchange-correlation= PBE
                           (   1   4   3   4   0   0   0)


     celldm(1)=   10.42213  celldm(2)=    0.00000  celldm(3)=    0.00000
     celldm(4)=    0.00000  celldm(5)=    0.00000  celldm(6)=    0.00000

     crystal axes: (cart. coord. in units of alat)
               a(1) = (  1.0000  0.0000  0.0000 )  
               a(2) = (  0.0000  1.0000  0.0000 )  
               a(3) = (  0.0000  0.0000  1.0000 )  

     reciprocal axes: (cart. coord. in units 2 pi/alat)
               b(1) = (  1.0000  0.0000  0.0000 )  
               b(2) = (  0.0000  1.0000  0.0000 )  
               b(3) = (  0.0000  0.0000  1.0000 )  


     Atoms inside the unit cell: 

     Cartesian axes

     site n.  atom      mass           positions (alat units)
        1  Rb     85.4678   tau(    1) = (    0.00000    0.00000    0.00000  )
        2  Ni     58.6934   tau(    2) = (    0.50000    0.50000    0.50000  )
        3  I     126.9045   tau(    3) = (    0.50000    0.50000    0.00000  )
        4  I     126.9045   tau(    4) = (    0.50000    0.00000    0.50000  )
        5  I     126.9045   tau(    5) = (    0.00000    0.50000    0.50000  )

     Computing dynamical matrix for 
                    q = (   0.0000000   0.0000000   0.0000000 )

     49 Sym.Ops. (with q -> -q+G )

                                    s                        frac. trans.

      isym =  1     identity                                     

 cryst.   s( 1) = (     1          0          0      )
                  (     0          1          0      )
                  (     0          0          1      )

 cart.    s( 1) = (  1.0000000  0.0000000  0.0000000 )
                  (  0.0000000  1.0000000  0.0000000 )
                  (  0.0000000  0.0000000  1.0000000 )


      isym =  2     180 deg rotation - cart. axis [0,0,1]        

 cryst.   s( 2) = (    -1          0          0      )
                  (     0         -1          0      )
                  (     0          0          1      )

 cart.    s( 2) = ( -1.0000000  0.0000000  0.0000000 )
                  (  0.0000000 -1.0000000  0.0000000 )
                  (  0.0000000  0.0000000  1.0000000 )


      isym =  3     180 deg rotation - cart. axis [0,1,0]        

 cryst.   s( 3) = (    -1          0          0      )
                  (     0          1          0      )
                  (     0          0         -1      )

 cart.    s( 3) = ( -1.0000000  0.0000000  0.0000000 )
                  (  0.0000000  1.0000000  0.0000000 )
                  (  0.0000000  0.0000000 -1.0000000 )


      isym =  4     180 deg rotation - cart. axis [1,0,0]        

 cryst.   s( 4) = (     1          0          0      )
                  (     0         -1          0      )
                  (     0          0         -1      )

 cart.    s( 4) = (  1.0000000  0.0000000  0.0000000 )
                  (  0.0000000 -1.0000000  0.0000000 )
                  (  0.0000000  0.0000000 -1.0000000 )


      isym =  5     180 deg rotation - cart. axis [1,1,0]        

 cryst.   s( 5) = (     0          1          0      )
                  (     1          0          0      )
                  (     0          0         -1      )

 cart.    s( 5) = (  0.0000000  1.0000000  0.0000000 )
                  (  1.0000000  0.0000000  0.0000000 )
                  (  0.0000000  0.0000000 -1.0000000 )


      isym =  6     180 deg rotation - cart. axis [1,-1,0]       

 cryst.   s( 6) = (     0         -1          0      )
                  (    -1          0          0      )
                  (     0          0         -1      )

 cart.    s( 6) = (  0.0000000 -1.0000000  0.0000000 )
                  ( -1.0000000  0.0000000  0.0000000 )
                  (  0.0000000  0.0000000 -1.0000000 )


      isym =  7      90 deg rotation - cart. axis [0,0,-1]       

 cryst.   s( 7) = (     0         -1          0      )
                  (     1          0          0      )
                  (     0          0          1      )

 cart.    s( 7) = (  0.0000000  1.0000000  0.0000000 )
                  ( -1.0000000  0.0000000  0.0000000 )
                  (  0.0000000  0.0000000  1.0000000 )


      isym =  8      90 deg rotation - cart. axis [0,0,1]        

 cryst.   s( 8) = (     0          1          0      )
                  (    -1          0          0      )
                  (     0          0          1      )

 cart.    s( 8) = (  0.0000000 -1.0000000  0.0000000 )
                  (  1.0000000  0.0000000  0.0000000 )
                  (  0.0000000  0.0000000  1.0000000 )


      isym =  9     180 deg rotation - cart. axis [1,0,1]        

 cryst.   s( 9) = (     0          0          1      )
                  (     0         -1          0      )
                  (     1          0          0      )

 cart.    s( 9) = (  0.0000000  0.0000000  1.0000000 )
                  (  0.0000000 -1.0000000  0.0000000 )
                  (  1.0000000  0.0000000  0.0000000 )


      isym = 10     180 deg rotation - cart. axis [-1,0,1]       

 cryst.   s(10) = (     0          0         -1      )
                  (     0         -1          0      )
                  (    -1          0          0      )

 cart.    s(10) = (  0.0000000  0.0000000 -1.0000000 )
                  (  0.0000000 -1.0000000  0.0000000 )
                  ( -1.0000000  0.0000000  0.0000000 )


      isym = 11      90 deg rotation - cart. axis [0,1,0]        

 cryst.   s(11) = (     0          0         -1      )
                  (     0          1          0      )
                  (     1          0          0      )

 cart.    s(11) = (  0.0000000  0.0000000  1.0000000 )
                  (  0.0000000  1.0000000  0.0000000 )
                  ( -1.0000000  0.0000000  0.0000000 )


      isym = 12      90 deg rotation - cart. axis [0,-1,0]       

 cryst.   s(12) = (     0          0          1      )
                  (     0          1          0      )
                  (    -1          0          0      )

 cart.    s(12) = (  0.0000000  0.0000000 -1.0000000 )
                  (  0.0000000  1.0000000  0.0000000 )
                  (  1.0000000  0.0000000  0.0000000 )


      isym = 13     180 deg rotation - cart. axis [0,1,1]        

 cryst.   s(13) = (    -1          0          0      )
                  (     0          0          1      )
                  (     0          1          0      )

 cart.    s(13) = ( -1.0000000  0.0000000  0.0000000 )
                  (  0.0000000  0.0000000  1.0000000 )
                  (  0.0000000  1.0000000  0.0000000 )


      isym = 14     180 deg rotation - cart. axis [0,1,-1]       

 cryst.   s(14) = (    -1          0          0      )
                  (     0          0         -1      )
                  (     0         -1          0      )

 cart.    s(14) = ( -1.0000000  0.0000000  0.0000000 )
                  (  0.0000000  0.0000000 -1.0000000 )
                  (  0.0000000 -1.0000000  0.0000000 )


      isym = 15      90 deg rotation - cart. axis [-1,0,0]       

 cryst.   s(15) = (     1          0          0      )
                  (     0          0         -1      )
                  (     0          1          0      )

 cart.    s(15) = (  1.0000000  0.0000000  0.0000000 )
                  (  0.0000000  0.0000000  1.0000000 )
                  (  0.0000000 -1.0000000  0.0000000 )


      isym = 16      90 deg rotation - cart. axis [1,0,0]        

 cryst.   s(16) = (     1          0          0      )
                  (     0          0          1      )
                  (     0         -1          0      )

 cart.    s(16) = (  1.0000000  0.0000000  0.0000000 )
                  (  0.0000000  0.0000000 -1.0000000 )
                  (  0.0000000  1.0000000  0.0000000 )


      isym = 17     120 deg rotation - cart. axis [-1,-1,-1]     

 cryst.   s(17) = (     0          0          1      )
                  (     1          0          0      )
                  (     0          1          0      )

 cart.    s(17) = (  0.0000000  1.0000000  0.0000000 )
                  (  0.0000000  0.0000000  1.0000000 )
                  (  1.0000000  0.0000000  0.0000000 )


      isym = 18     120 deg rotation - cart. axis [-1,1,1]       

 cryst.   s(18) = (     0          0         -1      )
                  (    -1          0          0      )
                  (     0          1          0      )

 cart.    s(18) = (  0.0000000 -1.0000000  0.0000000 )
                  (  0.0000000  0.0000000  1.0000000 )
                  ( -1.0000000  0.0000000  0.0000000 )


      isym = 19     120 deg rotation - cart. axis [1,1,-1]       

 cryst.   s(19) = (     0          0         -1      )
                  (     1          0          0      )
                  (     0         -1          0      )

 cart.    s(19) = (  0.0000000  1.0000000  0.0000000 )
                  (  0.0000000  0.0000000 -1.0000000 )
                  ( -1.0000000  0.0000000  0.0000000 )


      isym = 20     120 deg rotation - cart. axis [1,-1,1]       

 cryst.   s(20) = (     0          0          1      )
                  (    -1          0          0      )
                  (     0         -1          0      )

 cart.    s(20) = (  0.0000000 -1.0000000  0.0000000 )
                  (  0.0000000  0.0000000 -1.0000000 )
                  (  1.0000000  0.0000000  0.0000000 )


      isym = 21     120 deg rotation - cart. axis [1,1,1]        

 cryst.   s(21) = (     0          1          0      )
                  (     0          0          1      )
                  (     1          0          0      )

 cart.    s(21) = (  0.0000000  0.0000000  1.0000000 )
                  (  1.0000000  0.0000000  0.0000000 )
                  (  0.0000000  1.0000000  0.0000000 )


      isym = 22     120 deg rotation - cart. axis [-1,1,-1]      

 cryst.   s(22) = (     0         -1          0      )
                  (     0          0         -1      )
                  (     1          0          0      )

 cart.    s(22) = (  0.0000000  0.0000000  1.0000000 )
                  ( -1.0000000  0.0000000  0.0000000 )
                  (  0.0000000 -1.0000000  0.0000000 )


      isym = 23     120 deg rotation - cart. axis [1,-1,-1]      

 cryst.   s(23) = (     0         -1          0      )
                  (     0          0          1      )
                  (    -1          0          0      )

 cart.    s(23) = (  0.0000000  0.0000000 -1.0000000 )
                  ( -1.0000000  0.0000000  0.0000000 )
                  (  0.0000000  1.0000000  0.0000000 )


      isym = 24     120 deg rotation - cart. axis [-1,-1,1]      

 cryst.   s(24) = (     0          1          0      )
                  (     0          0         -1      )
                  (    -1          0          0      )

 cart.    s(24) = (  0.0000000  0.0000000 -1.0000000 )
                  (  1.0000000  0.0000000  0.0000000 )
                  (  0.0000000 -1.0000000  0.0000000 )


      isym = 25     inversion                                    

 cryst.   s(25) = (    -1          0          0      )
                  (     0         -1          0      )
                  (     0          0         -1      )

 cart.    s(25) = ( -1.0000000  0.0000000  0.0000000 )
                  (  0.0000000 -1.0000000  0.0000000 )
                  (  0.0000000  0.0000000 -1.0000000 )


      isym = 26     inv. 180 deg rotation - cart. axis [0,0,1]   

 cryst.   s(26) = (     1          0          0      )
                  (     0          1          0      )
                  (     0          0         -1      )

 cart.    s(26) = (  1.0000000  0.0000000  0.0000000 )
                  (  0.0000000  1.0000000  0.0000000 )
                  (  0.0000000  0.0000000 -1.0000000 )


      isym = 27     inv. 180 deg rotation - cart. axis [0,1,0]   

 cryst.   s(27) = (     1          0          0      )
                  (     0         -1          0      )
                  (     0          0          1      )

 cart.    s(27) = (  1.0000000  0.0000000  0.0000000 )
                  (  0.0000000 -1.0000000  0.0000000 )
                  (  0.0000000  0.0000000  1.0000000 )


      isym = 28     inv. 180 deg rotation - cart. axis [1,0,0]   

 cryst.   s(28) = (    -1          0          0      )
                  (     0          1          0      )
                  (     0          0          1      )

 cart.    s(28) = ( -1.0000000  0.0000000  0.0000000 )
                  (  0.0000000  1.0000000  0.0000000 )
                  (  0.0000000  0.0000000  1.0000000 )


      isym = 29     inv. 180 deg rotation - cart. axis [1,1,0]   

 cryst.   s(29) = (     0         -1          0      )
                  (    -1          0          0      )
                  (     0          0          1      )

 cart.    s(29) = (  0.0000000 -1.0000000  0.0000000 )
                  ( -1.0000000  0.0000000  0.0000000 )
                  (  0.0000000  0.0000000  1.0000000 )


      isym = 30     inv. 180 deg rotation - cart. axis [1,-1,0]  

 cryst.   s(30) = (     0          1          0      )
                  (     1          0          0      )
                  (     0          0          1      )

 cart.    s(30) = (  0.0000000  1.0000000  0.0000000 )
                  (  1.0000000  0.0000000  0.0000000 )
                  (  0.0000000  0.0000000  1.0000000 )


      isym = 31     inv.  90 deg rotation - cart. axis [0,0,-1]  

 cryst.   s(31) = (     0          1          0      )
                  (    -1          0          0      )
                  (     0          0         -1      )

 cart.    s(31) = (  0.0000000 -1.0000000  0.0000000 )
                  (  1.0000000  0.0000000  0.0000000 )
                  (  0.0000000  0.0000000 -1.0000000 )


      isym = 32     inv.  90 deg rotation - cart. axis [0,0,1]   

 cryst.   s(32) = (     0         -1          0      )
                  (     1          0          0      )
                  (     0          0         -1      )

 cart.    s(32) = (  0.0000000  1.0000000  0.0000000 )
                  ( -1.0000000  0.0000000  0.0000000 )
                  (  0.0000000  0.0000000 -1.0000000 )


      isym = 33     inv. 180 deg rotation - cart. axis [1,0,1]   

 cryst.   s(33) = (     0          0         -1      )
                  (     0          1          0      )
                  (    -1          0          0      )

 cart.    s(33) = (  0.0000000  0.0000000 -1.0000000 )
                  (  0.0000000  1.0000000  0.0000000 )
                  ( -1.0000000  0.0000000  0.0000000 )


      isym = 34     inv. 180 deg rotation - cart. axis [-1,0,1]  

 cryst.   s(34) = (     0          0          1      )
                  (     0          1          0      )
                  (     1          0          0      )

 cart.    s(34) = (  0.0000000  0.0000000  1.0000000 )
                  (  0.0000000  1.0000000  0.0000000 )
                  (  1.0000000  0.0000000  0.0000000 )


      isym = 35     inv.  90 deg rotation - cart. axis [0,1,0]   

 cryst.   s(35) = (     0          0          1      )
                  (     0         -1          0      )
                  (    -1          0          0      )

 cart.    s(35) = (  0.0000000  0.0000000 -1.0000000 )
                  (  0.0000000 -1.0000000  0.0000000 )
                  (  1.0000000  0.0000000  0.0000000 )


      isym = 36     inv.  90 deg rotation - cart. axis [0,-1,0]  

 cryst.   s(36) = (     0          0         -1      )
                  (     0         -1          0      )
                  (     1          0          0      )

 cart.    s(36) = (  0.0000000  0.0000000  1.0000000 )
                  (  0.0000000 -1.0000000  0.0000000 )
                  ( -1.0000000  0.0000000  0.0000000 )


      isym = 37     inv. 180 deg rotation - cart. axis [0,1,1]   

 cryst.   s(37) = (     1          0          0      )
                  (     0          0         -1      )
                  (     0         -1          0      )

 cart.    s(37) = (  1.0000000  0.0000000  0.0000000 )
                  (  0.0000000  0.0000000 -1.0000000 )
                  (  0.0000000 -1.0000000  0.0000000 )


      isym = 38     inv. 180 deg rotation - cart. axis [0,1,-1]  

 cryst.   s(38) = (     1          0          0      )
                  (     0          0          1      )
                  (     0          1          0      )

 cart.    s(38) = (  1.0000000  0.0000000  0.0000000 )
                  (  0.0000000  0.0000000  1.0000000 )
                  (  0.0000000  1.0000000  0.0000000 )


      isym = 39     inv.  90 deg rotation - cart. axis [-1,0,0]  

 cryst.   s(39) = (    -1          0          0      )
                  (     0          0          1      )
                  (     0         -1          0      )

 cart.    s(39) = ( -1.0000000  0.0000000  0.0000000 )
                  (  0.0000000  0.0000000 -1.0000000 )
                  (  0.0000000  1.0000000  0.0000000 )


      isym = 40     inv.  90 deg rotation - cart. axis [1,0,0]   

 cryst.   s(40) = (    -1          0          0      )
                  (     0          0         -1      )
                  (     0          1          0      )

 cart.    s(40) = ( -1.0000000  0.0000000  0.0000000 )
                  (  0.0000000  0.0000000  1.0000000 )
                  (  0.0000000 -1.0000000  0.0000000 )


      isym = 41     inv. 120 deg rotation - cart. axis [-1,-1,-1]

 cryst.   s(41) = (     0          0         -1      )
                  (    -1          0          0      )
                  (     0         -1          0      )

 cart.    s(41) = (  0.0000000 -1.0000000  0.0000000 )
                  (  0.0000000  0.0000000 -1.0000000 )
                  ( -1.0000000  0.0000000  0.0000000 )


      isym = 42     inv. 120 deg rotation - cart. axis [-1,1,1]  

 cryst.   s(42) = (     0          0          1      )
                  (     1          0          0      )
                  (     0         -1          0      )

 cart.    s(42) = (  0.0000000  1.0000000  0.0000000 )
                  (  0.0000000  0.0000000 -1.0000000 )
                  (  1.0000000  0.0000000  0.0000000 )


      isym = 43     inv. 120 deg rotation - cart. axis [1,1,-1]  

 cryst.   s(43) = (     0          0          1      )
                  (    -1          0          0      )
                  (     0          1          0      )

 cart.    s(43) = (  0.0000000 -1.0000000  0.0000000 )
                  (  0.0000000  0.0000000  1.0000000 )
                  (  1.0000000  0.0000000  0.0000000 )


      isym = 44     inv. 120 deg rotation - cart. axis [1,-1,1]  

 cryst.   s(44) = (     0          0         -1      )
                  (     1          0          0      )
                  (     0          1          0      )

 cart.    s(44) = (  0.0000000  1.0000000  0.0000000 )
                  (  0.0000000  0.0000000  1.0000000 )
                  ( -1.0000000  0.0000000  0.0000000 )


      isym = 45     inv. 120 deg rotation - cart. axis [1,1,1]   

 cryst.   s(45) = (     0         -1          0      )
                  (     0          0         -1      )
                  (    -1          0          0      )

 cart.    s(45) = (  0.0000000  0.0000000 -1.0000000 )
                  ( -1.0000000  0.0000000  0.0000000 )
                  (  0.0000000 -1.0000000  0.0000000 )


      isym = 46     inv. 120 deg rotation - cart. axis [-1,1,-1] 

 cryst.   s(46) = (     0          1          0      )
                  (     0          0          1      )
                  (    -1          0          0      )

 cart.    s(46) = (  0.0000000  0.0000000 -1.0000000 )
                  (  1.0000000  0.0000000  0.0000000 )
                  (  0.0000000  1.0000000  0.0000000 )


      isym = 47     inv. 120 deg rotation - cart. axis [1,-1,-1] 

 cryst.   s(47) = (     0          1          0      )
                  (     0          0         -1      )
                  (     1          0          0      )

 cart.    s(47) = (  0.0000000  0.0000000  1.0000000 )
                  (  1.0000000  0.0000000  0.0000000 )
                  (  0.0000000 -1.0000000  0.0000000 )


      isym = 48     inv. 120 deg rotation - cart. axis [-1,-1,1] 

 cryst.   s(48) = (     0         -1          0      )
                  (     0          0          1      )
                  (     1          0          0      )

 cart.    s(48) = (  0.0000000  0.0000000  1.0000000 )
                  ( -1.0000000  0.0000000  0.0000000 )
                  (  0.0000000  1.0000000  0.0000000 )


     This transformation sends q -> -q+G

      isym = 49     identity                                     

 cryst.   s(49) = (     1          0          0      )
                  (     0          1          0      )
                  (     0          0          1      )

 cart.    s(49) = (  1.0000000  0.0000000  0.0000000 )
                  (  0.0000000  1.0000000  0.0000000 )
                  (  0.0000000  0.0000000  1.0000000 )


     G cutoff = 2201.1194  (  54116 G-vectors)     FFT grid: ( 96, 96, 96)
     G cutoff = 1100.5597  (  19107 G-vectors)  smooth grid: ( 72, 72, 72)

     number of k points=    35  Gaussian smearing, width (Ry)=  0.0050
                       cart. coord. in units 2pi/alat
        k(    1) = (   0.0000000   0.0000000   0.0000000), wk =   0.0039062
        k(    2) = (   0.0000000   0.0000000   0.1250000), wk =   0.0234375
        k(    3) = (   0.0000000   0.0000000   0.2500000), wk =   0.0234375
        k(    4) = (   0.0000000   0.0000000   0.3750000), wk =   0.0234375
        k(    5) = (   0.0000000   0.0000000  -0.5000000), wk =   0.0117188
        k(    6) = (   0.0000000   0.1250000   0.1250000), wk =   0.0468750
        k(    7) = (   0.0000000   0.1250000   0.2500000), wk =   0.0937500
        k(    8) = (   0.0000000   0.1250000   0.3750000), wk =   0.0937500
        k(    9) = (   0.0000000   0.1250000  -0.5000000), wk =   0.0468750
        k(   10) = (   0.0000000   0.2500000   0.2500000), wk =   0.0468750
        k(   11) = (   0.0000000   0.2500000   0.3750000), wk =   0.0937500
        k(   12) = (   0.0000000   0.2500000  -0.5000000), wk =   0.0468750
        k(   13) = (   0.0000000   0.3750000   0.3750000), wk =   0.0468750
        k(   14) = (   0.0000000   0.3750000  -0.5000000), wk =   0.0468750
        k(   15) = (   0.0000000  -0.5000000  -0.5000000), wk =   0.0117188
        k(   16) = (   0.1250000   0.1250000   0.1250000), wk =   0.0312500
        k(   17) = (   0.1250000   0.1250000   0.2500000), wk =   0.0937500
        k(   18) = (   0.1250000   0.1250000   0.3750000), wk =   0.0937500
        k(   19) = (   0.1250000   0.1250000  -0.5000000), wk =   0.0468750
        k(   20) = (   0.1250000   0.2500000   0.2500000), wk =   0.0937500
        k(   21) = (   0.1250000   0.2500000   0.3750000), wk =   0.1875000
        k(   22) = (   0.1250000   0.2500000  -0.5000000), wk =   0.0937500
        k(   23) = (   0.1250000   0.3750000   0.3750000), wk =   0.0937500
        k(   24) = (   0.1250000   0.3750000  -0.5000000), wk =   0.0937500
        k(   25) = (   0.1250000  -0.5000000  -0.5000000), wk =   0.0234375
        k(   26) = (   0.2500000   0.2500000   0.2500000), wk =   0.0312500
        k(   27) = (   0.2500000   0.2500000   0.3750000), wk =   0.0937500
        k(   28) = (   0.2500000   0.2500000  -0.5000000), wk =   0.0468750
        k(   29) = (   0.2500000   0.3750000   0.3750000), wk =   0.0937500
        k(   30) = (   0.2500000   0.3750000  -0.5000000), wk =   0.0937500
        k(   31) = (   0.2500000  -0.5000000  -0.5000000), wk =   0.0234375
        k(   32) = (   0.3750000   0.3750000   0.3750000), wk =   0.0312500
        k(   33) = (   0.3750000   0.3750000  -0.5000000), wk =   0.0468750
        k(   34) = (   0.3750000  -0.5000000  -0.5000000), wk =   0.0234375
        k(   35) = (  -0.5000000  -0.5000000  -0.5000000), wk =   0.0039062

                       cryst. coord.
        k(    1) = (   0.0000000   0.0000000   0.0000000), wk =   0.0039062
        k(    2) = (   0.0000000   0.0000000   0.1250000), wk =   0.0234375
        k(    3) = (   0.0000000   0.0000000   0.2500000), wk =   0.0234375
        k(    4) = (   0.0000000   0.0000000   0.3750000), wk =   0.0234375
        k(    5) = (   0.0000000   0.0000000  -0.5000000), wk =   0.0117188
        k(    6) = (   0.0000000   0.1250000   0.1250000), wk =   0.0468750
        k(    7) = (   0.0000000   0.1250000   0.2500000), wk =   0.0937500
        k(    8) = (   0.0000000   0.1250000   0.3750000), wk =   0.0937500
        k(    9) = (   0.0000000   0.1250000  -0.5000000), wk =   0.0468750
        k(   10) = (   0.0000000   0.2500000   0.2500000), wk =   0.0468750
        k(   11) = (   0.0000000   0.2500000   0.3750000), wk =   0.0937500
        k(   12) = (   0.0000000   0.2500000  -0.5000000), wk =   0.0468750
        k(   13) = (   0.0000000   0.3750000   0.3750000), wk =   0.0468750
        k(   14) = (   0.0000000   0.3750000  -0.5000000), wk =   0.0468750
        k(   15) = (   0.0000000  -0.5000000  -0.5000000), wk =   0.0117188
        k(   16) = (   0.1250000   0.1250000   0.1250000), wk =   0.0312500
        k(   17) = (   0.1250000   0.1250000   0.2500000), wk =   0.0937500
        k(   18) = (   0.1250000   0.1250000   0.3750000), wk =   0.0937500
        k(   19) = (   0.1250000   0.1250000  -0.5000000), wk =   0.0468750
        k(   20) = (   0.1250000   0.2500000   0.2500000), wk =   0.0937500
        k(   21) = (   0.1250000   0.2500000   0.3750000), wk =   0.1875000
        k(   22) = (   0.1250000   0.2500000  -0.5000000), wk =   0.0937500
        k(   23) = (   0.1250000   0.3750000   0.3750000), wk =   0.0937500
        k(   24) = (   0.1250000   0.3750000  -0.5000000), wk =   0.0937500
        k(   25) = (   0.1250000  -0.5000000  -0.5000000), wk =   0.0234375
        k(   26) = (   0.2500000   0.2500000   0.2500000), wk =   0.0312500
        k(   27) = (   0.2500000   0.2500000   0.3750000), wk =   0.0937500
        k(   28) = (   0.2500000   0.2500000  -0.5000000), wk =   0.0468750
        k(   29) = (   0.2500000   0.3750000   0.3750000), wk =   0.0937500
        k(   30) = (   0.2500000   0.3750000  -0.5000000), wk =   0.0937500
        k(   31) = (   0.2500000  -0.5000000  -0.5000000), wk =   0.0234375
        k(   32) = (   0.3750000   0.3750000   0.3750000), wk =   0.0312500
        k(   33) = (   0.3750000   0.3750000  -0.5000000), wk =   0.0468750
        k(   34) = (   0.3750000  -0.5000000  -0.5000000), wk =   0.0234375
        k(   35) = (  -0.5000000  -0.5000000  -0.5000000), wk =   0.0039062

     PseudoPot. # 1 for Rb read from file:
     /home/administrator/Downloads/BURAI/BURAI1.3/pseudopot/Rb.pbe-spn-rrkjus_psl.1.0.0.UPF
     MD5 check sum: 8db0524251f08d4bb5a0a04c31658078
     Pseudo is Ultrasoft + core correction, Zval =  9.0
     Generated using "atomic" code by A. Dal Corso  v.5.1.2
     Using radial grid of 1219 points,  6 beta functions with: 
                l(1) =   0
                l(2) =   0
                l(3) =   1
                l(4) =   1
                l(5) =   2
                l(6) =   2
     Q(r) pseudized with 0 coefficients 


     PseudoPot. # 2 for Ni read from file:
     /home/administrator/Downloads/BURAI/BURAI1.3/pseudopot/Ni.pbe-spn-kjpaw_psl.1.0.0.UPF
     MD5 check sum: ea56550a36ffb6c479804d371adbec59
     Pseudo is Projector augmented-wave + core cor, Zval = 18.0
     Generated using "atomic" code by A. Dal Corso  v.5.1.2
     Shape of augmentation charge: PSQ
     Using radial grid of 1195 points,  6 beta functions with: 
                l(1) =   0
                l(2) =   0
                l(3) =   1
                l(4) =   1
                l(5) =   2
                l(6) =   2
     Q(r) pseudized with 0 coefficients 


     PseudoPot. # 3 for I  read from file:
     /home/administrator/Downloads/BURAI/BURAI1.3/pseudopot/I.pbe-n-kjpaw_psl.1.0.0.UPF
     MD5 check sum: e1b2a55c91904a364f23c37cb15bc296
     Pseudo is Projector augmented-wave + core cor, Zval =  7.0
     Generated using "atomic" code by A. Dal Corso  v.5.1.2
     Shape of augmentation charge: PSQ
     Using radial grid of 1247 points,  6 beta functions with: 
                l(1) =   0
                l(2) =   0
                l(3) =   1
                l(4) =   1
                l(5) =   2
                l(6) =   2
     Q(r) pseudized with 0 coefficients 


     point group O_h (m-3m) 
     there are 10 classes
     the character table:

       E     8C3   3C2   6C4   6C2'  i     8S6   3s_h  6S4   6s_d 
A_1g   1.00  1.00  1.00  1.00  1.00  1.00  1.00  1.00  1.00  1.00
A_2g   1.00  1.00  1.00 -1.00 -1.00  1.00  1.00  1.00 -1.00 -1.00
E_g    2.00 -1.00  2.00  0.00  0.00  2.00 -1.00  2.00  0.00  0.00
T_1g   3.00  0.00 -1.00  1.00 -1.00  3.00  0.00 -1.00  1.00 -1.00
T_2g   3.00  0.00 -1.00 -1.00  1.00  3.00  0.00 -1.00 -1.00  1.00
A_1u   1.00  1.00  1.00  1.00  1.00 -1.00 -1.00 -1.00 -1.00 -1.00
A_2u   1.00  1.00  1.00 -1.00 -1.00 -1.00 -1.00 -1.00  1.00  1.00
E_u    2.00 -1.00  2.00  0.00  0.00 -2.00  1.00 -2.00  0.00  0.00
T_1u   3.00  0.00 -1.00  1.00 -1.00 -3.00  0.00  1.00 -1.00  1.00
T_2u   3.00  0.00 -1.00 -1.00  1.00 -3.00  0.00  1.00  1.00 -1.00

     the symmetry operations in each class and the name of the first element:

     E        1
                                                                 
     8C3     17   19   20   18   24   21   22   23
                                                                 
     3C2      2    4    3
                                                                 
     6C4      7    8   15   16   12   11
                                                                 
     6C2'     5    6   14   13   10    9
                                                                 
     i       25
                                                                 
     8S6     41   43   44   42   48   45   46   47
                                                                 
     3s_h    26   28   27
                                                                 
     6S4     31   32   39   40   36   35
                                                                 
     6s_d    29   30   38   37   34   33
                                                                 


     Atomic displacements:
     There are    5 irreducible representations

     Representation     1      3 modes -  To be done
     Irreps are as follows:

     mode #   1              mode #   2              mode #   3
     (  -0.00000   0.00000 ) (  -0.00000  -0.00000 ) (  -0.00000  -0.00000 ) 
     (  -0.00000   0.00000 ) (  -0.00000  -0.00000 ) (  -0.00000  -0.00000 ) 
     (  -0.00000   0.00000 ) (  -0.00000  -0.00000 ) (  -0.00000  -0.00000 ) 
     (  -0.00000   0.00000 ) (  -0.00000  -0.00000 ) (  -0.00000  -0.00000 ) 
     (  -0.00000   0.00000 ) (  -0.00000  -0.00000 ) (  -0.00000  -0.00000 ) 
     (  -0.00000   0.00000 ) (  -0.00000  -0.00000 ) (  -0.00000  -0.00000 ) 
     (  -0.08461  -0.00000 ) (  -0.00000  -0.00000 ) (  -0.04936  -0.00000 ) 
     (  -0.04936  -0.00000 ) (  -0.00000  -0.00000 ) (   0.08461  -0.00000 ) 
     (   0.00000   0.00000 ) (  -0.99036  -0.00000 ) (   0.00000  -0.00000 ) 
     (  -0.08461  -0.00000 ) (  -0.00000  -0.00000 ) (  -0.04936  -0.00000 ) 
     (  -0.49905  -0.00000 ) (  -0.00000  -0.00000 ) (   0.85543  -0.00000 ) 
     (  -0.00000  -0.00000 ) (  -0.09796  -0.00000 ) (  -0.00000  -0.00000 ) 
     (  -0.85543  -0.00000 ) (  -0.00000  -0.00000 ) (  -0.49905  -0.00000 ) 
     (  -0.04936  -0.00000 ) (  -0.00000  -0.00000 ) (   0.08461  -0.00000 ) 
     (  -0.00000   0.00000 ) (  -0.09796  -0.00000 ) (  -0.00000  -0.00000 ) 

     Representation     2      3 modes -  To be done
     Irreps are as follows:

     mode #   4              mode #   5              mode #   6
     (  -0.00000  -0.00000 ) (  -0.00000  -0.00000 ) (  -0.00000  -0.00000 ) 
     (  -0.00000  -0.00000 ) (  -0.00000  -0.00000 ) (  -0.00000  -0.00000 ) 
     (  -0.00000  -0.00000 ) (  -0.00000  -0.00000 ) (  -0.00000  -0.00000 ) 
     (  -1.00000  -0.00000 ) (  -0.00000  -0.00000 ) (  -0.00000  -0.00000 ) 
     (  -0.00000  -0.00000 ) (  -1.00000  -0.00000 ) (  -0.00000  -0.00000 ) 
     (  -0.00000  -0.00000 ) (  -0.00000  -0.00000 ) (  -1.00000  -0.00000 ) 
     (  -0.00000  -0.00000 ) (  -0.00000  -0.00000 ) (  -0.00000  -0.00000 ) 
     (  -0.00000  -0.00000 ) (  -0.00000  -0.00000 ) (  -0.00000  -0.00000 ) 
     (  -0.00000  -0.00000 ) (  -0.00000  -0.00000 ) (  -0.00000  -0.00000 ) 
     (  -0.00000  -0.00000 ) (  -0.00000  -0.00000 ) (  -0.00000  -0.00000 ) 
     (  -0.00000  -0.00000 ) (  -0.00000  -0.00000 ) (  -0.00000  -0.00000 ) 
     (  -0.00000  -0.00000 ) (  -0.00000  -0.00000 ) (  -0.00000  -0.00000 ) 
     (  -0.00000  -0.00000 ) (  -0.00000  -0.00000 ) (  -0.00000  -0.00000 ) 
     (  -0.00000  -0.00000 ) (  -0.00000  -0.00000 ) (  -0.00000  -0.00000 ) 
     (  -0.00000  -0.00000 ) (  -0.00000  -0.00000 ) (  -0.00000  -0.00000 ) 

     Representation     3      3 modes -  To be done
     Irreps are as follows:

     mode #   7              mode #   8              mode #   9
     (  -1.00000  -0.00000 ) (  -0.00000  -0.00000 ) (  -0.00000  -0.00000 ) 
     (  -0.00000  -0.00000 ) (  -0.00000  -0.00000 ) (  -1.00000  -0.00000 ) 
     (  -0.00000  -0.00000 ) (  -1.00000  -0.00000 ) (  -0.00000  -0.00000 ) 
     (  -0.00000  -0.00000 ) (  -0.00000  -0.00000 ) (  -0.00000  -0.00000 ) 
     (  -0.00000  -0.00000 ) (  -0.00000  -0.00000 ) (  -0.00000  -0.00000 ) 
     (  -0.00000  -0.00000 ) (  -0.00000  -0.00000 ) (  -0.00000  -0.00000 ) 
     (  -0.00000  -0.00000 ) (  -0.00000  -0.00000 ) (  -0.00000  -0.00000 ) 
     (  -0.00000  -0.00000 ) (  -0.00000  -0.00000 ) (  -0.00000  -0.00000 ) 
     (  -0.00000  -0.00000 ) (  -0.00000  -0.00000 ) (  -0.00000  -0.00000 ) 
     (  -0.00000  -0.00000 ) (  -0.00000  -0.00000 ) (  -0.00000  -0.00000 ) 
     (  -0.00000  -0.00000 ) (  -0.00000  -0.00000 ) (  -0.00000  -0.00000 ) 
     (  -0.00000  -0.00000 ) (  -0.00000  -0.00000 ) (  -0.00000  -0.00000 ) 
     (  -0.00000  -0.00000 ) (  -0.00000  -0.00000 ) (  -0.00000  -0.00000 ) 
     (  -0.00000  -0.00000 ) (  -0.00000  -0.00000 ) (  -0.00000  -0.00000 ) 
     (  -0.00000  -0.00000 ) (  -0.00000  -0.00000 ) (  -0.00000  -0.00000 ) 

     Representation     4      3 modes -  To be done
     Irreps are as follows:

     mode #  10              mode #  11              mode #  12
     (  -0.00000   0.00000 ) (  -0.00000  -0.00000 ) (   0.00000  -0.00000 ) 
     (  -0.00000   0.00000 ) (  -0.00000  -0.00000 ) (   0.00000  -0.00000 ) 
     (  -0.00000   0.00000 ) (  -0.00000  -0.00000 ) (   0.00000  -0.00000 ) 
     (  -0.00000   0.00000 ) (  -0.00000  -0.00000 ) (   0.00000  -0.00000 ) 
     (  -0.00000   0.00000 ) (  -0.00000  -0.00000 ) (   0.00000  -0.00000 ) 
     (  -0.00000   0.00000 ) (  -0.00000  -0.00000 ) (   0.00000  -0.00000 ) 
     (  -0.69978  -0.00000 ) (  -0.02678  -0.00000 ) (   0.00000  -0.00000 ) 
     (   0.02678   0.00000 ) (  -0.69978  -0.00000 ) (   0.00000  -0.00000 ) 
     (  -0.00000  -0.00000 ) (   0.00000  -0.00000 ) (  -0.13853  -0.00000 ) 
     (  -0.69978  -0.00000 ) (  -0.02678  -0.00000 ) (   0.00000  -0.00000 ) 
     (  -0.00530  -0.00000 ) (   0.13843  -0.00000 ) (   0.00000  -0.00000 ) 
     (   0.00000   0.00000 ) (  -0.00000  -0.00000 ) (   0.70029   0.00000 ) 
     (   0.13843   0.00000 ) (   0.00530  -0.00000 ) (   0.00000  -0.00000 ) 
     (   0.02678   0.00000 ) (  -0.69978  -0.00000 ) (  -0.00000  -0.00000 ) 
     (  -0.00000   0.00000 ) (  -0.00000  -0.00000 ) (   0.70029  -0.00000 ) 

     Representation     5      3 modes -  To be done
     Irreps are as follows:

     mode #  13              mode #  14              mode #  15
     (  -0.00000  -0.00000 ) (  -0.00000   0.00000 ) (  -0.00000  -0.00000 ) 
     (  -0.00000  -0.00000 ) (  -0.00000   0.00000 ) (  -0.00000  -0.00000 ) 
     (  -0.00000  -0.00000 ) (  -0.00000   0.00000 ) (  -0.00000  -0.00000 ) 
     (  -0.00000  -0.00000 ) (  -0.00000   0.00000 ) (  -0.00000  -0.00000 ) 
     (  -0.00000  -0.00000 ) (  -0.00000   0.00000 ) (  -0.00000  -0.00000 ) 
     (  -0.00000  -0.00000 ) (  -0.00000   0.00000 ) (  -0.00000  -0.00000 ) 
     (  -0.70708  -0.00000 ) (  -0.00000   0.00000 ) (  -0.00580  -0.00000 ) 
     (   0.00580  -0.00000 ) (  -0.00000   0.00000 ) (  -0.70708  -0.00000 ) 
     (   0.00000  -0.00000 ) (  -0.00000  -0.00000 ) (  -0.00000  -0.00000 ) 
     (   0.70708  -0.00000 ) (  -0.00000   0.00000 ) (   0.00580  -0.00000 ) 
     (   0.00000  -0.00000 ) (  -0.00000   0.00000 ) (  -0.00000  -0.00000 ) 
     (   0.00000  -0.00000 ) (  -0.70711  -0.00000 ) (   0.00000  -0.00000 ) 
     (   0.00000  -0.00000 ) (  -0.00000   0.00000 ) (  -0.00000  -0.00000 ) 
     (  -0.00580  -0.00000 ) (   0.00000   0.00000 ) (   0.70708  -0.00000 ) 
     (  -0.00000  -0.00000 ) (   0.70711   0.00000 ) (  -0.00000  -0.00000 ) 



     Alpha used in Ewald sum =   2.8000
     PHONON       :   2m35.77s CPU   1m46.91s WALL



     Representation #   1 modes #   1   2   3

     Self-consistent Calculation

     Pert. #  1: Fermi energy shift (Ry) =     2.7573E-25    -1.5673E-38
     Pert. #  2: Fermi energy shift (Ry) =     0.0000E+00     4.7020E-38
     Pert. #  3: Fermi energy shift (Ry) =     0.0000E+00    -1.9592E-38

      iter #   1 total cpu time :   249.7 secs   av.it.:   8.3
      thresh= 1.000E-02 alpha_mix =  0.500 |ddv_scf|^2 =  1.077E-08

     Pert. #  1: Fermi energy shift (Ry) =     2.7573E-25     7.6530E-42
     Pert. #  2: Fermi energy shift (Ry) =     2.7573E-25    -2.2959E-41
     Pert. #  3: Fermi energy shift (Ry) =    -1.3786E-25     3.8265E-42

      iter #   2 total cpu time :   550.4 secs   av.it.:  23.0
      thresh= 1.038E-05 alpha_mix =  0.500 |ddv_scf|^2 =  1.634E-09

     Pert. #  1: Fermi energy shift (Ry) =     0.0000E+00    -2.8699E-42
     Pert. #  2: Fermi energy shift (Ry) =    -1.3786E-25     9.5662E-43
     Pert. #  3: Fermi energy shift (Ry) =     6.8932E-26    -1.6741E-42

      iter #   3 total cpu time :   849.0 secs   av.it.:  23.0
      thresh= 4.043E-06 alpha_mix =  0.500 |ddv_scf|^2 =  2.075E-11

     Pert. #  1: Fermi energy shift (Ry) =     0.0000E+00     1.4349E-42
     Pert. #  2: Fermi energy shift (Ry) =     2.0680E-25    -1.4349E-42
     Pert. #  3: Fermi energy shift (Ry) =     6.8932E-26    -7.1746E-43

      iter #   4 total cpu time :  1156.1 secs   av.it.:  23.3
      thresh= 4.555E-07 alpha_mix =  0.500 |ddv_scf|^2 =  2.772E-12

     Pert. #  1: Fermi energy shift (Ry) =    -6.8932E-26     5.9789E-43
     Pert. #  2: Fermi energy shift (Ry) =     1.3786E-25    -1.1958E-42
     Pert. #  3: Fermi energy shift (Ry) =    -3.4466E-26    -1.7937E-43

      iter #   5 total cpu time :  1455.4 secs   av.it.:  23.6
      thresh= 1.665E-07 alpha_mix =  0.500 |ddv_scf|^2 =  4.239E-14

     Pert. #  1: Fermi energy shift (Ry) =     0.0000E+00     1.1958E-43
     Pert. #  2: Fermi energy shift (Ry) =    -3.4466E-26     5.9789E-44
     Pert. #  3: Fermi energy shift (Ry) =     0.0000E+00     5.9789E-44

      iter #   6 total cpu time :  1760.0 secs   av.it.:  23.6
      thresh= 2.059E-08 alpha_mix =  0.500 |ddv_scf|^2 =  4.455E-15

     End of self-consistent calculation

     Convergence has been achieved 


     Representation #   2 modes #   4   5   6

     Self-consistent Calculation

     Pert. #  1: Fermi energy shift (Ry) =     0.0000E+00     0.0000E+00
     Pert. #  2: Fermi energy shift (Ry) =     0.0000E+00     0.0000E+00
     Pert. #  3: Fermi energy shift (Ry) =     0.0000E+00     0.0000E+00

      iter #   1 total cpu time :  1942.0 secs   av.it.:  11.7
      thresh= 1.000E-02 alpha_mix =  0.500 |ddv_scf|^2 =  3.921E-07

     Pert. #  1: Fermi energy shift (Ry) =     0.0000E+00     0.0000E+00
     Pert. #  2: Fermi energy shift (Ry) =     0.0000E+00     0.0000E+00
     Pert. #  3: Fermi energy shift (Ry) =     0.0000E+00     0.0000E+00

      iter #   2 total cpu time :  2228.1 secs   av.it.:  21.6
      thresh= 6.262E-05 alpha_mix =  0.500 |ddv_scf|^2 =  4.083E-08

     Pert. #  1: Fermi energy shift (Ry) =     0.0000E+00     0.0000E+00
     Pert. #  2: Fermi energy shift (Ry) =     0.0000E+00     0.0000E+00
     Pert. #  3: Fermi energy shift (Ry) =     0.0000E+00     0.0000E+00

      iter #   3 total cpu time :  2520.8 secs   av.it.:  22.0
      thresh= 2.021E-05 alpha_mix =  0.500 |ddv_scf|^2 =  2.314E-09

     Pert. #  1: Fermi energy shift (Ry) =     0.0000E+00     0.0000E+00
     Pert. #  2: Fermi energy shift (Ry) =     0.0000E+00     0.0000E+00
     Pert. #  3: Fermi energy shift (Ry) =     0.0000E+00     0.0000E+00

      iter #   4 total cpu time :  2811.2 secs   av.it.:  22.0
      thresh= 4.810E-06 alpha_mix =  0.500 |ddv_scf|^2 =  6.988E-10

     Pert. #  1: Fermi energy shift (Ry) =     0.0000E+00     0.0000E+00
     Pert. #  2: Fermi energy shift (Ry) =     0.0000E+00     0.0000E+00
     Pert. #  3: Fermi energy shift (Ry) =     0.0000E+00     0.0000E+00

      iter #   5 total cpu time :  3101.1 secs   av.it.:  21.6
      thresh= 2.644E-06 alpha_mix =  0.500 |ddv_scf|^2 =  1.141E-10

     Pert. #  1: Fermi energy shift (Ry) =     0.0000E+00     0.0000E+00
     Pert. #  2: Fermi energy shift (Ry) =     0.0000E+00     0.0000E+00
     Pert. #  3: Fermi energy shift (Ry) =     0.0000E+00     0.0000E+00

      iter #   6 total cpu time :  3388.1 secs   av.it.:  21.7
      thresh= 1.068E-06 alpha_mix =  0.500 |ddv_scf|^2 =  7.023E-12

     Pert. #  1: Fermi energy shift (Ry) =     0.0000E+00     0.0000E+00
     Pert. #  2: Fermi energy shift (Ry) =     0.0000E+00     0.0000E+00
     Pert. #  3: Fermi energy shift (Ry) =     0.0000E+00     0.0000E+00

      iter #   7 total cpu time :  3676.6 secs   av.it.:  22.9
      thresh= 2.650E-07 alpha_mix =  0.500 |ddv_scf|^2 =  1.812E-13

     Pert. #  1: Fermi energy shift (Ry) =     0.0000E+00     0.0000E+00
     Pert. #  2: Fermi energy shift (Ry) =     0.0000E+00     0.0000E+00
     Pert. #  3: Fermi energy shift (Ry) =     0.0000E+00     0.0000E+00

      iter #   8 total cpu time :  3981.1 secs   av.it.:  23.2
      thresh= 4.257E-08 alpha_mix =  0.500 |ddv_scf|^2 =  7.285E-15

     End of self-consistent calculation

     Convergence has been achieved 


     Representation #   3 modes #   7   8   9

     Self-consistent Calculation

     Pert. #  1: Fermi energy shift (Ry) =     0.0000E+00     0.0000E+00
     Pert. #  2: Fermi energy shift (Ry) =     0.0000E+00     0.0000E+00
     Pert. #  3: Fermi energy shift (Ry) =     0.0000E+00     0.0000E+00

      iter #   1 total cpu time :  4105.0 secs   av.it.:   6.5
      thresh= 1.000E-02 alpha_mix =  0.500 |ddv_scf|^2 =  2.576E-08

     Pert. #  1: Fermi energy shift (Ry) =     0.0000E+00     0.0000E+00
     Pert. #  2: Fermi energy shift (Ry) =     0.0000E+00     0.0000E+00
     Pert. #  3: Fermi energy shift (Ry) =     0.0000E+00     0.0000E+00

      iter #   2 total cpu time :  4379.9 secs   av.it.:  20.9
      thresh= 1.605E-05 alpha_mix =  0.500 |ddv_scf|^2 =  1.860E-09

     Pert. #  1: Fermi energy shift (Ry) =     0.0000E+00     0.0000E+00
     Pert. #  2: Fermi energy shift (Ry) =     0.0000E+00     0.0000E+00
     Pert. #  3: Fermi energy shift (Ry) =     0.0000E+00     0.0000E+00

      iter #   3 total cpu time :  4667.3 secs   av.it.:  21.8
      thresh= 4.312E-06 alpha_mix =  0.500 |ddv_scf|^2 =  1.035E-10

     Pert. #  1: Fermi energy shift (Ry) =     0.0000E+00     0.0000E+00
     Pert. #  2: Fermi energy shift (Ry) =     0.0000E+00     0.0000E+00
     Pert. #  3: Fermi energy shift (Ry) =     0.0000E+00     0.0000E+00

      iter #   4 total cpu time :  4955.9 secs   av.it.:  21.7
      thresh= 1.017E-06 alpha_mix =  0.500 |ddv_scf|^2 =  7.913E-12

     Pert. #  1: Fermi energy shift (Ry) =     0.0000E+00     0.0000E+00
     Pert. #  2: Fermi energy shift (Ry) =     0.0000E+00     0.0000E+00
     Pert. #  3: Fermi energy shift (Ry) =     0.0000E+00     0.0000E+00

      iter #   5 total cpu time :  5227.6 secs   av.it.:  20.8
      thresh= 2.813E-07 alpha_mix =  0.500 |ddv_scf|^2 =  1.343E-13

     Pert. #  1: Fermi energy shift (Ry) =     0.0000E+00     0.0000E+00
     Pert. #  2: Fermi energy shift (Ry) =     0.0000E+00     0.0000E+00
     Pert. #  3: Fermi energy shift (Ry) =     0.0000E+00     0.0000E+00

      iter #   6 total cpu time :  5515.1 secs   av.it.:  21.6
      thresh= 3.664E-08 alpha_mix =  0.500 |ddv_scf|^2 =  1.135E-14

     Pert. #  1: Fermi energy shift (Ry) =     0.0000E+00     0.0000E+00
     Pert. #  2: Fermi energy shift (Ry) =     0.0000E+00     0.0000E+00
     Pert. #  3: Fermi energy shift (Ry) =     0.0000E+00     0.0000E+00

      iter #   7 total cpu time :  5798.9 secs   av.it.:  21.5
      thresh= 1.065E-08 alpha_mix =  0.500 |ddv_scf|^2 =  9.354E-17

     End of self-consistent calculation

     Convergence has been achieved 


     Representation #   4 modes #  10  11  12

     Self-consistent Calculation

     Pert. #  1: Fermi energy shift (Ry) =    -1.0340E-25    -1.3714E-38
     Pert. #  2: Fermi energy shift (Ry) =     0.0000E+00     1.5673E-38
     Pert. #  3: Fermi energy shift (Ry) =    -3.7717E-26    -5.3075E-38

      iter #   1 total cpu time :  5945.7 secs   av.it.:   8.1
      thresh= 1.000E-02 alpha_mix =  0.500 |ddv_scf|^2 =  2.187E-08

     Pert. #  1: Fermi energy shift (Ry) =     3.9313E-26    -2.6785E-41
     Pert. #  2: Fermi energy shift (Ry) =    -2.0680E-25     0.0000E+00
     Pert. #  3: Fermi energy shift (Ry) =    -3.0289E-25    -8.0001E-42

      iter #   2 total cpu time :  6234.9 secs   av.it.:  22.4
      thresh= 1.479E-05 alpha_mix =  0.500 |ddv_scf|^2 =  2.681E-09

     Pert. #  1: Fermi energy shift (Ry) =    -4.8468E-27     1.6442E-41
     Pert. #  2: Fermi energy shift (Ry) =     4.3082E-26     5.7397E-42
     Pert. #  3: Fermi energy shift (Ry) =     1.0131E-29     7.5080E-42

      iter #   3 total cpu time :  6533.5 secs   av.it.:  22.7
      thresh= 5.178E-06 alpha_mix =  0.500 |ddv_scf|^2 =  3.305E-11

     Pert. #  1: Fermi energy shift (Ry) =     7.0009E-27    -1.4200E-43
     Pert. #  2: Fermi energy shift (Ry) =     5.1699E-26     7.1746E-43
     Pert. #  3: Fermi energy shift (Ry) =    -8.0473E-28     2.5728E-43

      iter #   4 total cpu time :  6830.6 secs   av.it.:  22.7
      thresh= 5.749E-07 alpha_mix =  0.500 |ddv_scf|^2 =  2.036E-12

     Pert. #  1: Fermi energy shift (Ry) =     4.2005E-26    -7.0999E-44
     Pert. #  2: Fermi energy shift (Ry) =    -8.6165E-26     0.0000E+00
     Pert. #  3: Fermi energy shift (Ry) =     6.7284E-27     2.4822E-43

      iter #   5 total cpu time :  7130.9 secs   av.it.:  22.9
      thresh= 1.427E-07 alpha_mix =  0.500 |ddv_scf|^2 =  9.347E-14

     Pert. #  1: Fermi energy shift (Ry) =    -1.0771E-26    -7.4736E-45
     Pert. #  2: Fermi energy shift (Ry) =     1.7233E-26    -1.1958E-43
     Pert. #  3: Fermi energy shift (Ry) =     2.8255E-26    -2.0111E-43

      iter #   6 total cpu time :  7424.2 secs   av.it.:  22.6
      thresh= 3.057E-08 alpha_mix =  0.500 |ddv_scf|^2 =  6.907E-15

     End of self-consistent calculation

     Convergence has been achieved 


     Representation #   5 modes #  13  14  15

     Self-consistent Calculation

     Pert. #  1: Fermi energy shift (Ry) =    -6.8932E-25    -1.5673E-38
     Pert. #  2: Fermi energy shift (Ry) =     9.4781E-26    -6.9183E-39
     Pert. #  3: Fermi energy shift (Ry) =     2.3049E-25    -5.7550E-39

      iter #   1 total cpu time :  7553.9 secs   av.it.:   6.7
      thresh= 1.000E-02 alpha_mix =  0.500 |ddv_scf|^2 =  2.411E-09

     Pert. #  1: Fermi energy shift (Ry) =    -8.6165E-27     1.0045E-41
     Pert. #  2: Fermi energy shift (Ry) =     2.0195E-28     3.3519E-42
     Pert. #  3: Fermi energy shift (Ry) =    -3.1639E-27     5.8518E-42

      iter #   2 total cpu time :  7830.2 secs   av.it.:  20.6
      thresh= 4.910E-06 alpha_mix =  0.500 |ddv_scf|^2 =  8.778E-11

     Pert. #  1: Fermi energy shift (Ry) =     0.0000E+00     0.0000E+00
     Pert. #  2: Fermi energy shift (Ry) =    -1.1444E-27    -1.1379E-42
     Pert. #  3: Fermi energy shift (Ry) =     1.2992E-26    -5.6052E-44

      iter #   3 total cpu time :  8104.7 secs   av.it.:  20.7
      thresh= 9.369E-07 alpha_mix =  0.500 |ddv_scf|^2 =  1.147E-11

     Pert. #  1: Fermi energy shift (Ry) =     0.0000E+00    -2.3915E-43
     Pert. #  2: Fermi energy shift (Ry) =    -6.7316E-29    -4.2973E-43
     Pert. #  3: Fermi energy shift (Ry) =    -3.9717E-27     3.6621E-43

      iter #   4 total cpu time :  8391.2 secs   av.it.:  21.5
      thresh= 3.387E-07 alpha_mix =  0.500 |ddv_scf|^2 =  1.283E-13

     Pert. #  1: Fermi energy shift (Ry) =     0.0000E+00    -2.3915E-43
     Pert. #  2: Fermi energy shift (Ry) =     2.4907E-27    -1.0370E-43
     Pert. #  3: Fermi energy shift (Ry) =    -2.8273E-27    -8.7815E-44

      iter #   5 total cpu time :  8673.1 secs   av.it.:  21.4
      thresh= 3.582E-08 alpha_mix =  0.500 |ddv_scf|^2 =  8.988E-16

     End of self-consistent calculation

     Convergence has been achieved 

     Number of q in the star =    1
     List of q in the star:
          1   0.000000000   0.000000000   0.000000000

     Diagonalizing the dynamical matrix

     q = (    0.000000000   0.000000000   0.000000000 ) 

 **************************************************************************
     freq (    1) =      -0.967859 [THz] =     -32.284285 [cm-1]
     freq (    2) =      -0.967859 [THz] =     -32.284285 [cm-1]
     freq (    3) =      -0.967859 [THz] =     -32.284285 [cm-1]
     freq (    4) =       0.885529 [THz] =      29.538082 [cm-1]
     freq (    5) =       0.885529 [THz] =      29.538082 [cm-1]
     freq (    6) =       0.885529 [THz] =      29.538082 [cm-1]
     freq (    7) =       1.295134 [THz] =      43.201008 [cm-1]
     freq (    8) =       1.295134 [THz] =      43.201008 [cm-1]
     freq (    9) =       1.295134 [THz] =      43.201008 [cm-1]
     freq (   10) =       1.823717 [THz] =      60.832639 [cm-1]
     freq (   11) =       1.823717 [THz] =      60.832639 [cm-1]
     freq (   12) =       1.823717 [THz] =      60.832639 [cm-1]
     freq (   13) =       2.988620 [THz] =      99.689632 [cm-1]
     freq (   14) =       2.988620 [THz] =      99.689632 [cm-1]
     freq (   15) =       2.988620 [THz] =      99.689632 [cm-1]
 **************************************************************************

     Mode symmetry, O_h (m-3m)  point group:

     freq (   1-   3) =        -32.3  [cm-1]   --> T_1u G_15  G_4- I  
     freq (   4-   6) =         29.5  [cm-1]   --> T_1u G_15  G_4- I  
     freq (   7-   9) =         43.2  [cm-1]   --> T_2u G_25  G_5-    
     freq (  10-  12) =         60.8  [cm-1]   --> T_1u G_15  G_4- I  
     freq (  13-  15) =         99.7  [cm-1]   --> T_1u G_15  G_4- I  

     PHONON       :      3h25m CPU      2h24m WALL

     INITIALIZATION: 
     phq_setup    :      0.58s CPU      0.62s WALL (       1 calls)
     phq_init     :    152.25s CPU    102.92s WALL (       1 calls)

     phq_init     :    152.25s CPU    102.92s WALL (       1 calls)
     set_drhoc    :      0.01s CPU      0.01s WALL (       3 calls)
     init_vloc    :      0.03s CPU      0.03s WALL (       1 calls)
     init_us_1    :      0.16s CPU      0.17s WALL (       1 calls)
     init_us_2    :     12.17s CPU      8.51s WALL (    1750 calls)
     newd         :      0.89s CPU      1.11s WALL (       1 calls)
     dvanqq       :     80.28s CPU     50.44s WALL (       1 calls)
     drho         :     67.15s CPU     49.39s WALL (       1 calls)
     drhous       :     46.87s CPU     34.23s WALL (       1 calls)
     nldyntot     :      0.31s CPU      0.31s WALL (       1 calls)

     DYNAMICAL MATRIX:
     dynmat0      :      3.35s CPU      2.20s WALL (       1 calls)
     dynmat_us    :      3.02s CPU      1.92s WALL (       1 calls)
     addusdynmat  :      0.00s CPU      0.00s WALL (       1 calls)
     d2ionq       :      0.20s CPU      0.15s WALL (       1 calls)
     dynmatcc     :      0.13s CPU      0.13s WALL (       1 calls)
     phqscf       :  12191.22s CPU   8569.75s WALL (       1 calls)
     dynmatrix    :      0.01s CPU      0.01s WALL (       1 calls)

     phqscf       :  12191.22s CPU   8569.75s WALL (       1 calls)
     solve_linter :  12170.58s CPU   8557.12s WALL (       5 calls)
     sth_kernel   :  11537.59s CPU   7994.74s WALL (      32 calls)
     h_prec       :      1.95s CPU      1.40s WALL (    1120 calls)
     apply_dpot_b :    279.47s CPU    212.20s WALL (    2835 calls)
     ortho        :     74.55s CPU     42.48s WALL (    3360 calls)
     cgsolve      :  10742.53s CPU   7415.07s WALL (    3360 calls)
     incdrhoscf   :    369.42s CPU    273.86s WALL (    3360 calls)
                                        0.00s GPU  (    3360 calls)
     addusddens   :    140.81s CPU     93.52s WALL (      37 calls)
     dv_of_drho   :      8.42s CPU      8.98s WALL (      96 calls)
     mix_pot      :      2.13s CPU      1.68s WALL (      32 calls)
     ef_shift     :      1.92s CPU      1.51s WALL (      32 calls)
     ef_shift_wfc :      0.78s CPU      0.77s WALL (       5 calls)
     localdos     :     22.55s CPU     17.67s WALL (       5 calls)
     drhodv       :     20.63s CPU     12.61s WALL (       5 calls)
     psymdvscf    :    184.87s CPU    186.12s WALL (      32 calls)
     newdq        :    103.89s CPU    104.02s WALL (      32 calls)
     adddvscf     :     47.41s CPU     34.17s WALL (    2835 calls)
     drhodvus     :      0.34s CPU      0.24s WALL (       5 calls)

     dvqpsi_us    :     84.13s CPU     62.49s WALL (     525 calls)
                                        0.00s GPU  (     525 calls)
     dvqpsi_us_on :     23.44s CPU     16.46s WALL (     525 calls)

     add_vuspsi   :    564.64s CPU    298.36s WALL (  124331 calls)
     addusdbec    :     28.02s CPU     15.55s WALL (    3885 calls)

     drhodvus     :      0.34s CPU      0.24s WALL (       5 calls)

      General routines
     calbec       :   1078.78s CPU    602.93s WALL (  258532 calls)
     fft          :     16.82s CPU     15.45s WALL (    2154 calls)
     ffts         :     13.77s CPU     10.79s WALL (    5048 calls)
     fftw         :   6193.45s CPU   4647.32s WALL ( 3651941 calls)
     write_rec    :      0.02s CPU      0.02s WALL (      37 calls)

      Additional routines
     ch_psi       :  10344.73s CPU   7139.10s WALL (  124331 calls)
     last         :   1637.35s CPU    945.81s WALL (  124331 calls)
     Hesh         :     65.09s CPU     45.41s WALL (  124331 calls)
     ch_psi_all_k :   1568.10s CPU    898.11s WALL (  124331 calls)
                                        0.00s GPU  (  124331 calls)
     ch_psi_calbe :    496.07s CPU    275.17s WALL (  124331 calls)
                                        0.00s GPU  (  124331 calls)
     h_psi_bgrp   :   8067.59s CPU   5826.92s WALL (  124331 calls)
     h_psi        :   8065.61s CPU   5825.85s WALL (  124331 calls)
     h_psi:pot    :   7994.78s CPU   5776.65s WALL (  124331 calls)
     h_psi:calbec :    517.99s CPU    291.54s WALL (  124331 calls)
     s_psi_bgrp   :   1137.19s CPU    615.74s WALL (  252022 calls)
     s_psi        :   1068.53s CPU    567.29s WALL (  252022 calls)


     PHONON       :      3h25m CPU      2h24m WALL


   This run was terminated on:  11:53:36  15May2025            

=------------------------------------------------------------------------------=
   JOB DONE.
=------------------------------------------------------------------------------=
