
     Program PHONON v.7.3.1 starts on 16Apr2025 at 18:43:24 

     This program is part of the open-source Quantum ESPRESSO suite
     for quantum simulation of materials; please cite
         "P. Giannozzi et al., J. Phys.:Condens. Matter 21 395502 (2009);
         "P. Giannozzi et al., J. Phys.:Condens. Matter 29 465901 (2017);
         "P. Giannozzi et al., J. Chem. Phys. 152 154105 (2020);
          URL http://www.quantum-espresso.org", 
     in publications or presentations arising from this work. More details at
     http://www.quantum-espresso.org/quote

     Parallel version (MPI), running on     8 processors

     MPI processes distributed on     1 nodes
     53664 MiB available memory on the printing compute node when the environment starts

     Waiting for input...
     Reading input from standard input
      Title line not specified: using 'default'.

     Reading xml data from directory:

     ./tmp/rbzncl3.save/

     R & G space division:  proc/nbgrp/npool/nimage =       8
     Subspace diagonalization in iterative solution of the eigenvalue problem:
     a serial algorithm will be used

     file Rb.pbe-spn-kjpaw_psl.1.0.0.UPF: wavefunction(s)  4S renormalized
     file Zn.pbe-spn-kjpaw_psl.1.0.0.UPF: wavefunction(s)  3P 3D renormalized
     file Cl.pbe-n-kjpaw_psl.1.0.0.UPF: wavefunction(s)  3S 3P renormalized

     IMPORTANT: XC functional enforced from input :
     Exchange-correlation= PBE
                           (   1   4   3   4   0   0   0)
     Any further DFT definition will be discarded
     Please, verify this is what you really want


     Parallelization info
     --------------------
     sticks:   dense  smooth     PW     G-vecs:    dense   smooth      PW
     Min         710     354     99                40222    14212    2103
     Max         711     355    100                40225    14215    2106
     Sum        5681    2837    793               321781   113705   16831

     Using Slab Decomposition

     Reading collected, re-writing distributed wavefunctions in ./tmp/

     Number and degeneracy of irreps per q-point
       N         xq(1)         xq(2)         xq(3)   N irreps
  autoval = -.1097E+01
     Irreps are as follows:

                     mode #   1
                     (  -0.00000  -0.00000   ) 
                     (  -0.00000  -0.00000   ) 
                     (  -0.00000  -0.00000   ) 
                     (  -0.00000  -0.00000   ) 
                     (  -0.00000  -0.00000   ) 
                     (  -0.00000  -0.00000   ) 
                     (  -0.00302  -0.00000   ) 
                     (   0.09791  -0.00000   ) 
                     (   0.00000   0.00000   ) 
                     (  -0.00302  -0.00000   ) 
                     (   0.98989  -0.00000   ) 
                     (  -0.00000  -0.00000   ) 
                     (  -0.03052  -0.00000   ) 
                     (   0.09791  -0.00000   ) 
                     (   0.00000   0.00000   ) 
  autoval = -.1097E+01
     Irreps are as follows:

                     mode #   2
                     (  -0.00000   0.00000   ) 
                     (  -0.00000   0.00000   ) 
                     (  -0.00000   0.00000   ) 
                     (  -0.00000   0.00000   ) 
                     (  -0.00000   0.00000   ) 
                     (  -0.00000   0.00000   ) 
                     (  -0.09791  -0.00000   ) 
                     (  -0.00302  -0.00000   ) 
                     (   0.00000  -0.00000   ) 
                     (  -0.09791  -0.00000   ) 
                     (  -0.03052  -0.00000   ) 
                     (  -0.00000  -0.00000   ) 
                     (  -0.98989  -0.00000   ) 
                     (  -0.00302  -0.00000   ) 
                     (  -0.00000  -0.00000   ) 
  autoval = -.1097E+01
     Irreps are as follows:

                     mode #   3
                     (  -0.00000  -0.00000   ) 
                     (  -0.00000  -0.00000   ) 
                     (  -0.00000  -0.00000   ) 
                     (  -0.00000  -0.00000   ) 
                     (  -0.00000  -0.00000   ) 
                     (  -0.00000  -0.00000   ) 
                     (  -0.00000  -0.00000   ) 
                     (  -0.00000  -0.00000   ) 
                     (  -0.99036  -0.00000   ) 
                     (  -0.00000  -0.00000   ) 
                     (  -0.00000  -0.00000   ) 
                     (  -0.09796  -0.00000   ) 
                     (  -0.00000  -0.00000   ) 
                     (   0.00000  -0.00000   ) 
                     (  -0.09796  -0.00000   ) 
  autoval = 0.3752E+00
     Irreps are as follows:

                     mode #   4
                     (  -0.00000  -0.00000   ) 
                     (  -0.00000  -0.00000   ) 
                     (  -0.00000  -0.00000   ) 
                     (  -1.00000  -0.00000   ) 
                     (  -0.00000  -0.00000   ) 
                     (  -0.00000  -0.00000   ) 
                     (  -0.00000  -0.00000   ) 
                     (  -0.00000  -0.00000   ) 
                     (  -0.00000  -0.00000   ) 
                     (  -0.00000  -0.00000   ) 
                     (  -0.00000  -0.00000   ) 
                     (  -0.00000  -0.00000   ) 
                     (  -0.00000  -0.00000   ) 
                     (  -0.00000  -0.00000   ) 
                     (  -0.00000  -0.00000   ) 
  autoval = 0.3752E+00
     Irreps are as follows:

                     mode #   5
                     (  -0.00000  -0.00000   ) 
                     (  -0.00000  -0.00000   ) 
                     (  -0.00000  -0.00000   ) 
                     (  -0.00000  -0.00000   ) 
                     (  -1.00000  -0.00000   ) 
                     (  -0.00000  -0.00000   ) 
                     (  -0.00000  -0.00000   ) 
                     (  -0.00000  -0.00000   ) 
                     (  -0.00000  -0.00000   ) 
                     (  -0.00000  -0.00000   ) 
                     (  -0.00000  -0.00000   ) 
                     (  -0.00000  -0.00000   ) 
                     (  -0.00000  -0.00000   ) 
                     (  -0.00000  -0.00000   ) 
                     (  -0.00000  -0.00000   ) 
  autoval = 0.3752E+00
     Irreps are as follows:

                     mode #   6
                     (  -0.00000  -0.00000   ) 
                     (  -0.00000  -0.00000   ) 
                     (  -0.00000  -0.00000   ) 
                     (  -0.00000  -0.00000   ) 
                     (  -0.00000  -0.00000   ) 
                     (  -1.00000  -0.00000   ) 
                     (  -0.00000  -0.00000   ) 
                     (  -0.00000  -0.00000   ) 
                     (  -0.00000  -0.00000   ) 
                     (  -0.00000  -0.00000   ) 
                     (  -0.00000  -0.00000   ) 
                     (  -0.00000  -0.00000   ) 
                     (  -0.00000  -0.00000   ) 
                     (  -0.00000  -0.00000   ) 
                     (  -0.00000  -0.00000   ) 
  autoval = 0.6682E+00
     Irreps are as follows:

                     mode #   7
                     (  -1.00000  -0.00000   ) 
                     (  -0.00000  -0.00000   ) 
                     (  -0.00000  -0.00000   ) 
                     (  -0.00000  -0.00000   ) 
                     (  -0.00000  -0.00000   ) 
                     (  -0.00000  -0.00000   ) 
                     (  -0.00000  -0.00000   ) 
                     (  -0.00000  -0.00000   ) 
                     (  -0.00000  -0.00000   ) 
                     (  -0.00000  -0.00000   ) 
                     (  -0.00000  -0.00000   ) 
                     (  -0.00000  -0.00000   ) 
                     (  -0.00000  -0.00000   ) 
                     (  -0.00000  -0.00000   ) 
                     (  -0.00000  -0.00000   ) 
  autoval = 0.6682E+00
     Irreps are as follows:

                     mode #   8
                     (  -0.00000  -0.00000   ) 
                     (  -1.00000  -0.00000   ) 
                     (  -0.00000  -0.00000   ) 
                     (  -0.00000  -0.00000   ) 
                     (  -0.00000  -0.00000   ) 
                     (  -0.00000  -0.00000   ) 
                     (  -0.00000  -0.00000   ) 
                     (  -0.00000  -0.00000   ) 
                     (  -0.00000  -0.00000   ) 
                     (  -0.00000  -0.00000   ) 
                     (  -0.00000  -0.00000   ) 
                     (  -0.00000  -0.00000   ) 
                     (  -0.00000  -0.00000   ) 
                     (  -0.00000  -0.00000   ) 
                     (  -0.00000  -0.00000   ) 
  autoval = 0.6682E+00
     Irreps are as follows:

                     mode #   9
                     (  -0.00000  -0.00000   ) 
                     (  -0.00000  -0.00000   ) 
                     (  -1.00000  -0.00000   ) 
                     (  -0.00000  -0.00000   ) 
                     (  -0.00000  -0.00000   ) 
                     (  -0.00000  -0.00000   ) 
                     (  -0.00000  -0.00000   ) 
                     (  -0.00000  -0.00000   ) 
                     (  -0.00000  -0.00000   ) 
                     (  -0.00000  -0.00000   ) 
                     (  -0.00000  -0.00000   ) 
                     (  -0.00000  -0.00000   ) 
                     (  -0.00000  -0.00000   ) 
                     (  -0.00000  -0.00000   ) 
                     (  -0.00000  -0.00000   ) 
  autoval = 0.1010E+01
     Irreps are as follows:

                     mode #  10
                     (  -0.00000   0.00000   ) 
                     (  -0.00000   0.00000   ) 
                     (  -0.00000   0.00000   ) 
                     (  -0.00000   0.00000   ) 
                     (  -0.00000   0.00000   ) 
                     (  -0.00000   0.00000   ) 
                     (  -0.04083  -0.00000   ) 
                     (  -0.69125  -0.00000   ) 
                     (   0.02067   0.00000   ) 
                     (  -0.04083  -0.00000   ) 
                     (   0.13674   0.00000   ) 
                     (  -0.10447  -0.00000   ) 
                     (   0.00808   0.00000   ) 
                     (  -0.69125  -0.00000   ) 
                     (  -0.10447  -0.00000   ) 
  autoval = 0.1010E+01
     Irreps are as follows:

                     mode #  11
                     (  -0.00000  -0.00000   ) 
                     (  -0.00000  -0.00000   ) 
                     (  -0.00000  -0.00000   ) 
                     (  -0.00000  -0.00000   ) 
                     (  -0.00000  -0.00000   ) 
                     (  -0.00000  -0.00000   ) 
                     (  -0.69910  -0.00000   ) 
                     (   0.04055  -0.00000   ) 
                     (  -0.00098  -0.00000   ) 
                     (  -0.69910  -0.00000   ) 
                     (  -0.00802  -0.00000   ) 
                     (   0.00495  -0.00000   ) 
                     (   0.13830  -0.00000   ) 
                     (   0.04055  -0.00000   ) 
                     (   0.00495  -0.00000   ) 
  autoval = 0.1010E+01
     Irreps are as follows:

                     mode #  12
                     (  -0.00000  -0.00000   ) 
                     (  -0.00000  -0.00000   ) 
                     (  -0.00000  -0.00000   ) 
                     (  -0.00000  -0.00000   ) 
                     (  -0.00000  -0.00000   ) 
                     (  -0.00000  -0.00000   ) 
                     (  -0.00116  -0.00000   ) 
                     (  -0.10458  -0.00000   ) 
                     (  -0.13698  -0.00000   ) 
                     (  -0.00116  -0.00000   ) 
                     (   0.02069  -0.00000   ) 
                     (   0.69244  -0.00000   ) 
                     (   0.00023  -0.00000   ) 
                     (  -0.10458  -0.00000   ) 
                     (   0.69244  -0.00000   ) 
  autoval = 0.1803E+01
     Irreps are as follows:

                     mode #  13
                     (  -0.00000   0.00000   ) 
                     (  -0.00000   0.00000   ) 
                     (  -0.00000   0.00000   ) 
                     (  -0.00000   0.00000   ) 
                     (  -0.00000   0.00000   ) 
                     (  -0.00000   0.00000   ) 
                     (  -0.00000  -0.00000   ) 
                     (   0.14998   0.00000   ) 
                     (   0.00000   0.00000   ) 
                     (   0.00000   0.00000   ) 
                     (   0.00000   0.00000   ) 
                     (  -0.69102  -0.00000   ) 
                     (  -0.00000  -0.00000   ) 
                     (  -0.14998  -0.00000   ) 
                     (   0.69102   0.00000   ) 
  autoval = 0.1803E+01
     Irreps are as follows:

                     mode #  14
                     (  -0.00000  -0.00000   ) 
                     (  -0.00000  -0.00000   ) 
                     (  -0.00000  -0.00000   ) 
                     (  -0.00000  -0.00000   ) 
                     (  -0.00000  -0.00000   ) 
                     (  -0.00000  -0.00000   ) 
                     (  -0.70711  -0.00000   ) 
                     (  -0.00001  -0.00000   ) 
                     (  -0.00000  -0.00000   ) 
                     (   0.70711  -0.00000   ) 
                     (  -0.00000  -0.00000   ) 
                     (   0.00000  -0.00000   ) 
                     (   0.00000  -0.00000   ) 
                     (   0.00001  -0.00000   ) 
                     (  -0.00000  -0.00000   ) 
  autoval = 0.1803E+01
     Irreps are as follows:

                     mode #  15
                     (  -0.00000  -0.00000   ) 
                     (  -0.00000  -0.00000   ) 
                     (  -0.00000  -0.00000   ) 
                     (  -0.00000  -0.00000   ) 
                     (  -0.00000  -0.00000   ) 
                     (  -0.00000  -0.00000   ) 
                     (  -0.00001  -0.00000   ) 
                     (   0.69102  -0.00000   ) 
                     (  -0.00000  -0.00000   ) 
                     (   0.00001  -0.00000   ) 
                     (  -0.00000  -0.00000   ) 
                     (   0.14998  -0.00000   ) 
                     (   0.00000  -0.00000   ) 
                     (  -0.69102  -0.00000   ) 
                     (  -0.14998  -0.00000   ) 
       1   0.000000000   0.000000000   0.000000000       5
        3   3   3   3   3

     Calculation of q =    0.0000000   0.0000000   0.0000000

     default                                                                    

     bravais-lattice index     =            0
     lattice parameter (alat)  =       9.4455  a.u.
     unit-cell volume          =     842.7004 (a.u.)^3
     number of atoms/cell      =            5
     number of atomic types    =            3
     kinetic-energy cut-off    =     100.0000  Ry
     charge density cut-off    =     800.0000  Ry
     convergence threshold     =      1.0E-14
     beta                      =       0.7000
     number of iterations used =            4
     Exchange-correlation= PBE
                           (   1   4   3   4   0   0   0)


     celldm(1)=    9.44549  celldm(2)=    0.00000  celldm(3)=    0.00000
     celldm(4)=    0.00000  celldm(5)=    0.00000  celldm(6)=    0.00000

     crystal axes: (cart. coord. in units of alat)
               a(1) = (  1.0000  0.0000  0.0000 )  
               a(2) = (  0.0000  1.0000  0.0000 )  
               a(3) = (  0.0000  0.0000  1.0000 )  

     reciprocal axes: (cart. coord. in units 2 pi/alat)
               b(1) = (  1.0000  0.0000  0.0000 )  
               b(2) = (  0.0000  1.0000  0.0000 )  
               b(3) = (  0.0000  0.0000  1.0000 )  


     Atoms inside the unit cell: 

     Cartesian axes

     site n.  atom      mass           positions (alat units)
        1  Rb     85.4678   tau(    1) = (    0.00000    0.00000    0.00000  )
        2  Zn     65.3800   tau(    2) = (    0.50000    0.50000    0.50000  )
        3  Cl     35.4500   tau(    3) = (    0.50000    0.50000    0.00000  )
        4  Cl     35.4500   tau(    4) = (    0.50000    0.00000    0.50000  )
        5  Cl     35.4500   tau(    5) = (    0.00000    0.50000    0.50000  )

     Computing dynamical matrix for 
                    q = (   0.0000000   0.0000000   0.0000000 )

     49 Sym.Ops. (with q -> -q+G )

                                    s                        frac. trans.

      isym =  1     identity                                     

 cryst.   s( 1) = (     1          0          0      )
                  (     0          1          0      )
                  (     0          0          1      )

 cart.    s( 1) = (  1.0000000  0.0000000  0.0000000 )
                  (  0.0000000  1.0000000  0.0000000 )
                  (  0.0000000  0.0000000  1.0000000 )


      isym =  2     180 deg rotation - cart. axis [0,0,1]        

 cryst.   s( 2) = (    -1          0          0      )
                  (     0         -1          0      )
                  (     0          0          1      )

 cart.    s( 2) = ( -1.0000000  0.0000000  0.0000000 )
                  (  0.0000000 -1.0000000  0.0000000 )
                  (  0.0000000  0.0000000  1.0000000 )


      isym =  3     180 deg rotation - cart. axis [0,1,0]        

 cryst.   s( 3) = (    -1          0          0      )
                  (     0          1          0      )
                  (     0          0         -1      )

 cart.    s( 3) = ( -1.0000000  0.0000000  0.0000000 )
                  (  0.0000000  1.0000000  0.0000000 )
                  (  0.0000000  0.0000000 -1.0000000 )


      isym =  4     180 deg rotation - cart. axis [1,0,0]        

 cryst.   s( 4) = (     1          0          0      )
                  (     0         -1          0      )
                  (     0          0         -1      )

 cart.    s( 4) = (  1.0000000  0.0000000  0.0000000 )
                  (  0.0000000 -1.0000000  0.0000000 )
                  (  0.0000000  0.0000000 -1.0000000 )


      isym =  5     180 deg rotation - cart. axis [1,1,0]        

 cryst.   s( 5) = (     0          1          0      )
                  (     1          0          0      )
                  (     0          0         -1      )

 cart.    s( 5) = (  0.0000000  1.0000000  0.0000000 )
                  (  1.0000000  0.0000000  0.0000000 )
                  (  0.0000000  0.0000000 -1.0000000 )


      isym =  6     180 deg rotation - cart. axis [1,-1,0]       

 cryst.   s( 6) = (     0         -1          0      )
                  (    -1          0          0      )
                  (     0          0         -1      )

 cart.    s( 6) = (  0.0000000 -1.0000000  0.0000000 )
                  ( -1.0000000  0.0000000  0.0000000 )
                  (  0.0000000  0.0000000 -1.0000000 )


      isym =  7      90 deg rotation - cart. axis [0,0,-1]       

 cryst.   s( 7) = (     0         -1          0      )
                  (     1          0          0      )
                  (     0          0          1      )

 cart.    s( 7) = (  0.0000000  1.0000000  0.0000000 )
                  ( -1.0000000  0.0000000  0.0000000 )
                  (  0.0000000  0.0000000  1.0000000 )


      isym =  8      90 deg rotation - cart. axis [0,0,1]        

 cryst.   s( 8) = (     0          1          0      )
                  (    -1          0          0      )
                  (     0          0          1      )

 cart.    s( 8) = (  0.0000000 -1.0000000  0.0000000 )
                  (  1.0000000  0.0000000  0.0000000 )
                  (  0.0000000  0.0000000  1.0000000 )


      isym =  9     180 deg rotation - cart. axis [1,0,1]        

 cryst.   s( 9) = (     0          0          1      )
                  (     0         -1          0      )
                  (     1          0          0      )

 cart.    s( 9) = (  0.0000000  0.0000000  1.0000000 )
                  (  0.0000000 -1.0000000  0.0000000 )
                  (  1.0000000  0.0000000  0.0000000 )


      isym = 10     180 deg rotation - cart. axis [-1,0,1]       

 cryst.   s(10) = (     0          0         -1      )
                  (     0         -1          0      )
                  (    -1          0          0      )

 cart.    s(10) = (  0.0000000  0.0000000 -1.0000000 )
                  (  0.0000000 -1.0000000  0.0000000 )
                  ( -1.0000000  0.0000000  0.0000000 )


      isym = 11      90 deg rotation - cart. axis [0,1,0]        

 cryst.   s(11) = (     0          0         -1      )
                  (     0          1          0      )
                  (     1          0          0      )

 cart.    s(11) = (  0.0000000  0.0000000  1.0000000 )
                  (  0.0000000  1.0000000  0.0000000 )
                  ( -1.0000000  0.0000000  0.0000000 )


      isym = 12      90 deg rotation - cart. axis [0,-1,0]       

 cryst.   s(12) = (     0          0          1      )
                  (     0          1          0      )
                  (    -1          0          0      )

 cart.    s(12) = (  0.0000000  0.0000000 -1.0000000 )
                  (  0.0000000  1.0000000  0.0000000 )
                  (  1.0000000  0.0000000  0.0000000 )


      isym = 13     180 deg rotation - cart. axis [0,1,1]        

 cryst.   s(13) = (    -1          0          0      )
                  (     0          0          1      )
                  (     0          1          0      )

 cart.    s(13) = ( -1.0000000  0.0000000  0.0000000 )
                  (  0.0000000  0.0000000  1.0000000 )
                  (  0.0000000  1.0000000  0.0000000 )


      isym = 14     180 deg rotation - cart. axis [0,1,-1]       

 cryst.   s(14) = (    -1          0          0      )
                  (     0          0         -1      )
                  (     0         -1          0      )

 cart.    s(14) = ( -1.0000000  0.0000000  0.0000000 )
                  (  0.0000000  0.0000000 -1.0000000 )
                  (  0.0000000 -1.0000000  0.0000000 )


      isym = 15      90 deg rotation - cart. axis [-1,0,0]       

 cryst.   s(15) = (     1          0          0      )
                  (     0          0         -1      )
                  (     0          1          0      )

 cart.    s(15) = (  1.0000000  0.0000000  0.0000000 )
                  (  0.0000000  0.0000000  1.0000000 )
                  (  0.0000000 -1.0000000  0.0000000 )


      isym = 16      90 deg rotation - cart. axis [1,0,0]        

 cryst.   s(16) = (     1          0          0      )
                  (     0          0          1      )
                  (     0         -1          0      )

 cart.    s(16) = (  1.0000000  0.0000000  0.0000000 )
                  (  0.0000000  0.0000000 -1.0000000 )
                  (  0.0000000  1.0000000  0.0000000 )


      isym = 17     120 deg rotation - cart. axis [-1,-1,-1]     

 cryst.   s(17) = (     0          0          1      )
                  (     1          0          0      )
                  (     0          1          0      )

 cart.    s(17) = (  0.0000000  1.0000000  0.0000000 )
                  (  0.0000000  0.0000000  1.0000000 )
                  (  1.0000000  0.0000000  0.0000000 )


      isym = 18     120 deg rotation - cart. axis [-1,1,1]       

 cryst.   s(18) = (     0          0         -1      )
                  (    -1          0          0      )
                  (     0          1          0      )

 cart.    s(18) = (  0.0000000 -1.0000000  0.0000000 )
                  (  0.0000000  0.0000000  1.0000000 )
                  ( -1.0000000  0.0000000  0.0000000 )


      isym = 19     120 deg rotation - cart. axis [1,1,-1]       

 cryst.   s(19) = (     0          0         -1      )
                  (     1          0          0      )
                  (     0         -1          0      )

 cart.    s(19) = (  0.0000000  1.0000000  0.0000000 )
                  (  0.0000000  0.0000000 -1.0000000 )
                  ( -1.0000000  0.0000000  0.0000000 )


      isym = 20     120 deg rotation - cart. axis [1,-1,1]       

 cryst.   s(20) = (     0          0          1      )
                  (    -1          0          0      )
                  (     0         -1          0      )

 cart.    s(20) = (  0.0000000 -1.0000000  0.0000000 )
                  (  0.0000000  0.0000000 -1.0000000 )
                  (  1.0000000  0.0000000  0.0000000 )


      isym = 21     120 deg rotation - cart. axis [1,1,1]        

 cryst.   s(21) = (     0          1          0      )
                  (     0          0          1      )
                  (     1          0          0      )

 cart.    s(21) = (  0.0000000  0.0000000  1.0000000 )
                  (  1.0000000  0.0000000  0.0000000 )
                  (  0.0000000  1.0000000  0.0000000 )


      isym = 22     120 deg rotation - cart. axis [-1,1,-1]      

 cryst.   s(22) = (     0         -1          0      )
                  (     0          0         -1      )
                  (     1          0          0      )

 cart.    s(22) = (  0.0000000  0.0000000  1.0000000 )
                  ( -1.0000000  0.0000000  0.0000000 )
                  (  0.0000000 -1.0000000  0.0000000 )


      isym = 23     120 deg rotation - cart. axis [1,-1,-1]      

 cryst.   s(23) = (     0         -1          0      )
                  (     0          0          1      )
                  (    -1          0          0      )

 cart.    s(23) = (  0.0000000  0.0000000 -1.0000000 )
                  ( -1.0000000  0.0000000  0.0000000 )
                  (  0.0000000  1.0000000  0.0000000 )


      isym = 24     120 deg rotation - cart. axis [-1,-1,1]      

 cryst.   s(24) = (     0          1          0      )
                  (     0          0         -1      )
                  (    -1          0          0      )

 cart.    s(24) = (  0.0000000  0.0000000 -1.0000000 )
                  (  1.0000000  0.0000000  0.0000000 )
                  (  0.0000000 -1.0000000  0.0000000 )


      isym = 25     inversion                                    

 cryst.   s(25) = (    -1          0          0      )
                  (     0         -1          0      )
                  (     0          0         -1      )

 cart.    s(25) = ( -1.0000000  0.0000000  0.0000000 )
                  (  0.0000000 -1.0000000  0.0000000 )
                  (  0.0000000  0.0000000 -1.0000000 )


      isym = 26     inv. 180 deg rotation - cart. axis [0,0,1]   

 cryst.   s(26) = (     1          0          0      )
                  (     0          1          0      )
                  (     0          0         -1      )

 cart.    s(26) = (  1.0000000  0.0000000  0.0000000 )
                  (  0.0000000  1.0000000  0.0000000 )
                  (  0.0000000  0.0000000 -1.0000000 )


      isym = 27     inv. 180 deg rotation - cart. axis [0,1,0]   

 cryst.   s(27) = (     1          0          0      )
                  (     0         -1          0      )
                  (     0          0          1      )

 cart.    s(27) = (  1.0000000  0.0000000  0.0000000 )
                  (  0.0000000 -1.0000000  0.0000000 )
                  (  0.0000000  0.0000000  1.0000000 )


      isym = 28     inv. 180 deg rotation - cart. axis [1,0,0]   

 cryst.   s(28) = (    -1          0          0      )
                  (     0          1          0      )
                  (     0          0          1      )

 cart.    s(28) = ( -1.0000000  0.0000000  0.0000000 )
                  (  0.0000000  1.0000000  0.0000000 )
                  (  0.0000000  0.0000000  1.0000000 )


      isym = 29     inv. 180 deg rotation - cart. axis [1,1,0]   

 cryst.   s(29) = (     0         -1          0      )
                  (    -1          0          0      )
                  (     0          0          1      )

 cart.    s(29) = (  0.0000000 -1.0000000  0.0000000 )
                  ( -1.0000000  0.0000000  0.0000000 )
                  (  0.0000000  0.0000000  1.0000000 )


      isym = 30     inv. 180 deg rotation - cart. axis [1,-1,0]  

 cryst.   s(30) = (     0          1          0      )
                  (     1          0          0      )
                  (     0          0          1      )

 cart.    s(30) = (  0.0000000  1.0000000  0.0000000 )
                  (  1.0000000  0.0000000  0.0000000 )
                  (  0.0000000  0.0000000  1.0000000 )


      isym = 31     inv.  90 deg rotation - cart. axis [0,0,-1]  

 cryst.   s(31) = (     0          1          0      )
                  (    -1          0          0      )
                  (     0          0         -1      )

 cart.    s(31) = (  0.0000000 -1.0000000  0.0000000 )
                  (  1.0000000  0.0000000  0.0000000 )
                  (  0.0000000  0.0000000 -1.0000000 )


      isym = 32     inv.  90 deg rotation - cart. axis [0,0,1]   

 cryst.   s(32) = (     0         -1          0      )
                  (     1          0          0      )
                  (     0          0         -1      )

 cart.    s(32) = (  0.0000000  1.0000000  0.0000000 )
                  ( -1.0000000  0.0000000  0.0000000 )
                  (  0.0000000  0.0000000 -1.0000000 )


      isym = 33     inv. 180 deg rotation - cart. axis [1,0,1]   

 cryst.   s(33) = (     0          0         -1      )
                  (     0          1          0      )
                  (    -1          0          0      )

 cart.    s(33) = (  0.0000000  0.0000000 -1.0000000 )
                  (  0.0000000  1.0000000  0.0000000 )
                  ( -1.0000000  0.0000000  0.0000000 )


      isym = 34     inv. 180 deg rotation - cart. axis [-1,0,1]  

 cryst.   s(34) = (     0          0          1      )
                  (     0          1          0      )
                  (     1          0          0      )

 cart.    s(34) = (  0.0000000  0.0000000  1.0000000 )
                  (  0.0000000  1.0000000  0.0000000 )
                  (  1.0000000  0.0000000  0.0000000 )


      isym = 35     inv.  90 deg rotation - cart. axis [0,1,0]   

 cryst.   s(35) = (     0          0          1      )
                  (     0         -1          0      )
                  (    -1          0          0      )

 cart.    s(35) = (  0.0000000  0.0000000 -1.0000000 )
                  (  0.0000000 -1.0000000  0.0000000 )
                  (  1.0000000  0.0000000  0.0000000 )


      isym = 36     inv.  90 deg rotation - cart. axis [0,-1,0]  

 cryst.   s(36) = (     0          0         -1      )
                  (     0         -1          0      )
                  (     1          0          0      )

 cart.    s(36) = (  0.0000000  0.0000000  1.0000000 )
                  (  0.0000000 -1.0000000  0.0000000 )
                  ( -1.0000000  0.0000000  0.0000000 )


      isym = 37     inv. 180 deg rotation - cart. axis [0,1,1]   

 cryst.   s(37) = (     1          0          0      )
                  (     0          0         -1      )
                  (     0         -1          0      )

 cart.    s(37) = (  1.0000000  0.0000000  0.0000000 )
                  (  0.0000000  0.0000000 -1.0000000 )
                  (  0.0000000 -1.0000000  0.0000000 )


      isym = 38     inv. 180 deg rotation - cart. axis [0,1,-1]  

 cryst.   s(38) = (     1          0          0      )
                  (     0          0          1      )
                  (     0          1          0      )

 cart.    s(38) = (  1.0000000  0.0000000  0.0000000 )
                  (  0.0000000  0.0000000  1.0000000 )
                  (  0.0000000  1.0000000  0.0000000 )


      isym = 39     inv.  90 deg rotation - cart. axis [-1,0,0]  

 cryst.   s(39) = (    -1          0          0      )
                  (     0          0          1      )
                  (     0         -1          0      )

 cart.    s(39) = ( -1.0000000  0.0000000  0.0000000 )
                  (  0.0000000  0.0000000 -1.0000000 )
                  (  0.0000000  1.0000000  0.0000000 )


      isym = 40     inv.  90 deg rotation - cart. axis [1,0,0]   

 cryst.   s(40) = (    -1          0          0      )
                  (     0          0         -1      )
                  (     0          1          0      )

 cart.    s(40) = ( -1.0000000  0.0000000  0.0000000 )
                  (  0.0000000  0.0000000  1.0000000 )
                  (  0.0000000 -1.0000000  0.0000000 )


      isym = 41     inv. 120 deg rotation - cart. axis [-1,-1,-1]

 cryst.   s(41) = (     0          0         -1      )
                  (    -1          0          0      )
                  (     0         -1          0      )

 cart.    s(41) = (  0.0000000 -1.0000000  0.0000000 )
                  (  0.0000000  0.0000000 -1.0000000 )
                  ( -1.0000000  0.0000000  0.0000000 )


      isym = 42     inv. 120 deg rotation - cart. axis [-1,1,1]  

 cryst.   s(42) = (     0          0          1      )
                  (     1          0          0      )
                  (     0         -1          0      )

 cart.    s(42) = (  0.0000000  1.0000000  0.0000000 )
                  (  0.0000000  0.0000000 -1.0000000 )
                  (  1.0000000  0.0000000  0.0000000 )


      isym = 43     inv. 120 deg rotation - cart. axis [1,1,-1]  

 cryst.   s(43) = (     0          0          1      )
                  (    -1          0          0      )
                  (     0          1          0      )

 cart.    s(43) = (  0.0000000 -1.0000000  0.0000000 )
                  (  0.0000000  0.0000000  1.0000000 )
                  (  1.0000000  0.0000000  0.0000000 )


      isym = 44     inv. 120 deg rotation - cart. axis [1,-1,1]  

 cryst.   s(44) = (     0          0         -1      )
                  (     1          0          0      )
                  (     0          1          0      )

 cart.    s(44) = (  0.0000000  1.0000000  0.0000000 )
                  (  0.0000000  0.0000000  1.0000000 )
                  ( -1.0000000  0.0000000  0.0000000 )


      isym = 45     inv. 120 deg rotation - cart. axis [1,1,1]   

 cryst.   s(45) = (     0         -1          0      )
                  (     0          0         -1      )
                  (    -1          0          0      )

 cart.    s(45) = (  0.0000000  0.0000000 -1.0000000 )
                  ( -1.0000000  0.0000000  0.0000000 )
                  (  0.0000000 -1.0000000  0.0000000 )


      isym = 46     inv. 120 deg rotation - cart. axis [-1,1,-1] 

 cryst.   s(46) = (     0          1          0      )
                  (     0          0          1      )
                  (    -1          0          0      )

 cart.    s(46) = (  0.0000000  0.0000000 -1.0000000 )
                  (  1.0000000  0.0000000  0.0000000 )
                  (  0.0000000  1.0000000  0.0000000 )


      isym = 47     inv. 120 deg rotation - cart. axis [1,-1,-1] 

 cryst.   s(47) = (     0          1          0      )
                  (     0          0         -1      )
                  (     1          0          0      )

 cart.    s(47) = (  0.0000000  0.0000000  1.0000000 )
                  (  1.0000000  0.0000000  0.0000000 )
                  (  0.0000000 -1.0000000  0.0000000 )


      isym = 48     inv. 120 deg rotation - cart. axis [-1,-1,1] 

 cryst.   s(48) = (     0         -1          0      )
                  (     0          0          1      )
                  (     1          0          0      )

 cart.    s(48) = (  0.0000000  0.0000000  1.0000000 )
                  ( -1.0000000  0.0000000  0.0000000 )
                  (  0.0000000  1.0000000  0.0000000 )


     This transformation sends q -> -q+G

      isym = 49     identity                                     

 cryst.   s(49) = (     1          0          0      )
                  (     0          1          0      )
                  (     0          0          1      )

 cart.    s(49) = (  1.0000000  0.0000000  0.0000000 )
                  (  0.0000000  1.0000000  0.0000000 )
                  (  0.0000000  0.0000000  1.0000000 )


     G cutoff = 1807.9194  (  40224 G-vectors)     FFT grid: ( 90, 90, 90)
     G cutoff =  903.9597  (  14215 G-vectors)  smooth grid: ( 64, 64, 64)
     number of k points=    84
                       cart. coord. in units 2pi/alat
        k(    1) = (   0.0000000   0.0000000   0.0000000), wk =   0.0011574
        k(    2) = (   0.0000000   0.0000000   0.0833333), wk =   0.0069444
        k(    3) = (   0.0000000   0.0000000   0.1666667), wk =   0.0069444
        k(    4) = (   0.0000000   0.0000000   0.2500000), wk =   0.0069444
        k(    5) = (   0.0000000   0.0000000   0.3333333), wk =   0.0069444
        k(    6) = (   0.0000000   0.0000000   0.4166667), wk =   0.0069444
        k(    7) = (   0.0000000   0.0000000  -0.5000000), wk =   0.0034722
        k(    8) = (   0.0000000   0.0833333   0.0833333), wk =   0.0138889
        k(    9) = (   0.0000000   0.0833333   0.1666667), wk =   0.0277778
        k(   10) = (   0.0000000   0.0833333   0.2500000), wk =   0.0277778
        k(   11) = (   0.0000000   0.0833333   0.3333333), wk =   0.0277778
        k(   12) = (   0.0000000   0.0833333   0.4166667), wk =   0.0277778
        k(   13) = (   0.0000000   0.0833333  -0.5000000), wk =   0.0138889
        k(   14) = (   0.0000000   0.1666667   0.1666667), wk =   0.0138889
        k(   15) = (   0.0000000   0.1666667   0.2500000), wk =   0.0277778
        k(   16) = (   0.0000000   0.1666667   0.3333333), wk =   0.0277778
        k(   17) = (   0.0000000   0.1666667   0.4166667), wk =   0.0277778
        k(   18) = (   0.0000000   0.1666667  -0.5000000), wk =   0.0138889
        k(   19) = (   0.0000000   0.2500000   0.2500000), wk =   0.0138889
        k(   20) = (   0.0000000   0.2500000   0.3333333), wk =   0.0277778
        k(   21) = (   0.0000000   0.2500000   0.4166667), wk =   0.0277778
        k(   22) = (   0.0000000   0.2500000  -0.5000000), wk =   0.0138889
        k(   23) = (   0.0000000   0.3333333   0.3333333), wk =   0.0138889
        k(   24) = (   0.0000000   0.3333333   0.4166667), wk =   0.0277778
        k(   25) = (   0.0000000   0.3333333  -0.5000000), wk =   0.0138889
        k(   26) = (   0.0000000   0.4166667   0.4166667), wk =   0.0138889
        k(   27) = (   0.0000000   0.4166667  -0.5000000), wk =   0.0138889
        k(   28) = (   0.0000000  -0.5000000  -0.5000000), wk =   0.0034722
        k(   29) = (   0.0833333   0.0833333   0.0833333), wk =   0.0092593
        k(   30) = (   0.0833333   0.0833333   0.1666667), wk =   0.0277778
        k(   31) = (   0.0833333   0.0833333   0.2500000), wk =   0.0277778
        k(   32) = (   0.0833333   0.0833333   0.3333333), wk =   0.0277778
        k(   33) = (   0.0833333   0.0833333   0.4166667), wk =   0.0277778
        k(   34) = (   0.0833333   0.0833333  -0.5000000), wk =   0.0138889
        k(   35) = (   0.0833333   0.1666667   0.1666667), wk =   0.0277778
        k(   36) = (   0.0833333   0.1666667   0.2500000), wk =   0.0555556
        k(   37) = (   0.0833333   0.1666667   0.3333333), wk =   0.0555556
        k(   38) = (   0.0833333   0.1666667   0.4166667), wk =   0.0555556
        k(   39) = (   0.0833333   0.1666667  -0.5000000), wk =   0.0277778
        k(   40) = (   0.0833333   0.2500000   0.2500000), wk =   0.0277778
        k(   41) = (   0.0833333   0.2500000   0.3333333), wk =   0.0555556
        k(   42) = (   0.0833333   0.2500000   0.4166667), wk =   0.0555556
        k(   43) = (   0.0833333   0.2500000  -0.5000000), wk =   0.0277778
        k(   44) = (   0.0833333   0.3333333   0.3333333), wk =   0.0277778
        k(   45) = (   0.0833333   0.3333333   0.4166667), wk =   0.0555556
        k(   46) = (   0.0833333   0.3333333  -0.5000000), wk =   0.0277778
        k(   47) = (   0.0833333   0.4166667   0.4166667), wk =   0.0277778
        k(   48) = (   0.0833333   0.4166667  -0.5000000), wk =   0.0277778
        k(   49) = (   0.0833333  -0.5000000  -0.5000000), wk =   0.0069444
        k(   50) = (   0.1666667   0.1666667   0.1666667), wk =   0.0092593
        k(   51) = (   0.1666667   0.1666667   0.2500000), wk =   0.0277778
        k(   52) = (   0.1666667   0.1666667   0.3333333), wk =   0.0277778
        k(   53) = (   0.1666667   0.1666667   0.4166667), wk =   0.0277778
        k(   54) = (   0.1666667   0.1666667  -0.5000000), wk =   0.0138889
        k(   55) = (   0.1666667   0.2500000   0.2500000), wk =   0.0277778
        k(   56) = (   0.1666667   0.2500000   0.3333333), wk =   0.0555556
        k(   57) = (   0.1666667   0.2500000   0.4166667), wk =   0.0555556
        k(   58) = (   0.1666667   0.2500000  -0.5000000), wk =   0.0277778
        k(   59) = (   0.1666667   0.3333333   0.3333333), wk =   0.0277778
        k(   60) = (   0.1666667   0.3333333   0.4166667), wk =   0.0555556
        k(   61) = (   0.1666667   0.3333333  -0.5000000), wk =   0.0277778
        k(   62) = (   0.1666667   0.4166667   0.4166667), wk =   0.0277778
        k(   63) = (   0.1666667   0.4166667  -0.5000000), wk =   0.0277778
        k(   64) = (   0.1666667  -0.5000000  -0.5000000), wk =   0.0069444
        k(   65) = (   0.2500000   0.2500000   0.2500000), wk =   0.0092593
        k(   66) = (   0.2500000   0.2500000   0.3333333), wk =   0.0277778
        k(   67) = (   0.2500000   0.2500000   0.4166667), wk =   0.0277778
        k(   68) = (   0.2500000   0.2500000  -0.5000000), wk =   0.0138889
        k(   69) = (   0.2500000   0.3333333   0.3333333), wk =   0.0277778
        k(   70) = (   0.2500000   0.3333333   0.4166667), wk =   0.0555556
        k(   71) = (   0.2500000   0.3333333  -0.5000000), wk =   0.0277778
        k(   72) = (   0.2500000   0.4166667   0.4166667), wk =   0.0277778
        k(   73) = (   0.2500000   0.4166667  -0.5000000), wk =   0.0277778
        k(   74) = (   0.2500000  -0.5000000  -0.5000000), wk =   0.0069444
        k(   75) = (   0.3333333   0.3333333   0.3333333), wk =   0.0092593
        k(   76) = (   0.3333333   0.3333333   0.4166667), wk =   0.0277778
        k(   77) = (   0.3333333   0.3333333  -0.5000000), wk =   0.0138889
        k(   78) = (   0.3333333   0.4166667   0.4166667), wk =   0.0277778
        k(   79) = (   0.3333333   0.4166667  -0.5000000), wk =   0.0277778
        k(   80) = (   0.3333333  -0.5000000  -0.5000000), wk =   0.0069444
        k(   81) = (   0.4166667   0.4166667   0.4166667), wk =   0.0092593
        k(   82) = (   0.4166667   0.4166667  -0.5000000), wk =   0.0138889
        k(   83) = (   0.4166667  -0.5000000  -0.5000000), wk =   0.0069444
        k(   84) = (  -0.5000000  -0.5000000  -0.5000000), wk =   0.0011574

                       cryst. coord.
        k(    1) = (   0.0000000   0.0000000   0.0000000), wk =   0.0011574
        k(    2) = (   0.0000000   0.0000000   0.0833333), wk =   0.0069444
        k(    3) = (   0.0000000   0.0000000   0.1666667), wk =   0.0069444
        k(    4) = (   0.0000000   0.0000000   0.2500000), wk =   0.0069444
        k(    5) = (   0.0000000   0.0000000   0.3333333), wk =   0.0069444
        k(    6) = (   0.0000000   0.0000000   0.4166667), wk =   0.0069444
        k(    7) = (   0.0000000   0.0000000  -0.5000000), wk =   0.0034722
        k(    8) = (   0.0000000   0.0833333   0.0833333), wk =   0.0138889
        k(    9) = (   0.0000000   0.0833333   0.1666667), wk =   0.0277778
        k(   10) = (   0.0000000   0.0833333   0.2500000), wk =   0.0277778
        k(   11) = (   0.0000000   0.0833333   0.3333333), wk =   0.0277778
        k(   12) = (   0.0000000   0.0833333   0.4166667), wk =   0.0277778
        k(   13) = (   0.0000000   0.0833333  -0.5000000), wk =   0.0138889
        k(   14) = (   0.0000000   0.1666667   0.1666667), wk =   0.0138889
        k(   15) = (   0.0000000   0.1666667   0.2500000), wk =   0.0277778
        k(   16) = (   0.0000000   0.1666667   0.3333333), wk =   0.0277778
        k(   17) = (   0.0000000   0.1666667   0.4166667), wk =   0.0277778
        k(   18) = (   0.0000000   0.1666667  -0.5000000), wk =   0.0138889
        k(   19) = (   0.0000000   0.2500000   0.2500000), wk =   0.0138889
        k(   20) = (   0.0000000   0.2500000   0.3333333), wk =   0.0277778
        k(   21) = (   0.0000000   0.2500000   0.4166667), wk =   0.0277778
        k(   22) = (   0.0000000   0.2500000  -0.5000000), wk =   0.0138889
        k(   23) = (   0.0000000   0.3333333   0.3333333), wk =   0.0138889
        k(   24) = (   0.0000000   0.3333333   0.4166667), wk =   0.0277778
        k(   25) = (   0.0000000   0.3333333  -0.5000000), wk =   0.0138889
        k(   26) = (   0.0000000   0.4166667   0.4166667), wk =   0.0138889
        k(   27) = (   0.0000000   0.4166667  -0.5000000), wk =   0.0138889
        k(   28) = (   0.0000000  -0.5000000  -0.5000000), wk =   0.0034722
        k(   29) = (   0.0833333   0.0833333   0.0833333), wk =   0.0092593
        k(   30) = (   0.0833333   0.0833333   0.1666667), wk =   0.0277778
        k(   31) = (   0.0833333   0.0833333   0.2500000), wk =   0.0277778
        k(   32) = (   0.0833333   0.0833333   0.3333333), wk =   0.0277778
        k(   33) = (   0.0833333   0.0833333   0.4166667), wk =   0.0277778
        k(   34) = (   0.0833333   0.0833333  -0.5000000), wk =   0.0138889
        k(   35) = (   0.0833333   0.1666667   0.1666667), wk =   0.0277778
        k(   36) = (   0.0833333   0.1666667   0.2500000), wk =   0.0555556
        k(   37) = (   0.0833333   0.1666667   0.3333333), wk =   0.0555556
        k(   38) = (   0.0833333   0.1666667   0.4166667), wk =   0.0555556
        k(   39) = (   0.0833333   0.1666667  -0.5000000), wk =   0.0277778
        k(   40) = (   0.0833333   0.2500000   0.2500000), wk =   0.0277778
        k(   41) = (   0.0833333   0.2500000   0.3333333), wk =   0.0555556
        k(   42) = (   0.0833333   0.2500000   0.4166667), wk =   0.0555556
        k(   43) = (   0.0833333   0.2500000  -0.5000000), wk =   0.0277778
        k(   44) = (   0.0833333   0.3333333   0.3333333), wk =   0.0277778
        k(   45) = (   0.0833333   0.3333333   0.4166667), wk =   0.0555556
        k(   46) = (   0.0833333   0.3333333  -0.5000000), wk =   0.0277778
        k(   47) = (   0.0833333   0.4166667   0.4166667), wk =   0.0277778
        k(   48) = (   0.0833333   0.4166667  -0.5000000), wk =   0.0277778
        k(   49) = (   0.0833333  -0.5000000  -0.5000000), wk =   0.0069444
        k(   50) = (   0.1666667   0.1666667   0.1666667), wk =   0.0092593
        k(   51) = (   0.1666667   0.1666667   0.2500000), wk =   0.0277778
        k(   52) = (   0.1666667   0.1666667   0.3333333), wk =   0.0277778
        k(   53) = (   0.1666667   0.1666667   0.4166667), wk =   0.0277778
        k(   54) = (   0.1666667   0.1666667  -0.5000000), wk =   0.0138889
        k(   55) = (   0.1666667   0.2500000   0.2500000), wk =   0.0277778
        k(   56) = (   0.1666667   0.2500000   0.3333333), wk =   0.0555556
        k(   57) = (   0.1666667   0.2500000   0.4166667), wk =   0.0555556
        k(   58) = (   0.1666667   0.2500000  -0.5000000), wk =   0.0277778
        k(   59) = (   0.1666667   0.3333333   0.3333333), wk =   0.0277778
        k(   60) = (   0.1666667   0.3333333   0.4166667), wk =   0.0555556
        k(   61) = (   0.1666667   0.3333333  -0.5000000), wk =   0.0277778
        k(   62) = (   0.1666667   0.4166667   0.4166667), wk =   0.0277778
        k(   63) = (   0.1666667   0.4166667  -0.5000000), wk =   0.0277778
        k(   64) = (   0.1666667  -0.5000000  -0.5000000), wk =   0.0069444
        k(   65) = (   0.2500000   0.2500000   0.2500000), wk =   0.0092593
        k(   66) = (   0.2500000   0.2500000   0.3333333), wk =   0.0277778
        k(   67) = (   0.2500000   0.2500000   0.4166667), wk =   0.0277778
        k(   68) = (   0.2500000   0.2500000  -0.5000000), wk =   0.0138889
        k(   69) = (   0.2500000   0.3333333   0.3333333), wk =   0.0277778
        k(   70) = (   0.2500000   0.3333333   0.4166667), wk =   0.0555556
        k(   71) = (   0.2500000   0.3333333  -0.5000000), wk =   0.0277778
        k(   72) = (   0.2500000   0.4166667   0.4166667), wk =   0.0277778
        k(   73) = (   0.2500000   0.4166667  -0.5000000), wk =   0.0277778
        k(   74) = (   0.2500000  -0.5000000  -0.5000000), wk =   0.0069444
        k(   75) = (   0.3333333   0.3333333   0.3333333), wk =   0.0092593
        k(   76) = (   0.3333333   0.3333333   0.4166667), wk =   0.0277778
        k(   77) = (   0.3333333   0.3333333  -0.5000000), wk =   0.0138889
        k(   78) = (   0.3333333   0.4166667   0.4166667), wk =   0.0277778
        k(   79) = (   0.3333333   0.4166667  -0.5000000), wk =   0.0277778
        k(   80) = (   0.3333333  -0.5000000  -0.5000000), wk =   0.0069444
        k(   81) = (   0.4166667   0.4166667   0.4166667), wk =   0.0092593
        k(   82) = (   0.4166667   0.4166667  -0.5000000), wk =   0.0138889
        k(   83) = (   0.4166667  -0.5000000  -0.5000000), wk =   0.0069444
        k(   84) = (  -0.5000000  -0.5000000  -0.5000000), wk =   0.0011574

     PseudoPot. # 1 for Rb read from file:
     /home/administrator/Downloads/BURAI/BURAI1.3/pseudopot/Rb.pbe-spn-kjpaw_psl.1.0.0.UPF
     MD5 check sum: 2771e311bc20ea25cdd5c0a9866b789c
     Pseudo is Projector augmented-wave + core cor, Zval =  9.0
     Generated using "atomic" code by A. Dal Corso  v.5.1.2
     Shape of augmentation charge: PSQ
     Using radial grid of 1219 points,  6 beta functions with: 
                l(1) =   0
                l(2) =   0
                l(3) =   1
                l(4) =   1
                l(5) =   2
                l(6) =   2
     Q(r) pseudized with 0 coefficients 


     PseudoPot. # 2 for Zn read from file:
     /home/administrator/Downloads/BURAI/BURAI1.3/pseudopot/Zn.pbe-spn-kjpaw_psl.1.0.0.UPF
     MD5 check sum: 9ae49ce97c5e3111e3f06ee7e23c2246
     Pseudo is Projector augmented-wave + core cor, Zval = 20.0
     Generated using "atomic" code by A. Dal Corso  v.5.1.2
     Shape of augmentation charge: PSQ
     Using radial grid of 1201 points,  6 beta functions with: 
                l(1) =   0
                l(2) =   0
                l(3) =   1
                l(4) =   1
                l(5) =   2
                l(6) =   2
     Q(r) pseudized with 0 coefficients 


     PseudoPot. # 3 for Cl read from file:
     /home/administrator/Downloads/BURAI/BURAI1.3/pseudopot/Cl.pbe-n-kjpaw_psl.1.0.0.UPF
     MD5 check sum: d11ac872591ccaf6ebdc6d6d0c764b72
     Pseudo is Projector augmented-wave + core cor, Zval =  7.0
     Generated using "atomic" code by A. Dal Corso  v.5.1.2
     Shape of augmentation charge: PSQ
     Using radial grid of 1157 points,  6 beta functions with: 
                l(1) =   0
                l(2) =   0
                l(3) =   1
                l(4) =   1
                l(5) =   2
                l(6) =   2
     Q(r) pseudized with 0 coefficients 


     point group O_h (m-3m) 
     there are 10 classes
     the character table:

       E     8C3   3C2   6C4   6C2'  i     8S6   3s_h  6S4   6s_d 
A_1g   1.00  1.00  1.00  1.00  1.00  1.00  1.00  1.00  1.00  1.00
A_2g   1.00  1.00  1.00 -1.00 -1.00  1.00  1.00  1.00 -1.00 -1.00
E_g    2.00 -1.00  2.00  0.00  0.00  2.00 -1.00  2.00  0.00  0.00
T_1g   3.00  0.00 -1.00  1.00 -1.00  3.00  0.00 -1.00  1.00 -1.00
T_2g   3.00  0.00 -1.00 -1.00  1.00  3.00  0.00 -1.00 -1.00  1.00
A_1u   1.00  1.00  1.00  1.00  1.00 -1.00 -1.00 -1.00 -1.00 -1.00
A_2u   1.00  1.00  1.00 -1.00 -1.00 -1.00 -1.00 -1.00  1.00  1.00
E_u    2.00 -1.00  2.00  0.00  0.00 -2.00  1.00 -2.00  0.00  0.00
T_1u   3.00  0.00 -1.00  1.00 -1.00 -3.00  0.00  1.00 -1.00  1.00
T_2u   3.00  0.00 -1.00 -1.00  1.00 -3.00  0.00  1.00  1.00 -1.00

     the symmetry operations in each class and the name of the first element:

     E        1
                                                                 
     8C3     17   19   20   18   24   21   22   23
                                                                 
     3C2      2    4    3
                                                                 
     6C4      7    8   15   16   12   11
                                                                 
     6C2'     5    6   14   13   10    9
                                                                 
     i       25
                                                                 
     8S6     41   43   44   42   48   45   46   47
                                                                 
     3s_h    26   28   27
                                                                 
     6S4     31   32   39   40   36   35
                                                                 
     6s_d    29   30   38   37   34   33
                                                                 


     Electric field:
     Dielectric constant
     Born effective charges as d Force / d E


     Atomic displacements:
     There are    5 irreducible representations

     Representation     1      3 modes -  To be done
     Irreps are as follows:

     mode #   1              mode #   2              mode #   3
     (  -0.00000  -0.00000 ) (  -0.00000   0.00000 ) (  -0.00000  -0.00000 ) 
     (  -0.00000  -0.00000 ) (  -0.00000   0.00000 ) (  -0.00000  -0.00000 ) 
     (  -0.00000  -0.00000 ) (  -0.00000   0.00000 ) (  -0.00000  -0.00000 ) 
     (  -0.00000  -0.00000 ) (  -0.00000   0.00000 ) (  -0.00000  -0.00000 ) 
     (  -0.00000  -0.00000 ) (  -0.00000   0.00000 ) (  -0.00000  -0.00000 ) 
     (  -0.00000  -0.00000 ) (  -0.00000   0.00000 ) (  -0.00000  -0.00000 ) 
     (  -0.00302  -0.00000 ) (  -0.09791  -0.00000 ) (  -0.00000  -0.00000 ) 
     (   0.09791  -0.00000 ) (  -0.00302  -0.00000 ) (  -0.00000  -0.00000 ) 
     (   0.00000   0.00000 ) (   0.00000  -0.00000 ) (  -0.99036  -0.00000 ) 
     (  -0.00302  -0.00000 ) (  -0.09791  -0.00000 ) (  -0.00000  -0.00000 ) 
     (   0.98989  -0.00000 ) (  -0.03052  -0.00000 ) (  -0.00000  -0.00000 ) 
     (  -0.00000  -0.00000 ) (  -0.00000  -0.00000 ) (  -0.09796  -0.00000 ) 
     (  -0.03052  -0.00000 ) (  -0.98989  -0.00000 ) (  -0.00000  -0.00000 ) 
     (   0.09791  -0.00000 ) (  -0.00302  -0.00000 ) (   0.00000  -0.00000 ) 
     (   0.00000   0.00000 ) (  -0.00000  -0.00000 ) (  -0.09796  -0.00000 ) 

     Representation     2      3 modes -  To be done
     Irreps are as follows:

     mode #   4              mode #   5              mode #   6
     (  -0.00000  -0.00000 ) (  -0.00000  -0.00000 ) (  -0.00000  -0.00000 ) 
     (  -0.00000  -0.00000 ) (  -0.00000  -0.00000 ) (  -0.00000  -0.00000 ) 
     (  -0.00000  -0.00000 ) (  -0.00000  -0.00000 ) (  -0.00000  -0.00000 ) 
     (  -1.00000  -0.00000 ) (  -0.00000  -0.00000 ) (  -0.00000  -0.00000 ) 
     (  -0.00000  -0.00000 ) (  -1.00000  -0.00000 ) (  -0.00000  -0.00000 ) 
     (  -0.00000  -0.00000 ) (  -0.00000  -0.00000 ) (  -1.00000  -0.00000 ) 
     (  -0.00000  -0.00000 ) (  -0.00000  -0.00000 ) (  -0.00000  -0.00000 ) 
     (  -0.00000  -0.00000 ) (  -0.00000  -0.00000 ) (  -0.00000  -0.00000 ) 
     (  -0.00000  -0.00000 ) (  -0.00000  -0.00000 ) (  -0.00000  -0.00000 ) 
     (  -0.00000  -0.00000 ) (  -0.00000  -0.00000 ) (  -0.00000  -0.00000 ) 
     (  -0.00000  -0.00000 ) (  -0.00000  -0.00000 ) (  -0.00000  -0.00000 ) 
     (  -0.00000  -0.00000 ) (  -0.00000  -0.00000 ) (  -0.00000  -0.00000 ) 
     (  -0.00000  -0.00000 ) (  -0.00000  -0.00000 ) (  -0.00000  -0.00000 ) 
     (  -0.00000  -0.00000 ) (  -0.00000  -0.00000 ) (  -0.00000  -0.00000 ) 
     (  -0.00000  -0.00000 ) (  -0.00000  -0.00000 ) (  -0.00000  -0.00000 ) 

     Representation     3      3 modes -  To be done
     Irreps are as follows:

     mode #   7              mode #   8              mode #   9
     (  -1.00000  -0.00000 ) (  -0.00000  -0.00000 ) (  -0.00000  -0.00000 ) 
     (  -0.00000  -0.00000 ) (  -1.00000  -0.00000 ) (  -0.00000  -0.00000 ) 
     (  -0.00000  -0.00000 ) (  -0.00000  -0.00000 ) (  -1.00000  -0.00000 ) 
     (  -0.00000  -0.00000 ) (  -0.00000  -0.00000 ) (  -0.00000  -0.00000 ) 
     (  -0.00000  -0.00000 ) (  -0.00000  -0.00000 ) (  -0.00000  -0.00000 ) 
     (  -0.00000  -0.00000 ) (  -0.00000  -0.00000 ) (  -0.00000  -0.00000 ) 
     (  -0.00000  -0.00000 ) (  -0.00000  -0.00000 ) (  -0.00000  -0.00000 ) 
     (  -0.00000  -0.00000 ) (  -0.00000  -0.00000 ) (  -0.00000  -0.00000 ) 
     (  -0.00000  -0.00000 ) (  -0.00000  -0.00000 ) (  -0.00000  -0.00000 ) 
     (  -0.00000  -0.00000 ) (  -0.00000  -0.00000 ) (  -0.00000  -0.00000 ) 
     (  -0.00000  -0.00000 ) (  -0.00000  -0.00000 ) (  -0.00000  -0.00000 ) 
     (  -0.00000  -0.00000 ) (  -0.00000  -0.00000 ) (  -0.00000  -0.00000 ) 
     (  -0.00000  -0.00000 ) (  -0.00000  -0.00000 ) (  -0.00000  -0.00000 ) 
     (  -0.00000  -0.00000 ) (  -0.00000  -0.00000 ) (  -0.00000  -0.00000 ) 
     (  -0.00000  -0.00000 ) (  -0.00000  -0.00000 ) (  -0.00000  -0.00000 ) 

     Representation     4      3 modes -  To be done
     Irreps are as follows:

     mode #  10              mode #  11              mode #  12
     (  -0.00000   0.00000 ) (  -0.00000  -0.00000 ) (  -0.00000  -0.00000 ) 
     (  -0.00000   0.00000 ) (  -0.00000  -0.00000 ) (  -0.00000  -0.00000 ) 
     (  -0.00000   0.00000 ) (  -0.00000  -0.00000 ) (  -0.00000  -0.00000 ) 
     (  -0.00000   0.00000 ) (  -0.00000  -0.00000 ) (  -0.00000  -0.00000 ) 
     (  -0.00000   0.00000 ) (  -0.00000  -0.00000 ) (  -0.00000  -0.00000 ) 
     (  -0.00000   0.00000 ) (  -0.00000  -0.00000 ) (  -0.00000  -0.00000 ) 
     (  -0.04083  -0.00000 ) (  -0.69910  -0.00000 ) (  -0.00116  -0.00000 ) 
     (  -0.69125  -0.00000 ) (   0.04055  -0.00000 ) (  -0.10458  -0.00000 ) 
     (   0.02067   0.00000 ) (  -0.00098  -0.00000 ) (  -0.13698  -0.00000 ) 
     (  -0.04083  -0.00000 ) (  -0.69910  -0.00000 ) (  -0.00116  -0.00000 ) 
     (   0.13674   0.00000 ) (  -0.00802  -0.00000 ) (   0.02069  -0.00000 ) 
     (  -0.10447  -0.00000 ) (   0.00495  -0.00000 ) (   0.69244  -0.00000 ) 
     (   0.00808   0.00000 ) (   0.13830  -0.00000 ) (   0.00023  -0.00000 ) 
     (  -0.69125  -0.00000 ) (   0.04055  -0.00000 ) (  -0.10458  -0.00000 ) 
     (  -0.10447  -0.00000 ) (   0.00495  -0.00000 ) (   0.69244  -0.00000 ) 

     Representation     5      3 modes -  To be done
     Irreps are as follows:

     mode #  13              mode #  14              mode #  15
     (  -0.00000   0.00000 ) (  -0.00000  -0.00000 ) (  -0.00000  -0.00000 ) 
     (  -0.00000   0.00000 ) (  -0.00000  -0.00000 ) (  -0.00000  -0.00000 ) 
     (  -0.00000   0.00000 ) (  -0.00000  -0.00000 ) (  -0.00000  -0.00000 ) 
     (  -0.00000   0.00000 ) (  -0.00000  -0.00000 ) (  -0.00000  -0.00000 ) 
     (  -0.00000   0.00000 ) (  -0.00000  -0.00000 ) (  -0.00000  -0.00000 ) 
     (  -0.00000   0.00000 ) (  -0.00000  -0.00000 ) (  -0.00000  -0.00000 ) 
     (  -0.00000  -0.00000 ) (  -0.70711  -0.00000 ) (  -0.00001  -0.00000 ) 
     (   0.14998   0.00000 ) (  -0.00001  -0.00000 ) (   0.69102  -0.00000 ) 
     (   0.00000   0.00000 ) (  -0.00000  -0.00000 ) (  -0.00000  -0.00000 ) 
     (   0.00000   0.00000 ) (   0.70711  -0.00000 ) (   0.00001  -0.00000 ) 
     (   0.00000   0.00000 ) (  -0.00000  -0.00000 ) (  -0.00000  -0.00000 ) 
     (  -0.69102  -0.00000 ) (   0.00000  -0.00000 ) (   0.14998  -0.00000 ) 
     (  -0.00000  -0.00000 ) (   0.00000  -0.00000 ) (   0.00000  -0.00000 ) 
     (  -0.14998  -0.00000 ) (   0.00001  -0.00000 ) (  -0.69102  -0.00000 ) 
     (   0.69102   0.00000 ) (  -0.00000  -0.00000 ) (  -0.14998  -0.00000 ) 



     Alpha used in Ewald sum =   2.8000
     PHONON       :   6m10.39s CPU   5m48.58s WALL


     Electric Fields Calculation

      iter #   1 total cpu time : 11198.7 secs   av.it.:  10.8
      thresh= 1.000E-02 alpha_mix =  0.700 |ddv_scf|^2 =  1.039E-08

      iter #   2 total cpu time : 16012.2 secs   av.it.:  22.6
      thresh= 1.020E-05 alpha_mix =  0.700 |ddv_scf|^2 =  1.296E-09

      iter #   3 total cpu time : 20816.5 secs   av.it.:  22.3
      thresh= 3.601E-06 alpha_mix =  0.700 |ddv_scf|^2 =  7.791E-11

      iter #   4 total cpu time : 25520.2 secs   av.it.:  21.9
      thresh= 8.827E-07 alpha_mix =  0.700 |ddv_scf|^2 =  4.287E-12

      iter #   5 total cpu time : 30336.9 secs   av.it.:  22.6
      thresh= 2.071E-07 alpha_mix =  0.700 |ddv_scf|^2 =  3.385E-13

      iter #   6 total cpu time : 35052.1 secs   av.it.:  22.0
      thresh= 5.818E-08 alpha_mix =  0.700 |ddv_scf|^2 =  1.028E-14

      iter #   7 total cpu time : 39792.8 secs   av.it.:  22.3
      thresh= 1.014E-08 alpha_mix =  0.700 |ddv_scf|^2 =  1.327E-15

     End of electric fields calculation

          Dielectric constant in cartesian axis 

          (       3.620562707       0.000000000       0.000000000 )
          (       0.000000000       3.620562707       0.000000000 )
          (       0.000000000       0.000000000       3.620562707 )

          Effective charges (d Force / dE) in cartesian axis without acoustic sum rule applied (asr)

           atom    1  Rb    Mean Z*:        1.28032
      Ex  (        1.28032        0.00000        0.00000 )
      Ey  (        0.00000        1.28032        0.00000 )
      Ez  (        0.00000        0.00000        1.28032 )
           atom    2  Zn    Mean Z*:        2.89853
      Ex  (        2.89853        0.00000        0.00000 )
      Ey  (        0.00000        2.89853        0.00000 )
      Ez  (        0.00000        0.00000        2.89853 )
           atom    3  Cl    Mean Z*:       -1.39060
      Ex  (       -0.83089        0.00000        0.00000 )
      Ey  (        0.00000       -0.83089        0.00000 )
      Ez  (        0.00000        0.00000       -2.51004 )
           atom    4  Cl    Mean Z*:       -1.39060
      Ex  (       -0.83089        0.00000        0.00000 )
      Ey  (        0.00000       -2.51004        0.00000 )
      Ez  (        0.00000        0.00000       -0.83089 )
           atom    5  Cl    Mean Z*:       -1.39060
      Ex  (       -2.51004        0.00000        0.00000 )
      Ey  (        0.00000       -0.83089        0.00000 )
      Ez  (        0.00000        0.00000       -0.83089 )

          Effective charges Sum: Mean:        0.00704
              0.00704        0.00000        0.00000
              0.00000        0.00704        0.00000
              0.00000        0.00000        0.00704

          Effective charges (d Force / dE) in cartesian axis with asr applied: 
           atom    1  Rb    Mean Z*:        1.27892
      E*x (        1.27892        0.00000        0.00000 )
      E*y (        0.00000        1.27892        0.00000 )
      E*z (        0.00000        0.00000        1.27892 )
           atom    2  Zn    Mean Z*:        2.89712
      E*x (        2.89712        0.00000        0.00000 )
      E*y (        0.00000        2.89712        0.00000 )
      E*z (        0.00000        0.00000        2.89712 )
           atom    3  Cl    Mean Z*:       -1.39201
      E*x (       -0.83230        0.00000        0.00000 )
      E*y (        0.00000       -0.83230        0.00000 )
      E*z (        0.00000        0.00000       -2.51144 )
           atom    4  Cl    Mean Z*:       -1.39201
      E*x (       -0.83230        0.00000        0.00000 )
      E*y (        0.00000       -2.51144        0.00000 )
      E*z (        0.00000        0.00000       -0.83230 )
           atom    5  Cl    Mean Z*:       -1.39201
      E*x (       -2.51144        0.00000        0.00000 )
      E*y (        0.00000       -0.83230        0.00000 )
      E*z (        0.00000        0.00000       -0.83230 )


     Representation #   1 modes #   1   2   3

     Self-consistent Calculation

      iter #   1 total cpu time : 47477.7 secs   av.it.:   9.9
      thresh= 1.000E-02 alpha_mix =  0.700 |ddv_scf|^2 =  2.688E-08

      iter #   2 total cpu time : 52362.6 secs   av.it.:  23.1
      thresh= 1.640E-05 alpha_mix =  0.700 |ddv_scf|^2 =  1.534E-08

      iter #   3 total cpu time : 57082.7 secs   av.it.:  22.4
      thresh= 1.239E-05 alpha_mix =  0.700 |ddv_scf|^2 =  7.317E-11

      iter #   4 total cpu time : 61934.4 secs   av.it.:  23.2
      thresh= 8.554E-07 alpha_mix =  0.700 |ddv_scf|^2 =  5.428E-12

      iter #   5 total cpu time : 66741.6 secs   av.it.:  22.7
      thresh= 2.330E-07 alpha_mix =  0.700 |ddv_scf|^2 =  2.082E-13

      iter #   6 total cpu time : 71224.8 secs   av.it.:  21.5
      thresh= 4.563E-08 alpha_mix =  0.700 |ddv_scf|^2 =  3.061E-15

     End of self-consistent calculation

     Convergence has been achieved 


     Representation #   2 modes #   4   5   6

     Self-consistent Calculation

      iter #   1 total cpu time : 74511.4 secs   av.it.:  12.3
      thresh= 1.000E-02 alpha_mix =  0.700 |ddv_scf|^2 =  5.792E-07

      iter #   2 total cpu time : 79235.1 secs   av.it.:  22.1
      thresh= 7.611E-05 alpha_mix =  0.700 |ddv_scf|^2 =  2.326E-07

      iter #   3 total cpu time : 83943.8 secs   av.it.:  21.8
      thresh= 4.823E-05 alpha_mix =  0.700 |ddv_scf|^2 =  4.017E-09

      iter #   4 total cpu time : 88724.2 secs   av.it.:  22.5
      thresh= 6.338E-06 alpha_mix =  0.700 |ddv_scf|^2 =  7.907E-11

      iter #   5 total cpu time : 93479.3 secs   av.it.:  22.8
      thresh= 8.892E-07 alpha_mix =  0.700 |ddv_scf|^2 =  4.010E-12

      iter #   6 total cpu time : 98281.2 secs   av.it.:  22.6
      thresh= 2.003E-07 alpha_mix =  0.700 |ddv_scf|^2 =  6.853E-14

      iter #   7 total cpu time :102962.1 secs   av.it.:  22.2
      thresh= 2.618E-08 alpha_mix =  0.700 |ddv_scf|^2 =  5.990E-16

     End of self-consistent calculation

     Convergence has been achieved 


     Representation #   3 modes #   7   8   9

     Self-consistent Calculation

      iter #   1 total cpu time :105163.6 secs   av.it.:   6.7
      thresh= 1.000E-02 alpha_mix =  0.700 |ddv_scf|^2 =  2.908E-08

      iter #   2 total cpu time :109758.8 secs   av.it.:  21.2
      thresh= 1.705E-05 alpha_mix =  0.700 |ddv_scf|^2 =  9.367E-09

      iter #   3 total cpu time :114448.3 secs   av.it.:  21.7
      thresh= 9.678E-06 alpha_mix =  0.700 |ddv_scf|^2 =  2.353E-10

      iter #   4 total cpu time :119199.9 secs   av.it.:  22.1
      thresh= 1.534E-06 alpha_mix =  0.700 |ddv_scf|^2 =  6.604E-12

      iter #   5 total cpu time :123879.3 secs   av.it.:  22.1
      thresh= 2.570E-07 alpha_mix =  0.700 |ddv_scf|^2 =  3.981E-13

      iter #   6 total cpu time :128596.5 secs   av.it.:  22.1
      thresh= 6.310E-08 alpha_mix =  0.700 |ddv_scf|^2 =  2.635E-14

      iter #   7 total cpu time :133449.0 secs   av.it.:  22.8
      thresh= 1.623E-08 alpha_mix =  0.700 |ddv_scf|^2 =  1.640E-15

     End of self-consistent calculation

     Convergence has been achieved 


     Representation #   4 modes #  10  11  12

     Self-consistent Calculation

      iter #   1 total cpu time :136485.0 secs   av.it.:   9.3
      thresh= 1.000E-02 alpha_mix =  0.700 |ddv_scf|^2 =  4.804E-08

      iter #   2 total cpu time :141499.7 secs   av.it.:  24.1
      thresh= 2.192E-05 alpha_mix =  0.700 |ddv_scf|^2 =  2.719E-08

      iter #   3 total cpu time :146303.1 secs   av.it.:  23.4
      thresh= 1.649E-05 alpha_mix =  0.700 |ddv_scf|^2 =  6.505E-11

      iter #   4 total cpu time :151266.4 secs   av.it.:  24.4
      thresh= 8.066E-07 alpha_mix =  0.700 |ddv_scf|^2 =  4.922E-12

      iter #   5 total cpu time :156139.2 secs   av.it.:  24.1
      thresh= 2.219E-07 alpha_mix =  0.700 |ddv_scf|^2 =  2.918E-13

      iter #   6 total cpu time :160747.3 secs   av.it.:  23.0
      thresh= 5.402E-08 alpha_mix =  0.700 |ddv_scf|^2 =  1.245E-14

      iter #   7 total cpu time :165560.8 secs   av.it.:  24.0
      thresh= 1.116E-08 alpha_mix =  0.700 |ddv_scf|^2 =  6.307E-16

     End of self-consistent calculation

     Convergence has been achieved 


     Representation #   5 modes #  13  14  15

     Self-consistent Calculation

      iter #   1 total cpu time :168568.9 secs   av.it.:   7.9
      thresh= 1.000E-02 alpha_mix =  0.700 |ddv_scf|^2 =  1.125E-08

      iter #   2 total cpu time :173530.0 secs   av.it.:  21.6
      thresh= 1.061E-05 alpha_mix =  0.700 |ddv_scf|^2 =  1.407E-09

      iter #   3 total cpu time :178416.8 secs   av.it.:  21.2
      thresh= 3.751E-06 alpha_mix =  0.700 |ddv_scf|^2 =  1.779E-11

      iter #   4 total cpu time :183277.3 secs   av.it.:  21.7
      thresh= 4.218E-07 alpha_mix =  0.700 |ddv_scf|^2 =  6.999E-13

      iter #   5 total cpu time :187566.5 secs   av.it.:  19.3
      thresh= 8.366E-08 alpha_mix =  0.700 |ddv_scf|^2 =  2.782E-16

     End of self-consistent calculation

     Convergence has been achieved 

     Number of q in the star =    1
     List of q in the star:
          1   0.000000000   0.000000000   0.000000000

          Dielectric constant in cartesian axis 

          (       3.620562707       0.000000000       0.000000000 )
          (       0.000000000       3.620562707       0.000000000 )
          (       0.000000000       0.000000000       3.620562707 )

          Effective charges (d Force / dE) in cartesian axis without acoustic sum rule applied (asr)

           atom    1  Rb    Mean Z*:        1.28032
      Ex  (        1.28032        0.00000        0.00000 )
      Ey  (        0.00000        1.28032        0.00000 )
      Ez  (        0.00000        0.00000        1.28032 )
           atom    2  Zn    Mean Z*:        2.89853
      Ex  (        2.89853        0.00000        0.00000 )
      Ey  (        0.00000        2.89853        0.00000 )
      Ez  (        0.00000        0.00000        2.89853 )
           atom    3  Cl    Mean Z*:       -1.39060
      Ex  (       -0.83089        0.00000        0.00000 )
      Ey  (        0.00000       -0.83089        0.00000 )
      Ez  (        0.00000        0.00000       -2.51004 )
           atom    4  Cl    Mean Z*:       -1.39060
      Ex  (       -0.83089        0.00000        0.00000 )
      Ey  (        0.00000       -2.51004        0.00000 )
      Ez  (        0.00000        0.00000       -0.83089 )
           atom    5  Cl    Mean Z*:       -1.39060
      Ex  (       -2.51004        0.00000        0.00000 )
      Ey  (        0.00000       -0.83089        0.00000 )
      Ez  (        0.00000        0.00000       -0.83089 )

          Effective charges Sum: Mean:        0.00704
              0.00704        0.00000        0.00000
              0.00000        0.00704        0.00000
              0.00000        0.00000        0.00704

          Effective charges (d Force / dE) in cartesian axis with asr applied: 
           atom    1  Rb    Mean Z*:        1.27892
      E*x (        1.27892        0.00000        0.00000 )
      E*y (        0.00000        1.27892        0.00000 )
      E*z (        0.00000        0.00000        1.27892 )
           atom    2  Zn    Mean Z*:        2.89712
      E*x (        2.89712        0.00000        0.00000 )
      E*y (        0.00000        2.89712        0.00000 )
      E*z (        0.00000        0.00000        2.89712 )
           atom    3  Cl    Mean Z*:       -1.39201
      E*x (       -0.83230        0.00000        0.00000 )
      E*y (        0.00000       -0.83230        0.00000 )
      E*z (        0.00000        0.00000       -2.51144 )
           atom    4  Cl    Mean Z*:       -1.39201
      E*x (       -0.83230        0.00000        0.00000 )
      E*y (        0.00000       -2.51144        0.00000 )
      E*z (        0.00000        0.00000       -0.83230 )
           atom    5  Cl    Mean Z*:       -1.39201
      E*x (       -2.51144        0.00000        0.00000 )
      E*y (        0.00000       -0.83230        0.00000 )
      E*z (        0.00000        0.00000       -0.83230 )

     Diagonalizing the dynamical matrix

     q = (    0.000000000   0.000000000   0.000000000 ) 

 **************************************************************************
     freq (    1) =       0.270322 [THz] =       9.016972 [cm-1]
     freq (    2) =       0.270322 [THz] =       9.016972 [cm-1]
     freq (    3) =       0.270322 [THz] =       9.016972 [cm-1]
     freq (    4) =       0.758597 [THz] =      25.304084 [cm-1]
     freq (    5) =       0.758597 [THz] =      25.304084 [cm-1]
     freq (    6) =       0.758597 [THz] =      25.304084 [cm-1]
     freq (    7) =       2.212941 [THz] =      73.815782 [cm-1]
     freq (    8) =       2.212941 [THz] =      73.815782 [cm-1]
     freq (    9) =       2.212941 [THz] =      73.815782 [cm-1]
     freq (   10) =       2.755327 [THz] =      91.907807 [cm-1]
     freq (   11) =       2.755327 [THz] =      91.907807 [cm-1]
     freq (   12) =       2.755327 [THz] =      91.907807 [cm-1]
     freq (   13) =       5.831575 [THz] =     194.520419 [cm-1]
     freq (   14) =       5.831575 [THz] =     194.520419 [cm-1]
     freq (   15) =       5.831575 [THz] =     194.520419 [cm-1]
 **************************************************************************

     Mode symmetry, O_h (m-3m)  point group:

     freq (   1-   3) =          9.0  [cm-1]   --> T_1u G_15  G_4- I  
     freq (   4-   6) =         25.3  [cm-1]   --> T_1u G_15  G_4- I  
     freq (   7-   9) =         73.8  [cm-1]   --> T_1u G_15  G_4- I  
     freq (  10-  12) =         91.9  [cm-1]   --> T_2u G_25  G_5-    
     freq (  13-  15) =        194.5  [cm-1]   --> T_1u G_15  G_4- I  

     PHONON       :   2d 2h 0m CPU   2d 4h 7m WALL

     INITIALIZATION: 
     phq_setup    :      0.44s CPU      0.47s WALL (       1 calls)
     phq_init     :    366.05s CPU    344.17s WALL (       1 calls)

     phq_init     :    366.05s CPU    344.17s WALL (       1 calls)
     set_drhoc    :      0.01s CPU      0.01s WALL (       3 calls)
     init_vloc    :      0.02s CPU      0.02s WALL (       1 calls)
     init_us_1    :      0.20s CPU      0.21s WALL (       1 calls)
     init_us_2    :     21.75s CPU     19.24s WALL (    4872 calls)
     newd         :      1.94s CPU      1.75s WALL (       1 calls)
     dvanqq       :     48.91s CPU     53.59s WALL (       1 calls)
     drho         :    229.64s CPU    205.28s WALL (       1 calls)
     drhous       :    208.77s CPU    181.33s WALL (       1 calls)
     nldyntot     :      0.57s CPU      0.57s WALL (       1 calls)
     cmpt_qdipol  :      0.00s CPU      0.00s WALL (       1 calls)

     DIELECTRIC CONSTANT AND EFFECTIVE CHARGES:
     solve_e      :  37688.54s CPU  39444.17s WALL (       1 calls)
     dielec       :      0.30s CPU      0.30s WALL (       1 calls)
     zstar_eu     :   4752.86s CPU   4668.64s WALL (       1 calls)

     DYNAMICAL MATRIX:
     dynmat0      :     54.17s CPU     51.68s WALL (       1 calls)
     dynmat_us    :     53.94s CPU     51.43s WALL (       1 calls)
     addusdynmat  :      0.00s CPU      0.00s WALL (       1 calls)
     d2ionq       :      0.14s CPU      0.14s WALL (       1 calls)
     dynmatcc     :      0.10s CPU      0.11s WALL (       1 calls)
     phqscf       : 137232.93s CPU 143204.30s WALL (       1 calls)
     dynmatrix    :      0.00s CPU      0.00s WALL (       1 calls)

     phqscf       : 137232.93s CPU 143204.30s WALL (       1 calls)
     solve_linter : 136703.65s CPU 142708.47s WALL (       5 calls)
     sth_kernel   : 166287.63s CPU 173679.07s WALL (      39 calls)
     h_prec       :     60.12s CPU     55.87s WALL (    3528 calls)
     apply_dpot_b :    802.19s CPU    719.44s WALL (    8316 calls)
     ortho        :   1031.60s CPU   1024.83s WALL (   10080 calls)
     cgsolve      : 170258.79s CPU 178180.09s WALL (   10080 calls)
     incdrhoscf   :   1326.45s CPU   1211.35s WALL (   10080 calls)
                                        0.00s GPU  (   10080 calls)
     addusddens   :    168.44s CPU    207.49s WALL (      37 calls)
     dv_of_drho   :      8.22s CPU      8.69s WALL (     120 calls)
     mix_pot      :     10.76s CPU     12.78s WALL (      39 calls)
     drhodv       :    529.24s CPU    495.80s WALL (       5 calls)
     psymdvscf    :    125.96s CPU    126.96s WALL (      32 calls)
     newdq        :     78.39s CPU     78.47s WALL (      39 calls)
     adddvscf     :     55.52s CPU     51.83s WALL (    8316 calls)
     drhodvus     :      1.12s CPU      1.40s WALL (       5 calls)

     dvqpsi_us    :    485.23s CPU    479.58s WALL (    2520 calls)
                                        0.00s GPU  (    2520 calls)
     dvqpsi_us_on :     88.29s CPU     93.92s WALL (    2520 calls)

     add_vuspsi   :   4320.48s CPU   6902.38s WALL (  311776 calls)
     addusdbec    :    911.88s CPU    806.25s WALL (   11340 calls)

     drhodvus     :      1.12s CPU      1.40s WALL (       5 calls)

      General routines
     calbec       :  70431.58s CPU  67375.08s WALL (  681596 calls)
     fft          :     39.74s CPU     47.28s WALL (    2711 calls)
     ffts         :    169.50s CPU    166.99s WALL (    2863 calls)
     fftw         :  12357.56s CPU  11469.89s WALL (11848888 calls)
     davcio       :      0.34s CPU      1.25s WALL (      84 calls)
     write_rec    :      0.05s CPU      0.04s WALL (      44 calls)

      Additional routines
     ch_psi       : 134509.34s CPU 141020.46s WALL (  311776 calls)
     last         :  91192.56s CPU  97967.11s WALL (  311776 calls)
     Hesh         :     80.49s CPU     61.50s WALL (  311776 calls)
     ch_psi_all_k :  91106.17s CPU  97901.34s WALL (  311776 calls)
                                        0.00s GPU  (  311776 calls)
     ch_psi_calbe :  41340.52s CPU  40938.78s WALL (  311776 calls)
                                        0.00s GPU  (  311776 calls)
     h_psi_bgrp   :  40946.82s CPU  40298.74s WALL (  311776 calls)
     h_psi        :  40939.54s CPU  40296.12s WALL (  311776 calls)
     h_psi:pot    :  40811.74s CPU  40181.03s WALL (  311776 calls)
     h_psi:calbec :  23407.97s CPU  21144.59s WALL (  311776 calls)
     s_psi_bgrp   :   7430.38s CPU  11290.31s WALL (  633884 calls)
     s_psi        :   7335.55s CPU  11175.59s WALL (  633884 calls)


     PHONON       :   2d 2h 0m CPU   2d 4h 7m WALL


   This run was terminated on:  22:51:10  18Apr2025            

=------------------------------------------------------------------------------=
   JOB DONE.
=------------------------------------------------------------------------------=
