
     Program PHONON v.7.3.1 starts on  9Apr2025 at  9: 5:44 

     This program is part of the open-source Quantum ESPRESSO suite
     for quantum simulation of materials; please cite
         "P. Giannozzi et al., J. Phys.:Condens. Matter 21 395502 (2009);
         "P. Giannozzi et al., J. Phys.:Condens. Matter 29 465901 (2017);
         "P. Giannozzi et al., J. Chem. Phys. 152 154105 (2020);
          URL http://www.quantum-espresso.org", 
     in publications or presentations arising from this work. More details at
     http://www.quantum-espresso.org/quote

     Parallel version (MPI), running on     8 processors

     MPI processes distributed on     1 nodes
     59328 MiB available memory on the printing compute node when the environment starts

     Waiting for input...
     Reading input from standard input
      Title line not specified: using 'default'.

     Reading xml data from directory:

     ./tmp/caces3.save/

     R & G space division:  proc/nbgrp/npool/nimage =       8
     Subspace diagonalization in iterative solution of the eigenvalue problem:
     a serial algorithm will be used

     file Ca.pbe-spn-kjpaw_psl.1.0.0.UPF: wavefunction(s)  3S renormalized
     file Ce.pbe-spdn-kjpaw_psl.1.0.0.UPF: wavefunction(s)  5D renormalized
     file S.pbe-n-kjpaw_psl.1.0.0.UPF: wavefunction(s)  3S 3P renormalized

     IMPORTANT: XC functional enforced from input :
     Exchange-correlation= PBE
                           (   1   4   3   4   0   0   0)
     Any further DFT definition will be discarded
     Please, verify this is what you really want


     Parallelization info
     --------------------
     sticks:   dense  smooth     PW     G-vecs:    dense   smooth      PW
     Min         583     292     83                29967    10602    1599
     Max         584     293     84                29970    10605    1602
     Sum        4669    2337    665               239745    84823   12797

     Using Slab Decomposition

     Reading collected, re-writing distributed wavefunctions in ./tmp/

     Number and degeneracy of irreps per q-point
       N         xq(1)         xq(2)         xq(3)   N irreps
  autoval = -.7051E+00
     Irreps are as follows:

                     mode #   1
                     (  -0.00000  -0.00000   ) 
                     (  -0.00000  -0.00000   ) 
                     (  -0.00000  -0.00000   ) 
                     (  -0.00000  -0.00000   ) 
                     (  -0.00000  -0.00000   ) 
                     (  -0.00000  -0.00000   ) 
                     (  -0.10353  -0.00000   ) 
                     (  -0.00000  -0.00000   ) 
                     (   0.00000  -0.00000   ) 
                     (  -0.70331  -0.00000   ) 
                     (  -0.00000  -0.00000   ) 
                     (  -0.00000  -0.00000   ) 
                     (  -0.70331  -0.00000   ) 
                     (   0.00000  -0.00000   ) 
                     (  -0.00000  -0.00000   ) 
  autoval = -.7051E+00
     Irreps are as follows:

                     mode #   2
                     (  -0.00000  -0.00000   ) 
                     (  -0.00000  -0.00000   ) 
                     (  -0.00000  -0.00000   ) 
                     (  -0.00000  -0.00000   ) 
                     (  -0.00000  -0.00000   ) 
                     (  -0.00000  -0.00000   ) 
                     (  -0.00000  -0.00000   ) 
                     (  -0.70331  -0.00000   ) 
                     (   0.00000  -0.00000   ) 
                     (  -0.00000  -0.00000   ) 
                     (  -0.10353  -0.00000   ) 
                     (   0.00000  -0.00000   ) 
                     (   0.00000  -0.00000   ) 
                     (  -0.70331  -0.00000   ) 
                     (  -0.00000  -0.00000   ) 
  autoval = -.7051E+00
     Irreps are as follows:

                     mode #   3
                     (  -0.00000  -0.00000   ) 
                     (  -0.00000  -0.00000   ) 
                     (  -0.00000  -0.00000   ) 
                     (  -0.00000  -0.00000   ) 
                     (  -0.00000  -0.00000   ) 
                     (  -0.00000  -0.00000   ) 
                     (  -0.00000  -0.00000   ) 
                     (   0.00000  -0.00000   ) 
                     (  -0.70331  -0.00000   ) 
                     (  -0.00000  -0.00000   ) 
                     (   0.00000  -0.00000   ) 
                     (  -0.70331  -0.00000   ) 
                     (  -0.00000  -0.00000   ) 
                     (   0.00000  -0.00000   ) 
                     (  -0.10353  -0.00000   ) 
  autoval = 0.9508E-01
     Irreps are as follows:

                     mode #   4
                     (  -0.00000  -0.00000   ) 
                     (  -0.00000  -0.00000   ) 
                     (  -0.00000  -0.00000   ) 
                     (  -0.00000  -0.00000   ) 
                     (  -0.00000  -0.00000   ) 
                     (  -0.00000  -0.00000   ) 
                     (  -0.00000  -0.00000   ) 
                     (  -0.70711  -0.00000   ) 
                     (  -0.00000   0.00000   ) 
                     (  -0.00000  -0.00000   ) 
                     (   0.00000  -0.00000   ) 
                     (  -0.00000   0.00000   ) 
                     (   0.00000  -0.00000   ) 
                     (   0.70711  -0.00000   ) 
                     (   0.00000  -0.00000   ) 
  autoval = 0.9508E-01
     Irreps are as follows:

                     mode #   5
                     (  -0.00000  -0.00000   ) 
                     (  -0.00000  -0.00000   ) 
                     (  -0.00000  -0.00000   ) 
                     (  -0.00000  -0.00000   ) 
                     (  -0.00000  -0.00000   ) 
                     (  -0.00000  -0.00000   ) 
                     (  -0.00000  -0.00000   ) 
                     (  -0.00000  -0.00000   ) 
                     (  -0.33962  -0.00000   ) 
                     (   0.62021  -0.00000   ) 
                     (  -0.00000  -0.00000   ) 
                     (   0.33962  -0.00000   ) 
                     (  -0.62021  -0.00000   ) 
                     (   0.00000  -0.00000   ) 
                     (  -0.00000  -0.00000   ) 
  autoval = 0.9508E-01
     Irreps are as follows:

                     mode #   6
                     (  -0.00000   0.00000   ) 
                     (  -0.00000   0.00000   ) 
                     (  -0.00000   0.00000   ) 
                     (  -0.00000   0.00000   ) 
                     (  -0.00000   0.00000   ) 
                     (  -0.00000   0.00000   ) 
                     (  -0.00000  -0.00000   ) 
                     (  -0.00000  -0.00000   ) 
                     (  -0.62021  -0.00000   ) 
                     (  -0.33962  -0.00000   ) 
                     (  -0.00000  -0.00000   ) 
                     (   0.62021   0.00000   ) 
                     (   0.33962   0.00000   ) 
                     (   0.00000   0.00000   ) 
                     (  -0.00000   0.00000   ) 
  autoval = 0.3752E+00
     Irreps are as follows:

                     mode #   7
                     (  -0.00000  -0.00000   ) 
                     (  -0.00000  -0.00000   ) 
                     (  -0.00000  -0.00000   ) 
                     (  -1.00000  -0.00000   ) 
                     (  -0.00000  -0.00000   ) 
                     (  -0.00000  -0.00000   ) 
                     (  -0.00000  -0.00000   ) 
                     (  -0.00000  -0.00000   ) 
                     (  -0.00000  -0.00000   ) 
                     (  -0.00000  -0.00000   ) 
                     (  -0.00000  -0.00000   ) 
                     (  -0.00000  -0.00000   ) 
                     (  -0.00000  -0.00000   ) 
                     (  -0.00000  -0.00000   ) 
                     (  -0.00000  -0.00000   ) 
  autoval = 0.3752E+00
     Irreps are as follows:

                     mode #   8
                     (  -0.00000  -0.00000   ) 
                     (  -0.00000  -0.00000   ) 
                     (  -0.00000  -0.00000   ) 
                     (  -0.00000  -0.00000   ) 
                     (  -1.00000  -0.00000   ) 
                     (  -0.00000  -0.00000   ) 
                     (  -0.00000  -0.00000   ) 
                     (  -0.00000  -0.00000   ) 
                     (  -0.00000  -0.00000   ) 
                     (  -0.00000  -0.00000   ) 
                     (  -0.00000  -0.00000   ) 
                     (  -0.00000  -0.00000   ) 
                     (  -0.00000  -0.00000   ) 
                     (  -0.00000  -0.00000   ) 
                     (  -0.00000  -0.00000   ) 
  autoval = 0.3752E+00
     Irreps are as follows:

                     mode #   9
                     (  -0.00000  -0.00000   ) 
                     (  -0.00000  -0.00000   ) 
                     (  -0.00000  -0.00000   ) 
                     (  -0.00000  -0.00000   ) 
                     (  -0.00000  -0.00000   ) 
                     (  -1.00000  -0.00000   ) 
                     (  -0.00000  -0.00000   ) 
                     (  -0.00000  -0.00000   ) 
                     (  -0.00000  -0.00000   ) 
                     (  -0.00000  -0.00000   ) 
                     (  -0.00000  -0.00000   ) 
                     (  -0.00000  -0.00000   ) 
                     (  -0.00000  -0.00000   ) 
                     (  -0.00000  -0.00000   ) 
                     (  -0.00000  -0.00000   ) 
  autoval = 0.6682E+00
     Irreps are as follows:

                     mode #  10
                     (  -1.00000  -0.00000   ) 
                     (  -0.00000  -0.00000   ) 
                     (  -0.00000  -0.00000   ) 
                     (  -0.00000  -0.00000   ) 
                     (  -0.00000  -0.00000   ) 
                     (  -0.00000  -0.00000   ) 
                     (  -0.00000  -0.00000   ) 
                     (  -0.00000  -0.00000   ) 
                     (  -0.00000  -0.00000   ) 
                     (  -0.00000  -0.00000   ) 
                     (  -0.00000  -0.00000   ) 
                     (  -0.00000  -0.00000   ) 
                     (  -0.00000  -0.00000   ) 
                     (  -0.00000  -0.00000   ) 
                     (  -0.00000  -0.00000   ) 
  autoval = 0.6682E+00
     Irreps are as follows:

                     mode #  11
                     (  -0.00000  -0.00000   ) 
                     (  -1.00000  -0.00000   ) 
                     (  -0.00000  -0.00000   ) 
                     (  -0.00000  -0.00000   ) 
                     (  -0.00000  -0.00000   ) 
                     (  -0.00000  -0.00000   ) 
                     (  -0.00000  -0.00000   ) 
                     (  -0.00000  -0.00000   ) 
                     (  -0.00000  -0.00000   ) 
                     (  -0.00000  -0.00000   ) 
                     (  -0.00000  -0.00000   ) 
                     (  -0.00000  -0.00000   ) 
                     (  -0.00000  -0.00000   ) 
                     (  -0.00000  -0.00000   ) 
                     (  -0.00000  -0.00000   ) 
  autoval = 0.6682E+00
     Irreps are as follows:

                     mode #  12
                     (  -0.00000  -0.00000   ) 
                     (  -0.00000  -0.00000   ) 
                     (  -1.00000  -0.00000   ) 
                     (  -0.00000  -0.00000   ) 
                     (  -0.00000  -0.00000   ) 
                     (  -0.00000  -0.00000   ) 
                     (  -0.00000  -0.00000   ) 
                     (  -0.00000  -0.00000   ) 
                     (  -0.00000  -0.00000   ) 
                     (  -0.00000  -0.00000   ) 
                     (  -0.00000  -0.00000   ) 
                     (  -0.00000  -0.00000   ) 
                     (  -0.00000  -0.00000   ) 
                     (  -0.00000  -0.00000   ) 
                     (  -0.00000  -0.00000   ) 
  autoval = 0.2326E+01
     Irreps are as follows:

                     mode #  13
                     (  -0.00000  -0.00000   ) 
                     (  -0.00000  -0.00000   ) 
                     (  -0.00000  -0.00000   ) 
                     (  -0.00000  -0.00000   ) 
                     (  -0.00000  -0.00000   ) 
                     (  -0.00000  -0.00000   ) 
                     (  -0.00000  -0.00000   ) 
                     (  -0.07320  -0.00000   ) 
                     (   0.00100  -0.00000   ) 
                     (  -0.00000  -0.00000   ) 
                     (   0.99453  -0.00000   ) 
                     (   0.00100  -0.00000   ) 
                     (   0.00000  -0.00000   ) 
                     (  -0.07320  -0.00000   ) 
                     (  -0.01363  -0.00000   ) 
  autoval = 0.2326E+01
     Irreps are as follows:

                     mode #  14
                     (  -0.00000  -0.00000   ) 
                     (  -0.00000  -0.00000   ) 
                     (  -0.00000  -0.00000   ) 
                     (  -0.00000  -0.00000   ) 
                     (  -0.00000  -0.00000   ) 
                     (  -0.00000  -0.00000   ) 
                     (  -0.99463  -0.00000   ) 
                     (  -0.00000  -0.00000   ) 
                     (   0.00000  -0.00000   ) 
                     (   0.07320  -0.00000   ) 
                     (   0.00000  -0.00000   ) 
                     (  -0.00000  -0.00000   ) 
                     (   0.07320  -0.00000   ) 
                     (  -0.00000  -0.00000   ) 
                     (  -0.00000  -0.00000   ) 
  autoval = 0.2326E+01
     Irreps are as follows:

                     mode #  15
                     (  -0.00000   0.00000   ) 
                     (  -0.00000   0.00000   ) 
                     (  -0.00000   0.00000   ) 
                     (  -0.00000   0.00000   ) 
                     (  -0.00000   0.00000   ) 
                     (  -0.00000   0.00000   ) 
                     (  -0.00000   0.00000   ) 
                     (  -0.00100  -0.00000   ) 
                     (  -0.07320  -0.00000   ) 
                     (  -0.00000   0.00000   ) 
                     (   0.01363   0.00000   ) 
                     (  -0.07320  -0.00000   ) 
                     (   0.00000   0.00000   ) 
                     (  -0.00100  -0.00000   ) 
                     (   0.99453   0.00000   ) 
       1   0.000000000   0.000000000   0.000000000       5
        3   3   3   3   3

     Calculation of q =    0.0000000   0.0000000   0.0000000

     default                                                                    

     bravais-lattice index     =            0
     lattice parameter (alat)  =       9.5697  a.u.
     unit-cell volume          =     876.3868 (a.u.)^3
     number of atoms/cell      =            5
     number of atomic types    =            3
     kinetic-energy cut-off    =      80.0000  Ry
     charge density cut-off    =     640.0000  Ry
     convergence threshold     =      1.0E-14
     beta                      =       0.7000
     number of iterations used =            4
     Exchange-correlation= PBE
                           (   1   4   3   4   0   0   0)


     celldm(1)=    9.56971  celldm(2)=    0.00000  celldm(3)=    0.00000
     celldm(4)=    0.00000  celldm(5)=    0.00000  celldm(6)=    0.00000

     crystal axes: (cart. coord. in units of alat)
               a(1) = (  1.0000  0.0000  0.0000 )  
               a(2) = (  0.0000  1.0000  0.0000 )  
               a(3) = (  0.0000  0.0000  1.0000 )  

     reciprocal axes: (cart. coord. in units 2 pi/alat)
               b(1) = (  1.0000  0.0000  0.0000 )  
               b(2) = (  0.0000  1.0000  0.0000 )  
               b(3) = (  0.0000  0.0000  1.0000 )  


     Atoms inside the unit cell: 

     Cartesian axes

     site n.  atom      mass           positions (alat units)
        1  Ca     40.0780   tau(    1) = (    0.00000    0.00000    0.00000  )
        2  Ce    140.1160   tau(    2) = (    0.50000    0.50000    0.50000  )
        3  S      32.0600   tau(    3) = (    0.50000    0.00000    0.00000  )
        4  S      32.0600   tau(    4) = (    0.00000    0.50000    0.00000  )
        5  S      32.0600   tau(    5) = (    0.00000    0.00000    0.50000  )

     Computing dynamical matrix for 
                    q = (   0.0000000   0.0000000   0.0000000 )

     49 Sym.Ops. (with q -> -q+G )

                                    s                        frac. trans.

      isym =  1     identity                                     

 cryst.   s( 1) = (     1          0          0      )
                  (     0          1          0      )
                  (     0          0          1      )

 cart.    s( 1) = (  1.0000000  0.0000000  0.0000000 )
                  (  0.0000000  1.0000000  0.0000000 )
                  (  0.0000000  0.0000000  1.0000000 )


      isym =  2     180 deg rotation - cart. axis [0,0,1]        

 cryst.   s( 2) = (    -1          0          0      )
                  (     0         -1          0      )
                  (     0          0          1      )

 cart.    s( 2) = ( -1.0000000  0.0000000  0.0000000 )
                  (  0.0000000 -1.0000000  0.0000000 )
                  (  0.0000000  0.0000000  1.0000000 )


      isym =  3     180 deg rotation - cart. axis [0,1,0]        

 cryst.   s( 3) = (    -1          0          0      )
                  (     0          1          0      )
                  (     0          0         -1      )

 cart.    s( 3) = ( -1.0000000  0.0000000  0.0000000 )
                  (  0.0000000  1.0000000  0.0000000 )
                  (  0.0000000  0.0000000 -1.0000000 )


      isym =  4     180 deg rotation - cart. axis [1,0,0]        

 cryst.   s( 4) = (     1          0          0      )
                  (     0         -1          0      )
                  (     0          0         -1      )

 cart.    s( 4) = (  1.0000000  0.0000000  0.0000000 )
                  (  0.0000000 -1.0000000  0.0000000 )
                  (  0.0000000  0.0000000 -1.0000000 )


      isym =  5     180 deg rotation - cart. axis [1,1,0]        

 cryst.   s( 5) = (     0          1          0      )
                  (     1          0          0      )
                  (     0          0         -1      )

 cart.    s( 5) = (  0.0000000  1.0000000  0.0000000 )
                  (  1.0000000  0.0000000  0.0000000 )
                  (  0.0000000  0.0000000 -1.0000000 )


      isym =  6     180 deg rotation - cart. axis [1,-1,0]       

 cryst.   s( 6) = (     0         -1          0      )
                  (    -1          0          0      )
                  (     0          0         -1      )

 cart.    s( 6) = (  0.0000000 -1.0000000  0.0000000 )
                  ( -1.0000000  0.0000000  0.0000000 )
                  (  0.0000000  0.0000000 -1.0000000 )


      isym =  7      90 deg rotation - cart. axis [0,0,-1]       

 cryst.   s( 7) = (     0         -1          0      )
                  (     1          0          0      )
                  (     0          0          1      )

 cart.    s( 7) = (  0.0000000  1.0000000  0.0000000 )
                  ( -1.0000000  0.0000000  0.0000000 )
                  (  0.0000000  0.0000000  1.0000000 )


      isym =  8      90 deg rotation - cart. axis [0,0,1]        

 cryst.   s( 8) = (     0          1          0      )
                  (    -1          0          0      )
                  (     0          0          1      )

 cart.    s( 8) = (  0.0000000 -1.0000000  0.0000000 )
                  (  1.0000000  0.0000000  0.0000000 )
                  (  0.0000000  0.0000000  1.0000000 )


      isym =  9     180 deg rotation - cart. axis [1,0,1]        

 cryst.   s( 9) = (     0          0          1      )
                  (     0         -1          0      )
                  (     1          0          0      )

 cart.    s( 9) = (  0.0000000  0.0000000  1.0000000 )
                  (  0.0000000 -1.0000000  0.0000000 )
                  (  1.0000000  0.0000000  0.0000000 )


      isym = 10     180 deg rotation - cart. axis [-1,0,1]       

 cryst.   s(10) = (     0          0         -1      )
                  (     0         -1          0      )
                  (    -1          0          0      )

 cart.    s(10) = (  0.0000000  0.0000000 -1.0000000 )
                  (  0.0000000 -1.0000000  0.0000000 )
                  ( -1.0000000  0.0000000  0.0000000 )


      isym = 11      90 deg rotation - cart. axis [0,1,0]        

 cryst.   s(11) = (     0          0         -1      )
                  (     0          1          0      )
                  (     1          0          0      )

 cart.    s(11) = (  0.0000000  0.0000000  1.0000000 )
                  (  0.0000000  1.0000000  0.0000000 )
                  ( -1.0000000  0.0000000  0.0000000 )


      isym = 12      90 deg rotation - cart. axis [0,-1,0]       

 cryst.   s(12) = (     0          0          1      )
                  (     0          1          0      )
                  (    -1          0          0      )

 cart.    s(12) = (  0.0000000  0.0000000 -1.0000000 )
                  (  0.0000000  1.0000000  0.0000000 )
                  (  1.0000000  0.0000000  0.0000000 )


      isym = 13     180 deg rotation - cart. axis [0,1,1]        

 cryst.   s(13) = (    -1          0          0      )
                  (     0          0          1      )
                  (     0          1          0      )

 cart.    s(13) = ( -1.0000000  0.0000000  0.0000000 )
                  (  0.0000000  0.0000000  1.0000000 )
                  (  0.0000000  1.0000000  0.0000000 )


      isym = 14     180 deg rotation - cart. axis [0,1,-1]       

 cryst.   s(14) = (    -1          0          0      )
                  (     0          0         -1      )
                  (     0         -1          0      )

 cart.    s(14) = ( -1.0000000  0.0000000  0.0000000 )
                  (  0.0000000  0.0000000 -1.0000000 )
                  (  0.0000000 -1.0000000  0.0000000 )


      isym = 15      90 deg rotation - cart. axis [-1,0,0]       

 cryst.   s(15) = (     1          0          0      )
                  (     0          0         -1      )
                  (     0          1          0      )

 cart.    s(15) = (  1.0000000  0.0000000  0.0000000 )
                  (  0.0000000  0.0000000  1.0000000 )
                  (  0.0000000 -1.0000000  0.0000000 )


      isym = 16      90 deg rotation - cart. axis [1,0,0]        

 cryst.   s(16) = (     1          0          0      )
                  (     0          0          1      )
                  (     0         -1          0      )

 cart.    s(16) = (  1.0000000  0.0000000  0.0000000 )
                  (  0.0000000  0.0000000 -1.0000000 )
                  (  0.0000000  1.0000000  0.0000000 )


      isym = 17     120 deg rotation - cart. axis [-1,-1,-1]     

 cryst.   s(17) = (     0          0          1      )
                  (     1          0          0      )
                  (     0          1          0      )

 cart.    s(17) = (  0.0000000  1.0000000  0.0000000 )
                  (  0.0000000  0.0000000  1.0000000 )
                  (  1.0000000  0.0000000  0.0000000 )


      isym = 18     120 deg rotation - cart. axis [-1,1,1]       

 cryst.   s(18) = (     0          0         -1      )
                  (    -1          0          0      )
                  (     0          1          0      )

 cart.    s(18) = (  0.0000000 -1.0000000  0.0000000 )
                  (  0.0000000  0.0000000  1.0000000 )
                  ( -1.0000000  0.0000000  0.0000000 )


      isym = 19     120 deg rotation - cart. axis [1,1,-1]       

 cryst.   s(19) = (     0          0         -1      )
                  (     1          0          0      )
                  (     0         -1          0      )

 cart.    s(19) = (  0.0000000  1.0000000  0.0000000 )
                  (  0.0000000  0.0000000 -1.0000000 )
                  ( -1.0000000  0.0000000  0.0000000 )


      isym = 20     120 deg rotation - cart. axis [1,-1,1]       

 cryst.   s(20) = (     0          0          1      )
                  (    -1          0          0      )
                  (     0         -1          0      )

 cart.    s(20) = (  0.0000000 -1.0000000  0.0000000 )
                  (  0.0000000  0.0000000 -1.0000000 )
                  (  1.0000000  0.0000000  0.0000000 )


      isym = 21     120 deg rotation - cart. axis [1,1,1]        

 cryst.   s(21) = (     0          1          0      )
                  (     0          0          1      )
                  (     1          0          0      )

 cart.    s(21) = (  0.0000000  0.0000000  1.0000000 )
                  (  1.0000000  0.0000000  0.0000000 )
                  (  0.0000000  1.0000000  0.0000000 )


      isym = 22     120 deg rotation - cart. axis [-1,1,-1]      

 cryst.   s(22) = (     0         -1          0      )
                  (     0          0         -1      )
                  (     1          0          0      )

 cart.    s(22) = (  0.0000000  0.0000000  1.0000000 )
                  ( -1.0000000  0.0000000  0.0000000 )
                  (  0.0000000 -1.0000000  0.0000000 )


      isym = 23     120 deg rotation - cart. axis [1,-1,-1]      

 cryst.   s(23) = (     0         -1          0      )
                  (     0          0          1      )
                  (    -1          0          0      )

 cart.    s(23) = (  0.0000000  0.0000000 -1.0000000 )
                  ( -1.0000000  0.0000000  0.0000000 )
                  (  0.0000000  1.0000000  0.0000000 )


      isym = 24     120 deg rotation - cart. axis [-1,-1,1]      

 cryst.   s(24) = (     0          1          0      )
                  (     0          0         -1      )
                  (    -1          0          0      )

 cart.    s(24) = (  0.0000000  0.0000000 -1.0000000 )
                  (  1.0000000  0.0000000  0.0000000 )
                  (  0.0000000 -1.0000000  0.0000000 )


      isym = 25     inversion                                    

 cryst.   s(25) = (    -1          0          0      )
                  (     0         -1          0      )
                  (     0          0         -1      )

 cart.    s(25) = ( -1.0000000  0.0000000  0.0000000 )
                  (  0.0000000 -1.0000000  0.0000000 )
                  (  0.0000000  0.0000000 -1.0000000 )


      isym = 26     inv. 180 deg rotation - cart. axis [0,0,1]   

 cryst.   s(26) = (     1          0          0      )
                  (     0          1          0      )
                  (     0          0         -1      )

 cart.    s(26) = (  1.0000000  0.0000000  0.0000000 )
                  (  0.0000000  1.0000000  0.0000000 )
                  (  0.0000000  0.0000000 -1.0000000 )


      isym = 27     inv. 180 deg rotation - cart. axis [0,1,0]   

 cryst.   s(27) = (     1          0          0      )
                  (     0         -1          0      )
                  (     0          0          1      )

 cart.    s(27) = (  1.0000000  0.0000000  0.0000000 )
                  (  0.0000000 -1.0000000  0.0000000 )
                  (  0.0000000  0.0000000  1.0000000 )


      isym = 28     inv. 180 deg rotation - cart. axis [1,0,0]   

 cryst.   s(28) = (    -1          0          0      )
                  (     0          1          0      )
                  (     0          0          1      )

 cart.    s(28) = ( -1.0000000  0.0000000  0.0000000 )
                  (  0.0000000  1.0000000  0.0000000 )
                  (  0.0000000  0.0000000  1.0000000 )


      isym = 29     inv. 180 deg rotation - cart. axis [1,1,0]   

 cryst.   s(29) = (     0         -1          0      )
                  (    -1          0          0      )
                  (     0          0          1      )

 cart.    s(29) = (  0.0000000 -1.0000000  0.0000000 )
                  ( -1.0000000  0.0000000  0.0000000 )
                  (  0.0000000  0.0000000  1.0000000 )


      isym = 30     inv. 180 deg rotation - cart. axis [1,-1,0]  

 cryst.   s(30) = (     0          1          0      )
                  (     1          0          0      )
                  (     0          0          1      )

 cart.    s(30) = (  0.0000000  1.0000000  0.0000000 )
                  (  1.0000000  0.0000000  0.0000000 )
                  (  0.0000000  0.0000000  1.0000000 )


      isym = 31     inv.  90 deg rotation - cart. axis [0,0,-1]  

 cryst.   s(31) = (     0          1          0      )
                  (    -1          0          0      )
                  (     0          0         -1      )

 cart.    s(31) = (  0.0000000 -1.0000000  0.0000000 )
                  (  1.0000000  0.0000000  0.0000000 )
                  (  0.0000000  0.0000000 -1.0000000 )


      isym = 32     inv.  90 deg rotation - cart. axis [0,0,1]   

 cryst.   s(32) = (     0         -1          0      )
                  (     1          0          0      )
                  (     0          0         -1      )

 cart.    s(32) = (  0.0000000  1.0000000  0.0000000 )
                  ( -1.0000000  0.0000000  0.0000000 )
                  (  0.0000000  0.0000000 -1.0000000 )


      isym = 33     inv. 180 deg rotation - cart. axis [1,0,1]   

 cryst.   s(33) = (     0          0         -1      )
                  (     0          1          0      )
                  (    -1          0          0      )

 cart.    s(33) = (  0.0000000  0.0000000 -1.0000000 )
                  (  0.0000000  1.0000000  0.0000000 )
                  ( -1.0000000  0.0000000  0.0000000 )


      isym = 34     inv. 180 deg rotation - cart. axis [-1,0,1]  

 cryst.   s(34) = (     0          0          1      )
                  (     0          1          0      )
                  (     1          0          0      )

 cart.    s(34) = (  0.0000000  0.0000000  1.0000000 )
                  (  0.0000000  1.0000000  0.0000000 )
                  (  1.0000000  0.0000000  0.0000000 )


      isym = 35     inv.  90 deg rotation - cart. axis [0,1,0]   

 cryst.   s(35) = (     0          0          1      )
                  (     0         -1          0      )
                  (    -1          0          0      )

 cart.    s(35) = (  0.0000000  0.0000000 -1.0000000 )
                  (  0.0000000 -1.0000000  0.0000000 )
                  (  1.0000000  0.0000000  0.0000000 )


      isym = 36     inv.  90 deg rotation - cart. axis [0,-1,0]  

 cryst.   s(36) = (     0          0         -1      )
                  (     0         -1          0      )
                  (     1          0          0      )

 cart.    s(36) = (  0.0000000  0.0000000  1.0000000 )
                  (  0.0000000 -1.0000000  0.0000000 )
                  ( -1.0000000  0.0000000  0.0000000 )


      isym = 37     inv. 180 deg rotation - cart. axis [0,1,1]   

 cryst.   s(37) = (     1          0          0      )
                  (     0          0         -1      )
                  (     0         -1          0      )

 cart.    s(37) = (  1.0000000  0.0000000  0.0000000 )
                  (  0.0000000  0.0000000 -1.0000000 )
                  (  0.0000000 -1.0000000  0.0000000 )


      isym = 38     inv. 180 deg rotation - cart. axis [0,1,-1]  

 cryst.   s(38) = (     1          0          0      )
                  (     0          0          1      )
                  (     0          1          0      )

 cart.    s(38) = (  1.0000000  0.0000000  0.0000000 )
                  (  0.0000000  0.0000000  1.0000000 )
                  (  0.0000000  1.0000000  0.0000000 )


      isym = 39     inv.  90 deg rotation - cart. axis [-1,0,0]  

 cryst.   s(39) = (    -1          0          0      )
                  (     0          0          1      )
                  (     0         -1          0      )

 cart.    s(39) = ( -1.0000000  0.0000000  0.0000000 )
                  (  0.0000000  0.0000000 -1.0000000 )
                  (  0.0000000  1.0000000  0.0000000 )


      isym = 40     inv.  90 deg rotation - cart. axis [1,0,0]   

 cryst.   s(40) = (    -1          0          0      )
                  (     0          0         -1      )
                  (     0          1          0      )

 cart.    s(40) = ( -1.0000000  0.0000000  0.0000000 )
                  (  0.0000000  0.0000000  1.0000000 )
                  (  0.0000000 -1.0000000  0.0000000 )


      isym = 41     inv. 120 deg rotation - cart. axis [-1,-1,-1]

 cryst.   s(41) = (     0          0         -1      )
                  (    -1          0          0      )
                  (     0         -1          0      )

 cart.    s(41) = (  0.0000000 -1.0000000  0.0000000 )
                  (  0.0000000  0.0000000 -1.0000000 )
                  ( -1.0000000  0.0000000  0.0000000 )


      isym = 42     inv. 120 deg rotation - cart. axis [-1,1,1]  

 cryst.   s(42) = (     0          0          1      )
                  (     1          0          0      )
                  (     0         -1          0      )

 cart.    s(42) = (  0.0000000  1.0000000  0.0000000 )
                  (  0.0000000  0.0000000 -1.0000000 )
                  (  1.0000000  0.0000000  0.0000000 )


      isym = 43     inv. 120 deg rotation - cart. axis [1,1,-1]  

 cryst.   s(43) = (     0          0          1      )
                  (    -1          0          0      )
                  (     0          1          0      )

 cart.    s(43) = (  0.0000000 -1.0000000  0.0000000 )
                  (  0.0000000  0.0000000  1.0000000 )
                  (  1.0000000  0.0000000  0.0000000 )


      isym = 44     inv. 120 deg rotation - cart. axis [1,-1,1]  

 cryst.   s(44) = (     0          0         -1      )
                  (     1          0          0      )
                  (     0          1          0      )

 cart.    s(44) = (  0.0000000  1.0000000  0.0000000 )
                  (  0.0000000  0.0000000  1.0000000 )
                  ( -1.0000000  0.0000000  0.0000000 )


      isym = 45     inv. 120 deg rotation - cart. axis [1,1,1]   

 cryst.   s(45) = (     0         -1          0      )
                  (     0          0         -1      )
                  (    -1          0          0      )

 cart.    s(45) = (  0.0000000  0.0000000 -1.0000000 )
                  ( -1.0000000  0.0000000  0.0000000 )
                  (  0.0000000 -1.0000000  0.0000000 )


      isym = 46     inv. 120 deg rotation - cart. axis [-1,1,-1] 

 cryst.   s(46) = (     0          1          0      )
                  (     0          0          1      )
                  (    -1          0          0      )

 cart.    s(46) = (  0.0000000  0.0000000 -1.0000000 )
                  (  1.0000000  0.0000000  0.0000000 )
                  (  0.0000000  1.0000000  0.0000000 )


      isym = 47     inv. 120 deg rotation - cart. axis [1,-1,-1] 

 cryst.   s(47) = (     0          1          0      )
                  (     0          0         -1      )
                  (     1          0          0      )

 cart.    s(47) = (  0.0000000  0.0000000  1.0000000 )
                  (  1.0000000  0.0000000  0.0000000 )
                  (  0.0000000 -1.0000000  0.0000000 )


      isym = 48     inv. 120 deg rotation - cart. axis [-1,-1,1] 

 cryst.   s(48) = (     0         -1          0      )
                  (     0          0          1      )
                  (     1          0          0      )

 cart.    s(48) = (  0.0000000  0.0000000  1.0000000 )
                  ( -1.0000000  0.0000000  0.0000000 )
                  (  0.0000000  1.0000000  0.0000000 )


     This transformation sends q -> -q+G

      isym = 49     identity                                     

 cryst.   s(49) = (     1          0          0      )
                  (     0          1          0      )
                  (     0          0          1      )

 cart.    s(49) = (  1.0000000  0.0000000  0.0000000 )
                  (  0.0000000  1.0000000  0.0000000 )
                  (  0.0000000  0.0000000  1.0000000 )


     G cutoff = 1484.6274  (  29970 G-vectors)     FFT grid: ( 80, 80, 80)
     G cutoff =  742.3137  (  10604 G-vectors)  smooth grid: ( 60, 60, 60)

     number of k points=    20  Methfessel-Paxton smearing, width (Ry)=  0.0100
                       cart. coord. in units 2pi/alat
        k(    1) = (   0.0000000   0.0000000   0.0000000), wk =   0.0092593
        k(    2) = (   0.0000000   0.0000000   0.1666667), wk =   0.0555556
        k(    3) = (   0.0000000   0.0000000   0.3333333), wk =   0.0555556
        k(    4) = (   0.0000000   0.0000000  -0.5000000), wk =   0.0277778
        k(    5) = (   0.0000000   0.1666667   0.1666667), wk =   0.1111111
        k(    6) = (   0.0000000   0.1666667   0.3333333), wk =   0.2222222
        k(    7) = (   0.0000000   0.1666667  -0.5000000), wk =   0.1111111
        k(    8) = (   0.0000000   0.3333333   0.3333333), wk =   0.1111111
        k(    9) = (   0.0000000   0.3333333  -0.5000000), wk =   0.1111111
        k(   10) = (   0.0000000  -0.5000000  -0.5000000), wk =   0.0277778
        k(   11) = (   0.1666667   0.1666667   0.1666667), wk =   0.0740741
        k(   12) = (   0.1666667   0.1666667   0.3333333), wk =   0.2222222
        k(   13) = (   0.1666667   0.1666667  -0.5000000), wk =   0.1111111
        k(   14) = (   0.1666667   0.3333333   0.3333333), wk =   0.2222222
        k(   15) = (   0.1666667   0.3333333  -0.5000000), wk =   0.2222222
        k(   16) = (   0.1666667  -0.5000000  -0.5000000), wk =   0.0555556
        k(   17) = (   0.3333333   0.3333333   0.3333333), wk =   0.0740741
        k(   18) = (   0.3333333   0.3333333  -0.5000000), wk =   0.1111111
        k(   19) = (   0.3333333  -0.5000000  -0.5000000), wk =   0.0555556
        k(   20) = (  -0.5000000  -0.5000000  -0.5000000), wk =   0.0092593

                       cryst. coord.
        k(    1) = (   0.0000000   0.0000000   0.0000000), wk =   0.0092593
        k(    2) = (   0.0000000   0.0000000   0.1666667), wk =   0.0555556
        k(    3) = (   0.0000000   0.0000000   0.3333333), wk =   0.0555556
        k(    4) = (   0.0000000   0.0000000  -0.5000000), wk =   0.0277778
        k(    5) = (   0.0000000   0.1666667   0.1666667), wk =   0.1111111
        k(    6) = (   0.0000000   0.1666667   0.3333333), wk =   0.2222222
        k(    7) = (   0.0000000   0.1666667  -0.5000000), wk =   0.1111111
        k(    8) = (   0.0000000   0.3333333   0.3333333), wk =   0.1111111
        k(    9) = (   0.0000000   0.3333333  -0.5000000), wk =   0.1111111
        k(   10) = (   0.0000000  -0.5000000  -0.5000000), wk =   0.0277778
        k(   11) = (   0.1666667   0.1666667   0.1666667), wk =   0.0740741
        k(   12) = (   0.1666667   0.1666667   0.3333333), wk =   0.2222222
        k(   13) = (   0.1666667   0.1666667  -0.5000000), wk =   0.1111111
        k(   14) = (   0.1666667   0.3333333   0.3333333), wk =   0.2222222
        k(   15) = (   0.1666667   0.3333333  -0.5000000), wk =   0.2222222
        k(   16) = (   0.1666667  -0.5000000  -0.5000000), wk =   0.0555556
        k(   17) = (   0.3333333   0.3333333   0.3333333), wk =   0.0740741
        k(   18) = (   0.3333333   0.3333333  -0.5000000), wk =   0.1111111
        k(   19) = (   0.3333333  -0.5000000  -0.5000000), wk =   0.0555556
        k(   20) = (  -0.5000000  -0.5000000  -0.5000000), wk =   0.0092593

     PseudoPot. # 1 for Ca read from file:
     /home/administrator/Downloads/BURAI/BURAI1.3/pseudopot/Ca.pbe-spn-kjpaw_psl.1.0.0.UPF
     MD5 check sum: b518bfa21c8e9f1b10ff1c7131b15729
     Pseudo is Projector augmented-wave + core cor, Zval = 10.0
     Generated using "atomic" code by A. Dal Corso  v.5.1.2
     Shape of augmentation charge: PSQ
     Using radial grid of 1169 points,  6 beta functions with: 
                l(1) =   0
                l(2) =   0
                l(3) =   1
                l(4) =   1
                l(5) =   2
                l(6) =   2
     Q(r) pseudized with 0 coefficients 


     PseudoPot. # 2 for Ce read from file:
     /home/administrator/Downloads/BURAI/BURAI1.3/pseudopot/Ce.pbe-spdn-kjpaw_psl.1.0.0.UPF
     MD5 check sum: 812d43270a30c3f31dcbe73ad7930501
     Pseudo is Projector augmented-wave + core cor, Zval = 11.0
     Generated using "atomic" code by A. Dal Corso  v.5.1.2
     Shape of augmentation charge: PSQ
     Using radial grid of 1255 points,  6 beta functions with: 
                l(1) =   0
                l(2) =   0
                l(3) =   1
                l(4) =   1
                l(5) =   2
                l(6) =   2
     Q(r) pseudized with 0 coefficients 


     PseudoPot. # 3 for S  read from file:
     /home/administrator/Downloads/BURAI/BURAI1.3/pseudopot/S.pbe-n-kjpaw_psl.1.0.0.UPF
     MD5 check sum: cb96b46a5ee63c4f5db34501b74ad364
     Pseudo is Projector augmented-wave + core cor, Zval =  6.0
     Generated using "atomic" code by A. Dal Corso  v.5.1.2
     Shape of augmentation charge: PSQ
     Using radial grid of 1151 points,  6 beta functions with: 
                l(1) =   0
                l(2) =   0
                l(3) =   1
                l(4) =   1
                l(5) =   2
                l(6) =   2
     Q(r) pseudized with 0 coefficients 


     point group O_h (m-3m) 
     there are 10 classes
     the character table:

       E     8C3   3C2   6C4   6C2'  i     8S6   3s_h  6S4   6s_d 
A_1g   1.00  1.00  1.00  1.00  1.00  1.00  1.00  1.00  1.00  1.00
A_2g   1.00  1.00  1.00 -1.00 -1.00  1.00  1.00  1.00 -1.00 -1.00
E_g    2.00 -1.00  2.00  0.00  0.00  2.00 -1.00  2.00  0.00  0.00
T_1g   3.00  0.00 -1.00  1.00 -1.00  3.00  0.00 -1.00  1.00 -1.00
T_2g   3.00  0.00 -1.00 -1.00  1.00  3.00  0.00 -1.00 -1.00  1.00
A_1u   1.00  1.00  1.00  1.00  1.00 -1.00 -1.00 -1.00 -1.00 -1.00
A_2u   1.00  1.00  1.00 -1.00 -1.00 -1.00 -1.00 -1.00  1.00  1.00
E_u    2.00 -1.00  2.00  0.00  0.00 -2.00  1.00 -2.00  0.00  0.00
T_1u   3.00  0.00 -1.00  1.00 -1.00 -3.00  0.00  1.00 -1.00  1.00
T_2u   3.00  0.00 -1.00 -1.00  1.00 -3.00  0.00  1.00  1.00 -1.00

     the symmetry operations in each class and the name of the first element:

     E        1
                                                                 
     8C3     17   19   20   18   24   21   22   23
                                                                 
     3C2      2    4    3
                                                                 
     6C4      7    8   15   16   12   11
                                                                 
     6C2'     5    6   14   13   10    9
                                                                 
     i       25
                                                                 
     8S6     41   43   44   42   48   45   46   47
                                                                 
     3s_h    26   28   27
                                                                 
     6S4     31   32   39   40   36   35
                                                                 
     6s_d    29   30   38   37   34   33
                                                                 


     Atomic displacements:
     There are    5 irreducible representations

     Representation     1      3 modes -  To be done
     Irreps are as follows:

     mode #   1              mode #   2              mode #   3
     (  -0.00000  -0.00000 ) (  -0.00000  -0.00000 ) (  -0.00000  -0.00000 ) 
     (  -0.00000  -0.00000 ) (  -0.00000  -0.00000 ) (  -0.00000  -0.00000 ) 
     (  -0.00000  -0.00000 ) (  -0.00000  -0.00000 ) (  -0.00000  -0.00000 ) 
     (  -0.00000  -0.00000 ) (  -0.00000  -0.00000 ) (  -0.00000  -0.00000 ) 
     (  -0.00000  -0.00000 ) (  -0.00000  -0.00000 ) (  -0.00000  -0.00000 ) 
     (  -0.00000  -0.00000 ) (  -0.00000  -0.00000 ) (  -0.00000  -0.00000 ) 
     (  -0.10353  -0.00000 ) (  -0.00000  -0.00000 ) (  -0.00000  -0.00000 ) 
     (  -0.00000  -0.00000 ) (  -0.70331  -0.00000 ) (   0.00000  -0.00000 ) 
     (   0.00000  -0.00000 ) (   0.00000  -0.00000 ) (  -0.70331  -0.00000 ) 
     (  -0.70331  -0.00000 ) (  -0.00000  -0.00000 ) (  -0.00000  -0.00000 ) 
     (  -0.00000  -0.00000 ) (  -0.10353  -0.00000 ) (   0.00000  -0.00000 ) 
     (  -0.00000  -0.00000 ) (   0.00000  -0.00000 ) (  -0.70331  -0.00000 ) 
     (  -0.70331  -0.00000 ) (   0.00000  -0.00000 ) (  -0.00000  -0.00000 ) 
     (   0.00000  -0.00000 ) (  -0.70331  -0.00000 ) (   0.00000  -0.00000 ) 
     (  -0.00000  -0.00000 ) (  -0.00000  -0.00000 ) (  -0.10353  -0.00000 ) 

     Representation     2      3 modes -  To be done
     Irreps are as follows:

     mode #   4              mode #   5              mode #   6
     (  -0.00000  -0.00000 ) (  -0.00000  -0.00000 ) (  -0.00000  -0.00000 ) 
     (  -0.00000  -0.00000 ) (  -0.00000  -0.00000 ) (  -0.00000  -0.00000 ) 
     (  -0.00000  -0.00000 ) (  -0.00000  -0.00000 ) (  -0.00000  -0.00000 ) 
     (  -1.00000  -0.00000 ) (  -0.00000  -0.00000 ) (  -0.00000  -0.00000 ) 
     (  -0.00000  -0.00000 ) (  -1.00000  -0.00000 ) (  -0.00000  -0.00000 ) 
     (  -0.00000  -0.00000 ) (  -0.00000  -0.00000 ) (  -1.00000  -0.00000 ) 
     (  -0.00000  -0.00000 ) (  -0.00000  -0.00000 ) (  -0.00000  -0.00000 ) 
     (  -0.00000  -0.00000 ) (  -0.00000  -0.00000 ) (  -0.00000  -0.00000 ) 
     (  -0.00000  -0.00000 ) (  -0.00000  -0.00000 ) (  -0.00000  -0.00000 ) 
     (  -0.00000  -0.00000 ) (  -0.00000  -0.00000 ) (  -0.00000  -0.00000 ) 
     (  -0.00000  -0.00000 ) (  -0.00000  -0.00000 ) (  -0.00000  -0.00000 ) 
     (  -0.00000  -0.00000 ) (  -0.00000  -0.00000 ) (  -0.00000  -0.00000 ) 
     (  -0.00000  -0.00000 ) (  -0.00000  -0.00000 ) (  -0.00000  -0.00000 ) 
     (  -0.00000  -0.00000 ) (  -0.00000  -0.00000 ) (  -0.00000  -0.00000 ) 
     (  -0.00000  -0.00000 ) (  -0.00000  -0.00000 ) (  -0.00000  -0.00000 ) 

     Representation     3      3 modes -  To be done
     Irreps are as follows:

     mode #   7              mode #   8              mode #   9
     (  -1.00000  -0.00000 ) (  -0.00000  -0.00000 ) (  -0.00000  -0.00000 ) 
     (  -0.00000  -0.00000 ) (  -1.00000  -0.00000 ) (  -0.00000  -0.00000 ) 
     (  -0.00000  -0.00000 ) (  -0.00000  -0.00000 ) (  -1.00000  -0.00000 ) 
     (  -0.00000  -0.00000 ) (  -0.00000  -0.00000 ) (  -0.00000  -0.00000 ) 
     (  -0.00000  -0.00000 ) (  -0.00000  -0.00000 ) (  -0.00000  -0.00000 ) 
     (  -0.00000  -0.00000 ) (  -0.00000  -0.00000 ) (  -0.00000  -0.00000 ) 
     (  -0.00000  -0.00000 ) (  -0.00000  -0.00000 ) (  -0.00000  -0.00000 ) 
     (  -0.00000  -0.00000 ) (  -0.00000  -0.00000 ) (  -0.00000  -0.00000 ) 
     (  -0.00000  -0.00000 ) (  -0.00000  -0.00000 ) (  -0.00000  -0.00000 ) 
     (  -0.00000  -0.00000 ) (  -0.00000  -0.00000 ) (  -0.00000  -0.00000 ) 
     (  -0.00000  -0.00000 ) (  -0.00000  -0.00000 ) (  -0.00000  -0.00000 ) 
     (  -0.00000  -0.00000 ) (  -0.00000  -0.00000 ) (  -0.00000  -0.00000 ) 
     (  -0.00000  -0.00000 ) (  -0.00000  -0.00000 ) (  -0.00000  -0.00000 ) 
     (  -0.00000  -0.00000 ) (  -0.00000  -0.00000 ) (  -0.00000  -0.00000 ) 
     (  -0.00000  -0.00000 ) (  -0.00000  -0.00000 ) (  -0.00000  -0.00000 ) 

     Representation     4      3 modes -  To be done
     Irreps are as follows:

     mode #  10              mode #  11              mode #  12
     (  -0.00000  -0.00000 ) (  -0.00000  -0.00000 ) (  -0.00000   0.00000 ) 
     (  -0.00000  -0.00000 ) (  -0.00000  -0.00000 ) (  -0.00000   0.00000 ) 
     (  -0.00000  -0.00000 ) (  -0.00000  -0.00000 ) (  -0.00000   0.00000 ) 
     (  -0.00000  -0.00000 ) (  -0.00000  -0.00000 ) (  -0.00000   0.00000 ) 
     (  -0.00000  -0.00000 ) (  -0.00000  -0.00000 ) (  -0.00000   0.00000 ) 
     (  -0.00000  -0.00000 ) (  -0.00000  -0.00000 ) (  -0.00000   0.00000 ) 
     (  -0.00000  -0.00000 ) (  -0.99463  -0.00000 ) (  -0.00000   0.00000 ) 
     (  -0.07320  -0.00000 ) (  -0.00000  -0.00000 ) (  -0.00100  -0.00000 ) 
     (   0.00100  -0.00000 ) (   0.00000  -0.00000 ) (  -0.07320  -0.00000 ) 
     (  -0.00000  -0.00000 ) (   0.07320  -0.00000 ) (  -0.00000   0.00000 ) 
     (   0.99453  -0.00000 ) (   0.00000  -0.00000 ) (   0.01363   0.00000 ) 
     (   0.00100  -0.00000 ) (  -0.00000  -0.00000 ) (  -0.07320  -0.00000 ) 
     (   0.00000  -0.00000 ) (   0.07320  -0.00000 ) (   0.00000   0.00000 ) 
     (  -0.07320  -0.00000 ) (  -0.00000  -0.00000 ) (  -0.00100  -0.00000 ) 
     (  -0.01363  -0.00000 ) (  -0.00000  -0.00000 ) (   0.99453   0.00000 ) 

     Representation     5      3 modes -  To be done
     Irreps are as follows:

     mode #  13              mode #  14              mode #  15
     (  -0.00000  -0.00000 ) (  -0.00000  -0.00000 ) (  -0.00000   0.00000 ) 
     (  -0.00000  -0.00000 ) (  -0.00000  -0.00000 ) (  -0.00000   0.00000 ) 
     (  -0.00000  -0.00000 ) (  -0.00000  -0.00000 ) (  -0.00000   0.00000 ) 
     (  -0.00000  -0.00000 ) (  -0.00000  -0.00000 ) (  -0.00000   0.00000 ) 
     (  -0.00000  -0.00000 ) (  -0.00000  -0.00000 ) (  -0.00000   0.00000 ) 
     (  -0.00000  -0.00000 ) (  -0.00000  -0.00000 ) (  -0.00000   0.00000 ) 
     (  -0.00000  -0.00000 ) (  -0.00000  -0.00000 ) (  -0.00000  -0.00000 ) 
     (  -0.70711  -0.00000 ) (  -0.00000  -0.00000 ) (  -0.00000  -0.00000 ) 
     (  -0.00000   0.00000 ) (  -0.33962  -0.00000 ) (  -0.62021  -0.00000 ) 
     (  -0.00000  -0.00000 ) (   0.62021  -0.00000 ) (  -0.33962  -0.00000 ) 
     (   0.00000  -0.00000 ) (  -0.00000  -0.00000 ) (  -0.00000  -0.00000 ) 
     (  -0.00000   0.00000 ) (   0.33962  -0.00000 ) (   0.62021   0.00000 ) 
     (   0.00000  -0.00000 ) (  -0.62021  -0.00000 ) (   0.33962   0.00000 ) 
     (   0.70711  -0.00000 ) (   0.00000  -0.00000 ) (   0.00000   0.00000 ) 
     (   0.00000  -0.00000 ) (  -0.00000  -0.00000 ) (  -0.00000   0.00000 ) 



     Alpha used in Ewald sum =   2.8000
     PHONON       :     37.44s CPU     38.40s WALL



     Representation #   1 modes #   1   2   3

     Self-consistent Calculation

     Pert. #  1: Fermi energy shift (Ry) =     5.8185E-28     1.3051E-54
     Pert. #  2: Fermi energy shift (Ry) =     0.0000E+00     0.0000E+00
     Pert. #  3: Fermi energy shift (Ry) =    -1.4555E-26    -1.2818E-39

      iter #   1 total cpu time :    64.3 secs   av.it.:   6.9
      thresh= 1.000E-02 alpha_mix =  0.700 |ddv_scf|^2 =  4.576E-08

     Pert. #  1: Fermi energy shift (Ry) =    -7.6291E-26    -2.0381E-40
     Pert. #  2: Fermi energy shift (Ry) =    -8.6165E-27    -6.1224E-41
     Pert. #  3: Fermi energy shift (Ry) =    -3.0754E-29    -4.6818E-41

      iter #   2 total cpu time :   110.4 secs   av.it.:  18.7
      thresh= 2.139E-05 alpha_mix =  0.700 |ddv_scf|^2 =  3.846E-08

     Pert. #  1: Fermi energy shift (Ry) =    -1.2109E-27    -6.8480E-42
     Pert. #  2: Fermi energy shift (Ry) =    -1.9387E-26    -3.0612E-41
     Pert. #  3: Fermi energy shift (Ry) =    -4.6386E-27     1.0453E-41

      iter #   3 total cpu time :   155.6 secs   av.it.:  17.9
      thresh= 1.961E-05 alpha_mix =  0.700 |ddv_scf|^2 =  7.946E-11

     Pert. #  1: Fermi energy shift (Ry) =     1.0082E-25    -2.9705E-42
     Pert. #  2: Fermi energy shift (Ry) =    -2.1541E-26     2.8699E-42
     Pert. #  3: Fermi energy shift (Ry) =    -4.2145E-27    -1.3066E-42

      iter #   4 total cpu time :   202.8 secs   av.it.:  18.7
      thresh= 8.914E-07 alpha_mix =  0.700 |ddv_scf|^2 =  1.220E-12

     Pert. #  1: Fermi energy shift (Ry) =    -2.7175E-27    -3.7131E-43
     Pert. #  2: Fermi energy shift (Ry) =     5.1699E-26     3.5873E-43
     Pert. #  3: Fermi energy shift (Ry) =    -4.1417E-27    -1.6332E-43

      iter #   5 total cpu time :   253.4 secs   av.it.:  19.0
      thresh= 1.105E-07 alpha_mix =  0.700 |ddv_scf|^2 =  1.004E-13

     Pert. #  1: Fermi energy shift (Ry) =    -2.7412E-27    -7.4262E-43
     Pert. #  2: Fermi energy shift (Ry) =     5.1699E-26     7.1746E-43
     Pert. #  3: Fermi energy shift (Ry) =    -4.1303E-27    -3.2665E-43

      iter #   6 total cpu time :   300.0 secs   av.it.:  18.5
      thresh= 3.169E-08 alpha_mix =  0.700 |ddv_scf|^2 =  3.488E-15

     End of self-consistent calculation

     Convergence has been achieved 


     Representation #   2 modes #   4   5   6

     Self-consistent Calculation

     Pert. #  1: Fermi energy shift (Ry) =     0.0000E+00     0.0000E+00
     Pert. #  2: Fermi energy shift (Ry) =     0.0000E+00     0.0000E+00
     Pert. #  3: Fermi energy shift (Ry) =     0.0000E+00     0.0000E+00

      iter #   1 total cpu time :   326.9 secs   av.it.:   7.2
      thresh= 1.000E-02 alpha_mix =  0.700 |ddv_scf|^2 =  6.334E-08

     Pert. #  1: Fermi energy shift (Ry) =     0.0000E+00     0.0000E+00
     Pert. #  2: Fermi energy shift (Ry) =     0.0000E+00     0.0000E+00
     Pert. #  3: Fermi energy shift (Ry) =     0.0000E+00     0.0000E+00

      iter #   2 total cpu time :   372.4 secs   av.it.:  18.4
      thresh= 2.517E-05 alpha_mix =  0.700 |ddv_scf|^2 =  3.784E-08

     Pert. #  1: Fermi energy shift (Ry) =     0.0000E+00     0.0000E+00
     Pert. #  2: Fermi energy shift (Ry) =     0.0000E+00     0.0000E+00
     Pert. #  3: Fermi energy shift (Ry) =     0.0000E+00     0.0000E+00

      iter #   3 total cpu time :   417.2 secs   av.it.:  17.9
      thresh= 1.945E-05 alpha_mix =  0.700 |ddv_scf|^2 =  5.898E-10

     Pert. #  1: Fermi energy shift (Ry) =     0.0000E+00     0.0000E+00
     Pert. #  2: Fermi energy shift (Ry) =     0.0000E+00     0.0000E+00
     Pert. #  3: Fermi energy shift (Ry) =     0.0000E+00     0.0000E+00

      iter #   4 total cpu time :   463.1 secs   av.it.:  18.6
      thresh= 2.429E-06 alpha_mix =  0.700 |ddv_scf|^2 =  2.240E-11

     Pert. #  1: Fermi energy shift (Ry) =     0.0000E+00     0.0000E+00
     Pert. #  2: Fermi energy shift (Ry) =     0.0000E+00     0.0000E+00
     Pert. #  3: Fermi energy shift (Ry) =     0.0000E+00     0.0000E+00

      iter #   5 total cpu time :   509.5 secs   av.it.:  19.0
      thresh= 4.733E-07 alpha_mix =  0.700 |ddv_scf|^2 =  7.995E-13

     Pert. #  1: Fermi energy shift (Ry) =     0.0000E+00     0.0000E+00
     Pert. #  2: Fermi energy shift (Ry) =     0.0000E+00     0.0000E+00
     Pert. #  3: Fermi energy shift (Ry) =     0.0000E+00     0.0000E+00

      iter #   6 total cpu time :   556.0 secs   av.it.:  19.0
      thresh= 8.941E-08 alpha_mix =  0.700 |ddv_scf|^2 =  4.521E-14

     Pert. #  1: Fermi energy shift (Ry) =     0.0000E+00     0.0000E+00
     Pert. #  2: Fermi energy shift (Ry) =     0.0000E+00     0.0000E+00
     Pert. #  3: Fermi energy shift (Ry) =     0.0000E+00     0.0000E+00

      iter #   7 total cpu time :   602.3 secs   av.it.:  18.7
      thresh= 2.126E-08 alpha_mix =  0.700 |ddv_scf|^2 =  2.775E-15

     End of self-consistent calculation

     Convergence has been achieved 


     Representation #   3 modes #   7   8   9

     Self-consistent Calculation

     Pert. #  1: Fermi energy shift (Ry) =     0.0000E+00     0.0000E+00
     Pert. #  2: Fermi energy shift (Ry) =     0.0000E+00     0.0000E+00
     Pert. #  3: Fermi energy shift (Ry) =     0.0000E+00     0.0000E+00

      iter #   1 total cpu time :   631.1 secs   av.it.:   8.1
      thresh= 1.000E-02 alpha_mix =  0.700 |ddv_scf|^2 =  1.609E-07

     Pert. #  1: Fermi energy shift (Ry) =     0.0000E+00     0.0000E+00
     Pert. #  2: Fermi energy shift (Ry) =     0.0000E+00     0.0000E+00
     Pert. #  3: Fermi energy shift (Ry) =     0.0000E+00     0.0000E+00

      iter #   2 total cpu time :   678.6 secs   av.it.:  18.9
      thresh= 4.011E-05 alpha_mix =  0.700 |ddv_scf|^2 =  1.390E-07

     Pert. #  1: Fermi energy shift (Ry) =     0.0000E+00     0.0000E+00
     Pert. #  2: Fermi energy shift (Ry) =     0.0000E+00     0.0000E+00
     Pert. #  3: Fermi energy shift (Ry) =     0.0000E+00     0.0000E+00

      iter #   3 total cpu time :   724.5 secs   av.it.:  18.1
      thresh= 3.729E-05 alpha_mix =  0.700 |ddv_scf|^2 =  5.624E-10

     Pert. #  1: Fermi energy shift (Ry) =     0.0000E+00     0.0000E+00
     Pert. #  2: Fermi energy shift (Ry) =     0.0000E+00     0.0000E+00
     Pert. #  3: Fermi energy shift (Ry) =     0.0000E+00     0.0000E+00

      iter #   4 total cpu time :   772.6 secs   av.it.:  19.2
      thresh= 2.372E-06 alpha_mix =  0.700 |ddv_scf|^2 =  1.090E-11

     Pert. #  1: Fermi energy shift (Ry) =     0.0000E+00     0.0000E+00
     Pert. #  2: Fermi energy shift (Ry) =     0.0000E+00     0.0000E+00
     Pert. #  3: Fermi energy shift (Ry) =     0.0000E+00     0.0000E+00

      iter #   5 total cpu time :   819.3 secs   av.it.:  19.0
      thresh= 3.301E-07 alpha_mix =  0.700 |ddv_scf|^2 =  6.738E-13

     Pert. #  1: Fermi energy shift (Ry) =     0.0000E+00     0.0000E+00
     Pert. #  2: Fermi energy shift (Ry) =     0.0000E+00     0.0000E+00
     Pert. #  3: Fermi energy shift (Ry) =     0.0000E+00     0.0000E+00

      iter #   6 total cpu time :   864.6 secs   av.it.:  18.3
      thresh= 8.209E-08 alpha_mix =  0.700 |ddv_scf|^2 =  1.916E-14

     Pert. #  1: Fermi energy shift (Ry) =     0.0000E+00     0.0000E+00
     Pert. #  2: Fermi energy shift (Ry) =     0.0000E+00     0.0000E+00
     Pert. #  3: Fermi energy shift (Ry) =     0.0000E+00     0.0000E+00

      iter #   7 total cpu time :   908.4 secs   av.it.:  17.6
      thresh= 1.384E-08 alpha_mix =  0.700 |ddv_scf|^2 =  1.074E-15

     End of self-consistent calculation

     Convergence has been achieved 


     Representation #   4 modes #  10  11  12

     Self-consistent Calculation

     Pert. #  1: Fermi energy shift (Ry) =     3.4466E-26    -1.5673E-38
     Pert. #  2: Fermi energy shift (Ry) =     1.5617E-26     0.0000E+00
     Pert. #  3: Fermi energy shift (Ry) =    -5.2237E-26     2.1428E-38

      iter #   1 total cpu time :   935.2 secs   av.it.:   6.9
      thresh= 1.000E-02 alpha_mix =  0.700 |ddv_scf|^2 =  4.432E-08

     Pert. #  1: Fermi energy shift (Ry) =    -1.0340E-25    -7.6530E-42
     Pert. #  2: Fermi energy shift (Ry) =     1.4540E-26     0.0000E+00
     Pert. #  3: Fermi energy shift (Ry) =     2.1649E-25     1.0463E-41

      iter #   2 total cpu time :   981.5 secs   av.it.:  18.8
      thresh= 2.105E-05 alpha_mix =  0.700 |ddv_scf|^2 =  3.886E-08

     Pert. #  1: Fermi energy shift (Ry) =     1.8525E-25     1.3010E-40
     Pert. #  2: Fermi energy shift (Ry) =    -1.0905E-26     7.6530E-42
     Pert. #  3: Fermi energy shift (Ry) =    -2.4032E-25    -5.6201E-42

      iter #   3 total cpu time :  1026.4 secs   av.it.:  18.1
      thresh= 1.971E-05 alpha_mix =  0.700 |ddv_scf|^2 =  7.329E-11

     Pert. #  1: Fermi energy shift (Ry) =    -1.2925E-25     9.5662E-43
     Pert. #  2: Fermi energy shift (Ry) =     2.6523E-26     0.0000E+00
     Pert. #  3: Fermi energy shift (Ry) =    -1.3255E-25    -1.3079E-42

      iter #   4 total cpu time :  1073.2 secs   av.it.:  19.2
      thresh= 8.561E-07 alpha_mix =  0.700 |ddv_scf|^2 =  1.755E-12

     Pert. #  1: Fermi energy shift (Ry) =    -9.4781E-26     0.0000E+00
     Pert. #  2: Fermi energy shift (Ry) =    -6.5970E-27    -4.6336E-43
     Pert. #  3: Fermi energy shift (Ry) =     1.2151E-25    -7.0252E-43

      iter #   5 total cpu time :  1120.0 secs   av.it.:  18.7
      thresh= 1.325E-07 alpha_mix =  0.700 |ddv_scf|^2 =  5.698E-14

     Pert. #  1: Fermi energy shift (Ry) =     3.8774E-26     0.0000E+00
     Pert. #  2: Fermi energy shift (Ry) =     1.3665E-26    -4.6336E-43
     Pert. #  3: Fermi energy shift (Ry) =    -3.0494E-26     1.2107E-42

      iter #   6 total cpu time :  1166.8 secs   av.it.:  18.6
      thresh= 2.387E-08 alpha_mix =  0.700 |ddv_scf|^2 =  2.670E-15

     End of self-consistent calculation

     Convergence has been achieved 


     Representation #   5 modes #  13  14  15

     Self-consistent Calculation

     Pert. #  1: Fermi energy shift (Ry) =     0.0000E+00     0.0000E+00
     Pert. #  2: Fermi energy shift (Ry) =    -2.2058E-24     7.8366E-39
     Pert. #  3: Fermi energy shift (Ry) =     2.2058E-24    -4.3101E-38

      iter #   1 total cpu time :  1193.8 secs   av.it.:   6.8
      thresh= 1.000E-02 alpha_mix =  0.700 |ddv_scf|^2 =  1.134E-08

     Pert. #  1: Fermi energy shift (Ry) =    -1.7233E-26     0.0000E+00
     Pert. #  2: Fermi energy shift (Ry) =     1.4217E-25     3.8265E-41
     Pert. #  3: Fermi energy shift (Ry) =     1.7233E-26    -1.5306E-41

      iter #   2 total cpu time :  1242.0 secs   av.it.:  19.1
      thresh= 1.065E-05 alpha_mix =  0.700 |ddv_scf|^2 =  1.753E-09

     Pert. #  1: Fermi energy shift (Ry) =     1.7233E-26    -7.6530E-42
     Pert. #  2: Fermi energy shift (Ry) =     3.4466E-25    -3.8265E-42
     Pert. #  3: Fermi energy shift (Ry) =     6.0315E-26     0.0000E+00

      iter #   3 total cpu time :  1289.6 secs   av.it.:  19.0
      thresh= 4.187E-06 alpha_mix =  0.700 |ddv_scf|^2 =  2.901E-12

     Pert. #  1: Fermi energy shift (Ry) =    -1.8956E-25    -2.3915E-43
     Pert. #  2: Fermi energy shift (Ry) =    -2.6711E-25     5.9789E-43
     Pert. #  3: Fermi energy shift (Ry) =     1.0340E-25     1.0762E-42

      iter #   4 total cpu time :  1336.6 secs   av.it.:  19.0
      thresh= 1.703E-07 alpha_mix =  0.700 |ddv_scf|^2 =  5.029E-14

     Pert. #  1: Fermi energy shift (Ry) =     3.4466E-26     2.3915E-43
     Pert. #  2: Fermi energy shift (Ry) =     1.7233E-26    -7.1746E-43
     Pert. #  3: Fermi energy shift (Ry) =    -6.0315E-26     3.5873E-43

      iter #   5 total cpu time :  1381.7 secs   av.it.:  17.9
      thresh= 2.242E-08 alpha_mix =  0.700 |ddv_scf|^2 =  1.793E-16

     End of self-consistent calculation

     Convergence has been achieved 

     Number of q in the star =    1
     List of q in the star:
          1   0.000000000   0.000000000   0.000000000

     Diagonalizing the dynamical matrix

     q = (    0.000000000   0.000000000   0.000000000 ) 

 **************************************************************************
     freq (    1) =      -4.162129 [THz] =    -138.833679 [cm-1]
     freq (    2) =      -4.162129 [THz] =    -138.833679 [cm-1]
     freq (    3) =      -4.162129 [THz] =    -138.833679 [cm-1]
     freq (    4) =      -3.937483 [THz] =    -131.340279 [cm-1]
     freq (    5) =      -3.937483 [THz] =    -131.340279 [cm-1]
     freq (    6) =      -3.937483 [THz] =    -131.340279 [cm-1]
     freq (    7) =       0.499130 [THz] =      16.649174 [cm-1]
     freq (    8) =       0.499130 [THz] =      16.649174 [cm-1]
     freq (    9) =       0.499130 [THz] =      16.649174 [cm-1]
     freq (   10) =       2.574904 [THz] =      85.889567 [cm-1]
     freq (   11) =       2.574904 [THz] =      85.889567 [cm-1]
     freq (   12) =       2.574904 [THz] =      85.889567 [cm-1]
     freq (   13) =      13.890444 [THz] =     463.335352 [cm-1]
     freq (   14) =      13.890444 [THz] =     463.335352 [cm-1]
     freq (   15) =      13.890444 [THz] =     463.335352 [cm-1]
 **************************************************************************

     Mode symmetry, O_h (m-3m)  point group:

     freq (   1-   3) =       -138.8  [cm-1]   --> T_1u G_15  G_4- I  
     freq (   4-   6) =       -131.3  [cm-1]   --> T_2u G_25  G_5-    
     freq (   7-   9) =         16.6  [cm-1]   --> T_1u G_15  G_4- I  
     freq (  10-  12) =         85.9  [cm-1]   --> T_1u G_15  G_4- I  
     freq (  13-  15) =        463.3  [cm-1]   --> T_1u G_15  G_4- I  

     PHONON       :  21m57.78s CPU  23m 2.59s WALL

     INITIALIZATION: 
     phq_setup    :      0.45s CPU      0.47s WALL (       1 calls)
     phq_init     :     34.94s CPU     35.28s WALL (       1 calls)

     phq_init     :     34.94s CPU     35.28s WALL (       1 calls)
     set_drhoc    :      0.00s CPU      0.00s WALL (       3 calls)
     init_vloc    :      0.02s CPU      0.02s WALL (       1 calls)
     init_us_1    :      0.18s CPU      0.24s WALL (       1 calls)
     init_us_2    :      1.68s CPU      1.83s WALL (     980 calls)
     newd         :      0.39s CPU      0.56s WALL (       1 calls)
     dvanqq       :     24.13s CPU     24.15s WALL (       1 calls)
     drho         :     10.05s CPU     10.35s WALL (       1 calls)
     drhous       :      5.00s CPU      5.27s WALL (       1 calls)
     nldyntot     :      0.10s CPU      0.10s WALL (       1 calls)

     DYNAMICAL MATRIX:
     dynmat0      :      0.54s CPU      0.56s WALL (       1 calls)
     dynmat_us    :      0.42s CPU      0.43s WALL (       1 calls)
     addusdynmat  :      0.00s CPU      0.00s WALL (       1 calls)
     d2ionq       :      0.06s CPU      0.06s WALL (       1 calls)
     dynmatcc     :      0.06s CPU      0.06s WALL (       1 calls)
     phqscf       :   1280.33s CPU   1344.16s WALL (       1 calls)
     dynmatrix    :      0.00s CPU      0.01s WALL (       1 calls)

     phqscf       :   1280.33s CPU   1344.16s WALL (       1 calls)
     solve_linter :   1277.70s CPU   1341.35s WALL (       5 calls)
     sth_kernel   :   1021.13s CPU   1081.25s WALL (      31 calls)
     h_prec       :      0.27s CPU      0.27s WALL (     620 calls)
     apply_dpot_b :     24.64s CPU     27.20s WALL (    1560 calls)
     ortho        :      8.75s CPU      8.96s WALL (    1860 calls)
     cgsolve      :    945.80s CPU    999.23s WALL (    1860 calls)
     incdrhoscf   :     34.59s CPU     37.81s WALL (    1860 calls)
                                        0.00s GPU  (    1860 calls)
     addusddens   :     29.05s CPU     29.14s WALL (      36 calls)
     dv_of_drho   :      3.69s CPU      4.10s WALL (      93 calls)
     mix_pot      :      0.66s CPU      1.15s WALL (      31 calls)
     ef_shift     :      0.37s CPU      0.41s WALL (      31 calls)
     ef_shift_wfc :      0.02s CPU      0.13s WALL (       5 calls)
     localdos     :      3.89s CPU      4.12s WALL (       5 calls)
     drhodv       :      2.62s CPU      2.77s WALL (       5 calls)
     psymdvscf    :     91.22s CPU     92.11s WALL (      31 calls)
     newdq        :     43.85s CPU     43.88s WALL (      31 calls)
     adddvscf     :      4.42s CPU      4.46s WALL (    1560 calls)
     drhodvus     :      0.08s CPU      0.11s WALL (       5 calls)

     dvqpsi_us    :      8.91s CPU      9.46s WALL (     300 calls)
                                        0.00s GPU  (     300 calls)
     dvqpsi_us_on :      3.02s CPU      3.03s WALL (     300 calls)

     add_vuspsi   :     60.93s CPU     61.47s WALL (   54810 calls)
     addusdbec    :      3.86s CPU      4.02s WALL (    2160 calls)

     drhodvus     :      0.08s CPU      0.11s WALL (       5 calls)

      General routines
     calbec       :    128.57s CPU    133.94s WALL (  115140 calls)
     fft          :      5.08s CPU      5.56s WALL (    2100 calls)
     ffts         :      1.68s CPU      1.87s WALL (    2597 calls)
     fftw         :    510.02s CPU    553.06s WALL ( 1442408 calls)
     davcio       :      1.36s CPU      2.52s WALL (    7865 calls)
     write_rec    :      0.02s CPU      0.21s WALL (      36 calls)

      Additional routines
     ch_psi       :    909.90s CPU    962.66s WALL (   54810 calls)
     last         :    157.36s CPU    160.72s WALL (   54810 calls)
     Hesh         :      6.34s CPU      6.44s WALL (   54810 calls)
     ch_psi_all_k :    150.36s CPU    153.67s WALL (   54810 calls)
                                        0.00s GPU  (   54810 calls)
     ch_psi_calbe :     56.61s CPU     58.21s WALL (   54810 calls)
                                        0.00s GPU  (   54810 calls)
     h_psi_bgrp   :    685.34s CPU    734.10s WALL (   54810 calls)
     h_psi        :    685.00s CPU    733.78s WALL (   54810 calls)
     h_psi:pot    :    679.27s CPU    727.98s WALL (   54810 calls)
     h_psi:calbec :     63.39s CPU     66.69s WALL (   54810 calls)
     s_psi_bgrp   :    115.14s CPU    116.19s WALL (  111480 calls)
     s_psi        :    108.32s CPU    109.37s WALL (  111480 calls)


     PHONON       :  21m57.78s CPU  23m 2.59s WALL


   This run was terminated on:   9:28:46   9Apr2025            

=------------------------------------------------------------------------------=
   JOB DONE.
=------------------------------------------------------------------------------=
