
     Program CP v.7.3.1 starts on 15Apr2025 at 15:41:53 

     This program is part of the open-source Quantum ESPRESSO suite
     for quantum simulation of materials; please cite
         "P. Giannozzi et al., J. Phys.:Condens. Matter 21 395502 (2009);
         "P. Giannozzi et al., J. Phys.:Condens. Matter 29 465901 (2017);
         "P. Giannozzi et al., J. Chem. Phys. 152 154105 (2020);
          URL http://www.quantum-espresso.org", 
     in publications or presentations arising from this work. More details at
     http://www.quantum-espresso.org/quote

     Parallel version (MPI), running on     8 processors

     MPI processes distributed on     1 nodes
     R & G space division:  proc/nbgrp/npool/nimage =       8
     56813 MiB available memory on the printing compute node when the environment starts

     Reading input from md.in
Warning: card K_POINTS GAMMA ignored

   Job Title: MD Simulation


   Atomic Pseudopotentials Parameters
   ----------------------------------

   Reading pseudopotential for specie #  1 from file :
   /home/administrator/Downloads/BURAI/BURAI1.3/pseudopot/Ca.pbe-nsp-van.UPF
file format is UPF v.1

   Reading pseudopotential for specie #  2 from file :
   /home/administrator/Downloads/BURAI/BURAI1.3/pseudopot/Ti.pbe-sp-van_ak.UPF
file format is UPF v.1

   Reading pseudopotential for specie #  3 from file :
   /home/administrator/Downloads/BURAI/BURAI1.3/pseudopot/Se.pbe-van.UPF
file format is UPF v.1

     IMPORTANT: XC functional enforced from input :
     Exchange-correlation= PBE
                           (   1   4   3   4   0   0   0)
     Any further DFT definition will be discarded
     Please, verify this is what you really want



   Main Simulation Parameters (from input)
   ---------------------------------------
   Restart Mode       =      -1   from_scratch   
   Number of MD Steps =    4000
   Print out every          100 MD Steps
   Reads from unit    =      50
   Writes to unit     =      50
   MD Simulation time step            =      10.00
   Electronic fictitious mass (emass) =     300.00
   emass cut-off                      =       2.50

   Simulation Cell Parameters (from input)
   external pressure       =            0.00 [KBar]
   wmass (calculated)      =       360002.22 [AU]
   initial cell from CELL_PARAMETERS card
      10.56042121    0.00000000    0.00000000
       0.00000000   10.56042121    0.00000000
       0.00000000    0.00000000   10.56042121
   ibrav =    0
   alat  =    19.95630385
   a1    =    19.95630385    0.00000000    0.00000000
   a2    =     0.00000000   19.95630385    0.00000000
   a3    =     0.00000000    0.00000000   19.95630385

   b1    =     0.05010948    0.00000000    0.00000000
   b2    =     0.00000000    0.05010948    0.00000000
   b3    =     0.00000000    0.00000000    0.05010948
   omega =    7947.67909490

   Energy Cut-offs
   ---------------
   Ecutwfc =   50.0 Ry,      Ecutrho =  400.0 Ry,      Ecuts =  200.0 Ry
   Gcutwfc =   22.5     ,    Gcutrho =   63.5          Gcuts =   44.9
   NOTA BENE: refg, mmx =   0.050000  9600
   Eigenvalues calculated without the kinetic term contribution
   Orthog. with lagrange multipliers : eps =   0.10E-08,  max = 300
   Electron dynamics with newton equations
   Electron dynamics : the temperature is not controlled
   initial random displacement of el. coordinates with  amplitude=  0.020000

   Electronic states
   -----------------
   Number of Electrons=   320, of States =   160
   Occupation numbers :
   2.00 2.00 2.00 2.00 2.00 2.00 2.00 2.00 2.00 2.00
   2.00 2.00 2.00 2.00 2.00 2.00 2.00 2.00 2.00 2.00
   2.00 2.00 2.00 2.00 2.00 2.00 2.00 2.00 2.00 2.00
   2.00 2.00 2.00 2.00 2.00 2.00 2.00 2.00 2.00 2.00
   2.00 2.00 2.00 2.00 2.00 2.00 2.00 2.00 2.00 2.00
   2.00 2.00 2.00 2.00 2.00 2.00 2.00 2.00 2.00 2.00
   2.00 2.00 2.00 2.00 2.00 2.00 2.00 2.00 2.00 2.00
   2.00 2.00 2.00 2.00 2.00 2.00 2.00 2.00 2.00 2.00
   2.00 2.00 2.00 2.00 2.00 2.00 2.00 2.00 2.00 2.00
   2.00 2.00 2.00 2.00 2.00 2.00 2.00 2.00 2.00 2.00
   2.00 2.00 2.00 2.00 2.00 2.00 2.00 2.00 2.00 2.00
   2.00 2.00 2.00 2.00 2.00 2.00 2.00 2.00 2.00 2.00
   2.00 2.00 2.00 2.00 2.00 2.00 2.00 2.00 2.00 2.00
   2.00 2.00 2.00 2.00 2.00 2.00 2.00 2.00 2.00 2.00
   2.00 2.00 2.00 2.00 2.00 2.00 2.00 2.00 2.00 2.00
   2.00 2.00 2.00 2.00 2.00 2.00 2.00 2.00 2.00 2.00


   Exchange and correlations functionals
   -------------------------------------
     Exchange-correlation= PBE
                           (   1   4   3   4   0   0   0)


   Ions Simulation Parameters
   --------------------------
   Ions are allowed to move
   Ions dynamics with newton equations
   the temperature is computed for   120 degrees of freedom
   ion dynamics with fricp =  0.0000 and greasp =  1.0000
   Ionic position (from input)
   sorted by specie, and converted to real a.u. coordinates
   Species   1 atoms =    8 mass =     73057.72 (a.u.),        40.08 (amu) rcmax =   0.50 (a.u.)
        0.000000     0.000000     0.000000
        0.000000     0.000000     9.978152
        0.000000     9.978152     0.000000
        0.000000     9.978152     9.978152
        9.978152     0.000000     0.000000
        9.978152     0.000000     9.978152
        9.978152     9.978152     0.000000
        9.978152     9.978152     9.978152
   Species   2 atoms =    8 mass =     87256.20 (a.u.),        47.87 (amu) rcmax =   0.50 (a.u.)
        4.989076     4.989076     4.989076
        4.989076     4.989076    14.967228
        4.989076    14.967228     4.989076
        4.989076    14.967228    14.967228
       14.967228     4.989076     4.989076
       14.967228     4.989076    14.967228
       14.967228    14.967228     4.989076
       14.967228    14.967228    14.967228
   Species   3 atoms =   24 mass =    143955.33 (a.u.),        78.97 (amu) rcmax =   0.50 (a.u.)
        4.989076     0.000000     0.000000
        0.000000     4.989076     0.000000
        0.000000     0.000000     4.989076
        4.989076     0.000000     9.978152
        0.000000     4.989076     9.978152
        0.000000     0.000000    14.967228
        4.989076     9.978152     0.000000
        0.000000    14.967228     0.000000
        0.000000     9.978152     4.989076
        4.989076     9.978152     9.978152
        0.000000    14.967228     9.978152
        0.000000     9.978152    14.967228
       14.967228     0.000000     0.000000
        9.978152     4.989076     0.000000
        9.978152     0.000000     4.989076
       14.967228     0.000000     9.978152
        9.978152     4.989076     9.978152
        9.978152     0.000000    14.967228
       14.967228     9.978152     0.000000
        9.978152    14.967228     0.000000
        9.978152     9.978152     4.989076
       14.967228     9.978152     9.978152
        9.978152    14.967228     9.978152
        9.978152     9.978152    14.967228
   Ionic position read from input file

   All atoms are allowed to move
   Ionic temperature control via nose thermostat


   ion dynamics with nose` temperature control:
   temperature required      =  300.00000 (kelvin) 
   NH chain length           =   1
   active degrees of freedom =    120
   time steps per nose osc.  =     41


   nose` frequency(es)       =     100.000


   the requested type of NH chains is     0
   total number of thermostats used     1 0 0
   ionic degrees of freedom for each chain  120


   nose` mass(es) for chain    1 =     987.108


   atom i (in sorted order) is assigned to this thermostat :
   1   1   1   1   1   1   1   1   1   1   1   1   1   1   1   1   1   1   1   1
   1   1   1   1   1   1   1   1   1   1   1   1   1   1   1   1   1   1   1   1


   Cell Dynamics Parameters (from STDIN)
   -------------------------------------
   internal stress tensor calculated
   Starting cell generated from CELLDM
   Constant VOLUME Molecular dynamics
   cell parameters are not allowed to move

   Verbosity: iverbosity =  0



   Simulation dimensions initialization
   ------------------------------------

   unit vectors of full simulation cell
   in real space:                         in reciprocal space (units 2pi/alat):
   1    19.9563    0.0000    0.0000              1.0000    0.0000    0.0000
   2     0.0000   19.9563    0.0000              0.0000    1.0000    0.0000
   3     0.0000    0.0000   19.9563              0.0000    0.0000    1.0000

     Parallelization info
     --------------------
     sticks:   dense  smooth     PW     G-vecs:    dense   smooth      PW
     Min        1582     790    196               134199    47390    5920
     Max        1585     794    198               134204    47398    5926
     Sum       12669    6325   1581              1073611   379149   47401

     Using Slab Decomposition


   Real Mesh
   ---------
   Global Dimensions   Local  Dimensions   Processor Grid
   .X.   .Y.   .Z.     .X.   .Y.   .Z.     .X.   .Y.   .Z.
   128   128   128     128   128    16       1     1     8
   Array leading dimensions ( nr1x, nr2x, nr3x )   =    128   128   128
   Local number of cell to store the grid ( nrxx ) =     262144
   Number of x-y planes for each processors: 
  | 128,  16  | 128,  16  | 128,  16  | 128,  16  | 128,  16
  | 128,  16  | 128,  16  | 128,  16  |
   Using Slab Decomposition

   Smooth Real Mesh
   ----------------
   Global Dimensions   Local  Dimensions   Processor Grid
   .X.   .Y.   .Z.     .X.   .Y.   .Z.     .X.   .Y.   .Z.
    90    90    90      90    90    12       1     1     8
   Array leading dimensions ( nr1x, nr2x, nr3x )   =     90    90    90
   Local number of cell to store the grid ( nrxx ) =      97200
   Number of x-y planes for each processors: 
  |  90,  12  |  90,  12  |  90,  11  |  90,  11  |  90,  11
  |  90,  11  |  90,  11  |  90,  11  |
   Using Slab Decomposition

   Small Box Real Mesh
   -------------------
   Global Dimensions   Local  Dimensions   Processor Grid
   .X.   .Y.   .Z.     .X.   .Y.   .Z.     .X.   .Y.   .Z.
    48    48    48      48    48    48       1     1     1
   Array leading dimensions ( nr1x, nr2x, nr3x )   =     48    48    48
   Local number of cell to store the grid ( nrxx ) =     110592

   unit vectors of box grid cell
   in real space:                         in reciprocal space:
       7.4836    0.0000    0.0000              1.0000    0.0000    0.0000
       0.0000    7.4836    0.0000              0.0000    1.0000    0.0000
       0.0000    0.0000    7.4836              0.0000    0.0000    1.0000

   Reciprocal Space Mesh
   ---------------------
   Large Mesh
     Global(ngm_g)    MinLocal       MaxLocal      Average
         536806          67100          67102       67100.75
   Smooth Mesh
     Global(ngms_g)   MinLocal       MaxLocal      Average
         189575          23695          23699       23696.88
   Wave function Mesh
     Global(ngw_g)    MinLocal       MaxLocal      Average
          23701           2960           2963        2962.62

   Small box Mesh
   ngb =        28310 not distributed to processors


   System geometry initialization
   ------------------------------
   ibrav =    0       cell parameters read from input file

   unit vectors of box grid cell
   in real space:                         in reciprocal space:
       7.4836    0.0000    0.0000              1.0000    0.0000    0.0000
       0.0000    7.4836    0.0000              0.0000    1.0000    0.0000
       0.0000    0.0000    7.4836              0.0000    0.0000    1.0000
     Subspace diagonalization in iterative solution of the eigenvalue problem:
     a serial algorithm will be used


   Matrix Multiplication Performances
   ortho mmul, time for parallel driver      =   0.00016 with    1 procs

   Constraints matrixes will be distributed block like on
   ortho sub-group =    1*   1 procs



   Pseudopotentials initialization
   -------------------------------
is, nh(is), ngb, kkbeta, lmaxq =     1   1828310  589    5

                        qqq 
  -0.0170   0.0549   0.0000   0.0000   0.0000   0.0000
   0.0549  -0.0650   0.0000   0.0000   0.0000   0.0000
   0.0000   0.0000   2.3763  -2.5624   0.0000   0.0000
   0.0000   0.0000  -2.5624   2.4977   0.0000   0.0000
   0.0000   0.0000   0.0000   0.0000  12.0331 -10.3378
   0.0000   0.0000   0.0000   0.0000 -10.3378   8.7752

is, nh(is), ngb, kkbeta, lmaxq =     2   1828310  585    5

                        qqq 
   0.0674  -0.1970   0.0000   0.0000   0.0000   0.0000
  -0.1970   0.1538   0.0000   0.0000   0.0000   0.0000
   0.0000   0.0000   1.5446  -3.4179   0.0000   0.0000
   0.0000   0.0000  -3.4179   6.9229   0.0000   0.0000
   0.0000   0.0000   0.0000   0.0000   6.2674   7.0783
   0.0000   0.0000   0.0000   0.0000   7.0783   7.8366

is, nh(is), ngb, kkbeta, lmaxq =     3    828310  621    3

                        qqq 
  -0.5459  -0.3021   0.0000   0.0000
  -0.3021  -0.1295   0.0000   0.0000
   0.0000   0.0000  -0.3942   0.2071
   0.0000   0.0000   0.2071   0.0378



   Common initialization

   Specie:     1
   1  indv=  1   ang. mom=  0
   2  indv=  2   ang. mom=  0
   3  indv=  3   ang. mom=  1
   4  indv=  3   ang. mom=  1
   5  indv=  3   ang. mom=  1
   6  indv=  4   ang. mom=  1
   7  indv=  4   ang. mom=  1
   8  indv=  4   ang. mom=  1
   9  indv=  5   ang. mom=  2
  10  indv=  5   ang. mom=  2
  11  indv=  5   ang. mom=  2
  12  indv=  5   ang. mom=  2
  13  indv=  5   ang. mom=  2
  14  indv=  6   ang. mom=  2
  15  indv=  6   ang. mom=  2
  16  indv=  6   ang. mom=  2
  17  indv=  6   ang. mom=  2
  18  indv=  6   ang. mom=  2

                        dion 
   0.6330   0.8953   0.0000   0.0000   0.0000   0.0000
   0.8953   1.7659   0.0000   0.0000   0.0000   0.0000
   0.0000   0.0000   6.7529  -9.4667   0.0000   0.0000
   0.0000   0.0000  -9.4667  13.2575   0.0000   0.0000
   0.0000   0.0000   0.0000   0.0000  45.5320 -43.7718
   0.0000   0.0000   0.0000   0.0000 -43.7718  42.0970

   Specie:     2
   1  indv=  1   ang. mom=  0
   2  indv=  2   ang. mom=  0
   3  indv=  3   ang. mom=  1
   4  indv=  3   ang. mom=  1
   5  indv=  3   ang. mom=  1
   6  indv=  4   ang. mom=  1
   7  indv=  4   ang. mom=  1
   8  indv=  4   ang. mom=  1
   9  indv=  5   ang. mom=  2
  10  indv=  5   ang. mom=  2
  11  indv=  5   ang. mom=  2
  12  indv=  5   ang. mom=  2
  13  indv=  5   ang. mom=  2
  14  indv=  6   ang. mom=  2
  15  indv=  6   ang. mom=  2
  16  indv=  6   ang. mom=  2
  17  indv=  6   ang. mom=  2
  18  indv=  6   ang. mom=  2

                        dion 
   0.3137  -0.8685   0.0000   0.0000   0.0000   0.0000
  -0.8685   3.3093   0.0000   0.0000   0.0000   0.0000
   0.0000   0.0000   4.6545 -14.6738   0.0000   0.0000
   0.0000   0.0000 -14.6738  44.5527   0.0000   0.0000
   0.0000   0.0000   0.0000   0.0000  30.0461  39.7386
   0.0000   0.0000   0.0000   0.0000  39.7386  52.4504

   Specie:     3
   1  indv=  1   ang. mom=  0
   2  indv=  2   ang. mom=  0
   3  indv=  3   ang. mom=  1
   4  indv=  3   ang. mom=  1
   5  indv=  3   ang. mom=  1
   6  indv=  4   ang. mom=  1
   7  indv=  4   ang. mom=  1
   8  indv=  4   ang. mom=  1

                        dion 
  -0.3053  -0.7139   0.0000   0.0000
  -0.7139  -1.1214   0.0000   0.0000
   0.0000   0.0000  -1.1974   1.3492
   0.0000   0.0000   1.3492  -1.6140

   Cell parameters from input file are used in electron mass preconditioning
   init_tpiba2=    0.09912873

   Short Legend and Physical Units in the Output
   ---------------------------------------------
   NFI    [int]          - step index
   EKINC  [HARTREE A.U.] - kinetic energy of the fictitious electronic dynamics
   TEMPH  [K]            - Temperature of the fictitious cell dynamics
   TEMP   [K]            - Ionic temperature
   ETOT   [HARTREE A.U.] - Scf total energy (Kohn-Sham hamiltonian)
   ENTHAL [HARTREE A.U.] - Enthalpy ( ETOT + P * V )
   ECONS  [HARTREE A.U.] - Enthalpy + kinetic energy of ions and cell
   ECONT  [HARTREE A.U.] - Constant of motion for the CP lagrangian



   Wave Initialization: random initial wave-functions
   Occupation number from init
   nbnd =   160
    2.00 2.00 2.00 2.00 2.00 2.00 2.00 2.00 2.00 2.00
    2.00 2.00 2.00 2.00 2.00 2.00 2.00 2.00 2.00 2.00
    2.00 2.00 2.00 2.00 2.00 2.00 2.00 2.00 2.00 2.00
    2.00 2.00 2.00 2.00 2.00 2.00 2.00 2.00 2.00 2.00
    2.00 2.00 2.00 2.00 2.00 2.00 2.00 2.00 2.00 2.00
    2.00 2.00 2.00 2.00 2.00 2.00 2.00 2.00 2.00 2.00
    2.00 2.00 2.00 2.00 2.00 2.00 2.00 2.00 2.00 2.00
    2.00 2.00 2.00 2.00 2.00 2.00 2.00 2.00 2.00 2.00
    2.00 2.00 2.00 2.00 2.00 2.00 2.00 2.00 2.00 2.00
    2.00 2.00 2.00 2.00 2.00 2.00 2.00 2.00 2.00 2.00
    2.00 2.00 2.00 2.00 2.00 2.00 2.00 2.00 2.00 2.00
    2.00 2.00 2.00 2.00 2.00 2.00 2.00 2.00 2.00 2.00
    2.00 2.00 2.00 2.00 2.00 2.00 2.00 2.00 2.00 2.00
    2.00 2.00 2.00 2.00 2.00 2.00 2.00 2.00 2.00 2.00
    2.00 2.00 2.00 2.00 2.00 2.00 2.00 2.00 2.00 2.00
    2.00 2.00 2.00 2.00 2.00 2.00 2.00 2.00 2.00 2.00

   formf: eself=  2246.84292
   formf:     vps(g=0)=   0.0011690     rhops(g=0)=  -0.0012505
   formf:     vps(g=0)=   0.0011637     rhops(g=0)=  -0.0012427
   formf:     vps(g=0)=   0.0011637     rhops(g=0)=  -0.0012427
   formf:     vps(g=0)=   0.0011479     rhops(g=0)=  -0.0012198
   formf:     vps(g=0)=   0.0011479     rhops(g=0)=  -0.0012198
   formf: sum_g vps(g)=   4.8881747 sum_g rhops(g)=  -7.1840020
   formf:     vps(g=0)=   0.0011926     rhops(g=0)=  -0.0015005
   formf:     vps(g=0)=   0.0011884     rhops(g=0)=  -0.0014913
   formf:     vps(g=0)=   0.0011884     rhops(g=0)=  -0.0014913
   formf:     vps(g=0)=   0.0011755     rhops(g=0)=  -0.0014638
   formf:     vps(g=0)=   0.0011755     rhops(g=0)=  -0.0014638
   formf: sum_g vps(g)=   5.1950730 sum_g rhops(g)=  -8.6208024
   formf:     vps(g=0)=   0.0026942     rhops(g=0)=  -0.0007503
   formf:     vps(g=0)=   0.0026596     rhops(g=0)=  -0.0007456
   formf:     vps(g=0)=   0.0026596     rhops(g=0)=  -0.0007456
   formf:     vps(g=0)=   0.0025579     rhops(g=0)=  -0.0007319
   formf:     vps(g=0)=   0.0025579     rhops(g=0)=  -0.0007319
   formf: sum_g vps(g)=   5.0596190 sum_g rhops(g)=  -4.3104012
   Delta V(G=0):   0.031623Ry,    0.860499eV

   from rhoofr: total integrated electronic density
   in g-space =    320.000000   in r-space =   320.000000
     Total Electronic Pressure (GPa)      724.65493      0

 %%%%%%%%%%%%%%%%%%%%%%%%%%%%%%%%%%%%%%%%%%%%%%%%%%%%%%%%%%%%%%%%%%%%%%%%%%%%%%
     Error in routine  ortho (1):
      ortho went bananas
 %%%%%%%%%%%%%%%%%%%%%%%%%%%%%%%%%%%%%%%%%%%%%%%%%%%%%%%%%%%%%%%%%%%%%%%%%%%%%%

     stopping ...
