
     Program PHONON v.7.3.1 starts on 14May2025 at 15:15:10 

     This program is part of the open-source Quantum ESPRESSO suite
     for quantum simulation of materials; please cite
         "P. Giannozzi et al., J. Phys.:Condens. Matter 21 395502 (2009);
         "P. Giannozzi et al., J. Phys.:Condens. Matter 29 465901 (2017);
         "P. Giannozzi et al., J. Chem. Phys. 152 154105 (2020);
          URL http://www.quantum-espresso.org", 
     in publications or presentations arising from this work. More details at
     http://www.quantum-espresso.org/quote

     Parallel version (MPI), running on     8 processors

     MPI processes distributed on     1 nodes
     57841 MiB available memory on the printing compute node when the environment starts

     Waiting for input...
     Reading input from standard input
      Title line not specified: using 'default'.

     Reading xml data from directory:

     ./tmp/CsHgI3.save/

     R & G space division:  proc/nbgrp/npool/nimage =       8
     Subspace diagonalization in iterative solution of the eigenvalue problem:
     one sub-group per band group will be used
     custom distributed-memory algorithm (size of sub-group:  2*  2 procs)

     file Cs.pbe-spn-rrkjus_psl.1.0.0.UPF: wavefunction(s)  5S 6S renormalized
     file Hg.pbe-n-rrkjus_psl.1.0.0.UPF: wavefunction(s)  6S renormalized
     file I.pbe-n-kjpaw_psl.1.0.0.UPF: wavefunction(s)  5S renormalized

     IMPORTANT: XC functional enforced from input :
     Exchange-correlation= PBE
                           (   1   4   3   4   0   0   0)
     Any further DFT definition will be discarded
     Please, verify this is what you really want


     Parallelization info
     --------------------
     sticks:   dense  smooth     PW     G-vecs:    dense   smooth      PW
     Min        1051     524    144                72621    25678    3676
     Max        1052     525    145                72624    25683    3679
     Sum        8413    4197   1153               580979   205453   29423

     Using Slab Decomposition

     Reading collected, re-writing distributed wavefunctions in ./tmp/

     Number and degeneracy of irreps per q-point
       N         xq(1)         xq(2)         xq(3)   N irreps
  autoval = -.1097E+01
     Irreps are as follows:

                     mode #   1
                     (  -0.00000   0.00000   ) 
                     (  -0.00000   0.00000   ) 
                     (  -0.00000   0.00000   ) 
                     (  -0.00000   0.00000   ) 
                     (  -0.00000   0.00000   ) 
                     (  -0.00000   0.00000   ) 
                     (  -0.08461  -0.00000   ) 
                     (  -0.04936  -0.00000   ) 
                     (   0.00000   0.00000   ) 
                     (  -0.08461  -0.00000   ) 
                     (  -0.49905  -0.00000   ) 
                     (  -0.00000  -0.00000   ) 
                     (  -0.85543  -0.00000   ) 
                     (  -0.04936  -0.00000   ) 
                     (  -0.00000   0.00000   ) 
  autoval = -.1097E+01
     Irreps are as follows:

                     mode #   2
                     (  -0.00000  -0.00000   ) 
                     (  -0.00000  -0.00000   ) 
                     (  -0.00000  -0.00000   ) 
                     (  -0.00000  -0.00000   ) 
                     (  -0.00000  -0.00000   ) 
                     (  -0.00000  -0.00000   ) 
                     (  -0.00000  -0.00000   ) 
                     (  -0.00000  -0.00000   ) 
                     (  -0.99036  -0.00000   ) 
                     (  -0.00000  -0.00000   ) 
                     (  -0.00000  -0.00000   ) 
                     (  -0.09796  -0.00000   ) 
                     (  -0.00000  -0.00000   ) 
                     (  -0.00000  -0.00000   ) 
                     (  -0.09796  -0.00000   ) 
  autoval = -.1097E+01
     Irreps are as follows:

                     mode #   3
                     (  -0.00000  -0.00000   ) 
                     (  -0.00000  -0.00000   ) 
                     (  -0.00000  -0.00000   ) 
                     (  -0.00000  -0.00000   ) 
                     (  -0.00000  -0.00000   ) 
                     (  -0.00000  -0.00000   ) 
                     (  -0.04936  -0.00000   ) 
                     (   0.08461  -0.00000   ) 
                     (   0.00000  -0.00000   ) 
                     (  -0.04936  -0.00000   ) 
                     (   0.85543  -0.00000   ) 
                     (  -0.00000  -0.00000   ) 
                     (  -0.49905  -0.00000   ) 
                     (   0.08461  -0.00000   ) 
                     (  -0.00000  -0.00000   ) 
  autoval = 0.3752E+00
     Irreps are as follows:

                     mode #   4
                     (  -0.00000  -0.00000   ) 
                     (  -0.00000  -0.00000   ) 
                     (  -0.00000  -0.00000   ) 
                     (  -1.00000  -0.00000   ) 
                     (  -0.00000  -0.00000   ) 
                     (  -0.00000  -0.00000   ) 
                     (  -0.00000  -0.00000   ) 
                     (  -0.00000  -0.00000   ) 
                     (  -0.00000  -0.00000   ) 
                     (  -0.00000  -0.00000   ) 
                     (  -0.00000  -0.00000   ) 
                     (  -0.00000  -0.00000   ) 
                     (  -0.00000  -0.00000   ) 
                     (  -0.00000  -0.00000   ) 
                     (  -0.00000  -0.00000   ) 
  autoval = 0.3752E+00
     Irreps are as follows:

                     mode #   5
                     (  -0.00000  -0.00000   ) 
                     (  -0.00000  -0.00000   ) 
                     (  -0.00000  -0.00000   ) 
                     (  -0.00000  -0.00000   ) 
                     (  -1.00000  -0.00000   ) 
                     (  -0.00000  -0.00000   ) 
                     (  -0.00000  -0.00000   ) 
                     (  -0.00000  -0.00000   ) 
                     (  -0.00000  -0.00000   ) 
                     (  -0.00000  -0.00000   ) 
                     (  -0.00000  -0.00000   ) 
                     (  -0.00000  -0.00000   ) 
                     (  -0.00000  -0.00000   ) 
                     (  -0.00000  -0.00000   ) 
                     (  -0.00000  -0.00000   ) 
  autoval = 0.3752E+00
     Irreps are as follows:

                     mode #   6
                     (  -0.00000  -0.00000   ) 
                     (  -0.00000  -0.00000   ) 
                     (  -0.00000  -0.00000   ) 
                     (  -0.00000  -0.00000   ) 
                     (  -0.00000  -0.00000   ) 
                     (  -1.00000  -0.00000   ) 
                     (  -0.00000  -0.00000   ) 
                     (  -0.00000  -0.00000   ) 
                     (  -0.00000  -0.00000   ) 
                     (  -0.00000  -0.00000   ) 
                     (  -0.00000  -0.00000   ) 
                     (  -0.00000  -0.00000   ) 
                     (  -0.00000  -0.00000   ) 
                     (  -0.00000  -0.00000   ) 
                     (  -0.00000  -0.00000   ) 
  autoval = 0.6682E+00
     Irreps are as follows:

                     mode #   7
                     (  -1.00000  -0.00000   ) 
                     (  -0.00000  -0.00000   ) 
                     (  -0.00000  -0.00000   ) 
                     (  -0.00000  -0.00000   ) 
                     (  -0.00000  -0.00000   ) 
                     (  -0.00000  -0.00000   ) 
                     (  -0.00000  -0.00000   ) 
                     (  -0.00000  -0.00000   ) 
                     (  -0.00000  -0.00000   ) 
                     (  -0.00000  -0.00000   ) 
                     (  -0.00000  -0.00000   ) 
                     (  -0.00000  -0.00000   ) 
                     (  -0.00000  -0.00000   ) 
                     (  -0.00000  -0.00000   ) 
                     (  -0.00000  -0.00000   ) 
  autoval = 0.6682E+00
     Irreps are as follows:

                     mode #   8
                     (  -0.00000  -0.00000   ) 
                     (  -0.00000  -0.00000   ) 
                     (  -1.00000  -0.00000   ) 
                     (  -0.00000  -0.00000   ) 
                     (  -0.00000  -0.00000   ) 
                     (  -0.00000  -0.00000   ) 
                     (  -0.00000  -0.00000   ) 
                     (  -0.00000  -0.00000   ) 
                     (  -0.00000  -0.00000   ) 
                     (  -0.00000  -0.00000   ) 
                     (  -0.00000  -0.00000   ) 
                     (  -0.00000  -0.00000   ) 
                     (  -0.00000  -0.00000   ) 
                     (  -0.00000  -0.00000   ) 
                     (  -0.00000  -0.00000   ) 
  autoval = 0.6682E+00
     Irreps are as follows:

                     mode #   9
                     (  -0.00000  -0.00000   ) 
                     (  -1.00000  -0.00000   ) 
                     (  -0.00000  -0.00000   ) 
                     (  -0.00000  -0.00000   ) 
                     (  -0.00000  -0.00000   ) 
                     (  -0.00000  -0.00000   ) 
                     (  -0.00000  -0.00000   ) 
                     (  -0.00000  -0.00000   ) 
                     (  -0.00000  -0.00000   ) 
                     (  -0.00000  -0.00000   ) 
                     (  -0.00000  -0.00000   ) 
                     (  -0.00000  -0.00000   ) 
                     (  -0.00000  -0.00000   ) 
                     (  -0.00000  -0.00000   ) 
                     (  -0.00000  -0.00000   ) 
  autoval = 0.1010E+01
     Irreps are as follows:

                     mode #  10
                     (  -0.00000   0.00000   ) 
                     (  -0.00000   0.00000   ) 
                     (  -0.00000   0.00000   ) 
                     (  -0.00000   0.00000   ) 
                     (  -0.00000   0.00000   ) 
                     (  -0.00000   0.00000   ) 
                     (  -0.69978  -0.00000   ) 
                     (   0.02678   0.00000   ) 
                     (  -0.00000  -0.00000   ) 
                     (  -0.69978  -0.00000   ) 
                     (  -0.00530  -0.00000   ) 
                     (   0.00000   0.00000   ) 
                     (   0.13843   0.00000   ) 
                     (   0.02678   0.00000   ) 
                     (  -0.00000   0.00000   ) 
  autoval = 0.1010E+01
     Irreps are as follows:

                     mode #  11
                     (  -0.00000  -0.00000   ) 
                     (  -0.00000  -0.00000   ) 
                     (  -0.00000  -0.00000   ) 
                     (  -0.00000  -0.00000   ) 
                     (  -0.00000  -0.00000   ) 
                     (  -0.00000  -0.00000   ) 
                     (  -0.02678  -0.00000   ) 
                     (  -0.69978  -0.00000   ) 
                     (   0.00000  -0.00000   ) 
                     (  -0.02678  -0.00000   ) 
                     (   0.13843  -0.00000   ) 
                     (  -0.00000  -0.00000   ) 
                     (   0.00530  -0.00000   ) 
                     (  -0.69978  -0.00000   ) 
                     (  -0.00000  -0.00000   ) 
  autoval = 0.1010E+01
     Irreps are as follows:

                     mode #  12
                     (   0.00000  -0.00000   ) 
                     (   0.00000  -0.00000   ) 
                     (   0.00000  -0.00000   ) 
                     (   0.00000  -0.00000   ) 
                     (   0.00000  -0.00000   ) 
                     (   0.00000  -0.00000   ) 
                     (   0.00000  -0.00000   ) 
                     (   0.00000  -0.00000   ) 
                     (  -0.13853  -0.00000   ) 
                     (   0.00000  -0.00000   ) 
                     (   0.00000  -0.00000   ) 
                     (   0.70029   0.00000   ) 
                     (   0.00000  -0.00000   ) 
                     (  -0.00000  -0.00000   ) 
                     (   0.70029  -0.00000   ) 
  autoval = 0.1803E+01
     Irreps are as follows:

                     mode #  13
                     (  -0.00000  -0.00000   ) 
                     (  -0.00000  -0.00000   ) 
                     (  -0.00000  -0.00000   ) 
                     (  -0.00000  -0.00000   ) 
                     (  -0.00000  -0.00000   ) 
                     (  -0.00000  -0.00000   ) 
                     (  -0.70708  -0.00000   ) 
                     (   0.00580  -0.00000   ) 
                     (   0.00000  -0.00000   ) 
                     (   0.70708  -0.00000   ) 
                     (   0.00000  -0.00000   ) 
                     (   0.00000  -0.00000   ) 
                     (   0.00000  -0.00000   ) 
                     (  -0.00580  -0.00000   ) 
                     (  -0.00000  -0.00000   ) 
  autoval = 0.1803E+01
     Irreps are as follows:

                     mode #  14
                     (  -0.00000   0.00000   ) 
                     (  -0.00000   0.00000   ) 
                     (  -0.00000   0.00000   ) 
                     (  -0.00000   0.00000   ) 
                     (  -0.00000   0.00000   ) 
                     (  -0.00000   0.00000   ) 
                     (  -0.00000   0.00000   ) 
                     (  -0.00000   0.00000   ) 
                     (  -0.00000  -0.00000   ) 
                     (  -0.00000   0.00000   ) 
                     (  -0.00000   0.00000   ) 
                     (  -0.70711  -0.00000   ) 
                     (  -0.00000   0.00000   ) 
                     (   0.00000   0.00000   ) 
                     (   0.70711   0.00000   ) 
  autoval = 0.1803E+01
     Irreps are as follows:

                     mode #  15
                     (  -0.00000  -0.00000   ) 
                     (  -0.00000  -0.00000   ) 
                     (  -0.00000  -0.00000   ) 
                     (  -0.00000  -0.00000   ) 
                     (  -0.00000  -0.00000   ) 
                     (  -0.00000  -0.00000   ) 
                     (  -0.00580  -0.00000   ) 
                     (  -0.70708  -0.00000   ) 
                     (  -0.00000  -0.00000   ) 
                     (   0.00580  -0.00000   ) 
                     (  -0.00000  -0.00000   ) 
                     (   0.00000  -0.00000   ) 
                     (  -0.00000  -0.00000   ) 
                     (   0.70708  -0.00000   ) 
                     (  -0.00000  -0.00000   ) 
       1   0.000000000   0.000000000   0.000000000       5
        3   3   3   3   3

     Calculation of q =    0.0000000   0.0000000   0.0000000

     default                                                                    

     bravais-lattice index     =            0
     lattice parameter (alat)  =      11.4961  a.u.
     unit-cell volume          =    1519.3344 (a.u.)^3
     number of atoms/cell      =            5
     number of atomic types    =            3
     kinetic-energy cut-off    =     100.0000  Ry
     charge density cut-off    =     800.0000  Ry
     convergence threshold     =      1.0E-14
     beta                      =       0.5000
     number of iterations used =            4
     Exchange-correlation= PBE
                           (   1   4   3   4   0   0   0)


     celldm(1)=   11.49612  celldm(2)=    0.00000  celldm(3)=    0.00000
     celldm(4)=    0.00000  celldm(5)=    0.00000  celldm(6)=    0.00000

     crystal axes: (cart. coord. in units of alat)
               a(1) = (  1.0000  0.0000  0.0000 )  
               a(2) = (  0.0000  1.0000  0.0000 )  
               a(3) = (  0.0000  0.0000  1.0000 )  

     reciprocal axes: (cart. coord. in units 2 pi/alat)
               b(1) = (  1.0000  0.0000  0.0000 )  
               b(2) = (  0.0000  1.0000  0.0000 )  
               b(3) = (  0.0000  0.0000  1.0000 )  


     Atoms inside the unit cell: 

     Cartesian axes

     site n.  atom      mass           positions (alat units)
        1  Cs    132.9055   tau(    1) = (    0.00000    0.00000    0.00000  )
        2  Hg    200.5920   tau(    2) = (    0.50000    0.50000    0.50000  )
        3  I     126.9045   tau(    3) = (    0.50000    0.50000    0.00000  )
        4  I     126.9045   tau(    4) = (    0.50000    0.00000    0.50000  )
        5  I     126.9045   tau(    5) = (    0.00000    0.50000    0.50000  )

     Computing dynamical matrix for 
                    q = (   0.0000000   0.0000000   0.0000000 )

     49 Sym.Ops. (with q -> -q+G )

                                    s                        frac. trans.

      isym =  1     identity                                     

 cryst.   s( 1) = (     1          0          0      )
                  (     0          1          0      )
                  (     0          0          1      )

 cart.    s( 1) = (  1.0000000  0.0000000  0.0000000 )
                  (  0.0000000  1.0000000  0.0000000 )
                  (  0.0000000  0.0000000  1.0000000 )


      isym =  2     180 deg rotation - cart. axis [0,0,1]        

 cryst.   s( 2) = (    -1          0          0      )
                  (     0         -1          0      )
                  (     0          0          1      )

 cart.    s( 2) = ( -1.0000000  0.0000000  0.0000000 )
                  (  0.0000000 -1.0000000  0.0000000 )
                  (  0.0000000  0.0000000  1.0000000 )


      isym =  3     180 deg rotation - cart. axis [0,1,0]        

 cryst.   s( 3) = (    -1          0          0      )
                  (     0          1          0      )
                  (     0          0         -1      )

 cart.    s( 3) = ( -1.0000000  0.0000000  0.0000000 )
                  (  0.0000000  1.0000000  0.0000000 )
                  (  0.0000000  0.0000000 -1.0000000 )


      isym =  4     180 deg rotation - cart. axis [1,0,0]        

 cryst.   s( 4) = (     1          0          0      )
                  (     0         -1          0      )
                  (     0          0         -1      )

 cart.    s( 4) = (  1.0000000  0.0000000  0.0000000 )
                  (  0.0000000 -1.0000000  0.0000000 )
                  (  0.0000000  0.0000000 -1.0000000 )


      isym =  5     180 deg rotation - cart. axis [1,1,0]        

 cryst.   s( 5) = (     0          1          0      )
                  (     1          0          0      )
                  (     0          0         -1      )

 cart.    s( 5) = (  0.0000000  1.0000000  0.0000000 )
                  (  1.0000000  0.0000000  0.0000000 )
                  (  0.0000000  0.0000000 -1.0000000 )


      isym =  6     180 deg rotation - cart. axis [1,-1,0]       

 cryst.   s( 6) = (     0         -1          0      )
                  (    -1          0          0      )
                  (     0          0         -1      )

 cart.    s( 6) = (  0.0000000 -1.0000000  0.0000000 )
                  ( -1.0000000  0.0000000  0.0000000 )
                  (  0.0000000  0.0000000 -1.0000000 )


      isym =  7      90 deg rotation - cart. axis [0,0,-1]       

 cryst.   s( 7) = (     0         -1          0      )
                  (     1          0          0      )
                  (     0          0          1      )

 cart.    s( 7) = (  0.0000000  1.0000000  0.0000000 )
                  ( -1.0000000  0.0000000  0.0000000 )
                  (  0.0000000  0.0000000  1.0000000 )


      isym =  8      90 deg rotation - cart. axis [0,0,1]        

 cryst.   s( 8) = (     0          1          0      )
                  (    -1          0          0      )
                  (     0          0          1      )

 cart.    s( 8) = (  0.0000000 -1.0000000  0.0000000 )
                  (  1.0000000  0.0000000  0.0000000 )
                  (  0.0000000  0.0000000  1.0000000 )


      isym =  9     180 deg rotation - cart. axis [1,0,1]        

 cryst.   s( 9) = (     0          0          1      )
                  (     0         -1          0      )
                  (     1          0          0      )

 cart.    s( 9) = (  0.0000000  0.0000000  1.0000000 )
                  (  0.0000000 -1.0000000  0.0000000 )
                  (  1.0000000  0.0000000  0.0000000 )


      isym = 10     180 deg rotation - cart. axis [-1,0,1]       

 cryst.   s(10) = (     0          0         -1      )
                  (     0         -1          0      )
                  (    -1          0          0      )

 cart.    s(10) = (  0.0000000  0.0000000 -1.0000000 )
                  (  0.0000000 -1.0000000  0.0000000 )
                  ( -1.0000000  0.0000000  0.0000000 )


      isym = 11      90 deg rotation - cart. axis [0,1,0]        

 cryst.   s(11) = (     0          0         -1      )
                  (     0          1          0      )
                  (     1          0          0      )

 cart.    s(11) = (  0.0000000  0.0000000  1.0000000 )
                  (  0.0000000  1.0000000  0.0000000 )
                  ( -1.0000000  0.0000000  0.0000000 )


      isym = 12      90 deg rotation - cart. axis [0,-1,0]       

 cryst.   s(12) = (     0          0          1      )
                  (     0          1          0      )
                  (    -1          0          0      )

 cart.    s(12) = (  0.0000000  0.0000000 -1.0000000 )
                  (  0.0000000  1.0000000  0.0000000 )
                  (  1.0000000  0.0000000  0.0000000 )


      isym = 13     180 deg rotation - cart. axis [0,1,1]        

 cryst.   s(13) = (    -1          0          0      )
                  (     0          0          1      )
                  (     0          1          0      )

 cart.    s(13) = ( -1.0000000  0.0000000  0.0000000 )
                  (  0.0000000  0.0000000  1.0000000 )
                  (  0.0000000  1.0000000  0.0000000 )


      isym = 14     180 deg rotation - cart. axis [0,1,-1]       

 cryst.   s(14) = (    -1          0          0      )
                  (     0          0         -1      )
                  (     0         -1          0      )

 cart.    s(14) = ( -1.0000000  0.0000000  0.0000000 )
                  (  0.0000000  0.0000000 -1.0000000 )
                  (  0.0000000 -1.0000000  0.0000000 )


      isym = 15      90 deg rotation - cart. axis [-1,0,0]       

 cryst.   s(15) = (     1          0          0      )
                  (     0          0         -1      )
                  (     0          1          0      )

 cart.    s(15) = (  1.0000000  0.0000000  0.0000000 )
                  (  0.0000000  0.0000000  1.0000000 )
                  (  0.0000000 -1.0000000  0.0000000 )


      isym = 16      90 deg rotation - cart. axis [1,0,0]        

 cryst.   s(16) = (     1          0          0      )
                  (     0          0          1      )
                  (     0         -1          0      )

 cart.    s(16) = (  1.0000000  0.0000000  0.0000000 )
                  (  0.0000000  0.0000000 -1.0000000 )
                  (  0.0000000  1.0000000  0.0000000 )


      isym = 17     120 deg rotation - cart. axis [-1,-1,-1]     

 cryst.   s(17) = (     0          0          1      )
                  (     1          0          0      )
                  (     0          1          0      )

 cart.    s(17) = (  0.0000000  1.0000000  0.0000000 )
                  (  0.0000000  0.0000000  1.0000000 )
                  (  1.0000000  0.0000000  0.0000000 )


      isym = 18     120 deg rotation - cart. axis [-1,1,1]       

 cryst.   s(18) = (     0          0         -1      )
                  (    -1          0          0      )
                  (     0          1          0      )

 cart.    s(18) = (  0.0000000 -1.0000000  0.0000000 )
                  (  0.0000000  0.0000000  1.0000000 )
                  ( -1.0000000  0.0000000  0.0000000 )


      isym = 19     120 deg rotation - cart. axis [1,1,-1]       

 cryst.   s(19) = (     0          0         -1      )
                  (     1          0          0      )
                  (     0         -1          0      )

 cart.    s(19) = (  0.0000000  1.0000000  0.0000000 )
                  (  0.0000000  0.0000000 -1.0000000 )
                  ( -1.0000000  0.0000000  0.0000000 )


      isym = 20     120 deg rotation - cart. axis [1,-1,1]       

 cryst.   s(20) = (     0          0          1      )
                  (    -1          0          0      )
                  (     0         -1          0      )

 cart.    s(20) = (  0.0000000 -1.0000000  0.0000000 )
                  (  0.0000000  0.0000000 -1.0000000 )
                  (  1.0000000  0.0000000  0.0000000 )


      isym = 21     120 deg rotation - cart. axis [1,1,1]        

 cryst.   s(21) = (     0          1          0      )
                  (     0          0          1      )
                  (     1          0          0      )

 cart.    s(21) = (  0.0000000  0.0000000  1.0000000 )
                  (  1.0000000  0.0000000  0.0000000 )
                  (  0.0000000  1.0000000  0.0000000 )


      isym = 22     120 deg rotation - cart. axis [-1,1,-1]      

 cryst.   s(22) = (     0         -1          0      )
                  (     0          0         -1      )
                  (     1          0          0      )

 cart.    s(22) = (  0.0000000  0.0000000  1.0000000 )
                  ( -1.0000000  0.0000000  0.0000000 )
                  (  0.0000000 -1.0000000  0.0000000 )


      isym = 23     120 deg rotation - cart. axis [1,-1,-1]      

 cryst.   s(23) = (     0         -1          0      )
                  (     0          0          1      )
                  (    -1          0          0      )

 cart.    s(23) = (  0.0000000  0.0000000 -1.0000000 )
                  ( -1.0000000  0.0000000  0.0000000 )
                  (  0.0000000  1.0000000  0.0000000 )


      isym = 24     120 deg rotation - cart. axis [-1,-1,1]      

 cryst.   s(24) = (     0          1          0      )
                  (     0          0         -1      )
                  (    -1          0          0      )

 cart.    s(24) = (  0.0000000  0.0000000 -1.0000000 )
                  (  1.0000000  0.0000000  0.0000000 )
                  (  0.0000000 -1.0000000  0.0000000 )


      isym = 25     inversion                                    

 cryst.   s(25) = (    -1          0          0      )
                  (     0         -1          0      )
                  (     0          0         -1      )

 cart.    s(25) = ( -1.0000000  0.0000000  0.0000000 )
                  (  0.0000000 -1.0000000  0.0000000 )
                  (  0.0000000  0.0000000 -1.0000000 )


      isym = 26     inv. 180 deg rotation - cart. axis [0,0,1]   

 cryst.   s(26) = (     1          0          0      )
                  (     0          1          0      )
                  (     0          0         -1      )

 cart.    s(26) = (  1.0000000  0.0000000  0.0000000 )
                  (  0.0000000  1.0000000  0.0000000 )
                  (  0.0000000  0.0000000 -1.0000000 )


      isym = 27     inv. 180 deg rotation - cart. axis [0,1,0]   

 cryst.   s(27) = (     1          0          0      )
                  (     0         -1          0      )
                  (     0          0          1      )

 cart.    s(27) = (  1.0000000  0.0000000  0.0000000 )
                  (  0.0000000 -1.0000000  0.0000000 )
                  (  0.0000000  0.0000000  1.0000000 )


      isym = 28     inv. 180 deg rotation - cart. axis [1,0,0]   

 cryst.   s(28) = (    -1          0          0      )
                  (     0          1          0      )
                  (     0          0          1      )

 cart.    s(28) = ( -1.0000000  0.0000000  0.0000000 )
                  (  0.0000000  1.0000000  0.0000000 )
                  (  0.0000000  0.0000000  1.0000000 )


      isym = 29     inv. 180 deg rotation - cart. axis [1,1,0]   

 cryst.   s(29) = (     0         -1          0      )
                  (    -1          0          0      )
                  (     0          0          1      )

 cart.    s(29) = (  0.0000000 -1.0000000  0.0000000 )
                  ( -1.0000000  0.0000000  0.0000000 )
                  (  0.0000000  0.0000000  1.0000000 )


      isym = 30     inv. 180 deg rotation - cart. axis [1,-1,0]  

 cryst.   s(30) = (     0          1          0      )
                  (     1          0          0      )
                  (     0          0          1      )

 cart.    s(30) = (  0.0000000  1.0000000  0.0000000 )
                  (  1.0000000  0.0000000  0.0000000 )
                  (  0.0000000  0.0000000  1.0000000 )


      isym = 31     inv.  90 deg rotation - cart. axis [0,0,-1]  

 cryst.   s(31) = (     0          1          0      )
                  (    -1          0          0      )
                  (     0          0         -1      )

 cart.    s(31) = (  0.0000000 -1.0000000  0.0000000 )
                  (  1.0000000  0.0000000  0.0000000 )
                  (  0.0000000  0.0000000 -1.0000000 )


      isym = 32     inv.  90 deg rotation - cart. axis [0,0,1]   

 cryst.   s(32) = (     0         -1          0      )
                  (     1          0          0      )
                  (     0          0         -1      )

 cart.    s(32) = (  0.0000000  1.0000000  0.0000000 )
                  ( -1.0000000  0.0000000  0.0000000 )
                  (  0.0000000  0.0000000 -1.0000000 )


      isym = 33     inv. 180 deg rotation - cart. axis [1,0,1]   

 cryst.   s(33) = (     0          0         -1      )
                  (     0          1          0      )
                  (    -1          0          0      )

 cart.    s(33) = (  0.0000000  0.0000000 -1.0000000 )
                  (  0.0000000  1.0000000  0.0000000 )
                  ( -1.0000000  0.0000000  0.0000000 )


      isym = 34     inv. 180 deg rotation - cart. axis [-1,0,1]  

 cryst.   s(34) = (     0          0          1      )
                  (     0          1          0      )
                  (     1          0          0      )

 cart.    s(34) = (  0.0000000  0.0000000  1.0000000 )
                  (  0.0000000  1.0000000  0.0000000 )
                  (  1.0000000  0.0000000  0.0000000 )


      isym = 35     inv.  90 deg rotation - cart. axis [0,1,0]   

 cryst.   s(35) = (     0          0          1      )
                  (     0         -1          0      )
                  (    -1          0          0      )

 cart.    s(35) = (  0.0000000  0.0000000 -1.0000000 )
                  (  0.0000000 -1.0000000  0.0000000 )
                  (  1.0000000  0.0000000  0.0000000 )


      isym = 36     inv.  90 deg rotation - cart. axis [0,-1,0]  

 cryst.   s(36) = (     0          0         -1      )
                  (     0         -1          0      )
                  (     1          0          0      )

 cart.    s(36) = (  0.0000000  0.0000000  1.0000000 )
                  (  0.0000000 -1.0000000  0.0000000 )
                  ( -1.0000000  0.0000000  0.0000000 )


      isym = 37     inv. 180 deg rotation - cart. axis [0,1,1]   

 cryst.   s(37) = (     1          0          0      )
                  (     0          0         -1      )
                  (     0         -1          0      )

 cart.    s(37) = (  1.0000000  0.0000000  0.0000000 )
                  (  0.0000000  0.0000000 -1.0000000 )
                  (  0.0000000 -1.0000000  0.0000000 )


      isym = 38     inv. 180 deg rotation - cart. axis [0,1,-1]  

 cryst.   s(38) = (     1          0          0      )
                  (     0          0          1      )
                  (     0          1          0      )

 cart.    s(38) = (  1.0000000  0.0000000  0.0000000 )
                  (  0.0000000  0.0000000  1.0000000 )
                  (  0.0000000  1.0000000  0.0000000 )


      isym = 39     inv.  90 deg rotation - cart. axis [-1,0,0]  

 cryst.   s(39) = (    -1          0          0      )
                  (     0          0          1      )
                  (     0         -1          0      )

 cart.    s(39) = ( -1.0000000  0.0000000  0.0000000 )
                  (  0.0000000  0.0000000 -1.0000000 )
                  (  0.0000000  1.0000000  0.0000000 )


      isym = 40     inv.  90 deg rotation - cart. axis [1,0,0]   

 cryst.   s(40) = (    -1          0          0      )
                  (     0          0         -1      )
                  (     0          1          0      )

 cart.    s(40) = ( -1.0000000  0.0000000  0.0000000 )
                  (  0.0000000  0.0000000  1.0000000 )
                  (  0.0000000 -1.0000000  0.0000000 )


      isym = 41     inv. 120 deg rotation - cart. axis [-1,-1,-1]

 cryst.   s(41) = (     0          0         -1      )
                  (    -1          0          0      )
                  (     0         -1          0      )

 cart.    s(41) = (  0.0000000 -1.0000000  0.0000000 )
                  (  0.0000000  0.0000000 -1.0000000 )
                  ( -1.0000000  0.0000000  0.0000000 )


      isym = 42     inv. 120 deg rotation - cart. axis [-1,1,1]  

 cryst.   s(42) = (     0          0          1      )
                  (     1          0          0      )
                  (     0         -1          0      )

 cart.    s(42) = (  0.0000000  1.0000000  0.0000000 )
                  (  0.0000000  0.0000000 -1.0000000 )
                  (  1.0000000  0.0000000  0.0000000 )


      isym = 43     inv. 120 deg rotation - cart. axis [1,1,-1]  

 cryst.   s(43) = (     0          0          1      )
                  (    -1          0          0      )
                  (     0          1          0      )

 cart.    s(43) = (  0.0000000 -1.0000000  0.0000000 )
                  (  0.0000000  0.0000000  1.0000000 )
                  (  1.0000000  0.0000000  0.0000000 )


      isym = 44     inv. 120 deg rotation - cart. axis [1,-1,1]  

 cryst.   s(44) = (     0          0         -1      )
                  (     1          0          0      )
                  (     0          1          0      )

 cart.    s(44) = (  0.0000000  1.0000000  0.0000000 )
                  (  0.0000000  0.0000000  1.0000000 )
                  ( -1.0000000  0.0000000  0.0000000 )


      isym = 45     inv. 120 deg rotation - cart. axis [1,1,1]   

 cryst.   s(45) = (     0         -1          0      )
                  (     0          0         -1      )
                  (    -1          0          0      )

 cart.    s(45) = (  0.0000000  0.0000000 -1.0000000 )
                  ( -1.0000000  0.0000000  0.0000000 )
                  (  0.0000000 -1.0000000  0.0000000 )


      isym = 46     inv. 120 deg rotation - cart. axis [-1,1,-1] 

 cryst.   s(46) = (     0          1          0      )
                  (     0          0          1      )
                  (    -1          0          0      )

 cart.    s(46) = (  0.0000000  0.0000000 -1.0000000 )
                  (  1.0000000  0.0000000  0.0000000 )
                  (  0.0000000  1.0000000  0.0000000 )


      isym = 47     inv. 120 deg rotation - cart. axis [1,-1,-1] 

 cryst.   s(47) = (     0          1          0      )
                  (     0          0         -1      )
                  (     1          0          0      )

 cart.    s(47) = (  0.0000000  0.0000000  1.0000000 )
                  (  1.0000000  0.0000000  0.0000000 )
                  (  0.0000000 -1.0000000  0.0000000 )


      isym = 48     inv. 120 deg rotation - cart. axis [-1,-1,1] 

 cryst.   s(48) = (     0         -1          0      )
                  (     0          0          1      )
                  (     1          0          0      )

 cart.    s(48) = (  0.0000000  0.0000000  1.0000000 )
                  ( -1.0000000  0.0000000  0.0000000 )
                  (  0.0000000  1.0000000  0.0000000 )


     This transformation sends q -> -q+G

      isym = 49     identity                                     

 cryst.   s(49) = (     1          0          0      )
                  (     0          1          0      )
                  (     0          0          1      )

 cart.    s(49) = (  1.0000000  0.0000000  0.0000000 )
                  (  0.0000000  1.0000000  0.0000000 )
                  (  0.0000000  0.0000000  1.0000000 )


     G cutoff = 2678.1352  (  72623 G-vectors)     FFT grid: (108,108,108)
     G cutoff = 1339.0676  (  25680 G-vectors)  smooth grid: ( 75, 75, 75)

     number of k points=    84  Gaussian smearing, width (Ry)=  0.0050
                       cart. coord. in units 2pi/alat
        k(    1) = (   0.0000000   0.0000000   0.0000000), wk =   0.0011574
        k(    2) = (   0.0000000   0.0000000   0.0833333), wk =   0.0069444
        k(    3) = (   0.0000000   0.0000000   0.1666667), wk =   0.0069444
        k(    4) = (   0.0000000   0.0000000   0.2500000), wk =   0.0069444
        k(    5) = (   0.0000000   0.0000000   0.3333333), wk =   0.0069444
        k(    6) = (   0.0000000   0.0000000   0.4166667), wk =   0.0069444
        k(    7) = (   0.0000000   0.0000000  -0.5000000), wk =   0.0034722
        k(    8) = (   0.0000000   0.0833333   0.0833333), wk =   0.0138889
        k(    9) = (   0.0000000   0.0833333   0.1666667), wk =   0.0277778
        k(   10) = (   0.0000000   0.0833333   0.2500000), wk =   0.0277778
        k(   11) = (   0.0000000   0.0833333   0.3333333), wk =   0.0277778
        k(   12) = (   0.0000000   0.0833333   0.4166667), wk =   0.0277778
        k(   13) = (   0.0000000   0.0833333  -0.5000000), wk =   0.0138889
        k(   14) = (   0.0000000   0.1666667   0.1666667), wk =   0.0138889
        k(   15) = (   0.0000000   0.1666667   0.2500000), wk =   0.0277778
        k(   16) = (   0.0000000   0.1666667   0.3333333), wk =   0.0277778
        k(   17) = (   0.0000000   0.1666667   0.4166667), wk =   0.0277778
        k(   18) = (   0.0000000   0.1666667  -0.5000000), wk =   0.0138889
        k(   19) = (   0.0000000   0.2500000   0.2500000), wk =   0.0138889
        k(   20) = (   0.0000000   0.2500000   0.3333333), wk =   0.0277778
        k(   21) = (   0.0000000   0.2500000   0.4166667), wk =   0.0277778
        k(   22) = (   0.0000000   0.2500000  -0.5000000), wk =   0.0138889
        k(   23) = (   0.0000000   0.3333333   0.3333333), wk =   0.0138889
        k(   24) = (   0.0000000   0.3333333   0.4166667), wk =   0.0277778
        k(   25) = (   0.0000000   0.3333333  -0.5000000), wk =   0.0138889
        k(   26) = (   0.0000000   0.4166667   0.4166667), wk =   0.0138889
        k(   27) = (   0.0000000   0.4166667  -0.5000000), wk =   0.0138889
        k(   28) = (   0.0000000  -0.5000000  -0.5000000), wk =   0.0034722
        k(   29) = (   0.0833333   0.0833333   0.0833333), wk =   0.0092593
        k(   30) = (   0.0833333   0.0833333   0.1666667), wk =   0.0277778
        k(   31) = (   0.0833333   0.0833333   0.2500000), wk =   0.0277778
        k(   32) = (   0.0833333   0.0833333   0.3333333), wk =   0.0277778
        k(   33) = (   0.0833333   0.0833333   0.4166667), wk =   0.0277778
        k(   34) = (   0.0833333   0.0833333  -0.5000000), wk =   0.0138889
        k(   35) = (   0.0833333   0.1666667   0.1666667), wk =   0.0277778
        k(   36) = (   0.0833333   0.1666667   0.2500000), wk =   0.0555556
        k(   37) = (   0.0833333   0.1666667   0.3333333), wk =   0.0555556
        k(   38) = (   0.0833333   0.1666667   0.4166667), wk =   0.0555556
        k(   39) = (   0.0833333   0.1666667  -0.5000000), wk =   0.0277778
        k(   40) = (   0.0833333   0.2500000   0.2500000), wk =   0.0277778
        k(   41) = (   0.0833333   0.2500000   0.3333333), wk =   0.0555556
        k(   42) = (   0.0833333   0.2500000   0.4166667), wk =   0.0555556
        k(   43) = (   0.0833333   0.2500000  -0.5000000), wk =   0.0277778
        k(   44) = (   0.0833333   0.3333333   0.3333333), wk =   0.0277778
        k(   45) = (   0.0833333   0.3333333   0.4166667), wk =   0.0555556
        k(   46) = (   0.0833333   0.3333333  -0.5000000), wk =   0.0277778
        k(   47) = (   0.0833333   0.4166667   0.4166667), wk =   0.0277778
        k(   48) = (   0.0833333   0.4166667  -0.5000000), wk =   0.0277778
        k(   49) = (   0.0833333  -0.5000000  -0.5000000), wk =   0.0069444
        k(   50) = (   0.1666667   0.1666667   0.1666667), wk =   0.0092593
        k(   51) = (   0.1666667   0.1666667   0.2500000), wk =   0.0277778
        k(   52) = (   0.1666667   0.1666667   0.3333333), wk =   0.0277778
        k(   53) = (   0.1666667   0.1666667   0.4166667), wk =   0.0277778
        k(   54) = (   0.1666667   0.1666667  -0.5000000), wk =   0.0138889
        k(   55) = (   0.1666667   0.2500000   0.2500000), wk =   0.0277778
        k(   56) = (   0.1666667   0.2500000   0.3333333), wk =   0.0555556
        k(   57) = (   0.1666667   0.2500000   0.4166667), wk =   0.0555556
        k(   58) = (   0.1666667   0.2500000  -0.5000000), wk =   0.0277778
        k(   59) = (   0.1666667   0.3333333   0.3333333), wk =   0.0277778
        k(   60) = (   0.1666667   0.3333333   0.4166667), wk =   0.0555556
        k(   61) = (   0.1666667   0.3333333  -0.5000000), wk =   0.0277778
        k(   62) = (   0.1666667   0.4166667   0.4166667), wk =   0.0277778
        k(   63) = (   0.1666667   0.4166667  -0.5000000), wk =   0.0277778
        k(   64) = (   0.1666667  -0.5000000  -0.5000000), wk =   0.0069444
        k(   65) = (   0.2500000   0.2500000   0.2500000), wk =   0.0092593
        k(   66) = (   0.2500000   0.2500000   0.3333333), wk =   0.0277778
        k(   67) = (   0.2500000   0.2500000   0.4166667), wk =   0.0277778
        k(   68) = (   0.2500000   0.2500000  -0.5000000), wk =   0.0138889
        k(   69) = (   0.2500000   0.3333333   0.3333333), wk =   0.0277778
        k(   70) = (   0.2500000   0.3333333   0.4166667), wk =   0.0555556
        k(   71) = (   0.2500000   0.3333333  -0.5000000), wk =   0.0277778
        k(   72) = (   0.2500000   0.4166667   0.4166667), wk =   0.0277778
        k(   73) = (   0.2500000   0.4166667  -0.5000000), wk =   0.0277778
        k(   74) = (   0.2500000  -0.5000000  -0.5000000), wk =   0.0069444
        k(   75) = (   0.3333333   0.3333333   0.3333333), wk =   0.0092593
        k(   76) = (   0.3333333   0.3333333   0.4166667), wk =   0.0277778
        k(   77) = (   0.3333333   0.3333333  -0.5000000), wk =   0.0138889
        k(   78) = (   0.3333333   0.4166667   0.4166667), wk =   0.0277778
        k(   79) = (   0.3333333   0.4166667  -0.5000000), wk =   0.0277778
        k(   80) = (   0.3333333  -0.5000000  -0.5000000), wk =   0.0069444
        k(   81) = (   0.4166667   0.4166667   0.4166667), wk =   0.0092593
        k(   82) = (   0.4166667   0.4166667  -0.5000000), wk =   0.0138889
        k(   83) = (   0.4166667  -0.5000000  -0.5000000), wk =   0.0069444
        k(   84) = (  -0.5000000  -0.5000000  -0.5000000), wk =   0.0011574

                       cryst. coord.
        k(    1) = (   0.0000000   0.0000000   0.0000000), wk =   0.0011574
        k(    2) = (   0.0000000   0.0000000   0.0833333), wk =   0.0069444
        k(    3) = (   0.0000000   0.0000000   0.1666667), wk =   0.0069444
        k(    4) = (   0.0000000   0.0000000   0.2500000), wk =   0.0069444
        k(    5) = (   0.0000000   0.0000000   0.3333333), wk =   0.0069444
        k(    6) = (   0.0000000   0.0000000   0.4166667), wk =   0.0069444
        k(    7) = (   0.0000000   0.0000000  -0.5000000), wk =   0.0034722
        k(    8) = (   0.0000000   0.0833333   0.0833333), wk =   0.0138889
        k(    9) = (   0.0000000   0.0833333   0.1666667), wk =   0.0277778
        k(   10) = (   0.0000000   0.0833333   0.2500000), wk =   0.0277778
        k(   11) = (   0.0000000   0.0833333   0.3333333), wk =   0.0277778
        k(   12) = (   0.0000000   0.0833333   0.4166667), wk =   0.0277778
        k(   13) = (   0.0000000   0.0833333  -0.5000000), wk =   0.0138889
        k(   14) = (   0.0000000   0.1666667   0.1666667), wk =   0.0138889
        k(   15) = (   0.0000000   0.1666667   0.2500000), wk =   0.0277778
        k(   16) = (   0.0000000   0.1666667   0.3333333), wk =   0.0277778
        k(   17) = (   0.0000000   0.1666667   0.4166667), wk =   0.0277778
        k(   18) = (   0.0000000   0.1666667  -0.5000000), wk =   0.0138889
        k(   19) = (   0.0000000   0.2500000   0.2500000), wk =   0.0138889
        k(   20) = (   0.0000000   0.2500000   0.3333333), wk =   0.0277778
        k(   21) = (   0.0000000   0.2500000   0.4166667), wk =   0.0277778
        k(   22) = (   0.0000000   0.2500000  -0.5000000), wk =   0.0138889
        k(   23) = (   0.0000000   0.3333333   0.3333333), wk =   0.0138889
        k(   24) = (   0.0000000   0.3333333   0.4166667), wk =   0.0277778
        k(   25) = (   0.0000000   0.3333333  -0.5000000), wk =   0.0138889
        k(   26) = (   0.0000000   0.4166667   0.4166667), wk =   0.0138889
        k(   27) = (   0.0000000   0.4166667  -0.5000000), wk =   0.0138889
        k(   28) = (   0.0000000  -0.5000000  -0.5000000), wk =   0.0034722
        k(   29) = (   0.0833333   0.0833333   0.0833333), wk =   0.0092593
        k(   30) = (   0.0833333   0.0833333   0.1666667), wk =   0.0277778
        k(   31) = (   0.0833333   0.0833333   0.2500000), wk =   0.0277778
        k(   32) = (   0.0833333   0.0833333   0.3333333), wk =   0.0277778
        k(   33) = (   0.0833333   0.0833333   0.4166667), wk =   0.0277778
        k(   34) = (   0.0833333   0.0833333  -0.5000000), wk =   0.0138889
        k(   35) = (   0.0833333   0.1666667   0.1666667), wk =   0.0277778
        k(   36) = (   0.0833333   0.1666667   0.2500000), wk =   0.0555556
        k(   37) = (   0.0833333   0.1666667   0.3333333), wk =   0.0555556
        k(   38) = (   0.0833333   0.1666667   0.4166667), wk =   0.0555556
        k(   39) = (   0.0833333   0.1666667  -0.5000000), wk =   0.0277778
        k(   40) = (   0.0833333   0.2500000   0.2500000), wk =   0.0277778
        k(   41) = (   0.0833333   0.2500000   0.3333333), wk =   0.0555556
        k(   42) = (   0.0833333   0.2500000   0.4166667), wk =   0.0555556
        k(   43) = (   0.0833333   0.2500000  -0.5000000), wk =   0.0277778
        k(   44) = (   0.0833333   0.3333333   0.3333333), wk =   0.0277778
        k(   45) = (   0.0833333   0.3333333   0.4166667), wk =   0.0555556
        k(   46) = (   0.0833333   0.3333333  -0.5000000), wk =   0.0277778
        k(   47) = (   0.0833333   0.4166667   0.4166667), wk =   0.0277778
        k(   48) = (   0.0833333   0.4166667  -0.5000000), wk =   0.0277778
        k(   49) = (   0.0833333  -0.5000000  -0.5000000), wk =   0.0069444
        k(   50) = (   0.1666667   0.1666667   0.1666667), wk =   0.0092593
        k(   51) = (   0.1666667   0.1666667   0.2500000), wk =   0.0277778
        k(   52) = (   0.1666667   0.1666667   0.3333333), wk =   0.0277778
        k(   53) = (   0.1666667   0.1666667   0.4166667), wk =   0.0277778
        k(   54) = (   0.1666667   0.1666667  -0.5000000), wk =   0.0138889
        k(   55) = (   0.1666667   0.2500000   0.2500000), wk =   0.0277778
        k(   56) = (   0.1666667   0.2500000   0.3333333), wk =   0.0555556
        k(   57) = (   0.1666667   0.2500000   0.4166667), wk =   0.0555556
        k(   58) = (   0.1666667   0.2500000  -0.5000000), wk =   0.0277778
        k(   59) = (   0.1666667   0.3333333   0.3333333), wk =   0.0277778
        k(   60) = (   0.1666667   0.3333333   0.4166667), wk =   0.0555556
        k(   61) = (   0.1666667   0.3333333  -0.5000000), wk =   0.0277778
        k(   62) = (   0.1666667   0.4166667   0.4166667), wk =   0.0277778
        k(   63) = (   0.1666667   0.4166667  -0.5000000), wk =   0.0277778
        k(   64) = (   0.1666667  -0.5000000  -0.5000000), wk =   0.0069444
        k(   65) = (   0.2500000   0.2500000   0.2500000), wk =   0.0092593
        k(   66) = (   0.2500000   0.2500000   0.3333333), wk =   0.0277778
        k(   67) = (   0.2500000   0.2500000   0.4166667), wk =   0.0277778
        k(   68) = (   0.2500000   0.2500000  -0.5000000), wk =   0.0138889
        k(   69) = (   0.2500000   0.3333333   0.3333333), wk =   0.0277778
        k(   70) = (   0.2500000   0.3333333   0.4166667), wk =   0.0555556
        k(   71) = (   0.2500000   0.3333333  -0.5000000), wk =   0.0277778
        k(   72) = (   0.2500000   0.4166667   0.4166667), wk =   0.0277778
        k(   73) = (   0.2500000   0.4166667  -0.5000000), wk =   0.0277778
        k(   74) = (   0.2500000  -0.5000000  -0.5000000), wk =   0.0069444
        k(   75) = (   0.3333333   0.3333333   0.3333333), wk =   0.0092593
        k(   76) = (   0.3333333   0.3333333   0.4166667), wk =   0.0277778
        k(   77) = (   0.3333333   0.3333333  -0.5000000), wk =   0.0138889
        k(   78) = (   0.3333333   0.4166667   0.4166667), wk =   0.0277778
        k(   79) = (   0.3333333   0.4166667  -0.5000000), wk =   0.0277778
        k(   80) = (   0.3333333  -0.5000000  -0.5000000), wk =   0.0069444
        k(   81) = (   0.4166667   0.4166667   0.4166667), wk =   0.0092593
        k(   82) = (   0.4166667   0.4166667  -0.5000000), wk =   0.0138889
        k(   83) = (   0.4166667  -0.5000000  -0.5000000), wk =   0.0069444
        k(   84) = (  -0.5000000  -0.5000000  -0.5000000), wk =   0.0011574

     PseudoPot. # 1 for Cs read from file:
     /home/administrator/Downloads/BURAI/BURAI1.3/pseudopot/Cs.pbe-spn-rrkjus_psl.1.0.0.UPF
     MD5 check sum: 0e4a2db85f86c9a13762b1b689b65a6d
     Pseudo is Ultrasoft + core correction, Zval =  9.0
     Generated using "atomic" code by A. Dal Corso  v.5.1.2
     Using radial grid of 1251 points,  9 beta functions with: 
                l(1) =   0
                l(2) =   0
                l(3) =   0
                l(4) =   1
                l(5) =   1
                l(6) =   2
                l(7) =   2
                l(8) =   3
                l(9) =   3
     Q(r) pseudized with 0 coefficients 


     PseudoPot. # 2 for Hg read from file:
     /home/administrator/Downloads/BURAI/BURAI1.3/pseudopot/Hg.pbe-n-rrkjus_psl.1.0.0.UPF
     MD5 check sum: f04d2c262d1abdd3305243a1878853ce
     Pseudo is Ultrasoft + core correction, Zval = 12.0
     Generated using "atomic" code by A. Dal Corso  v.5.1.2
     Using radial grid of 1279 points,  6 beta functions with: 
                l(1) =   0
                l(2) =   0
                l(3) =   1
                l(4) =   1
                l(5) =   2
                l(6) =   2
     Q(r) pseudized with 0 coefficients 


     PseudoPot. # 3 for I  read from file:
     /home/administrator/Downloads/BURAI/BURAI1.3/pseudopot/I.pbe-n-kjpaw_psl.1.0.0.UPF
     MD5 check sum: e1b2a55c91904a364f23c37cb15bc296
     Pseudo is Projector augmented-wave + core cor, Zval =  7.0
     Generated using "atomic" code by A. Dal Corso  v.5.1.2
     Shape of augmentation charge: PSQ
     Using radial grid of 1247 points,  6 beta functions with: 
                l(1) =   0
                l(2) =   0
                l(3) =   1
                l(4) =   1
                l(5) =   2
                l(6) =   2
     Q(r) pseudized with 0 coefficients 


     point group O_h (m-3m) 
     there are 10 classes
     the character table:

       E     8C3   3C2   6C4   6C2'  i     8S6   3s_h  6S4   6s_d 
A_1g   1.00  1.00  1.00  1.00  1.00  1.00  1.00  1.00  1.00  1.00
A_2g   1.00  1.00  1.00 -1.00 -1.00  1.00  1.00  1.00 -1.00 -1.00
E_g    2.00 -1.00  2.00  0.00  0.00  2.00 -1.00  2.00  0.00  0.00
T_1g   3.00  0.00 -1.00  1.00 -1.00  3.00  0.00 -1.00  1.00 -1.00
T_2g   3.00  0.00 -1.00 -1.00  1.00  3.00  0.00 -1.00 -1.00  1.00
A_1u   1.00  1.00  1.00  1.00  1.00 -1.00 -1.00 -1.00 -1.00 -1.00
A_2u   1.00  1.00  1.00 -1.00 -1.00 -1.00 -1.00 -1.00  1.00  1.00
E_u    2.00 -1.00  2.00  0.00  0.00 -2.00  1.00 -2.00  0.00  0.00
T_1u   3.00  0.00 -1.00  1.00 -1.00 -3.00  0.00  1.00 -1.00  1.00
T_2u   3.00  0.00 -1.00 -1.00  1.00 -3.00  0.00  1.00  1.00 -1.00

     the symmetry operations in each class and the name of the first element:

     E        1
                                                                 
     8C3     17   19   20   18   24   21   22   23
                                                                 
     3C2      2    4    3
                                                                 
     6C4      7    8   15   16   12   11
                                                                 
     6C2'     5    6   14   13   10    9
                                                                 
     i       25
                                                                 
     8S6     41   43   44   42   48   45   46   47
                                                                 
     3s_h    26   28   27
                                                                 
     6S4     31   32   39   40   36   35
                                                                 
     6s_d    29   30   38   37   34   33
                                                                 


     Atomic displacements:
     There are    5 irreducible representations

     Representation     1      3 modes -  To be done
     Irreps are as follows:

     mode #   1              mode #   2              mode #   3
     (  -0.00000   0.00000 ) (  -0.00000  -0.00000 ) (  -0.00000  -0.00000 ) 
     (  -0.00000   0.00000 ) (  -0.00000  -0.00000 ) (  -0.00000  -0.00000 ) 
     (  -0.00000   0.00000 ) (  -0.00000  -0.00000 ) (  -0.00000  -0.00000 ) 
     (  -0.00000   0.00000 ) (  -0.00000  -0.00000 ) (  -0.00000  -0.00000 ) 
     (  -0.00000   0.00000 ) (  -0.00000  -0.00000 ) (  -0.00000  -0.00000 ) 
     (  -0.00000   0.00000 ) (  -0.00000  -0.00000 ) (  -0.00000  -0.00000 ) 
     (  -0.08461  -0.00000 ) (  -0.00000  -0.00000 ) (  -0.04936  -0.00000 ) 
     (  -0.04936  -0.00000 ) (  -0.00000  -0.00000 ) (   0.08461  -0.00000 ) 
     (   0.00000   0.00000 ) (  -0.99036  -0.00000 ) (   0.00000  -0.00000 ) 
     (  -0.08461  -0.00000 ) (  -0.00000  -0.00000 ) (  -0.04936  -0.00000 ) 
     (  -0.49905  -0.00000 ) (  -0.00000  -0.00000 ) (   0.85543  -0.00000 ) 
     (  -0.00000  -0.00000 ) (  -0.09796  -0.00000 ) (  -0.00000  -0.00000 ) 
     (  -0.85543  -0.00000 ) (  -0.00000  -0.00000 ) (  -0.49905  -0.00000 ) 
     (  -0.04936  -0.00000 ) (  -0.00000  -0.00000 ) (   0.08461  -0.00000 ) 
     (  -0.00000   0.00000 ) (  -0.09796  -0.00000 ) (  -0.00000  -0.00000 ) 

     Representation     2      3 modes -  To be done
     Irreps are as follows:

     mode #   4              mode #   5              mode #   6
     (  -0.00000  -0.00000 ) (  -0.00000  -0.00000 ) (  -0.00000  -0.00000 ) 
     (  -0.00000  -0.00000 ) (  -0.00000  -0.00000 ) (  -0.00000  -0.00000 ) 
     (  -0.00000  -0.00000 ) (  -0.00000  -0.00000 ) (  -0.00000  -0.00000 ) 
     (  -1.00000  -0.00000 ) (  -0.00000  -0.00000 ) (  -0.00000  -0.00000 ) 
     (  -0.00000  -0.00000 ) (  -1.00000  -0.00000 ) (  -0.00000  -0.00000 ) 
     (  -0.00000  -0.00000 ) (  -0.00000  -0.00000 ) (  -1.00000  -0.00000 ) 
     (  -0.00000  -0.00000 ) (  -0.00000  -0.00000 ) (  -0.00000  -0.00000 ) 
     (  -0.00000  -0.00000 ) (  -0.00000  -0.00000 ) (  -0.00000  -0.00000 ) 
     (  -0.00000  -0.00000 ) (  -0.00000  -0.00000 ) (  -0.00000  -0.00000 ) 
     (  -0.00000  -0.00000 ) (  -0.00000  -0.00000 ) (  -0.00000  -0.00000 ) 
     (  -0.00000  -0.00000 ) (  -0.00000  -0.00000 ) (  -0.00000  -0.00000 ) 
     (  -0.00000  -0.00000 ) (  -0.00000  -0.00000 ) (  -0.00000  -0.00000 ) 
     (  -0.00000  -0.00000 ) (  -0.00000  -0.00000 ) (  -0.00000  -0.00000 ) 
     (  -0.00000  -0.00000 ) (  -0.00000  -0.00000 ) (  -0.00000  -0.00000 ) 
     (  -0.00000  -0.00000 ) (  -0.00000  -0.00000 ) (  -0.00000  -0.00000 ) 

     Representation     3      3 modes -  To be done
     Irreps are as follows:

     mode #   7              mode #   8              mode #   9
     (  -1.00000  -0.00000 ) (  -0.00000  -0.00000 ) (  -0.00000  -0.00000 ) 
     (  -0.00000  -0.00000 ) (  -0.00000  -0.00000 ) (  -1.00000  -0.00000 ) 
     (  -0.00000  -0.00000 ) (  -1.00000  -0.00000 ) (  -0.00000  -0.00000 ) 
     (  -0.00000  -0.00000 ) (  -0.00000  -0.00000 ) (  -0.00000  -0.00000 ) 
     (  -0.00000  -0.00000 ) (  -0.00000  -0.00000 ) (  -0.00000  -0.00000 ) 
     (  -0.00000  -0.00000 ) (  -0.00000  -0.00000 ) (  -0.00000  -0.00000 ) 
     (  -0.00000  -0.00000 ) (  -0.00000  -0.00000 ) (  -0.00000  -0.00000 ) 
     (  -0.00000  -0.00000 ) (  -0.00000  -0.00000 ) (  -0.00000  -0.00000 ) 
     (  -0.00000  -0.00000 ) (  -0.00000  -0.00000 ) (  -0.00000  -0.00000 ) 
     (  -0.00000  -0.00000 ) (  -0.00000  -0.00000 ) (  -0.00000  -0.00000 ) 
     (  -0.00000  -0.00000 ) (  -0.00000  -0.00000 ) (  -0.00000  -0.00000 ) 
     (  -0.00000  -0.00000 ) (  -0.00000  -0.00000 ) (  -0.00000  -0.00000 ) 
     (  -0.00000  -0.00000 ) (  -0.00000  -0.00000 ) (  -0.00000  -0.00000 ) 
     (  -0.00000  -0.00000 ) (  -0.00000  -0.00000 ) (  -0.00000  -0.00000 ) 
     (  -0.00000  -0.00000 ) (  -0.00000  -0.00000 ) (  -0.00000  -0.00000 ) 

     Representation     4      3 modes -  To be done
     Irreps are as follows:

     mode #  10              mode #  11              mode #  12
     (  -0.00000   0.00000 ) (  -0.00000  -0.00000 ) (   0.00000  -0.00000 ) 
     (  -0.00000   0.00000 ) (  -0.00000  -0.00000 ) (   0.00000  -0.00000 ) 
     (  -0.00000   0.00000 ) (  -0.00000  -0.00000 ) (   0.00000  -0.00000 ) 
     (  -0.00000   0.00000 ) (  -0.00000  -0.00000 ) (   0.00000  -0.00000 ) 
     (  -0.00000   0.00000 ) (  -0.00000  -0.00000 ) (   0.00000  -0.00000 ) 
     (  -0.00000   0.00000 ) (  -0.00000  -0.00000 ) (   0.00000  -0.00000 ) 
     (  -0.69978  -0.00000 ) (  -0.02678  -0.00000 ) (   0.00000  -0.00000 ) 
     (   0.02678   0.00000 ) (  -0.69978  -0.00000 ) (   0.00000  -0.00000 ) 
     (  -0.00000  -0.00000 ) (   0.00000  -0.00000 ) (  -0.13853  -0.00000 ) 
     (  -0.69978  -0.00000 ) (  -0.02678  -0.00000 ) (   0.00000  -0.00000 ) 
     (  -0.00530  -0.00000 ) (   0.13843  -0.00000 ) (   0.00000  -0.00000 ) 
     (   0.00000   0.00000 ) (  -0.00000  -0.00000 ) (   0.70029   0.00000 ) 
     (   0.13843   0.00000 ) (   0.00530  -0.00000 ) (   0.00000  -0.00000 ) 
     (   0.02678   0.00000 ) (  -0.69978  -0.00000 ) (  -0.00000  -0.00000 ) 
     (  -0.00000   0.00000 ) (  -0.00000  -0.00000 ) (   0.70029  -0.00000 ) 

     Representation     5      3 modes -  To be done
     Irreps are as follows:

     mode #  13              mode #  14              mode #  15
     (  -0.00000  -0.00000 ) (  -0.00000   0.00000 ) (  -0.00000  -0.00000 ) 
     (  -0.00000  -0.00000 ) (  -0.00000   0.00000 ) (  -0.00000  -0.00000 ) 
     (  -0.00000  -0.00000 ) (  -0.00000   0.00000 ) (  -0.00000  -0.00000 ) 
     (  -0.00000  -0.00000 ) (  -0.00000   0.00000 ) (  -0.00000  -0.00000 ) 
     (  -0.00000  -0.00000 ) (  -0.00000   0.00000 ) (  -0.00000  -0.00000 ) 
     (  -0.00000  -0.00000 ) (  -0.00000   0.00000 ) (  -0.00000  -0.00000 ) 
     (  -0.70708  -0.00000 ) (  -0.00000   0.00000 ) (  -0.00580  -0.00000 ) 
     (   0.00580  -0.00000 ) (  -0.00000   0.00000 ) (  -0.70708  -0.00000 ) 
     (   0.00000  -0.00000 ) (  -0.00000  -0.00000 ) (  -0.00000  -0.00000 ) 
     (   0.70708  -0.00000 ) (  -0.00000   0.00000 ) (   0.00580  -0.00000 ) 
     (   0.00000  -0.00000 ) (  -0.00000   0.00000 ) (  -0.00000  -0.00000 ) 
     (   0.00000  -0.00000 ) (  -0.70711  -0.00000 ) (   0.00000  -0.00000 ) 
     (   0.00000  -0.00000 ) (  -0.00000   0.00000 ) (  -0.00000  -0.00000 ) 
     (  -0.00580  -0.00000 ) (   0.00000   0.00000 ) (   0.70708  -0.00000 ) 
     (  -0.00000  -0.00000 ) (   0.70711   0.00000 ) (  -0.00000  -0.00000 ) 



     Alpha used in Ewald sum =   2.8000
     PHONON       :   6m14.09s CPU   4m17.31s WALL



     Representation #   1 modes #   1   2   3

     Self-consistent Calculation

     Pert. #  1: Fermi energy shift (Ry) =    -1.2925E-26     3.1347E-38
     Pert. #  2: Fermi energy shift (Ry) =     0.0000E+00     9.4040E-38
     Pert. #  3: Fermi energy shift (Ry) =     8.6165E-27    -1.5673E-38

      iter #   1 total cpu time :   691.0 secs   av.it.:   7.5
      thresh= 1.000E-02 alpha_mix =  0.500 |ddv_scf|^2 =  6.377E-09

     Pert. #  1: Fermi energy shift (Ry) =     0.0000E+00     3.0612E-41
     Pert. #  2: Fermi energy shift (Ry) =    -2.5849E-26     6.1224E-41
     Pert. #  3: Fermi energy shift (Ry) =     4.3082E-27     1.5306E-41

      iter #   2 total cpu time :  1717.2 secs   av.it.:  23.9
      thresh= 7.986E-06 alpha_mix =  0.500 |ddv_scf|^2 =  1.154E-09

     Pert. #  1: Fermi energy shift (Ry) =     1.2925E-26     7.6530E-42
     Pert. #  2: Fermi energy shift (Ry) =    -8.6165E-27     0.0000E+00
     Pert. #  3: Fermi energy shift (Ry) =    -8.6165E-27    -3.8265E-42

      iter #   3 total cpu time :  2764.7 secs   av.it.:  24.2
      thresh= 3.397E-06 alpha_mix =  0.500 |ddv_scf|^2 =  1.158E-11

     Pert. #  1: Fermi energy shift (Ry) =    -1.2925E-26    -1.9132E-42
     Pert. #  2: Fermi energy shift (Ry) =    -1.2925E-26     0.0000E+00
     Pert. #  3: Fermi energy shift (Ry) =    -1.0771E-26     9.5662E-43

      iter #   4 total cpu time :  3814.7 secs   av.it.:  24.3
      thresh= 3.403E-07 alpha_mix =  0.500 |ddv_scf|^2 =  1.738E-12

     Pert. #  1: Fermi energy shift (Ry) =     4.3082E-27     7.1746E-43
     Pert. #  2: Fermi energy shift (Ry) =    -1.2925E-26    -2.8699E-42
     Pert. #  3: Fermi energy shift (Ry) =    -2.1541E-27     1.7937E-42

      iter #   5 total cpu time :  4887.0 secs   av.it.:  25.6
      thresh= 1.318E-07 alpha_mix =  0.500 |ddv_scf|^2 =  8.432E-14

     Pert. #  1: Fermi energy shift (Ry) =     4.3082E-27    -2.9894E-43
     Pert. #  2: Fermi energy shift (Ry) =     2.5849E-26     1.1958E-43
     Pert. #  3: Fermi energy shift (Ry) =     1.0771E-26    -2.0926E-43

      iter #   6 total cpu time :  5894.7 secs   av.it.:  23.9
      thresh= 2.904E-08 alpha_mix =  0.500 |ddv_scf|^2 =  2.923E-14

     Pert. #  1: Fermi energy shift (Ry) =     0.0000E+00    -1.4947E-44
     Pert. #  2: Fermi energy shift (Ry) =     8.6165E-27     2.9894E-44
     Pert. #  3: Fermi energy shift (Ry) =     2.1541E-27    -1.2705E-43

      iter #   7 total cpu time :  6905.3 secs   av.it.:  24.4
      thresh= 1.710E-08 alpha_mix =  0.500 |ddv_scf|^2 =  1.341E-15

     End of self-consistent calculation

     Convergence has been achieved 


     Representation #   2 modes #   4   5   6

     Self-consistent Calculation

     Pert. #  1: Fermi energy shift (Ry) =     0.0000E+00     0.0000E+00
     Pert. #  2: Fermi energy shift (Ry) =     0.0000E+00     0.0000E+00
     Pert. #  3: Fermi energy shift (Ry) =     0.0000E+00     0.0000E+00

      iter #   1 total cpu time :  7401.4 secs   av.it.:   9.2
      thresh= 1.000E-02 alpha_mix =  0.500 |ddv_scf|^2 =  5.396E-08

     Pert. #  1: Fermi energy shift (Ry) =     0.0000E+00     0.0000E+00
     Pert. #  2: Fermi energy shift (Ry) =     0.0000E+00     0.0000E+00
     Pert. #  3: Fermi energy shift (Ry) =     0.0000E+00     0.0000E+00

      iter #   2 total cpu time :  8401.4 secs   av.it.:  23.3
      thresh= 2.323E-05 alpha_mix =  0.500 |ddv_scf|^2 =  1.094E-08

     Pert. #  1: Fermi energy shift (Ry) =     0.0000E+00     0.0000E+00
     Pert. #  2: Fermi energy shift (Ry) =     0.0000E+00     0.0000E+00
     Pert. #  3: Fermi energy shift (Ry) =     0.0000E+00     0.0000E+00

      iter #   3 total cpu time :  9379.7 secs   av.it.:  23.3
      thresh= 1.046E-05 alpha_mix =  0.500 |ddv_scf|^2 =  2.840E-11

     Pert. #  1: Fermi energy shift (Ry) =     0.0000E+00     0.0000E+00
     Pert. #  2: Fermi energy shift (Ry) =     0.0000E+00     0.0000E+00
     Pert. #  3: Fermi energy shift (Ry) =     0.0000E+00     0.0000E+00

      iter #   4 total cpu time : 10407.8 secs   av.it.:  24.3
      thresh= 5.330E-07 alpha_mix =  0.500 |ddv_scf|^2 =  1.731E-12

     Pert. #  1: Fermi energy shift (Ry) =     0.0000E+00     0.0000E+00
     Pert. #  2: Fermi energy shift (Ry) =     0.0000E+00     0.0000E+00
     Pert. #  3: Fermi energy shift (Ry) =     0.0000E+00     0.0000E+00

      iter #   5 total cpu time : 11460.0 secs   av.it.:  24.6
      thresh= 1.316E-07 alpha_mix =  0.500 |ddv_scf|^2 =  3.897E-13

     Pert. #  1: Fermi energy shift (Ry) =     0.0000E+00     0.0000E+00
     Pert. #  2: Fermi energy shift (Ry) =     0.0000E+00     0.0000E+00
     Pert. #  3: Fermi energy shift (Ry) =     0.0000E+00     0.0000E+00

      iter #   6 total cpu time : 12500.6 secs   av.it.:  23.9
      thresh= 6.243E-08 alpha_mix =  0.500 |ddv_scf|^2 =  1.518E-13

     Pert. #  1: Fermi energy shift (Ry) =     0.0000E+00     0.0000E+00
     Pert. #  2: Fermi energy shift (Ry) =     0.0000E+00     0.0000E+00
     Pert. #  3: Fermi energy shift (Ry) =     0.0000E+00     0.0000E+00

      iter #   7 total cpu time : 13554.1 secs   av.it.:  24.5
      thresh= 3.896E-08 alpha_mix =  0.500 |ddv_scf|^2 =  1.531E-15

     End of self-consistent calculation

     Convergence has been achieved 


     Representation #   3 modes #   7   8   9

     Self-consistent Calculation

     Pert. #  1: Fermi energy shift (Ry) =     0.0000E+00     0.0000E+00
     Pert. #  2: Fermi energy shift (Ry) =     0.0000E+00     0.0000E+00
     Pert. #  3: Fermi energy shift (Ry) =     0.0000E+00     0.0000E+00

      iter #   1 total cpu time : 13940.0 secs   av.it.:   6.0
      thresh= 1.000E-02 alpha_mix =  0.500 |ddv_scf|^2 =  9.042E-09

     Pert. #  1: Fermi energy shift (Ry) =     0.0000E+00     0.0000E+00
     Pert. #  2: Fermi energy shift (Ry) =     0.0000E+00     0.0000E+00
     Pert. #  3: Fermi energy shift (Ry) =     0.0000E+00     0.0000E+00

      iter #   2 total cpu time : 14875.0 secs   av.it.:  22.8
      thresh= 9.509E-06 alpha_mix =  0.500 |ddv_scf|^2 =  6.595E-10

     Pert. #  1: Fermi energy shift (Ry) =     0.0000E+00     0.0000E+00
     Pert. #  2: Fermi energy shift (Ry) =     0.0000E+00     0.0000E+00
     Pert. #  3: Fermi energy shift (Ry) =     0.0000E+00     0.0000E+00

      iter #   3 total cpu time : 15917.3 secs   av.it.:  24.1
      thresh= 2.568E-06 alpha_mix =  0.500 |ddv_scf|^2 =  5.359E-11

     Pert. #  1: Fermi energy shift (Ry) =     0.0000E+00     0.0000E+00
     Pert. #  2: Fermi energy shift (Ry) =     0.0000E+00     0.0000E+00
     Pert. #  3: Fermi energy shift (Ry) =     0.0000E+00     0.0000E+00

      iter #   4 total cpu time : 16947.2 secs   av.it.:  24.0
      thresh= 7.321E-07 alpha_mix =  0.500 |ddv_scf|^2 =  3.145E-12

     Pert. #  1: Fermi energy shift (Ry) =     0.0000E+00     0.0000E+00
     Pert. #  2: Fermi energy shift (Ry) =     0.0000E+00     0.0000E+00
     Pert. #  3: Fermi energy shift (Ry) =     0.0000E+00     0.0000E+00

      iter #   5 total cpu time : 17951.5 secs   av.it.:  23.2
      thresh= 1.773E-07 alpha_mix =  0.500 |ddv_scf|^2 =  5.036E-12

     Pert. #  1: Fermi energy shift (Ry) =     0.0000E+00     0.0000E+00
     Pert. #  2: Fermi energy shift (Ry) =     0.0000E+00     0.0000E+00
     Pert. #  3: Fermi energy shift (Ry) =     0.0000E+00     0.0000E+00

      iter #   6 total cpu time : 18889.8 secs   av.it.:  21.3
      thresh= 2.244E-07 alpha_mix =  0.500 |ddv_scf|^2 =  6.013E-14

     Pert. #  1: Fermi energy shift (Ry) =     0.0000E+00     0.0000E+00
     Pert. #  2: Fermi energy shift (Ry) =     0.0000E+00     0.0000E+00
     Pert. #  3: Fermi energy shift (Ry) =     0.0000E+00     0.0000E+00

      iter #   7 total cpu time : 19894.9 secs   av.it.:  23.2
      thresh= 2.452E-08 alpha_mix =  0.500 |ddv_scf|^2 =  4.679E-15

     End of self-consistent calculation

     Convergence has been achieved 


     Representation #   4 modes #  10  11  12

     Self-consistent Calculation

     Pert. #  1: Fermi energy shift (Ry) =    -2.1541E-27    -2.5469E-38
     Pert. #  2: Fermi energy shift (Ry) =     0.0000E+00    -6.2693E-38
     Pert. #  3: Fermi energy shift (Ry) =     1.1574E-26     2.6596E-38

      iter #   1 total cpu time : 20323.5 secs   av.it.:   7.3
      thresh= 1.000E-02 alpha_mix =  0.500 |ddv_scf|^2 =  1.173E-08

     Pert. #  1: Fermi energy shift (Ry) =    -8.0779E-28     2.6785E-41
     Pert. #  2: Fermi energy shift (Ry) =     0.0000E+00    -3.0612E-41
     Pert. #  3: Fermi energy shift (Ry) =    -6.5866E-29    -3.4091E-41

      iter #   2 total cpu time : 21338.0 secs   av.it.:  23.2
      thresh= 1.083E-05 alpha_mix =  0.500 |ddv_scf|^2 =  1.598E-09

     Pert. #  1: Fermi energy shift (Ry) =     4.3082E-27     7.6530E-42
     Pert. #  2: Fermi energy shift (Ry) =     0.0000E+00     0.0000E+00
     Pert. #  3: Fermi energy shift (Ry) =     8.4298E-28     1.8438E-41

      iter #   3 total cpu time : 22383.3 secs   av.it.:  24.0
      thresh= 3.997E-06 alpha_mix =  0.500 |ddv_scf|^2 =  2.085E-11

     Pert. #  1: Fermi energy shift (Ry) =     1.8849E-27    -1.6442E-41
     Pert. #  2: Fermi energy shift (Ry) =     0.0000E+00     1.9132E-42
     Pert. #  3: Fermi energy shift (Ry) =     4.9754E-27     3.9715E-42

      iter #   4 total cpu time : 23412.8 secs   av.it.:  24.3
      thresh= 4.566E-07 alpha_mix =  0.500 |ddv_scf|^2 =  1.741E-12

     Pert. #  1: Fermi energy shift (Ry) =    -4.0390E-27    -4.4842E-43
     Pert. #  2: Fermi energy shift (Ry) =     0.0000E+00    -4.7831E-43
     Pert. #  3: Fermi energy shift (Ry) =     1.3734E-28     1.3228E-43

      iter #   5 total cpu time : 24466.6 secs   av.it.:  24.8
      thresh= 1.319E-07 alpha_mix =  0.500 |ddv_scf|^2 =  4.760E-13

     Pert. #  1: Fermi energy shift (Ry) =     2.6926E-28     2.6905E-43
     Pert. #  2: Fermi energy shift (Ry) =    -2.1541E-27    -2.3915E-43
     Pert. #  3: Fermi energy shift (Ry) =     9.4318E-28     8.6971E-44

      iter #   6 total cpu time : 25439.6 secs   av.it.:  22.6
      thresh= 6.899E-08 alpha_mix =  0.500 |ddv_scf|^2 =  4.931E-14

     Pert. #  1: Fermi energy shift (Ry) =    -1.6156E-27     4.4842E-44
     Pert. #  2: Fermi energy shift (Ry) =     0.0000E+00    -4.7831E-43
     Pert. #  3: Fermi energy shift (Ry) =     1.0088E-28     2.3545E-44

      iter #   7 total cpu time : 26480.3 secs   av.it.:  24.4
      thresh= 2.221E-08 alpha_mix =  0.500 |ddv_scf|^2 =  3.759E-15

     End of self-consistent calculation

     Convergence has been achieved 


     Representation #   5 modes #  13  14  15

     Self-consistent Calculation

     Pert. #  1: Fermi energy shift (Ry) =     0.0000E+00     0.0000E+00
     Pert. #  2: Fermi energy shift (Ry) =    -7.7548E-26     5.1734E-39
     Pert. #  3: Fermi energy shift (Ry) =    -4.1790E-25    -4.3775E-39

      iter #   1 total cpu time : 26874.3 secs   av.it.:   6.2
      thresh= 1.000E-02 alpha_mix =  0.500 |ddv_scf|^2 =  1.658E-09

     Pert. #  1: Fermi energy shift (Ry) =     0.0000E+00     6.1224E-41
     Pert. #  2: Fermi energy shift (Ry) =     5.9743E-27     1.3058E-40
     Pert. #  3: Fermi energy shift (Ry) =     3.4668E-27    -1.4349E-41

      iter #   2 total cpu time : 27837.0 secs   av.it.:  22.1
      thresh= 4.071E-06 alpha_mix =  0.500 |ddv_scf|^2 =  4.512E-11

     Pert. #  1: Fermi energy shift (Ry) =     2.1541E-27    -3.7308E-41
     Pert. #  2: Fermi energy shift (Ry) =     6.2772E-27    -3.3512E-41
     Pert. #  3: Fermi energy shift (Ry) =     2.8946E-27    -3.3781E-42

      iter #   3 total cpu time : 28826.0 secs   av.it.:  22.7
      thresh= 6.717E-07 alpha_mix =  0.500 |ddv_scf|^2 =  6.161E-12

     Pert. #  1: Fermi energy shift (Ry) =     0.0000E+00     1.4349E-42
     Pert. #  2: Fermi energy shift (Ry) =    -3.3658E-29     9.2673E-43
     Pert. #  3: Fermi energy shift (Ry) =     8.4145E-28     7.3241E-43

      iter #   4 total cpu time : 29858.7 secs   av.it.:  23.7
      thresh= 2.482E-07 alpha_mix =  0.500 |ddv_scf|^2 =  9.913E-14

     Pert. #  1: Fermi energy shift (Ry) =     0.0000E+00     0.0000E+00
     Pert. #  2: Fermi energy shift (Ry) =     0.0000E+00     9.1551E-44
     Pert. #  3: Fermi energy shift (Ry) =     2.3729E-27     6.3526E-44

      iter #   5 total cpu time : 30841.9 secs   av.it.:  22.5
      thresh= 3.149E-08 alpha_mix =  0.500 |ddv_scf|^2 =  5.737E-16

     End of self-consistent calculation

     Convergence has been achieved 

     Number of q in the star =    1
     List of q in the star:
          1   0.000000000   0.000000000   0.000000000

     Diagonalizing the dynamical matrix

     q = (    0.000000000   0.000000000   0.000000000 ) 

 **************************************************************************
     freq (    1) =      -0.131373 [THz] =      -4.382118 [cm-1]
     freq (    2) =      -0.131373 [THz] =      -4.382118 [cm-1]
     freq (    3) =      -0.131373 [THz] =      -4.382118 [cm-1]
     freq (    4) =       0.608752 [THz] =      20.305767 [cm-1]
     freq (    5) =       0.608752 [THz] =      20.305767 [cm-1]
     freq (    6) =       0.608752 [THz] =      20.305767 [cm-1]
     freq (    7) =       0.828091 [THz] =      27.622128 [cm-1]
     freq (    8) =       0.828091 [THz] =      27.622128 [cm-1]
     freq (    9) =       0.828091 [THz] =      27.622128 [cm-1]
     freq (   10) =       0.849108 [THz] =      28.323210 [cm-1]
     freq (   11) =       0.849108 [THz] =      28.323210 [cm-1]
     freq (   12) =       0.849108 [THz] =      28.323210 [cm-1]
     freq (   13) =       2.871506 [THz] =      95.783117 [cm-1]
     freq (   14) =       2.871506 [THz] =      95.783117 [cm-1]
     freq (   15) =       2.871506 [THz] =      95.783117 [cm-1]
 **************************************************************************

     Mode symmetry, O_h (m-3m)  point group:

     freq (   1-   3) =         -4.4  [cm-1]   --> T_1u G_15  G_4- I  
     freq (   4-   6) =         20.3  [cm-1]   --> T_1u G_15  G_4- I  
     freq (   7-   9) =         27.6  [cm-1]   --> T_1u G_15  G_4- I  
     freq (  10-  12) =         28.3  [cm-1]   --> T_2u G_25  G_5-    
     freq (  13-  15) =         95.8  [cm-1]   --> T_1u G_15  G_4- I  

     PHONON       :     12h17m CPU      8h34m WALL

     INITIALIZATION: 
     phq_setup    :      0.41s CPU      0.47s WALL (       1 calls)
     phq_init     :    368.80s CPU    251.08s WALL (       1 calls)

     phq_init     :    368.80s CPU    251.08s WALL (       1 calls)
     set_drhoc    :      0.01s CPU      0.01s WALL (       3 calls)
     init_vloc    :      0.02s CPU      0.02s WALL (       1 calls)
     init_us_1    :      0.26s CPU      0.28s WALL (       1 calls)
     init_us_2    :     53.86s CPU     37.61s WALL (    4284 calls)
     newd         :      2.22s CPU      2.65s WALL (       1 calls)
     dvanqq       :    156.50s CPU     98.94s WALL (       1 calls)
     drho         :    197.30s CPU    142.61s WALL (       1 calls)
     drhous       :    150.87s CPU    108.66s WALL (       1 calls)
     nldyntot     :      0.65s CPU      0.65s WALL (       1 calls)

     DYNAMICAL MATRIX:
     dynmat0      :      9.74s CPU      6.24s WALL (       1 calls)
     dynmat_us    :      9.28s CPU      5.82s WALL (       1 calls)
     addusdynmat  :      0.00s CPU      0.00s WALL (       1 calls)
     d2ionq       :      0.25s CPU      0.22s WALL (       1 calls)
     dynmatcc     :      0.21s CPU      0.21s WALL (       1 calls)
     phqscf       :  43851.65s CPU  30593.36s WALL (       1 calls)
     dynmatrix    :      0.01s CPU      0.01s WALL (       1 calls)

     phqscf       :  43851.65s CPU  30593.36s WALL (       1 calls)
     solve_linter :  43788.03s CPU  30556.28s WALL (       5 calls)
     sth_kernel   :  42524.08s CPU  29472.28s WALL (      33 calls)
     h_prec       :      5.67s CPU      4.11s WALL (    2772 calls)
     apply_dpot_b :    965.47s CPU    727.01s WALL (    7056 calls)
     ortho        :    239.08s CPU    135.88s WALL (    8316 calls)
     cgsolve      :  39695.87s CPU  27416.16s WALL (    8316 calls)
     incdrhoscf   :   1369.49s CPU   1005.75s WALL (    8316 calls)
                                        0.00s GPU  (    8316 calls)
     addusddens   :    344.34s CPU    228.54s WALL (      38 calls)
     dv_of_drho   :     14.75s CPU     15.59s WALL (      99 calls)
     mix_pot      :      3.28s CPU      2.55s WALL (      33 calls)
     ef_shift     :      3.41s CPU      2.66s WALL (      33 calls)
     ef_shift_wfc :      2.34s CPU      2.34s WALL (       5 calls)
     localdos     :     71.89s CPU     55.71s WALL (       5 calls)
     drhodv       :     63.61s CPU     37.06s WALL (       5 calls)
     psymdvscf    :    219.44s CPU    221.44s WALL (      33 calls)
     newdq        :    287.11s CPU    287.39s WALL (      33 calls)
     adddvscf     :    170.55s CPU    129.20s WALL (    7056 calls)
     drhodvus     :      0.83s CPU      0.54s WALL (       5 calls)

     dvqpsi_us    :    246.13s CPU    188.83s WALL (    1260 calls)
                                        0.00s GPU  (    1260 calls)
     dvqpsi_us_on :     47.17s CPU     36.74s WALL (    1260 calls)

     add_vuspsi   :   1892.50s CPU    990.81s WALL (  256306 calls)
     addusdbec    :     94.30s CPU     52.01s WALL (    9576 calls)

     drhodvus     :      0.83s CPU      0.54s WALL (       5 calls)

      General routines
     calbec       :   3612.77s CPU   2010.63s WALL (  536804 calls)
     fft          :     34.16s CPU     31.78s WALL (    2208 calls)
     ffts         :     43.93s CPU     34.14s WALL (   10439 calls)
     fftw         :  23944.85s CPU  17913.95s WALL ( 8358894 calls)
     write_rec    :      0.01s CPU      0.02s WALL (      38 calls)

      Additional routines
     ch_psi       :  38411.31s CPU  26526.13s WALL (  256306 calls)
     last         :   5280.55s CPU   3025.15s WALL (  256306 calls)
     Hesh         :    219.24s CPU    153.13s WALL (  256306 calls)
     ch_psi_all_k :   5051.95s CPU   2867.04s WALL (  256306 calls)
                                        0.00s GPU  (  256306 calls)
     ch_psi_calbe :   1672.95s CPU    929.13s WALL (  256306 calls)
                                        0.00s GPU  (  256306 calls)
     h_psi_bgrp   :  30907.76s CPU  22244.38s WALL (  256306 calls)
     h_psi        :  30903.44s CPU  22242.16s WALL (  256306 calls)
     h_psi:pot    :  30664.81s CPU  22080.25s WALL (  256306 calls)
     h_psi:calbec :   1720.28s CPU    961.03s WALL (  256306 calls)
     s_psi_bgrp   :   3916.08s CPU   2095.67s WALL (  520928 calls)
     s_psi        :   3673.53s CPU   1921.56s WALL (  520928 calls)


     PHONON       :     12h17m CPU      8h34m WALL


   This run was terminated on:  23:49:21  14May2025            

=------------------------------------------------------------------------------=
   JOB DONE.
=------------------------------------------------------------------------------=
