
     Program PHONON v.7.3.1 starts on 15May2025 at 15: 2:53 

     This program is part of the open-source Quantum ESPRESSO suite
     for quantum simulation of materials; please cite
         "P. Giannozzi et al., J. Phys.:Condens. Matter 21 395502 (2009);
         "P. Giannozzi et al., J. Phys.:Condens. Matter 29 465901 (2017);
         "P. Giannozzi et al., J. Chem. Phys. 152 154105 (2020);
          URL http://www.quantum-espresso.org", 
     in publications or presentations arising from this work. More details at
     http://www.quantum-espresso.org/quote

     Parallel version (MPI), running on     8 processors

     MPI processes distributed on     1 nodes
     56422 MiB available memory on the printing compute node when the environment starts

     Waiting for input...
     Reading input from standard input
      Title line not specified: using 'default'.

     Reading xml data from directory:

     ./tmp/KSbSe3.save/

     R & G space division:  proc/nbgrp/npool/nimage =       8
     Subspace diagonalization in iterative solution of the eigenvalue problem:
     one sub-group per band group will be used
     custom distributed-memory algorithm (size of sub-group:  2*  2 procs)

     file K.pbe-spn-kjpaw_psl.1.0.0.UPF: wavefunction(s)  3S renormalized
     file Sb.pbe-n-kjpaw_psl.1.0.0.UPF: wavefunction(s)  5S renormalized
     file Se.pbe-n-kjpaw_psl.1.0.0.UPF: wavefunction(s)  4S renormalized

     IMPORTANT: XC functional enforced from input :
     Exchange-correlation= PBE
                           (   1   4   3   4   0   0   0)
     Any further DFT definition will be discarded
     Please, verify this is what you really want


     Parallelization info
     --------------------
     sticks:   dense  smooth     PW     G-vecs:    dense   smooth      PW
     Min         838     417    116                51494    18197    2654
     Max         839     418    117                51497    18202    2657
     Sum        6705    3341    933               411965   145597   21247

     Using Slab Decomposition

     Reading collected, re-writing distributed wavefunctions in ./tmp/

     Number and degeneracy of irreps per q-point
       N         xq(1)         xq(2)         xq(3)   N irreps
  autoval = -.1097E+01
     Irreps are as follows:

                     mode #   1
                     (   0.00000  -0.00000   ) 
                     (   0.00000  -0.00000   ) 
                     (   0.00000  -0.00000   ) 
                     (   0.00000  -0.00000   ) 
                     (   0.00000  -0.00000   ) 
                     (   0.00000  -0.00000   ) 
                     (  -0.02569  -0.00000   ) 
                     (  -0.09453  -0.00000   ) 
                     (   0.00000  -0.00000   ) 
                     (  -0.02569  -0.00000   ) 
                     (  -0.95569  -0.00000   ) 
                     (   0.00000  -0.00000   ) 
                     (  -0.25973  -0.00000   ) 
                     (  -0.09453  -0.00000   ) 
                     (  -0.00000  -0.00000   ) 
  autoval = -.1097E+01
     Irreps are as follows:

                     mode #   2
                     (  -0.00000  -0.00000   ) 
                     (  -0.00000  -0.00000   ) 
                     (  -0.00000  -0.00000   ) 
                     (  -0.00000  -0.00000   ) 
                     (  -0.00000  -0.00000   ) 
                     (  -0.00000  -0.00000   ) 
                     (   0.00000  -0.00000   ) 
                     (  -0.00000  -0.00000   ) 
                     (  -0.99036  -0.00000   ) 
                     (   0.00000  -0.00000   ) 
                     (  -0.00000  -0.00000   ) 
                     (  -0.09796  -0.00000   ) 
                     (   0.00000  -0.00000   ) 
                     (   0.00000  -0.00000   ) 
                     (  -0.09796  -0.00000   ) 
  autoval = -.1097E+01
     Irreps are as follows:

                     mode #   3
                     (  -0.00000  -0.00000   ) 
                     (  -0.00000  -0.00000   ) 
                     (  -0.00000  -0.00000   ) 
                     (  -0.00000  -0.00000   ) 
                     (  -0.00000  -0.00000   ) 
                     (  -0.00000  -0.00000   ) 
                     (  -0.09453  -0.00000   ) 
                     (   0.02569  -0.00000   ) 
                     (  -0.00000   0.00000   ) 
                     (  -0.09453  -0.00000   ) 
                     (   0.25973  -0.00000   ) 
                     (   0.00000  -0.00000   ) 
                     (  -0.95569  -0.00000   ) 
                     (   0.02569  -0.00000   ) 
                     (  -0.00000  -0.00000   ) 
  autoval = 0.3752E+00
     Irreps are as follows:

                     mode #   4
                     (  -0.00000  -0.00000   ) 
                     (  -0.00000  -0.00000   ) 
                     (  -0.00000  -0.00000   ) 
                     (  -1.00000  -0.00000   ) 
                     (  -0.00000  -0.00000   ) 
                     (  -0.00000  -0.00000   ) 
                     (  -0.00000  -0.00000   ) 
                     (  -0.00000  -0.00000   ) 
                     (  -0.00000  -0.00000   ) 
                     (  -0.00000  -0.00000   ) 
                     (  -0.00000  -0.00000   ) 
                     (  -0.00000  -0.00000   ) 
                     (  -0.00000  -0.00000   ) 
                     (  -0.00000  -0.00000   ) 
                     (  -0.00000  -0.00000   ) 
  autoval = 0.3752E+00
     Irreps are as follows:

                     mode #   5
                     (  -0.00000  -0.00000   ) 
                     (  -0.00000  -0.00000   ) 
                     (  -0.00000  -0.00000   ) 
                     (  -0.00000  -0.00000   ) 
                     (  -1.00000  -0.00000   ) 
                     (  -0.00000  -0.00000   ) 
                     (  -0.00000  -0.00000   ) 
                     (  -0.00000  -0.00000   ) 
                     (  -0.00000  -0.00000   ) 
                     (  -0.00000  -0.00000   ) 
                     (  -0.00000  -0.00000   ) 
                     (  -0.00000  -0.00000   ) 
                     (  -0.00000  -0.00000   ) 
                     (  -0.00000  -0.00000   ) 
                     (  -0.00000  -0.00000   ) 
  autoval = 0.3752E+00
     Irreps are as follows:

                     mode #   6
                     (  -0.00000  -0.00000   ) 
                     (  -0.00000  -0.00000   ) 
                     (  -0.00000  -0.00000   ) 
                     (  -0.00000  -0.00000   ) 
                     (  -0.00000  -0.00000   ) 
                     (  -1.00000  -0.00000   ) 
                     (  -0.00000  -0.00000   ) 
                     (  -0.00000  -0.00000   ) 
                     (  -0.00000  -0.00000   ) 
                     (  -0.00000  -0.00000   ) 
                     (  -0.00000  -0.00000   ) 
                     (  -0.00000  -0.00000   ) 
                     (  -0.00000  -0.00000   ) 
                     (  -0.00000  -0.00000   ) 
                     (  -0.00000  -0.00000   ) 
  autoval = 0.6682E+00
     Irreps are as follows:

                     mode #   7
                     (  -1.00000  -0.00000   ) 
                     (  -0.00000  -0.00000   ) 
                     (  -0.00000  -0.00000   ) 
                     (  -0.00000  -0.00000   ) 
                     (  -0.00000  -0.00000   ) 
                     (  -0.00000  -0.00000   ) 
                     (  -0.00000  -0.00000   ) 
                     (  -0.00000  -0.00000   ) 
                     (  -0.00000  -0.00000   ) 
                     (  -0.00000  -0.00000   ) 
                     (  -0.00000  -0.00000   ) 
                     (  -0.00000  -0.00000   ) 
                     (  -0.00000  -0.00000   ) 
                     (  -0.00000  -0.00000   ) 
                     (  -0.00000  -0.00000   ) 
  autoval = 0.6682E+00
     Irreps are as follows:

                     mode #   8
                     (  -0.00000  -0.00000   ) 
                     (  -0.00000  -0.00000   ) 
                     (  -1.00000  -0.00000   ) 
                     (  -0.00000  -0.00000   ) 
                     (  -0.00000  -0.00000   ) 
                     (  -0.00000  -0.00000   ) 
                     (  -0.00000  -0.00000   ) 
                     (  -0.00000  -0.00000   ) 
                     (  -0.00000  -0.00000   ) 
                     (  -0.00000  -0.00000   ) 
                     (  -0.00000  -0.00000   ) 
                     (  -0.00000  -0.00000   ) 
                     (  -0.00000  -0.00000   ) 
                     (  -0.00000  -0.00000   ) 
                     (  -0.00000  -0.00000   ) 
  autoval = 0.6682E+00
     Irreps are as follows:

                     mode #   9
                     (  -0.00000  -0.00000   ) 
                     (  -1.00000  -0.00000   ) 
                     (  -0.00000  -0.00000   ) 
                     (  -0.00000  -0.00000   ) 
                     (  -0.00000  -0.00000   ) 
                     (  -0.00000  -0.00000   ) 
                     (  -0.00000  -0.00000   ) 
                     (  -0.00000  -0.00000   ) 
                     (  -0.00000  -0.00000   ) 
                     (  -0.00000  -0.00000   ) 
                     (  -0.00000  -0.00000   ) 
                     (  -0.00000  -0.00000   ) 
                     (  -0.00000  -0.00000   ) 
                     (  -0.00000  -0.00000   ) 
                     (  -0.00000  -0.00000   ) 
  autoval = 0.1010E+01
     Irreps are as follows:

                     mode #  10
                     (  -0.00000   0.00000   ) 
                     (  -0.00000   0.00000   ) 
                     (  -0.00000   0.00000   ) 
                     (  -0.00000   0.00000   ) 
                     (  -0.00000   0.00000   ) 
                     (  -0.00000   0.00000   ) 
                     (  -0.25718  -0.00000   ) 
                     (  -0.60236  -0.00000   ) 
                     (   0.04903   0.00000   ) 
                     (  -0.25718  -0.00000   ) 
                     (   0.11916   0.00000   ) 
                     (  -0.24784  -0.00000   ) 
                     (   0.05088   0.00000   ) 
                     (  -0.60236  -0.00000   ) 
                     (  -0.24784  -0.00000   ) 
  autoval = 0.1010E+01
     Irreps are as follows:

                     mode #  11
                     (  -0.00000  -0.00000   ) 
                     (  -0.00000  -0.00000   ) 
                     (  -0.00000  -0.00000   ) 
                     (  -0.00000  -0.00000   ) 
                     (  -0.00000  -0.00000   ) 
                     (  -0.00000  -0.00000   ) 
                     (  -0.64944  -0.00000   ) 
                     (   0.25754  -0.00000   ) 
                     (  -0.00949  -0.00000   ) 
                     (  -0.64944  -0.00000   ) 
                     (  -0.05095  -0.00000   ) 
                     (   0.04798  -0.00000   ) 
                     (   0.12847  -0.00000   ) 
                     (   0.25754  -0.00000   ) 
                     (   0.04798  -0.00000   ) 
  autoval = 0.1010E+01
     Irreps are as follows:

                     mode #  12
                     (  -0.00000  -0.00000   ) 
                     (  -0.00000  -0.00000   ) 
                     (  -0.00000  -0.00000   ) 
                     (  -0.00000  -0.00000   ) 
                     (  -0.00000  -0.00000   ) 
                     (  -0.00000  -0.00000   ) 
                     (  -0.04987  -0.00000   ) 
                     (  -0.24747  -0.00000   ) 
                     (  -0.12922  -0.00000   ) 
                     (  -0.04987  -0.00000   ) 
                     (   0.04895  -0.00000   ) 
                     (   0.65320  -0.00000   ) 
                     (   0.00987  -0.00000   ) 
                     (  -0.24747  -0.00000   ) 
                     (   0.65320  -0.00000   ) 
  autoval = 0.1803E+01
     Irreps are as follows:

                     mode #  13
                     (  -0.00000   0.00000   ) 
                     (  -0.00000   0.00000   ) 
                     (  -0.00000   0.00000   ) 
                     (  -0.00000   0.00000   ) 
                     (  -0.00000   0.00000   ) 
                     (  -0.00000   0.00000   ) 
                     (  -0.70523  -0.00000   ) 
                     (  -0.04807  -0.00000   ) 
                     (  -0.00000  -0.00000   ) 
                     (   0.70523   0.00000   ) 
                     (   0.00000   0.00000   ) 
                     (   0.01862   0.00000   ) 
                     (  -0.00000  -0.00000   ) 
                     (   0.04807   0.00000   ) 
                     (  -0.01862  -0.00000   ) 
  autoval = 0.1803E+01
     Irreps are as follows:

                     mode #  14
                     (  -0.00000  -0.00000   ) 
                     (  -0.00000  -0.00000   ) 
                     (  -0.00000  -0.00000   ) 
                     (  -0.00000  -0.00000   ) 
                     (  -0.00000  -0.00000   ) 
                     (  -0.00000  -0.00000   ) 
                     (  -0.05127  -0.00000   ) 
                     (   0.68052  -0.00000   ) 
                     (  -0.00000  -0.00000   ) 
                     (   0.05127  -0.00000   ) 
                     (  -0.00000  -0.00000   ) 
                     (  -0.18511  -0.00000   ) 
                     (  -0.00000  -0.00000   ) 
                     (  -0.68052  -0.00000   ) 
                     (   0.18511   0.00000   ) 
  autoval = 0.1803E+01
     Irreps are as follows:

                     mode #  15
                     (  -0.00000   0.00000   ) 
                     (  -0.00000   0.00000   ) 
                     (  -0.00000   0.00000   ) 
                     (  -0.00000   0.00000   ) 
                     (  -0.00000   0.00000   ) 
                     (  -0.00000   0.00000   ) 
                     (  -0.00534  -0.00000   ) 
                     (  -0.18596  -0.00000   ) 
                     (  -0.00000  -0.00000   ) 
                     (   0.00534   0.00000   ) 
                     (  -0.00000  -0.00000   ) 
                     (  -0.68219  -0.00000   ) 
                     (  -0.00000  -0.00000   ) 
                     (   0.18596   0.00000   ) 
                     (   0.68219   0.00000   ) 
       1   0.000000000   0.000000000   0.000000000       5
        3   3   3   3   3

     Calculation of q =    0.0000000   0.0000000   0.0000000

     default                                                                    

     bravais-lattice index     =            0
     lattice parameter (alat)  =      10.2532  a.u.
     unit-cell volume          =    1077.9098 (a.u.)^3
     number of atoms/cell      =            5
     number of atomic types    =            3
     kinetic-energy cut-off    =     100.0000  Ry
     charge density cut-off    =     800.0000  Ry
     convergence threshold     =      1.0E-14
     beta                      =       0.5000
     number of iterations used =            4
     Exchange-correlation= PBE
                           (   1   4   3   4   0   0   0)


     celldm(1)=   10.25323  celldm(2)=    0.00000  celldm(3)=    0.00000
     celldm(4)=    0.00000  celldm(5)=    0.00000  celldm(6)=    0.00000

     crystal axes: (cart. coord. in units of alat)
               a(1) = (  1.0000  0.0000  0.0000 )  
               a(2) = (  0.0000  1.0000  0.0000 )  
               a(3) = (  0.0000  0.0000  1.0000 )  

     reciprocal axes: (cart. coord. in units 2 pi/alat)
               b(1) = (  1.0000  0.0000  0.0000 )  
               b(2) = (  0.0000  1.0000  0.0000 )  
               b(3) = (  0.0000  0.0000  1.0000 )  


     Atoms inside the unit cell: 

     Cartesian axes

     site n.  atom      mass           positions (alat units)
        1  K      39.0983   tau(    1) = (    0.00000    0.00000    0.00000  )
        2  Sb    121.7600   tau(    2) = (    0.50000    0.50000    0.50000  )
        3  Se     78.9710   tau(    3) = (    0.50000    0.50000    0.00000  )
        4  Se     78.9710   tau(    4) = (    0.50000    0.00000    0.50000  )
        5  Se     78.9710   tau(    5) = (    0.00000    0.50000    0.50000  )

     Computing dynamical matrix for 
                    q = (   0.0000000   0.0000000   0.0000000 )

     49 Sym.Ops. (with q -> -q+G )

                                    s                        frac. trans.

      isym =  1     identity                                     

 cryst.   s( 1) = (     1          0          0      )
                  (     0          1          0      )
                  (     0          0          1      )

 cart.    s( 1) = (  1.0000000  0.0000000  0.0000000 )
                  (  0.0000000  1.0000000  0.0000000 )
                  (  0.0000000  0.0000000  1.0000000 )


      isym =  2     180 deg rotation - cart. axis [0,0,1]        

 cryst.   s( 2) = (    -1          0          0      )
                  (     0         -1          0      )
                  (     0          0          1      )

 cart.    s( 2) = ( -1.0000000  0.0000000  0.0000000 )
                  (  0.0000000 -1.0000000  0.0000000 )
                  (  0.0000000  0.0000000  1.0000000 )


      isym =  3     180 deg rotation - cart. axis [0,1,0]        

 cryst.   s( 3) = (    -1          0          0      )
                  (     0          1          0      )
                  (     0          0         -1      )

 cart.    s( 3) = ( -1.0000000  0.0000000  0.0000000 )
                  (  0.0000000  1.0000000  0.0000000 )
                  (  0.0000000  0.0000000 -1.0000000 )


      isym =  4     180 deg rotation - cart. axis [1,0,0]        

 cryst.   s( 4) = (     1          0          0      )
                  (     0         -1          0      )
                  (     0          0         -1      )

 cart.    s( 4) = (  1.0000000  0.0000000  0.0000000 )
                  (  0.0000000 -1.0000000  0.0000000 )
                  (  0.0000000  0.0000000 -1.0000000 )


      isym =  5     180 deg rotation - cart. axis [1,1,0]        

 cryst.   s( 5) = (     0          1          0      )
                  (     1          0          0      )
                  (     0          0         -1      )

 cart.    s( 5) = (  0.0000000  1.0000000  0.0000000 )
                  (  1.0000000  0.0000000  0.0000000 )
                  (  0.0000000  0.0000000 -1.0000000 )


      isym =  6     180 deg rotation - cart. axis [1,-1,0]       

 cryst.   s( 6) = (     0         -1          0      )
                  (    -1          0          0      )
                  (     0          0         -1      )

 cart.    s( 6) = (  0.0000000 -1.0000000  0.0000000 )
                  ( -1.0000000  0.0000000  0.0000000 )
                  (  0.0000000  0.0000000 -1.0000000 )


      isym =  7      90 deg rotation - cart. axis [0,0,-1]       

 cryst.   s( 7) = (     0         -1          0      )
                  (     1          0          0      )
                  (     0          0          1      )

 cart.    s( 7) = (  0.0000000  1.0000000  0.0000000 )
                  ( -1.0000000  0.0000000  0.0000000 )
                  (  0.0000000  0.0000000  1.0000000 )


      isym =  8      90 deg rotation - cart. axis [0,0,1]        

 cryst.   s( 8) = (     0          1          0      )
                  (    -1          0          0      )
                  (     0          0          1      )

 cart.    s( 8) = (  0.0000000 -1.0000000  0.0000000 )
                  (  1.0000000  0.0000000  0.0000000 )
                  (  0.0000000  0.0000000  1.0000000 )


      isym =  9     180 deg rotation - cart. axis [1,0,1]        

 cryst.   s( 9) = (     0          0          1      )
                  (     0         -1          0      )
                  (     1          0          0      )

 cart.    s( 9) = (  0.0000000  0.0000000  1.0000000 )
                  (  0.0000000 -1.0000000  0.0000000 )
                  (  1.0000000  0.0000000  0.0000000 )


      isym = 10     180 deg rotation - cart. axis [-1,0,1]       

 cryst.   s(10) = (     0          0         -1      )
                  (     0         -1          0      )
                  (    -1          0          0      )

 cart.    s(10) = (  0.0000000  0.0000000 -1.0000000 )
                  (  0.0000000 -1.0000000  0.0000000 )
                  ( -1.0000000  0.0000000  0.0000000 )


      isym = 11      90 deg rotation - cart. axis [0,1,0]        

 cryst.   s(11) = (     0          0         -1      )
                  (     0          1          0      )
                  (     1          0          0      )

 cart.    s(11) = (  0.0000000  0.0000000  1.0000000 )
                  (  0.0000000  1.0000000  0.0000000 )
                  ( -1.0000000  0.0000000  0.0000000 )


      isym = 12      90 deg rotation - cart. axis [0,-1,0]       

 cryst.   s(12) = (     0          0          1      )
                  (     0          1          0      )
                  (    -1          0          0      )

 cart.    s(12) = (  0.0000000  0.0000000 -1.0000000 )
                  (  0.0000000  1.0000000  0.0000000 )
                  (  1.0000000  0.0000000  0.0000000 )


      isym = 13     180 deg rotation - cart. axis [0,1,1]        

 cryst.   s(13) = (    -1          0          0      )
                  (     0          0          1      )
                  (     0          1          0      )

 cart.    s(13) = ( -1.0000000  0.0000000  0.0000000 )
                  (  0.0000000  0.0000000  1.0000000 )
                  (  0.0000000  1.0000000  0.0000000 )


      isym = 14     180 deg rotation - cart. axis [0,1,-1]       

 cryst.   s(14) = (    -1          0          0      )
                  (     0          0         -1      )
                  (     0         -1          0      )

 cart.    s(14) = ( -1.0000000  0.0000000  0.0000000 )
                  (  0.0000000  0.0000000 -1.0000000 )
                  (  0.0000000 -1.0000000  0.0000000 )


      isym = 15      90 deg rotation - cart. axis [-1,0,0]       

 cryst.   s(15) = (     1          0          0      )
                  (     0          0         -1      )
                  (     0          1          0      )

 cart.    s(15) = (  1.0000000  0.0000000  0.0000000 )
                  (  0.0000000  0.0000000  1.0000000 )
                  (  0.0000000 -1.0000000  0.0000000 )


      isym = 16      90 deg rotation - cart. axis [1,0,0]        

 cryst.   s(16) = (     1          0          0      )
                  (     0          0          1      )
                  (     0         -1          0      )

 cart.    s(16) = (  1.0000000  0.0000000  0.0000000 )
                  (  0.0000000  0.0000000 -1.0000000 )
                  (  0.0000000  1.0000000  0.0000000 )


      isym = 17     120 deg rotation - cart. axis [-1,-1,-1]     

 cryst.   s(17) = (     0          0          1      )
                  (     1          0          0      )
                  (     0          1          0      )

 cart.    s(17) = (  0.0000000  1.0000000  0.0000000 )
                  (  0.0000000  0.0000000  1.0000000 )
                  (  1.0000000  0.0000000  0.0000000 )


      isym = 18     120 deg rotation - cart. axis [-1,1,1]       

 cryst.   s(18) = (     0          0         -1      )
                  (    -1          0          0      )
                  (     0          1          0      )

 cart.    s(18) = (  0.0000000 -1.0000000  0.0000000 )
                  (  0.0000000  0.0000000  1.0000000 )
                  ( -1.0000000  0.0000000  0.0000000 )


      isym = 19     120 deg rotation - cart. axis [1,1,-1]       

 cryst.   s(19) = (     0          0         -1      )
                  (     1          0          0      )
                  (     0         -1          0      )

 cart.    s(19) = (  0.0000000  1.0000000  0.0000000 )
                  (  0.0000000  0.0000000 -1.0000000 )
                  ( -1.0000000  0.0000000  0.0000000 )


      isym = 20     120 deg rotation - cart. axis [1,-1,1]       

 cryst.   s(20) = (     0          0          1      )
                  (    -1          0          0      )
                  (     0         -1          0      )

 cart.    s(20) = (  0.0000000 -1.0000000  0.0000000 )
                  (  0.0000000  0.0000000 -1.0000000 )
                  (  1.0000000  0.0000000  0.0000000 )


      isym = 21     120 deg rotation - cart. axis [1,1,1]        

 cryst.   s(21) = (     0          1          0      )
                  (     0          0          1      )
                  (     1          0          0      )

 cart.    s(21) = (  0.0000000  0.0000000  1.0000000 )
                  (  1.0000000  0.0000000  0.0000000 )
                  (  0.0000000  1.0000000  0.0000000 )


      isym = 22     120 deg rotation - cart. axis [-1,1,-1]      

 cryst.   s(22) = (     0         -1          0      )
                  (     0          0         -1      )
                  (     1          0          0      )

 cart.    s(22) = (  0.0000000  0.0000000  1.0000000 )
                  ( -1.0000000  0.0000000  0.0000000 )
                  (  0.0000000 -1.0000000  0.0000000 )


      isym = 23     120 deg rotation - cart. axis [1,-1,-1]      

 cryst.   s(23) = (     0         -1          0      )
                  (     0          0          1      )
                  (    -1          0          0      )

 cart.    s(23) = (  0.0000000  0.0000000 -1.0000000 )
                  ( -1.0000000  0.0000000  0.0000000 )
                  (  0.0000000  1.0000000  0.0000000 )


      isym = 24     120 deg rotation - cart. axis [-1,-1,1]      

 cryst.   s(24) = (     0          1          0      )
                  (     0          0         -1      )
                  (    -1          0          0      )

 cart.    s(24) = (  0.0000000  0.0000000 -1.0000000 )
                  (  1.0000000  0.0000000  0.0000000 )
                  (  0.0000000 -1.0000000  0.0000000 )


      isym = 25     inversion                                    

 cryst.   s(25) = (    -1          0          0      )
                  (     0         -1          0      )
                  (     0          0         -1      )

 cart.    s(25) = ( -1.0000000  0.0000000  0.0000000 )
                  (  0.0000000 -1.0000000  0.0000000 )
                  (  0.0000000  0.0000000 -1.0000000 )


      isym = 26     inv. 180 deg rotation - cart. axis [0,0,1]   

 cryst.   s(26) = (     1          0          0      )
                  (     0          1          0      )
                  (     0          0         -1      )

 cart.    s(26) = (  1.0000000  0.0000000  0.0000000 )
                  (  0.0000000  1.0000000  0.0000000 )
                  (  0.0000000  0.0000000 -1.0000000 )


      isym = 27     inv. 180 deg rotation - cart. axis [0,1,0]   

 cryst.   s(27) = (     1          0          0      )
                  (     0         -1          0      )
                  (     0          0          1      )

 cart.    s(27) = (  1.0000000  0.0000000  0.0000000 )
                  (  0.0000000 -1.0000000  0.0000000 )
                  (  0.0000000  0.0000000  1.0000000 )


      isym = 28     inv. 180 deg rotation - cart. axis [1,0,0]   

 cryst.   s(28) = (    -1          0          0      )
                  (     0          1          0      )
                  (     0          0          1      )

 cart.    s(28) = ( -1.0000000  0.0000000  0.0000000 )
                  (  0.0000000  1.0000000  0.0000000 )
                  (  0.0000000  0.0000000  1.0000000 )


      isym = 29     inv. 180 deg rotation - cart. axis [1,1,0]   

 cryst.   s(29) = (     0         -1          0      )
                  (    -1          0          0      )
                  (     0          0          1      )

 cart.    s(29) = (  0.0000000 -1.0000000  0.0000000 )
                  ( -1.0000000  0.0000000  0.0000000 )
                  (  0.0000000  0.0000000  1.0000000 )


      isym = 30     inv. 180 deg rotation - cart. axis [1,-1,0]  

 cryst.   s(30) = (     0          1          0      )
                  (     1          0          0      )
                  (     0          0          1      )

 cart.    s(30) = (  0.0000000  1.0000000  0.0000000 )
                  (  1.0000000  0.0000000  0.0000000 )
                  (  0.0000000  0.0000000  1.0000000 )


      isym = 31     inv.  90 deg rotation - cart. axis [0,0,-1]  

 cryst.   s(31) = (     0          1          0      )
                  (    -1          0          0      )
                  (     0          0         -1      )

 cart.    s(31) = (  0.0000000 -1.0000000  0.0000000 )
                  (  1.0000000  0.0000000  0.0000000 )
                  (  0.0000000  0.0000000 -1.0000000 )


      isym = 32     inv.  90 deg rotation - cart. axis [0,0,1]   

 cryst.   s(32) = (     0         -1          0      )
                  (     1          0          0      )
                  (     0          0         -1      )

 cart.    s(32) = (  0.0000000  1.0000000  0.0000000 )
                  ( -1.0000000  0.0000000  0.0000000 )
                  (  0.0000000  0.0000000 -1.0000000 )


      isym = 33     inv. 180 deg rotation - cart. axis [1,0,1]   

 cryst.   s(33) = (     0          0         -1      )
                  (     0          1          0      )
                  (    -1          0          0      )

 cart.    s(33) = (  0.0000000  0.0000000 -1.0000000 )
                  (  0.0000000  1.0000000  0.0000000 )
                  ( -1.0000000  0.0000000  0.0000000 )


      isym = 34     inv. 180 deg rotation - cart. axis [-1,0,1]  

 cryst.   s(34) = (     0          0          1      )
                  (     0          1          0      )
                  (     1          0          0      )

 cart.    s(34) = (  0.0000000  0.0000000  1.0000000 )
                  (  0.0000000  1.0000000  0.0000000 )
                  (  1.0000000  0.0000000  0.0000000 )


      isym = 35     inv.  90 deg rotation - cart. axis [0,1,0]   

 cryst.   s(35) = (     0          0          1      )
                  (     0         -1          0      )
                  (    -1          0          0      )

 cart.    s(35) = (  0.0000000  0.0000000 -1.0000000 )
                  (  0.0000000 -1.0000000  0.0000000 )
                  (  1.0000000  0.0000000  0.0000000 )


      isym = 36     inv.  90 deg rotation - cart. axis [0,-1,0]  

 cryst.   s(36) = (     0          0         -1      )
                  (     0         -1          0      )
                  (     1          0          0      )

 cart.    s(36) = (  0.0000000  0.0000000  1.0000000 )
                  (  0.0000000 -1.0000000  0.0000000 )
                  ( -1.0000000  0.0000000  0.0000000 )


      isym = 37     inv. 180 deg rotation - cart. axis [0,1,1]   

 cryst.   s(37) = (     1          0          0      )
                  (     0          0         -1      )
                  (     0         -1          0      )

 cart.    s(37) = (  1.0000000  0.0000000  0.0000000 )
                  (  0.0000000  0.0000000 -1.0000000 )
                  (  0.0000000 -1.0000000  0.0000000 )


      isym = 38     inv. 180 deg rotation - cart. axis [0,1,-1]  

 cryst.   s(38) = (     1          0          0      )
                  (     0          0          1      )
                  (     0          1          0      )

 cart.    s(38) = (  1.0000000  0.0000000  0.0000000 )
                  (  0.0000000  0.0000000  1.0000000 )
                  (  0.0000000  1.0000000  0.0000000 )


      isym = 39     inv.  90 deg rotation - cart. axis [-1,0,0]  

 cryst.   s(39) = (    -1          0          0      )
                  (     0          0          1      )
                  (     0         -1          0      )

 cart.    s(39) = ( -1.0000000  0.0000000  0.0000000 )
                  (  0.0000000  0.0000000 -1.0000000 )
                  (  0.0000000  1.0000000  0.0000000 )


      isym = 40     inv.  90 deg rotation - cart. axis [1,0,0]   

 cryst.   s(40) = (    -1          0          0      )
                  (     0          0         -1      )
                  (     0          1          0      )

 cart.    s(40) = ( -1.0000000  0.0000000  0.0000000 )
                  (  0.0000000  0.0000000  1.0000000 )
                  (  0.0000000 -1.0000000  0.0000000 )


      isym = 41     inv. 120 deg rotation - cart. axis [-1,-1,-1]

 cryst.   s(41) = (     0          0         -1      )
                  (    -1          0          0      )
                  (     0         -1          0      )

 cart.    s(41) = (  0.0000000 -1.0000000  0.0000000 )
                  (  0.0000000  0.0000000 -1.0000000 )
                  ( -1.0000000  0.0000000  0.0000000 )


      isym = 42     inv. 120 deg rotation - cart. axis [-1,1,1]  

 cryst.   s(42) = (     0          0          1      )
                  (     1          0          0      )
                  (     0         -1          0      )

 cart.    s(42) = (  0.0000000  1.0000000  0.0000000 )
                  (  0.0000000  0.0000000 -1.0000000 )
                  (  1.0000000  0.0000000  0.0000000 )


      isym = 43     inv. 120 deg rotation - cart. axis [1,1,-1]  

 cryst.   s(43) = (     0          0          1      )
                  (    -1          0          0      )
                  (     0          1          0      )

 cart.    s(43) = (  0.0000000 -1.0000000  0.0000000 )
                  (  0.0000000  0.0000000  1.0000000 )
                  (  1.0000000  0.0000000  0.0000000 )


      isym = 44     inv. 120 deg rotation - cart. axis [1,-1,1]  

 cryst.   s(44) = (     0          0         -1      )
                  (     1          0          0      )
                  (     0          1          0      )

 cart.    s(44) = (  0.0000000  1.0000000  0.0000000 )
                  (  0.0000000  0.0000000  1.0000000 )
                  ( -1.0000000  0.0000000  0.0000000 )


      isym = 45     inv. 120 deg rotation - cart. axis [1,1,1]   

 cryst.   s(45) = (     0         -1          0      )
                  (     0          0         -1      )
                  (    -1          0          0      )

 cart.    s(45) = (  0.0000000  0.0000000 -1.0000000 )
                  ( -1.0000000  0.0000000  0.0000000 )
                  (  0.0000000 -1.0000000  0.0000000 )


      isym = 46     inv. 120 deg rotation - cart. axis [-1,1,-1] 

 cryst.   s(46) = (     0          1          0      )
                  (     0          0          1      )
                  (    -1          0          0      )

 cart.    s(46) = (  0.0000000  0.0000000 -1.0000000 )
                  (  1.0000000  0.0000000  0.0000000 )
                  (  0.0000000  1.0000000  0.0000000 )


      isym = 47     inv. 120 deg rotation - cart. axis [1,-1,-1] 

 cryst.   s(47) = (     0          1          0      )
                  (     0          0         -1      )
                  (     1          0          0      )

 cart.    s(47) = (  0.0000000  0.0000000  1.0000000 )
                  (  1.0000000  0.0000000  0.0000000 )
                  (  0.0000000 -1.0000000  0.0000000 )


      isym = 48     inv. 120 deg rotation - cart. axis [-1,-1,1] 

 cryst.   s(48) = (     0         -1          0      )
                  (     0          0          1      )
                  (     1          0          0      )

 cart.    s(48) = (  0.0000000  0.0000000  1.0000000 )
                  ( -1.0000000  0.0000000  0.0000000 )
                  (  0.0000000  1.0000000  0.0000000 )


     This transformation sends q -> -q+G

      isym = 49     identity                                     

 cryst.   s(49) = (     1          0          0      )
                  (     0          1          0      )
                  (     0          0          1      )

 cart.    s(49) = (  1.0000000  0.0000000  0.0000000 )
                  (  0.0000000  1.0000000  0.0000000 )
                  (  0.0000000  0.0000000  1.0000000 )


     G cutoff = 2130.3545  (  51496 G-vectors)     FFT grid: ( 96, 96, 96)
     G cutoff = 1065.1772  (  18202 G-vectors)  smooth grid: ( 72, 72, 72)

     number of k points=    56  Gaussian smearing, width (Ry)=  0.0050
                       cart. coord. in units 2pi/alat
        k(    1) = (   0.0000000   0.0000000   0.0000000), wk =   0.0020000
        k(    2) = (   0.0000000   0.0000000   0.1000000), wk =   0.0120000
        k(    3) = (   0.0000000   0.0000000   0.2000000), wk =   0.0120000
        k(    4) = (   0.0000000   0.0000000   0.3000000), wk =   0.0120000
        k(    5) = (   0.0000000   0.0000000   0.4000000), wk =   0.0120000
        k(    6) = (   0.0000000   0.0000000  -0.5000000), wk =   0.0060000
        k(    7) = (   0.0000000   0.1000000   0.1000000), wk =   0.0240000
        k(    8) = (   0.0000000   0.1000000   0.2000000), wk =   0.0480000
        k(    9) = (   0.0000000   0.1000000   0.3000000), wk =   0.0480000
        k(   10) = (   0.0000000   0.1000000   0.4000000), wk =   0.0480000
        k(   11) = (   0.0000000   0.1000000  -0.5000000), wk =   0.0240000
        k(   12) = (   0.0000000   0.2000000   0.2000000), wk =   0.0240000
        k(   13) = (   0.0000000   0.2000000   0.3000000), wk =   0.0480000
        k(   14) = (   0.0000000   0.2000000   0.4000000), wk =   0.0480000
        k(   15) = (   0.0000000   0.2000000  -0.5000000), wk =   0.0240000
        k(   16) = (   0.0000000   0.3000000   0.3000000), wk =   0.0240000
        k(   17) = (   0.0000000   0.3000000   0.4000000), wk =   0.0480000
        k(   18) = (   0.0000000   0.3000000  -0.5000000), wk =   0.0240000
        k(   19) = (   0.0000000   0.4000000   0.4000000), wk =   0.0240000
        k(   20) = (   0.0000000   0.4000000  -0.5000000), wk =   0.0240000
        k(   21) = (   0.0000000  -0.5000000  -0.5000000), wk =   0.0060000
        k(   22) = (   0.1000000   0.1000000   0.1000000), wk =   0.0160000
        k(   23) = (   0.1000000   0.1000000   0.2000000), wk =   0.0480000
        k(   24) = (   0.1000000   0.1000000   0.3000000), wk =   0.0480000
        k(   25) = (   0.1000000   0.1000000   0.4000000), wk =   0.0480000
        k(   26) = (   0.1000000   0.1000000  -0.5000000), wk =   0.0240000
        k(   27) = (   0.1000000   0.2000000   0.2000000), wk =   0.0480000
        k(   28) = (   0.1000000   0.2000000   0.3000000), wk =   0.0960000
        k(   29) = (   0.1000000   0.2000000   0.4000000), wk =   0.0960000
        k(   30) = (   0.1000000   0.2000000  -0.5000000), wk =   0.0480000
        k(   31) = (   0.1000000   0.3000000   0.3000000), wk =   0.0480000
        k(   32) = (   0.1000000   0.3000000   0.4000000), wk =   0.0960000
        k(   33) = (   0.1000000   0.3000000  -0.5000000), wk =   0.0480000
        k(   34) = (   0.1000000   0.4000000   0.4000000), wk =   0.0480000
        k(   35) = (   0.1000000   0.4000000  -0.5000000), wk =   0.0480000
        k(   36) = (   0.1000000  -0.5000000  -0.5000000), wk =   0.0120000
        k(   37) = (   0.2000000   0.2000000   0.2000000), wk =   0.0160000
        k(   38) = (   0.2000000   0.2000000   0.3000000), wk =   0.0480000
        k(   39) = (   0.2000000   0.2000000   0.4000000), wk =   0.0480000
        k(   40) = (   0.2000000   0.2000000  -0.5000000), wk =   0.0240000
        k(   41) = (   0.2000000   0.3000000   0.3000000), wk =   0.0480000
        k(   42) = (   0.2000000   0.3000000   0.4000000), wk =   0.0960000
        k(   43) = (   0.2000000   0.3000000  -0.5000000), wk =   0.0480000
        k(   44) = (   0.2000000   0.4000000   0.4000000), wk =   0.0480000
        k(   45) = (   0.2000000   0.4000000  -0.5000000), wk =   0.0480000
        k(   46) = (   0.2000000  -0.5000000  -0.5000000), wk =   0.0120000
        k(   47) = (   0.3000000   0.3000000   0.3000000), wk =   0.0160000
        k(   48) = (   0.3000000   0.3000000   0.4000000), wk =   0.0480000
        k(   49) = (   0.3000000   0.3000000  -0.5000000), wk =   0.0240000
        k(   50) = (   0.3000000   0.4000000   0.4000000), wk =   0.0480000
        k(   51) = (   0.3000000   0.4000000  -0.5000000), wk =   0.0480000
        k(   52) = (   0.3000000  -0.5000000  -0.5000000), wk =   0.0120000
        k(   53) = (   0.4000000   0.4000000   0.4000000), wk =   0.0160000
        k(   54) = (   0.4000000   0.4000000  -0.5000000), wk =   0.0240000
        k(   55) = (   0.4000000  -0.5000000  -0.5000000), wk =   0.0120000
        k(   56) = (  -0.5000000  -0.5000000  -0.5000000), wk =   0.0020000

                       cryst. coord.
        k(    1) = (   0.0000000   0.0000000   0.0000000), wk =   0.0020000
        k(    2) = (   0.0000000   0.0000000   0.1000000), wk =   0.0120000
        k(    3) = (   0.0000000   0.0000000   0.2000000), wk =   0.0120000
        k(    4) = (   0.0000000   0.0000000   0.3000000), wk =   0.0120000
        k(    5) = (   0.0000000   0.0000000   0.4000000), wk =   0.0120000
        k(    6) = (   0.0000000   0.0000000  -0.5000000), wk =   0.0060000
        k(    7) = (   0.0000000   0.1000000   0.1000000), wk =   0.0240000
        k(    8) = (   0.0000000   0.1000000   0.2000000), wk =   0.0480000
        k(    9) = (   0.0000000   0.1000000   0.3000000), wk =   0.0480000
        k(   10) = (   0.0000000   0.1000000   0.4000000), wk =   0.0480000
        k(   11) = (   0.0000000   0.1000000  -0.5000000), wk =   0.0240000
        k(   12) = (   0.0000000   0.2000000   0.2000000), wk =   0.0240000
        k(   13) = (   0.0000000   0.2000000   0.3000000), wk =   0.0480000
        k(   14) = (   0.0000000   0.2000000   0.4000000), wk =   0.0480000
        k(   15) = (   0.0000000   0.2000000  -0.5000000), wk =   0.0240000
        k(   16) = (   0.0000000   0.3000000   0.3000000), wk =   0.0240000
        k(   17) = (   0.0000000   0.3000000   0.4000000), wk =   0.0480000
        k(   18) = (   0.0000000   0.3000000  -0.5000000), wk =   0.0240000
        k(   19) = (   0.0000000   0.4000000   0.4000000), wk =   0.0240000
        k(   20) = (   0.0000000   0.4000000  -0.5000000), wk =   0.0240000
        k(   21) = (   0.0000000  -0.5000000  -0.5000000), wk =   0.0060000
        k(   22) = (   0.1000000   0.1000000   0.1000000), wk =   0.0160000
        k(   23) = (   0.1000000   0.1000000   0.2000000), wk =   0.0480000
        k(   24) = (   0.1000000   0.1000000   0.3000000), wk =   0.0480000
        k(   25) = (   0.1000000   0.1000000   0.4000000), wk =   0.0480000
        k(   26) = (   0.1000000   0.1000000  -0.5000000), wk =   0.0240000
        k(   27) = (   0.1000000   0.2000000   0.2000000), wk =   0.0480000
        k(   28) = (   0.1000000   0.2000000   0.3000000), wk =   0.0960000
        k(   29) = (   0.1000000   0.2000000   0.4000000), wk =   0.0960000
        k(   30) = (   0.1000000   0.2000000  -0.5000000), wk =   0.0480000
        k(   31) = (   0.1000000   0.3000000   0.3000000), wk =   0.0480000
        k(   32) = (   0.1000000   0.3000000   0.4000000), wk =   0.0960000
        k(   33) = (   0.1000000   0.3000000  -0.5000000), wk =   0.0480000
        k(   34) = (   0.1000000   0.4000000   0.4000000), wk =   0.0480000
        k(   35) = (   0.1000000   0.4000000  -0.5000000), wk =   0.0480000
        k(   36) = (   0.1000000  -0.5000000  -0.5000000), wk =   0.0120000
        k(   37) = (   0.2000000   0.2000000   0.2000000), wk =   0.0160000
        k(   38) = (   0.2000000   0.2000000   0.3000000), wk =   0.0480000
        k(   39) = (   0.2000000   0.2000000   0.4000000), wk =   0.0480000
        k(   40) = (   0.2000000   0.2000000  -0.5000000), wk =   0.0240000
        k(   41) = (   0.2000000   0.3000000   0.3000000), wk =   0.0480000
        k(   42) = (   0.2000000   0.3000000   0.4000000), wk =   0.0960000
        k(   43) = (   0.2000000   0.3000000  -0.5000000), wk =   0.0480000
        k(   44) = (   0.2000000   0.4000000   0.4000000), wk =   0.0480000
        k(   45) = (   0.2000000   0.4000000  -0.5000000), wk =   0.0480000
        k(   46) = (   0.2000000  -0.5000000  -0.5000000), wk =   0.0120000
        k(   47) = (   0.3000000   0.3000000   0.3000000), wk =   0.0160000
        k(   48) = (   0.3000000   0.3000000   0.4000000), wk =   0.0480000
        k(   49) = (   0.3000000   0.3000000  -0.5000000), wk =   0.0240000
        k(   50) = (   0.3000000   0.4000000   0.4000000), wk =   0.0480000
        k(   51) = (   0.3000000   0.4000000  -0.5000000), wk =   0.0480000
        k(   52) = (   0.3000000  -0.5000000  -0.5000000), wk =   0.0120000
        k(   53) = (   0.4000000   0.4000000   0.4000000), wk =   0.0160000
        k(   54) = (   0.4000000   0.4000000  -0.5000000), wk =   0.0240000
        k(   55) = (   0.4000000  -0.5000000  -0.5000000), wk =   0.0120000
        k(   56) = (  -0.5000000  -0.5000000  -0.5000000), wk =   0.0020000

     PseudoPot. # 1 for K  read from file:
     /home/administrator/Downloads/BURAI/BURAI1.3/pseudopot/K.pbe-spn-kjpaw_psl.1.0.0.UPF
     MD5 check sum: 14ff5a24ff9f8afecca2cb30191d3c3d
     Pseudo is Projector augmented-wave + core cor, Zval =  9.0
     Generated using "atomic" code by A. Dal Corso  v.5.1.2
     Shape of augmentation charge: PSQ
     Using radial grid of 1165 points,  6 beta functions with: 
                l(1) =   0
                l(2) =   0
                l(3) =   1
                l(4) =   1
                l(5) =   2
                l(6) =   2
     Q(r) pseudized with 0 coefficients 


     PseudoPot. # 2 for Sb read from file:
     /home/administrator/Downloads/BURAI/BURAI1.3/pseudopot/Sb.pbe-n-kjpaw_psl.1.0.0.UPF
     MD5 check sum: f1c885dedccffa706451a3b39fc4a741
     Pseudo is Projector augmented-wave + core cor, Zval =  5.0
     Generated using "atomic" code by A. Dal Corso  v.5.1.2
     Shape of augmentation charge: PSQ
     Using radial grid of 1243 points,  6 beta functions with: 
                l(1) =   0
                l(2) =   0
                l(3) =   1
                l(4) =   1
                l(5) =   2
                l(6) =   2
     Q(r) pseudized with 0 coefficients 


     PseudoPot. # 3 for Se read from file:
     /home/administrator/Downloads/BURAI/BURAI1.3/pseudopot/Se.pbe-n-kjpaw_psl.1.0.0.UPF
     MD5 check sum: a24196f260b4188fa853fb27ef2f7c98
     Pseudo is Projector augmented-wave + core cor, Zval =  6.0
     Generated using "atomic" code by A. Dal Corso  v.5.1.2
     Shape of augmentation charge: PSQ
     Using radial grid of 1211 points,  4 beta functions with: 
                l(1) =   0
                l(2) =   0
                l(3) =   1
                l(4) =   1
     Q(r) pseudized with 0 coefficients 


     point group O_h (m-3m) 
     there are 10 classes
     the character table:

       E     8C3   3C2   6C4   6C2'  i     8S6   3s_h  6S4   6s_d 
A_1g   1.00  1.00  1.00  1.00  1.00  1.00  1.00  1.00  1.00  1.00
A_2g   1.00  1.00  1.00 -1.00 -1.00  1.00  1.00  1.00 -1.00 -1.00
E_g    2.00 -1.00  2.00  0.00  0.00  2.00 -1.00  2.00  0.00  0.00
T_1g   3.00  0.00 -1.00  1.00 -1.00  3.00  0.00 -1.00  1.00 -1.00
T_2g   3.00  0.00 -1.00 -1.00  1.00  3.00  0.00 -1.00 -1.00  1.00
A_1u   1.00  1.00  1.00  1.00  1.00 -1.00 -1.00 -1.00 -1.00 -1.00
A_2u   1.00  1.00  1.00 -1.00 -1.00 -1.00 -1.00 -1.00  1.00  1.00
E_u    2.00 -1.00  2.00  0.00  0.00 -2.00  1.00 -2.00  0.00  0.00
T_1u   3.00  0.00 -1.00  1.00 -1.00 -3.00  0.00  1.00 -1.00  1.00
T_2u   3.00  0.00 -1.00 -1.00  1.00 -3.00  0.00  1.00  1.00 -1.00

     the symmetry operations in each class and the name of the first element:

     E        1
                                                                 
     8C3     17   19   20   18   24   21   22   23
                                                                 
     3C2      2    4    3
                                                                 
     6C4      7    8   15   16   12   11
                                                                 
     6C2'     5    6   14   13   10    9
                                                                 
     i       25
                                                                 
     8S6     41   43   44   42   48   45   46   47
                                                                 
     3s_h    26   28   27
                                                                 
     6S4     31   32   39   40   36   35
                                                                 
     6s_d    29   30   38   37   34   33
                                                                 


     Atomic displacements:
     There are    5 irreducible representations

     Representation     1      3 modes -  To be done
     Irreps are as follows:

     mode #   1              mode #   2              mode #   3
     (   0.00000  -0.00000 ) (  -0.00000  -0.00000 ) (  -0.00000  -0.00000 ) 
     (   0.00000  -0.00000 ) (  -0.00000  -0.00000 ) (  -0.00000  -0.00000 ) 
     (   0.00000  -0.00000 ) (  -0.00000  -0.00000 ) (  -0.00000  -0.00000 ) 
     (   0.00000  -0.00000 ) (  -0.00000  -0.00000 ) (  -0.00000  -0.00000 ) 
     (   0.00000  -0.00000 ) (  -0.00000  -0.00000 ) (  -0.00000  -0.00000 ) 
     (   0.00000  -0.00000 ) (  -0.00000  -0.00000 ) (  -0.00000  -0.00000 ) 
     (  -0.02569  -0.00000 ) (   0.00000  -0.00000 ) (  -0.09453  -0.00000 ) 
     (  -0.09453  -0.00000 ) (  -0.00000  -0.00000 ) (   0.02569  -0.00000 ) 
     (   0.00000  -0.00000 ) (  -0.99036  -0.00000 ) (  -0.00000   0.00000 ) 
     (  -0.02569  -0.00000 ) (   0.00000  -0.00000 ) (  -0.09453  -0.00000 ) 
     (  -0.95569  -0.00000 ) (  -0.00000  -0.00000 ) (   0.25973  -0.00000 ) 
     (   0.00000  -0.00000 ) (  -0.09796  -0.00000 ) (   0.00000  -0.00000 ) 
     (  -0.25973  -0.00000 ) (   0.00000  -0.00000 ) (  -0.95569  -0.00000 ) 
     (  -0.09453  -0.00000 ) (   0.00000  -0.00000 ) (   0.02569  -0.00000 ) 
     (  -0.00000  -0.00000 ) (  -0.09796  -0.00000 ) (  -0.00000  -0.00000 ) 

     Representation     2      3 modes -  To be done
     Irreps are as follows:

     mode #   4              mode #   5              mode #   6
     (  -0.00000  -0.00000 ) (  -0.00000  -0.00000 ) (  -0.00000  -0.00000 ) 
     (  -0.00000  -0.00000 ) (  -0.00000  -0.00000 ) (  -0.00000  -0.00000 ) 
     (  -0.00000  -0.00000 ) (  -0.00000  -0.00000 ) (  -0.00000  -0.00000 ) 
     (  -1.00000  -0.00000 ) (  -0.00000  -0.00000 ) (  -0.00000  -0.00000 ) 
     (  -0.00000  -0.00000 ) (  -1.00000  -0.00000 ) (  -0.00000  -0.00000 ) 
     (  -0.00000  -0.00000 ) (  -0.00000  -0.00000 ) (  -1.00000  -0.00000 ) 
     (  -0.00000  -0.00000 ) (  -0.00000  -0.00000 ) (  -0.00000  -0.00000 ) 
     (  -0.00000  -0.00000 ) (  -0.00000  -0.00000 ) (  -0.00000  -0.00000 ) 
     (  -0.00000  -0.00000 ) (  -0.00000  -0.00000 ) (  -0.00000  -0.00000 ) 
     (  -0.00000  -0.00000 ) (  -0.00000  -0.00000 ) (  -0.00000  -0.00000 ) 
     (  -0.00000  -0.00000 ) (  -0.00000  -0.00000 ) (  -0.00000  -0.00000 ) 
     (  -0.00000  -0.00000 ) (  -0.00000  -0.00000 ) (  -0.00000  -0.00000 ) 
     (  -0.00000  -0.00000 ) (  -0.00000  -0.00000 ) (  -0.00000  -0.00000 ) 
     (  -0.00000  -0.00000 ) (  -0.00000  -0.00000 ) (  -0.00000  -0.00000 ) 
     (  -0.00000  -0.00000 ) (  -0.00000  -0.00000 ) (  -0.00000  -0.00000 ) 

     Representation     3      3 modes -  To be done
     Irreps are as follows:

     mode #   7              mode #   8              mode #   9
     (  -1.00000  -0.00000 ) (  -0.00000  -0.00000 ) (  -0.00000  -0.00000 ) 
     (  -0.00000  -0.00000 ) (  -0.00000  -0.00000 ) (  -1.00000  -0.00000 ) 
     (  -0.00000  -0.00000 ) (  -1.00000  -0.00000 ) (  -0.00000  -0.00000 ) 
     (  -0.00000  -0.00000 ) (  -0.00000  -0.00000 ) (  -0.00000  -0.00000 ) 
     (  -0.00000  -0.00000 ) (  -0.00000  -0.00000 ) (  -0.00000  -0.00000 ) 
     (  -0.00000  -0.00000 ) (  -0.00000  -0.00000 ) (  -0.00000  -0.00000 ) 
     (  -0.00000  -0.00000 ) (  -0.00000  -0.00000 ) (  -0.00000  -0.00000 ) 
     (  -0.00000  -0.00000 ) (  -0.00000  -0.00000 ) (  -0.00000  -0.00000 ) 
     (  -0.00000  -0.00000 ) (  -0.00000  -0.00000 ) (  -0.00000  -0.00000 ) 
     (  -0.00000  -0.00000 ) (  -0.00000  -0.00000 ) (  -0.00000  -0.00000 ) 
     (  -0.00000  -0.00000 ) (  -0.00000  -0.00000 ) (  -0.00000  -0.00000 ) 
     (  -0.00000  -0.00000 ) (  -0.00000  -0.00000 ) (  -0.00000  -0.00000 ) 
     (  -0.00000  -0.00000 ) (  -0.00000  -0.00000 ) (  -0.00000  -0.00000 ) 
     (  -0.00000  -0.00000 ) (  -0.00000  -0.00000 ) (  -0.00000  -0.00000 ) 
     (  -0.00000  -0.00000 ) (  -0.00000  -0.00000 ) (  -0.00000  -0.00000 ) 

     Representation     4      3 modes -  To be done
     Irreps are as follows:

     mode #  10              mode #  11              mode #  12
     (  -0.00000   0.00000 ) (  -0.00000  -0.00000 ) (  -0.00000  -0.00000 ) 
     (  -0.00000   0.00000 ) (  -0.00000  -0.00000 ) (  -0.00000  -0.00000 ) 
     (  -0.00000   0.00000 ) (  -0.00000  -0.00000 ) (  -0.00000  -0.00000 ) 
     (  -0.00000   0.00000 ) (  -0.00000  -0.00000 ) (  -0.00000  -0.00000 ) 
     (  -0.00000   0.00000 ) (  -0.00000  -0.00000 ) (  -0.00000  -0.00000 ) 
     (  -0.00000   0.00000 ) (  -0.00000  -0.00000 ) (  -0.00000  -0.00000 ) 
     (  -0.25718  -0.00000 ) (  -0.64944  -0.00000 ) (  -0.04987  -0.00000 ) 
     (  -0.60236  -0.00000 ) (   0.25754  -0.00000 ) (  -0.24747  -0.00000 ) 
     (   0.04903   0.00000 ) (  -0.00949  -0.00000 ) (  -0.12922  -0.00000 ) 
     (  -0.25718  -0.00000 ) (  -0.64944  -0.00000 ) (  -0.04987  -0.00000 ) 
     (   0.11916   0.00000 ) (  -0.05095  -0.00000 ) (   0.04895  -0.00000 ) 
     (  -0.24784  -0.00000 ) (   0.04798  -0.00000 ) (   0.65320  -0.00000 ) 
     (   0.05088   0.00000 ) (   0.12847  -0.00000 ) (   0.00987  -0.00000 ) 
     (  -0.60236  -0.00000 ) (   0.25754  -0.00000 ) (  -0.24747  -0.00000 ) 
     (  -0.24784  -0.00000 ) (   0.04798  -0.00000 ) (   0.65320  -0.00000 ) 

     Representation     5      3 modes -  To be done
     Irreps are as follows:

     mode #  13              mode #  14              mode #  15
     (  -0.00000   0.00000 ) (  -0.00000  -0.00000 ) (  -0.00000   0.00000 ) 
     (  -0.00000   0.00000 ) (  -0.00000  -0.00000 ) (  -0.00000   0.00000 ) 
     (  -0.00000   0.00000 ) (  -0.00000  -0.00000 ) (  -0.00000   0.00000 ) 
     (  -0.00000   0.00000 ) (  -0.00000  -0.00000 ) (  -0.00000   0.00000 ) 
     (  -0.00000   0.00000 ) (  -0.00000  -0.00000 ) (  -0.00000   0.00000 ) 
     (  -0.00000   0.00000 ) (  -0.00000  -0.00000 ) (  -0.00000   0.00000 ) 
     (  -0.70523  -0.00000 ) (  -0.05127  -0.00000 ) (  -0.00534  -0.00000 ) 
     (  -0.04807  -0.00000 ) (   0.68052  -0.00000 ) (  -0.18596  -0.00000 ) 
     (  -0.00000  -0.00000 ) (  -0.00000  -0.00000 ) (  -0.00000  -0.00000 ) 
     (   0.70523   0.00000 ) (   0.05127  -0.00000 ) (   0.00534   0.00000 ) 
     (   0.00000   0.00000 ) (  -0.00000  -0.00000 ) (  -0.00000  -0.00000 ) 
     (   0.01862   0.00000 ) (  -0.18511  -0.00000 ) (  -0.68219  -0.00000 ) 
     (  -0.00000  -0.00000 ) (  -0.00000  -0.00000 ) (  -0.00000  -0.00000 ) 
     (   0.04807   0.00000 ) (  -0.68052  -0.00000 ) (   0.18596   0.00000 ) 
     (  -0.01862  -0.00000 ) (   0.18511   0.00000 ) (   0.68219   0.00000 ) 



     Alpha used in Ewald sum =   2.8000
     PHONON       :   1m44.78s CPU   1m12.71s WALL



     Representation #   1 modes #   1   2   3

     Self-consistent Calculation

     Pert. #  1: Fermi energy shift (Ry) =    -1.0619E-25     0.0000E+00
     Pert. #  2: Fermi energy shift (Ry) =    -2.0599E-26    -2.2294E-37
     Pert. #  3: Fermi energy shift (Ry) =     7.4923E-26     0.0000E+00

      iter #   1 total cpu time :   176.9 secs   av.it.:   5.3
      thresh= 1.000E-02 alpha_mix =  0.500 |ddv_scf|^2 =  1.135E-08

     Pert. #  1: Fermi energy shift (Ry) =    -8.0779E-28     1.5784E-40
     Pert. #  2: Fermi energy shift (Ry) =    -1.0771E-27    -9.1835E-41
     Pert. #  3: Fermi energy shift (Ry) =     7.5394E-27    -3.0612E-41

      iter #   2 total cpu time :   378.4 secs   av.it.:  14.7
      thresh= 1.066E-05 alpha_mix =  0.500 |ddv_scf|^2 =  1.603E-09

     Pert. #  1: Fermi energy shift (Ry) =    -1.0771E-27     4.0178E-41
     Pert. #  2: Fermi energy shift (Ry) =    -8.6165E-27     3.0612E-41
     Pert. #  3: Fermi energy shift (Ry) =     2.6926E-27    -1.3393E-41

      iter #   3 total cpu time :   577.6 secs   av.it.:  14.6
      thresh= 4.004E-06 alpha_mix =  0.500 |ddv_scf|^2 =  7.664E-12

     Pert. #  1: Fermi energy shift (Ry) =     2.1541E-27    -1.1360E-42
     Pert. #  2: Fermi energy shift (Ry) =    -4.3082E-27    -2.8699E-42
     Pert. #  3: Fermi energy shift (Ry) =     0.0000E+00     9.5662E-43

      iter #   4 total cpu time :   778.5 secs   av.it.:  14.6
      thresh= 2.768E-07 alpha_mix =  0.500 |ddv_scf|^2 =  1.200E-12

     Pert. #  1: Fermi energy shift (Ry) =    -1.0771E-27     0.0000E+00
     Pert. #  2: Fermi energy shift (Ry) =     8.6165E-27    -3.0616E-43
     Pert. #  3: Fermi energy shift (Ry) =    -1.0771E-26     0.0000E+00

      iter #   5 total cpu time :   986.4 secs   av.it.:  15.3
      thresh= 1.095E-07 alpha_mix =  0.500 |ddv_scf|^2 =  1.285E-14

     Pert. #  1: Fermi energy shift (Ry) =    -5.3853E-28    -9.1925E-43
     Pert. #  2: Fermi energy shift (Ry) =     0.0000E+00     1.8535E-42
     Pert. #  3: Fermi energy shift (Ry) =    -2.8004E-26    -2.3915E-43

      iter #   6 total cpu time :  1186.0 secs   av.it.:  14.7
      thresh= 1.134E-08 alpha_mix =  0.500 |ddv_scf|^2 =  1.796E-15

     End of self-consistent calculation

     Convergence has been achieved 


     Representation #   2 modes #   4   5   6

     Self-consistent Calculation

     Pert. #  1: Fermi energy shift (Ry) =     0.0000E+00     0.0000E+00
     Pert. #  2: Fermi energy shift (Ry) =     0.0000E+00     0.0000E+00
     Pert. #  3: Fermi energy shift (Ry) =     0.0000E+00     0.0000E+00

      iter #   1 total cpu time :  1284.9 secs   av.it.:   4.8
      thresh= 1.000E-02 alpha_mix =  0.500 |ddv_scf|^2 =  4.256E-09

     Pert. #  1: Fermi energy shift (Ry) =     0.0000E+00     0.0000E+00
     Pert. #  2: Fermi energy shift (Ry) =     0.0000E+00     0.0000E+00
     Pert. #  3: Fermi energy shift (Ry) =     0.0000E+00     0.0000E+00

      iter #   2 total cpu time :  1483.2 secs   av.it.:  14.3
      thresh= 6.524E-06 alpha_mix =  0.500 |ddv_scf|^2 =  5.951E-10

     Pert. #  1: Fermi energy shift (Ry) =     0.0000E+00     0.0000E+00
     Pert. #  2: Fermi energy shift (Ry) =     0.0000E+00     0.0000E+00
     Pert. #  3: Fermi energy shift (Ry) =     0.0000E+00     0.0000E+00

      iter #   3 total cpu time :  1694.9 secs   av.it.:  14.2
      thresh= 2.439E-06 alpha_mix =  0.500 |ddv_scf|^2 =  1.796E-11

     Pert. #  1: Fermi energy shift (Ry) =     0.0000E+00     0.0000E+00
     Pert. #  2: Fermi energy shift (Ry) =     0.0000E+00     0.0000E+00
     Pert. #  3: Fermi energy shift (Ry) =     0.0000E+00     0.0000E+00

      iter #   4 total cpu time :  1890.8 secs   av.it.:  14.1
      thresh= 4.238E-07 alpha_mix =  0.500 |ddv_scf|^2 =  3.787E-13

     Pert. #  1: Fermi energy shift (Ry) =     0.0000E+00     0.0000E+00
     Pert. #  2: Fermi energy shift (Ry) =     0.0000E+00     0.0000E+00
     Pert. #  3: Fermi energy shift (Ry) =     0.0000E+00     0.0000E+00

      iter #   5 total cpu time :  2095.6 secs   av.it.:  14.4
      thresh= 6.154E-08 alpha_mix =  0.500 |ddv_scf|^2 =  3.613E-14

     Pert. #  1: Fermi energy shift (Ry) =     0.0000E+00     0.0000E+00
     Pert. #  2: Fermi energy shift (Ry) =     0.0000E+00     0.0000E+00
     Pert. #  3: Fermi energy shift (Ry) =     0.0000E+00     0.0000E+00

      iter #   6 total cpu time :  2296.7 secs   av.it.:  14.7
      thresh= 1.901E-08 alpha_mix =  0.500 |ddv_scf|^2 =  1.249E-15

     End of self-consistent calculation

     Convergence has been achieved 


     Representation #   3 modes #   7   8   9

     Self-consistent Calculation

     Pert. #  1: Fermi energy shift (Ry) =     0.0000E+00     0.0000E+00
     Pert. #  2: Fermi energy shift (Ry) =     0.0000E+00     0.0000E+00
     Pert. #  3: Fermi energy shift (Ry) =     0.0000E+00     0.0000E+00

      iter #   1 total cpu time :  2405.1 secs   av.it.:   5.7
      thresh= 1.000E-02 alpha_mix =  0.500 |ddv_scf|^2 =  3.779E-08

     Pert. #  1: Fermi energy shift (Ry) =     0.0000E+00     0.0000E+00
     Pert. #  2: Fermi energy shift (Ry) =     0.0000E+00     0.0000E+00
     Pert. #  3: Fermi energy shift (Ry) =     0.0000E+00     0.0000E+00

      iter #   2 total cpu time :  2601.9 secs   av.it.:  14.3
      thresh= 1.944E-05 alpha_mix =  0.500 |ddv_scf|^2 =  2.153E-09

     Pert. #  1: Fermi energy shift (Ry) =     0.0000E+00     0.0000E+00
     Pert. #  2: Fermi energy shift (Ry) =     0.0000E+00     0.0000E+00
     Pert. #  3: Fermi energy shift (Ry) =     0.0000E+00     0.0000E+00

      iter #   3 total cpu time :  2803.8 secs   av.it.:  14.5
      thresh= 4.640E-06 alpha_mix =  0.500 |ddv_scf|^2 =  1.167E-10

     Pert. #  1: Fermi energy shift (Ry) =     0.0000E+00     0.0000E+00
     Pert. #  2: Fermi energy shift (Ry) =     0.0000E+00     0.0000E+00
     Pert. #  3: Fermi energy shift (Ry) =     0.0000E+00     0.0000E+00

      iter #   4 total cpu time :  3012.1 secs   av.it.:  14.5
      thresh= 1.080E-06 alpha_mix =  0.500 |ddv_scf|^2 =  7.838E-12

     Pert. #  1: Fermi energy shift (Ry) =     0.0000E+00     0.0000E+00
     Pert. #  2: Fermi energy shift (Ry) =     0.0000E+00     0.0000E+00
     Pert. #  3: Fermi energy shift (Ry) =     0.0000E+00     0.0000E+00

      iter #   5 total cpu time :  3206.1 secs   av.it.:  14.1
      thresh= 2.800E-07 alpha_mix =  0.500 |ddv_scf|^2 =  2.968E-13

     Pert. #  1: Fermi energy shift (Ry) =     0.0000E+00     0.0000E+00
     Pert. #  2: Fermi energy shift (Ry) =     0.0000E+00     0.0000E+00
     Pert. #  3: Fermi energy shift (Ry) =     0.0000E+00     0.0000E+00

      iter #   6 total cpu time :  3400.4 secs   av.it.:  14.1
      thresh= 5.448E-08 alpha_mix =  0.500 |ddv_scf|^2 =  3.406E-14

     Pert. #  1: Fermi energy shift (Ry) =     0.0000E+00     0.0000E+00
     Pert. #  2: Fermi energy shift (Ry) =     0.0000E+00     0.0000E+00
     Pert. #  3: Fermi energy shift (Ry) =     0.0000E+00     0.0000E+00

      iter #   7 total cpu time :  3596.8 secs   av.it.:  14.1
      thresh= 1.845E-08 alpha_mix =  0.500 |ddv_scf|^2 =  3.660E-16

     End of self-consistent calculation

     Convergence has been achieved 


     Representation #   4 modes #  10  11  12

     Self-consistent Calculation

     Pert. #  1: Fermi energy shift (Ry) =     1.2925E-26     2.1551E-38
     Pert. #  2: Fermi energy shift (Ry) =     1.6829E-27     9.3060E-39
     Pert. #  3: Fermi energy shift (Ry) =     2.1541E-27     5.8775E-39

      iter #   1 total cpu time :  3708.3 secs   av.it.:   5.6
      thresh= 1.000E-02 alpha_mix =  0.500 |ddv_scf|^2 =  2.042E-08

     Pert. #  1: Fermi energy shift (Ry) =     5.3853E-27     7.6530E-41
     Pert. #  2: Fermi energy shift (Ry) =    -2.8189E-27     6.5050E-41
     Pert. #  3: Fermi energy shift (Ry) =     2.1541E-27     1.5306E-41

      iter #   2 total cpu time :  3916.5 secs   av.it.:  15.3
      thresh= 1.429E-05 alpha_mix =  0.500 |ddv_scf|^2 =  2.323E-09

     Pert. #  1: Fermi energy shift (Ry) =     6.7316E-28    -2.0089E-41
     Pert. #  2: Fermi energy shift (Ry) =    -2.3434E-27     7.1746E-43
     Pert. #  3: Fermi energy shift (Ry) =    -2.5580E-27     3.7308E-41

      iter #   3 total cpu time :  4129.4 secs   av.it.:  15.4
      thresh= 4.820E-06 alpha_mix =  0.500 |ddv_scf|^2 =  2.062E-11

     Pert. #  1: Fermi energy shift (Ry) =     2.9956E-27     1.0523E-41
     Pert. #  2: Fermi energy shift (Ry) =    -3.3763E-28    -5.5006E-42
     Pert. #  3: Fermi energy shift (Ry) =    -6.3950E-28     0.0000E+00

      iter #   4 total cpu time :  4348.2 secs   av.it.:  15.4
      thresh= 4.541E-07 alpha_mix =  0.500 |ddv_scf|^2 =  1.366E-12

     Pert. #  1: Fermi energy shift (Ry) =    -6.7316E-28    -9.5662E-43
     Pert. #  2: Fermi energy shift (Ry) =     3.7119E-27     1.5695E-42
     Pert. #  3: Fermi energy shift (Ry) =     4.7121E-28    -1.6741E-42

      iter #   5 total cpu time :  4569.3 secs   av.it.:  16.1
      thresh= 1.169E-07 alpha_mix =  0.500 |ddv_scf|^2 =  7.713E-14

     Pert. #  1: Fermi energy shift (Ry) =    -2.1541E-27    -8.9683E-43
     Pert. #  2: Fermi energy shift (Ry) =     1.2180E-27    -4.4842E-44
     Pert. #  3: Fermi energy shift (Ry) =     4.8468E-27     5.9789E-44

      iter #   6 total cpu time :  4772.8 secs   av.it.:  15.1
      thresh= 2.777E-08 alpha_mix =  0.500 |ddv_scf|^2 =  3.878E-15

     End of self-consistent calculation

     Convergence has been achieved 


     Representation #   5 modes #  13  14  15

     Self-consistent Calculation

     Pert. #  1: Fermi energy shift (Ry) =     1.1718E-24    -9.7958E-39
     Pert. #  2: Fermi energy shift (Ry) =     5.5145E-25    -3.1347E-38
     Pert. #  3: Fermi energy shift (Ry) =     6.8932E-26     5.8775E-39

      iter #   1 total cpu time :  4878.4 secs   av.it.:   5.2
      thresh= 1.000E-02 alpha_mix =  0.500 |ddv_scf|^2 =  3.105E-09

     Pert. #  1: Fermi energy shift (Ry) =     4.3082E-27     2.3915E-42
     Pert. #  2: Fermi energy shift (Ry) =     0.0000E+00     0.0000E+00
     Pert. #  3: Fermi energy shift (Ry) =    -5.9238E-27    -4.7831E-43

      iter #   2 total cpu time :  5091.8 secs   av.it.:  14.7
      thresh= 5.573E-06 alpha_mix =  0.500 |ddv_scf|^2 =  3.748E-11

     Pert. #  1: Fermi energy shift (Ry) =     5.0487E-29    -2.3915E-43
     Pert. #  2: Fermi energy shift (Ry) =     2.9283E-27    -9.5662E-43
     Pert. #  3: Fermi energy shift (Ry) =     3.7445E-27     0.0000E+00

      iter #   3 total cpu time :  5304.3 secs   av.it.:  14.8
      thresh= 6.122E-07 alpha_mix =  0.500 |ddv_scf|^2 =  5.325E-12

     Pert. #  1: Fermi energy shift (Ry) =     1.7839E-27    -1.4947E-43
     Pert. #  2: Fermi energy shift (Ry) =     1.0097E-27    -2.3915E-43
     Pert. #  3: Fermi energy shift (Ry) =     1.1107E-27     6.8757E-43

      iter #   4 total cpu time :  5517.9 secs   av.it.:  15.5
      thresh= 2.308E-07 alpha_mix =  0.500 |ddv_scf|^2 =  8.967E-14

     Pert. #  1: Fermi energy shift (Ry) =     2.9283E-27    -7.4736E-44
     Pert. #  2: Fermi energy shift (Ry) =     1.7839E-27    -1.1958E-43
     Pert. #  3: Fermi energy shift (Ry) =    -4.9225E-27     3.4379E-43

      iter #   5 total cpu time :  5718.7 secs   av.it.:  14.5
      thresh= 2.995E-08 alpha_mix =  0.500 |ddv_scf|^2 =  7.189E-16

     End of self-consistent calculation

     Convergence has been achieved 

     Number of q in the star =    1
     List of q in the star:
          1   0.000000000   0.000000000   0.000000000

     Diagonalizing the dynamical matrix

     q = (    0.000000000   0.000000000   0.000000000 ) 

 **************************************************************************
     freq (    1) =      -2.162069 [THz] =     -72.118859 [cm-1]
     freq (    2) =      -2.162069 [THz] =     -72.118859 [cm-1]
     freq (    3) =      -2.162069 [THz] =     -72.118859 [cm-1]
     freq (    4) =      -1.244964 [THz] =     -41.527518 [cm-1]
     freq (    5) =      -1.244964 [THz] =     -41.527518 [cm-1]
     freq (    6) =      -1.244964 [THz] =     -41.527518 [cm-1]
     freq (    7) =       0.149340 [THz] =       4.981437 [cm-1]
     freq (    8) =       0.149340 [THz] =       4.981437 [cm-1]
     freq (    9) =       0.149340 [THz] =       4.981437 [cm-1]
     freq (   10) =       1.665967 [THz] =      55.570672 [cm-1]
     freq (   11) =       1.665967 [THz] =      55.570672 [cm-1]
     freq (   12) =       1.665967 [THz] =      55.570672 [cm-1]
     freq (   13) =       2.721271 [THz] =      90.771815 [cm-1]
     freq (   14) =       2.721271 [THz] =      90.771815 [cm-1]
     freq (   15) =       2.721271 [THz] =      90.771815 [cm-1]
 **************************************************************************

     Mode symmetry, O_h (m-3m)  point group:

     freq (   1-   3) =        -72.1  [cm-1]   --> T_1u G_15  G_4- I  
     freq (   4-   6) =        -41.5  [cm-1]   --> T_2u G_25  G_5-    
     freq (   7-   9) =          5.0  [cm-1]   --> T_1u G_15  G_4- I  
     freq (  10-  12) =         55.6  [cm-1]   --> T_1u G_15  G_4- I  
     freq (  13-  15) =         90.8  [cm-1]   --> T_1u G_15  G_4- I  

     PHONON       :      2h12m CPU      1h35m WALL

     INITIALIZATION: 
     phq_setup    :      0.57s CPU      0.61s WALL (       1 calls)
     phq_init     :    101.55s CPU     69.22s WALL (       1 calls)

     phq_init     :    101.55s CPU     69.22s WALL (       1 calls)
     set_drhoc    :      0.01s CPU      0.01s WALL (       3 calls)
     init_vloc    :      0.02s CPU      0.02s WALL (       1 calls)
     init_us_1    :      0.14s CPU      0.15s WALL (       1 calls)
     init_us_2    :     13.90s CPU      9.74s WALL (    2688 calls)
     newd         :      0.69s CPU      0.80s WALL (       1 calls)
     dvanqq       :     40.81s CPU     25.26s WALL (       1 calls)
     drho         :     56.60s CPU     41.19s WALL (       1 calls)
     drhous       :     45.45s CPU     33.04s WALL (       1 calls)
     nldyntot     :      0.24s CPU      0.23s WALL (       1 calls)

     DYNAMICAL MATRIX:
     dynmat0      :      2.87s CPU      1.92s WALL (       1 calls)
     dynmat_us    :      2.51s CPU      1.60s WALL (       1 calls)
     addusdynmat  :      0.00s CPU      0.00s WALL (       1 calls)
     d2ionq       :      0.23s CPU      0.18s WALL (       1 calls)
     dynmatcc     :      0.13s CPU      0.14s WALL (       1 calls)
     phqscf       :   7821.01s CPU   5648.89s WALL (       1 calls)
     dynmatrix    :      0.00s CPU      0.01s WALL (       1 calls)

     phqscf       :   7821.01s CPU   5648.89s WALL (       1 calls)
     solve_linter :   7804.21s CPU   5638.74s WALL (       5 calls)
     sth_kernel   :   7340.41s CPU   5222.76s WALL (      30 calls)
     h_prec       :      1.86s CPU      1.40s WALL (    1680 calls)
     apply_dpot_b :    285.77s CPU    216.48s WALL (    4200 calls)
     ortho        :     58.13s CPU     34.77s WALL (    5040 calls)
     cgsolve      :   6567.90s CPU   4654.55s WALL (    5040 calls)
     incdrhoscf   :    377.90s CPU    280.83s WALL (    5040 calls)
                                        0.00s GPU  (    5040 calls)
     addusddens   :     72.50s CPU     49.14s WALL (      35 calls)
     dv_of_drho   :      7.73s CPU      8.22s WALL (      90 calls)
     mix_pot      :      1.87s CPU      1.52s WALL (      30 calls)
     ef_shift     :      1.74s CPU      1.34s WALL (      30 calls)
     ef_shift_wfc :      0.59s CPU      0.59s WALL (       5 calls)
     localdos     :     21.25s CPU     16.50s WALL (       5 calls)
     drhodv       :     16.79s CPU     10.14s WALL (       5 calls)
     psymdvscf    :    173.98s CPU    175.02s WALL (      30 calls)
     newdq        :     54.53s CPU     54.62s WALL (      30 calls)
     adddvscf     :     26.79s CPU     19.18s WALL (    4200 calls)
     drhodvus     :      0.36s CPU      0.24s WALL (       5 calls)

     dvqpsi_us    :     82.30s CPU     61.43s WALL (     840 calls)
                                        0.00s GPU  (     840 calls)
     dvqpsi_us_on :     15.32s CPU     10.56s WALL (     840 calls)

     add_vuspsi   :    269.75s CPU    146.31s WALL (  103524 calls)
     addusdbec    :     23.77s CPU     13.61s WALL (    5880 calls)

     drhodvus     :      0.36s CPU      0.24s WALL (       5 calls)

      General routines
     calbec       :    566.88s CPU    333.06s WALL (  222168 calls)
     fft          :     14.59s CPU     13.28s WALL (    2046 calls)
     ffts         :     14.61s CPU     11.52s WALL (    5661 calls)
     fftw         :   4406.88s CPU   3308.76s WALL ( 2566972 calls)
     write_rec    :      0.01s CPU      0.02s WALL (      35 calls)

      Additional routines
     ch_psi       :   6345.52s CPU   4500.16s WALL (  103524 calls)
     last         :    802.64s CPU    485.21s WALL (  103524 calls)
     Hesh         :     41.28s CPU     28.36s WALL (  103524 calls)
     ch_psi_all_k :    758.16s CPU    455.02s WALL (  103524 calls)
                                        0.00s GPU  (  103524 calls)
     ch_psi_calbe :    241.52s CPU    140.00s WALL (  103524 calls)
                                        0.00s GPU  (  103524 calls)
     h_psi_bgrp   :   5236.41s CPU   3831.80s WALL (  103524 calls)
     h_psi        :   5234.80s CPU   3830.86s WALL (  103524 calls)
     h_psi:pot    :   5193.52s CPU   3801.91s WALL (  103524 calls)
     h_psi:calbec :    273.45s CPU    163.45s WALL (  103524 calls)
     s_psi_bgrp   :    523.60s CPU    292.09s WALL (  212088 calls)
     s_psi        :    479.98s CPU    263.40s WALL (  212088 calls)


     PHONON       :      2h12m CPU      1h35m WALL


   This run was terminated on:  16:38:15  15May2025            

=------------------------------------------------------------------------------=
   JOB DONE.
=------------------------------------------------------------------------------=
