
     Program PHONON v.7.3.1 starts on  7May2025 at 17: 9:13 

     This program is part of the open-source Quantum ESPRESSO suite
     for quantum simulation of materials; please cite
         "P. Giannozzi et al., J. Phys.:Condens. Matter 21 395502 (2009);
         "P. Giannozzi et al., J. Phys.:Condens. Matter 29 465901 (2017);
         "P. Giannozzi et al., J. Chem. Phys. 152 154105 (2020);
          URL http://www.quantum-espresso.org", 
     in publications or presentations arising from this work. More details at
     http://www.quantum-espresso.org/quote

     Parallel version (MPI), running on     8 processors

     MPI processes distributed on     1 nodes
     47536 MiB available memory on the printing compute node when the environment starts

     Waiting for input...
     Reading input from standard input
      Title line not specified: using 'default'.

     Reading xml data from directory:

     ./tmp/rbsbs3.save/

     R & G space division:  proc/nbgrp/npool/nimage =       8
     Subspace diagonalization in iterative solution of the eigenvalue problem:
     one sub-group per band group will be used
     custom distributed-memory algorithm (size of sub-group:  2*  2 procs)

     file Rb.pbe-spn-rrkjus_psl.1.0.0.UPF: wavefunction(s)  4S renormalized
     file Sb.pbe-n-rrkjus_psl.1.0.0.UPF: wavefunction(s)  5S renormalized
     file S.pbe-n-kjpaw_psl.1.0.0.UPF: wavefunction(s)  3S 3P renormalized

     IMPORTANT: XC functional enforced from input :
     Exchange-correlation= PBE
                           (   1   4   3   4   0   0   0)
     Any further DFT definition will be discarded
     Please, verify this is what you really want


     Parallelization info
     --------------------
     sticks:   dense  smooth     PW     G-vecs:    dense   smooth      PW
     Min         758     380    106                44389    15713    2325
     Max         759     381    108                44390    15714    2328
     Sum        6065    3041    853               355119   125711   18613

     Using Slab Decomposition

     Reading collected, re-writing distributed wavefunctions in ./tmp/

     Number and degeneracy of irreps per q-point
       N         xq(1)         xq(2)         xq(3)   N irreps
  autoval = -.1097E+01
     Irreps are as follows:

                     mode #   1
                     (  -0.00000  -0.00000   ) 
                     (  -0.00000  -0.00000   ) 
                     (  -0.00000  -0.00000   ) 
                     (  -0.00000  -0.00000   ) 
                     (  -0.00000  -0.00000   ) 
                     (  -0.00000  -0.00000   ) 
                     (  -0.00302  -0.00000   ) 
                     (   0.09791  -0.00000   ) 
                     (   0.00000   0.00000   ) 
                     (  -0.00302  -0.00000   ) 
                     (   0.98989  -0.00000   ) 
                     (  -0.00000  -0.00000   ) 
                     (  -0.03052  -0.00000   ) 
                     (   0.09791  -0.00000   ) 
                     (   0.00000   0.00000   ) 
  autoval = -.1097E+01
     Irreps are as follows:

                     mode #   2
                     (  -0.00000   0.00000   ) 
                     (  -0.00000   0.00000   ) 
                     (  -0.00000   0.00000   ) 
                     (  -0.00000   0.00000   ) 
                     (  -0.00000   0.00000   ) 
                     (  -0.00000   0.00000   ) 
                     (  -0.09791  -0.00000   ) 
                     (  -0.00302  -0.00000   ) 
                     (   0.00000  -0.00000   ) 
                     (  -0.09791  -0.00000   ) 
                     (  -0.03052  -0.00000   ) 
                     (  -0.00000  -0.00000   ) 
                     (  -0.98989  -0.00000   ) 
                     (  -0.00302  -0.00000   ) 
                     (  -0.00000  -0.00000   ) 
  autoval = -.1097E+01
     Irreps are as follows:

                     mode #   3
                     (  -0.00000  -0.00000   ) 
                     (  -0.00000  -0.00000   ) 
                     (  -0.00000  -0.00000   ) 
                     (  -0.00000  -0.00000   ) 
                     (  -0.00000  -0.00000   ) 
                     (  -0.00000  -0.00000   ) 
                     (  -0.00000  -0.00000   ) 
                     (  -0.00000  -0.00000   ) 
                     (  -0.99036  -0.00000   ) 
                     (  -0.00000  -0.00000   ) 
                     (  -0.00000  -0.00000   ) 
                     (  -0.09796  -0.00000   ) 
                     (  -0.00000  -0.00000   ) 
                     (   0.00000  -0.00000   ) 
                     (  -0.09796  -0.00000   ) 
  autoval = 0.3752E+00
     Irreps are as follows:

                     mode #   4
                     (  -0.00000  -0.00000   ) 
                     (  -0.00000  -0.00000   ) 
                     (  -0.00000  -0.00000   ) 
                     (  -1.00000  -0.00000   ) 
                     (  -0.00000  -0.00000   ) 
                     (  -0.00000  -0.00000   ) 
                     (  -0.00000  -0.00000   ) 
                     (  -0.00000  -0.00000   ) 
                     (  -0.00000  -0.00000   ) 
                     (  -0.00000  -0.00000   ) 
                     (  -0.00000  -0.00000   ) 
                     (  -0.00000  -0.00000   ) 
                     (  -0.00000  -0.00000   ) 
                     (  -0.00000  -0.00000   ) 
                     (  -0.00000  -0.00000   ) 
  autoval = 0.3752E+00
     Irreps are as follows:

                     mode #   5
                     (  -0.00000  -0.00000   ) 
                     (  -0.00000  -0.00000   ) 
                     (  -0.00000  -0.00000   ) 
                     (  -0.00000  -0.00000   ) 
                     (  -1.00000  -0.00000   ) 
                     (  -0.00000  -0.00000   ) 
                     (  -0.00000  -0.00000   ) 
                     (  -0.00000  -0.00000   ) 
                     (  -0.00000  -0.00000   ) 
                     (  -0.00000  -0.00000   ) 
                     (  -0.00000  -0.00000   ) 
                     (  -0.00000  -0.00000   ) 
                     (  -0.00000  -0.00000   ) 
                     (  -0.00000  -0.00000   ) 
                     (  -0.00000  -0.00000   ) 
  autoval = 0.3752E+00
     Irreps are as follows:

                     mode #   6
                     (  -0.00000  -0.00000   ) 
                     (  -0.00000  -0.00000   ) 
                     (  -0.00000  -0.00000   ) 
                     (  -0.00000  -0.00000   ) 
                     (  -0.00000  -0.00000   ) 
                     (  -1.00000  -0.00000   ) 
                     (  -0.00000  -0.00000   ) 
                     (  -0.00000  -0.00000   ) 
                     (  -0.00000  -0.00000   ) 
                     (  -0.00000  -0.00000   ) 
                     (  -0.00000  -0.00000   ) 
                     (  -0.00000  -0.00000   ) 
                     (  -0.00000  -0.00000   ) 
                     (  -0.00000  -0.00000   ) 
                     (  -0.00000  -0.00000   ) 
  autoval = 0.6682E+00
     Irreps are as follows:

                     mode #   7
                     (  -1.00000  -0.00000   ) 
                     (  -0.00000  -0.00000   ) 
                     (  -0.00000  -0.00000   ) 
                     (  -0.00000  -0.00000   ) 
                     (  -0.00000  -0.00000   ) 
                     (  -0.00000  -0.00000   ) 
                     (  -0.00000  -0.00000   ) 
                     (  -0.00000  -0.00000   ) 
                     (  -0.00000  -0.00000   ) 
                     (  -0.00000  -0.00000   ) 
                     (  -0.00000  -0.00000   ) 
                     (  -0.00000  -0.00000   ) 
                     (  -0.00000  -0.00000   ) 
                     (  -0.00000  -0.00000   ) 
                     (  -0.00000  -0.00000   ) 
  autoval = 0.6682E+00
     Irreps are as follows:

                     mode #   8
                     (  -0.00000  -0.00000   ) 
                     (  -1.00000  -0.00000   ) 
                     (  -0.00000  -0.00000   ) 
                     (  -0.00000  -0.00000   ) 
                     (  -0.00000  -0.00000   ) 
                     (  -0.00000  -0.00000   ) 
                     (  -0.00000  -0.00000   ) 
                     (  -0.00000  -0.00000   ) 
                     (  -0.00000  -0.00000   ) 
                     (  -0.00000  -0.00000   ) 
                     (  -0.00000  -0.00000   ) 
                     (  -0.00000  -0.00000   ) 
                     (  -0.00000  -0.00000   ) 
                     (  -0.00000  -0.00000   ) 
                     (  -0.00000  -0.00000   ) 
  autoval = 0.6682E+00
     Irreps are as follows:

                     mode #   9
                     (  -0.00000  -0.00000   ) 
                     (  -0.00000  -0.00000   ) 
                     (  -1.00000  -0.00000   ) 
                     (  -0.00000  -0.00000   ) 
                     (  -0.00000  -0.00000   ) 
                     (  -0.00000  -0.00000   ) 
                     (  -0.00000  -0.00000   ) 
                     (  -0.00000  -0.00000   ) 
                     (  -0.00000  -0.00000   ) 
                     (  -0.00000  -0.00000   ) 
                     (  -0.00000  -0.00000   ) 
                     (  -0.00000  -0.00000   ) 
                     (  -0.00000  -0.00000   ) 
                     (  -0.00000  -0.00000   ) 
                     (  -0.00000  -0.00000   ) 
  autoval = 0.1010E+01
     Irreps are as follows:

                     mode #  10
                     (  -0.00000   0.00000   ) 
                     (  -0.00000   0.00000   ) 
                     (  -0.00000   0.00000   ) 
                     (  -0.00000   0.00000   ) 
                     (  -0.00000   0.00000   ) 
                     (  -0.00000   0.00000   ) 
                     (  -0.04083  -0.00000   ) 
                     (  -0.69125  -0.00000   ) 
                     (   0.02067   0.00000   ) 
                     (  -0.04083  -0.00000   ) 
                     (   0.13674   0.00000   ) 
                     (  -0.10447  -0.00000   ) 
                     (   0.00808   0.00000   ) 
                     (  -0.69125  -0.00000   ) 
                     (  -0.10447  -0.00000   ) 
  autoval = 0.1010E+01
     Irreps are as follows:

                     mode #  11
                     (  -0.00000  -0.00000   ) 
                     (  -0.00000  -0.00000   ) 
                     (  -0.00000  -0.00000   ) 
                     (  -0.00000  -0.00000   ) 
                     (  -0.00000  -0.00000   ) 
                     (  -0.00000  -0.00000   ) 
                     (  -0.69910  -0.00000   ) 
                     (   0.04055  -0.00000   ) 
                     (  -0.00098  -0.00000   ) 
                     (  -0.69910  -0.00000   ) 
                     (  -0.00802  -0.00000   ) 
                     (   0.00495  -0.00000   ) 
                     (   0.13830  -0.00000   ) 
                     (   0.04055  -0.00000   ) 
                     (   0.00495  -0.00000   ) 
  autoval = 0.1010E+01
     Irreps are as follows:

                     mode #  12
                     (  -0.00000  -0.00000   ) 
                     (  -0.00000  -0.00000   ) 
                     (  -0.00000  -0.00000   ) 
                     (  -0.00000  -0.00000   ) 
                     (  -0.00000  -0.00000   ) 
                     (  -0.00000  -0.00000   ) 
                     (  -0.00116  -0.00000   ) 
                     (  -0.10458  -0.00000   ) 
                     (  -0.13698  -0.00000   ) 
                     (  -0.00116  -0.00000   ) 
                     (   0.02069  -0.00000   ) 
                     (   0.69244  -0.00000   ) 
                     (   0.00023  -0.00000   ) 
                     (  -0.10458  -0.00000   ) 
                     (   0.69244  -0.00000   ) 
  autoval = 0.1803E+01
     Irreps are as follows:

                     mode #  13
                     (  -0.00000   0.00000   ) 
                     (  -0.00000   0.00000   ) 
                     (  -0.00000   0.00000   ) 
                     (  -0.00000   0.00000   ) 
                     (  -0.00000   0.00000   ) 
                     (  -0.00000   0.00000   ) 
                     (  -0.00000  -0.00000   ) 
                     (   0.14998   0.00000   ) 
                     (   0.00000   0.00000   ) 
                     (   0.00000   0.00000   ) 
                     (   0.00000   0.00000   ) 
                     (  -0.69102  -0.00000   ) 
                     (  -0.00000  -0.00000   ) 
                     (  -0.14998  -0.00000   ) 
                     (   0.69102   0.00000   ) 
  autoval = 0.1803E+01
     Irreps are as follows:

                     mode #  14
                     (  -0.00000  -0.00000   ) 
                     (  -0.00000  -0.00000   ) 
                     (  -0.00000  -0.00000   ) 
                     (  -0.00000  -0.00000   ) 
                     (  -0.00000  -0.00000   ) 
                     (  -0.00000  -0.00000   ) 
                     (  -0.70711  -0.00000   ) 
                     (  -0.00001  -0.00000   ) 
                     (  -0.00000  -0.00000   ) 
                     (   0.70711  -0.00000   ) 
                     (  -0.00000  -0.00000   ) 
                     (   0.00000  -0.00000   ) 
                     (   0.00000  -0.00000   ) 
                     (   0.00001  -0.00000   ) 
                     (  -0.00000  -0.00000   ) 
  autoval = 0.1803E+01
     Irreps are as follows:

                     mode #  15
                     (  -0.00000  -0.00000   ) 
                     (  -0.00000  -0.00000   ) 
                     (  -0.00000  -0.00000   ) 
                     (  -0.00000  -0.00000   ) 
                     (  -0.00000  -0.00000   ) 
                     (  -0.00000  -0.00000   ) 
                     (  -0.00001  -0.00000   ) 
                     (   0.69102  -0.00000   ) 
                     (  -0.00000  -0.00000   ) 
                     (   0.00001  -0.00000   ) 
                     (  -0.00000  -0.00000   ) 
                     (   0.14998  -0.00000   ) 
                     (   0.00000  -0.00000   ) 
                     (  -0.69102  -0.00000   ) 
                     (  -0.14998  -0.00000   ) 
       1   0.000000000   0.000000000   0.000000000       5
        3   3   3   3   3

     Calculation of q =    0.0000000   0.0000000   0.0000000

     default                                                                    

     bravais-lattice index     =            0
     lattice parameter (alat)  =       9.7614  a.u.
     unit-cell volume          =     930.1080 (a.u.)^3
     number of atoms/cell      =            5
     number of atomic types    =            3
     kinetic-energy cut-off    =     100.0000  Ry
     charge density cut-off    =     800.0000  Ry
     convergence threshold     =      1.0E-10
     beta                      =       0.5000
     number of iterations used =            4
     Exchange-correlation= PBE
                           (   1   4   3   4   0   0   0)


     celldm(1)=    9.76138  celldm(2)=    0.00000  celldm(3)=    0.00000
     celldm(4)=    0.00000  celldm(5)=    0.00000  celldm(6)=    0.00000

     crystal axes: (cart. coord. in units of alat)
               a(1) = (  1.0000  0.0000  0.0000 )  
               a(2) = (  0.0000  1.0000  0.0000 )  
               a(3) = (  0.0000  0.0000  1.0000 )  

     reciprocal axes: (cart. coord. in units 2 pi/alat)
               b(1) = (  1.0000  0.0000  0.0000 )  
               b(2) = (  0.0000  1.0000  0.0000 )  
               b(3) = (  0.0000  0.0000  1.0000 )  


     Atoms inside the unit cell: 

     Cartesian axes

     site n.  atom      mass           positions (alat units)
        1  Rb     85.4678   tau(    1) = (    0.00000    0.00000    0.00000  )
        2  Sb    121.7600   tau(    2) = (    0.52936    0.52936    0.52936  )
        3  S      32.0650   tau(    3) = (    0.52936    0.52936    0.00000  )
        4  S      32.0650   tau(    4) = (    0.52936    0.00000    0.52936  )
        5  S      32.0650   tau(    5) = (    0.00000    0.52936    0.52936  )

     Computing dynamical matrix for 
                    q = (   0.0000000   0.0000000   0.0000000 )

     49 Sym.Ops. (with q -> -q+G )

                                    s                        frac. trans.

      isym =  1     identity                                     

 cryst.   s( 1) = (     1          0          0      )
                  (     0          1          0      )
                  (     0          0          1      )

 cart.    s( 1) = (  1.0000000  0.0000000  0.0000000 )
                  (  0.0000000  1.0000000  0.0000000 )
                  (  0.0000000  0.0000000  1.0000000 )


      isym =  2     180 deg rotation - cart. axis [0,0,1]        

 cryst.   s( 2) = (    -1          0          0      )
                  (     0         -1          0      )
                  (     0          0          1      )

 cart.    s( 2) = ( -1.0000000  0.0000000  0.0000000 )
                  (  0.0000000 -1.0000000  0.0000000 )
                  (  0.0000000  0.0000000  1.0000000 )


      isym =  3     180 deg rotation - cart. axis [0,1,0]        

 cryst.   s( 3) = (    -1          0          0      )
                  (     0          1          0      )
                  (     0          0         -1      )

 cart.    s( 3) = ( -1.0000000  0.0000000  0.0000000 )
                  (  0.0000000  1.0000000  0.0000000 )
                  (  0.0000000  0.0000000 -1.0000000 )


      isym =  4     180 deg rotation - cart. axis [1,0,0]        

 cryst.   s( 4) = (     1          0          0      )
                  (     0         -1          0      )
                  (     0          0         -1      )

 cart.    s( 4) = (  1.0000000  0.0000000  0.0000000 )
                  (  0.0000000 -1.0000000  0.0000000 )
                  (  0.0000000  0.0000000 -1.0000000 )


      isym =  5     180 deg rotation - cart. axis [1,1,0]        

 cryst.   s( 5) = (     0          1          0      )
                  (     1          0          0      )
                  (     0          0         -1      )

 cart.    s( 5) = (  0.0000000  1.0000000  0.0000000 )
                  (  1.0000000  0.0000000  0.0000000 )
                  (  0.0000000  0.0000000 -1.0000000 )


      isym =  6     180 deg rotation - cart. axis [1,-1,0]       

 cryst.   s( 6) = (     0         -1          0      )
                  (    -1          0          0      )
                  (     0          0         -1      )

 cart.    s( 6) = (  0.0000000 -1.0000000  0.0000000 )
                  ( -1.0000000  0.0000000  0.0000000 )
                  (  0.0000000  0.0000000 -1.0000000 )


      isym =  7      90 deg rotation - cart. axis [0,0,-1]       

 cryst.   s( 7) = (     0         -1          0      )
                  (     1          0          0      )
                  (     0          0          1      )

 cart.    s( 7) = (  0.0000000  1.0000000  0.0000000 )
                  ( -1.0000000  0.0000000  0.0000000 )
                  (  0.0000000  0.0000000  1.0000000 )


      isym =  8      90 deg rotation - cart. axis [0,0,1]        

 cryst.   s( 8) = (     0          1          0      )
                  (    -1          0          0      )
                  (     0          0          1      )

 cart.    s( 8) = (  0.0000000 -1.0000000  0.0000000 )
                  (  1.0000000  0.0000000  0.0000000 )
                  (  0.0000000  0.0000000  1.0000000 )


      isym =  9     180 deg rotation - cart. axis [1,0,1]        

 cryst.   s( 9) = (     0          0          1      )
                  (     0         -1          0      )
                  (     1          0          0      )

 cart.    s( 9) = (  0.0000000  0.0000000  1.0000000 )
                  (  0.0000000 -1.0000000  0.0000000 )
                  (  1.0000000  0.0000000  0.0000000 )


      isym = 10     180 deg rotation - cart. axis [-1,0,1]       

 cryst.   s(10) = (     0          0         -1      )
                  (     0         -1          0      )
                  (    -1          0          0      )

 cart.    s(10) = (  0.0000000  0.0000000 -1.0000000 )
                  (  0.0000000 -1.0000000  0.0000000 )
                  ( -1.0000000  0.0000000  0.0000000 )


      isym = 11      90 deg rotation - cart. axis [0,1,0]        

 cryst.   s(11) = (     0          0         -1      )
                  (     0          1          0      )
                  (     1          0          0      )

 cart.    s(11) = (  0.0000000  0.0000000  1.0000000 )
                  (  0.0000000  1.0000000  0.0000000 )
                  ( -1.0000000  0.0000000  0.0000000 )


      isym = 12      90 deg rotation - cart. axis [0,-1,0]       

 cryst.   s(12) = (     0          0          1      )
                  (     0          1          0      )
                  (    -1          0          0      )

 cart.    s(12) = (  0.0000000  0.0000000 -1.0000000 )
                  (  0.0000000  1.0000000  0.0000000 )
                  (  1.0000000  0.0000000  0.0000000 )


      isym = 13     180 deg rotation - cart. axis [0,1,1]        

 cryst.   s(13) = (    -1          0          0      )
                  (     0          0          1      )
                  (     0          1          0      )

 cart.    s(13) = ( -1.0000000  0.0000000  0.0000000 )
                  (  0.0000000  0.0000000  1.0000000 )
                  (  0.0000000  1.0000000  0.0000000 )


      isym = 14     180 deg rotation - cart. axis [0,1,-1]       

 cryst.   s(14) = (    -1          0          0      )
                  (     0          0         -1      )
                  (     0         -1          0      )

 cart.    s(14) = ( -1.0000000  0.0000000  0.0000000 )
                  (  0.0000000  0.0000000 -1.0000000 )
                  (  0.0000000 -1.0000000  0.0000000 )


      isym = 15      90 deg rotation - cart. axis [-1,0,0]       

 cryst.   s(15) = (     1          0          0      )
                  (     0          0         -1      )
                  (     0          1          0      )

 cart.    s(15) = (  1.0000000  0.0000000  0.0000000 )
                  (  0.0000000  0.0000000  1.0000000 )
                  (  0.0000000 -1.0000000  0.0000000 )


      isym = 16      90 deg rotation - cart. axis [1,0,0]        

 cryst.   s(16) = (     1          0          0      )
                  (     0          0          1      )
                  (     0         -1          0      )

 cart.    s(16) = (  1.0000000  0.0000000  0.0000000 )
                  (  0.0000000  0.0000000 -1.0000000 )
                  (  0.0000000  1.0000000  0.0000000 )


      isym = 17     120 deg rotation - cart. axis [-1,-1,-1]     

 cryst.   s(17) = (     0          0          1      )
                  (     1          0          0      )
                  (     0          1          0      )

 cart.    s(17) = (  0.0000000  1.0000000  0.0000000 )
                  (  0.0000000  0.0000000  1.0000000 )
                  (  1.0000000  0.0000000  0.0000000 )


      isym = 18     120 deg rotation - cart. axis [-1,1,1]       

 cryst.   s(18) = (     0          0         -1      )
                  (    -1          0          0      )
                  (     0          1          0      )

 cart.    s(18) = (  0.0000000 -1.0000000  0.0000000 )
                  (  0.0000000  0.0000000  1.0000000 )
                  ( -1.0000000  0.0000000  0.0000000 )


      isym = 19     120 deg rotation - cart. axis [1,1,-1]       

 cryst.   s(19) = (     0          0         -1      )
                  (     1          0          0      )
                  (     0         -1          0      )

 cart.    s(19) = (  0.0000000  1.0000000  0.0000000 )
                  (  0.0000000  0.0000000 -1.0000000 )
                  ( -1.0000000  0.0000000  0.0000000 )


      isym = 20     120 deg rotation - cart. axis [1,-1,1]       

 cryst.   s(20) = (     0          0          1      )
                  (    -1          0          0      )
                  (     0         -1          0      )

 cart.    s(20) = (  0.0000000 -1.0000000  0.0000000 )
                  (  0.0000000  0.0000000 -1.0000000 )
                  (  1.0000000  0.0000000  0.0000000 )


      isym = 21     120 deg rotation - cart. axis [1,1,1]        

 cryst.   s(21) = (     0          1          0      )
                  (     0          0          1      )
                  (     1          0          0      )

 cart.    s(21) = (  0.0000000  0.0000000  1.0000000 )
                  (  1.0000000  0.0000000  0.0000000 )
                  (  0.0000000  1.0000000  0.0000000 )


      isym = 22     120 deg rotation - cart. axis [-1,1,-1]      

 cryst.   s(22) = (     0         -1          0      )
                  (     0          0         -1      )
                  (     1          0          0      )

 cart.    s(22) = (  0.0000000  0.0000000  1.0000000 )
                  ( -1.0000000  0.0000000  0.0000000 )
                  (  0.0000000 -1.0000000  0.0000000 )


      isym = 23     120 deg rotation - cart. axis [1,-1,-1]      

 cryst.   s(23) = (     0         -1          0      )
                  (     0          0          1      )
                  (    -1          0          0      )

 cart.    s(23) = (  0.0000000  0.0000000 -1.0000000 )
                  ( -1.0000000  0.0000000  0.0000000 )
                  (  0.0000000  1.0000000  0.0000000 )


      isym = 24     120 deg rotation - cart. axis [-1,-1,1]      

 cryst.   s(24) = (     0          1          0      )
                  (     0          0         -1      )
                  (    -1          0          0      )

 cart.    s(24) = (  0.0000000  0.0000000 -1.0000000 )
                  (  1.0000000  0.0000000  0.0000000 )
                  (  0.0000000 -1.0000000  0.0000000 )


      isym = 25     inversion                                    

 cryst.   s(25) = (    -1          0          0      )
                  (     0         -1          0      )
                  (     0          0         -1      )

 cart.    s(25) = ( -1.0000000  0.0000000  0.0000000 )
                  (  0.0000000 -1.0000000  0.0000000 )
                  (  0.0000000  0.0000000 -1.0000000 )


      isym = 26     inv. 180 deg rotation - cart. axis [0,0,1]   

 cryst.   s(26) = (     1          0          0      )
                  (     0          1          0      )
                  (     0          0         -1      )

 cart.    s(26) = (  1.0000000  0.0000000  0.0000000 )
                  (  0.0000000  1.0000000  0.0000000 )
                  (  0.0000000  0.0000000 -1.0000000 )


      isym = 27     inv. 180 deg rotation - cart. axis [0,1,0]   

 cryst.   s(27) = (     1          0          0      )
                  (     0         -1          0      )
                  (     0          0          1      )

 cart.    s(27) = (  1.0000000  0.0000000  0.0000000 )
                  (  0.0000000 -1.0000000  0.0000000 )
                  (  0.0000000  0.0000000  1.0000000 )


      isym = 28     inv. 180 deg rotation - cart. axis [1,0,0]   

 cryst.   s(28) = (    -1          0          0      )
                  (     0          1          0      )
                  (     0          0          1      )

 cart.    s(28) = ( -1.0000000  0.0000000  0.0000000 )
                  (  0.0000000  1.0000000  0.0000000 )
                  (  0.0000000  0.0000000  1.0000000 )


      isym = 29     inv. 180 deg rotation - cart. axis [1,1,0]   

 cryst.   s(29) = (     0         -1          0      )
                  (    -1          0          0      )
                  (     0          0          1      )

 cart.    s(29) = (  0.0000000 -1.0000000  0.0000000 )
                  ( -1.0000000  0.0000000  0.0000000 )
                  (  0.0000000  0.0000000  1.0000000 )


      isym = 30     inv. 180 deg rotation - cart. axis [1,-1,0]  

 cryst.   s(30) = (     0          1          0      )
                  (     1          0          0      )
                  (     0          0          1      )

 cart.    s(30) = (  0.0000000  1.0000000  0.0000000 )
                  (  1.0000000  0.0000000  0.0000000 )
                  (  0.0000000  0.0000000  1.0000000 )


      isym = 31     inv.  90 deg rotation - cart. axis [0,0,-1]  

 cryst.   s(31) = (     0          1          0      )
                  (    -1          0          0      )
                  (     0          0         -1      )

 cart.    s(31) = (  0.0000000 -1.0000000  0.0000000 )
                  (  1.0000000  0.0000000  0.0000000 )
                  (  0.0000000  0.0000000 -1.0000000 )


      isym = 32     inv.  90 deg rotation - cart. axis [0,0,1]   

 cryst.   s(32) = (     0         -1          0      )
                  (     1          0          0      )
                  (     0          0         -1      )

 cart.    s(32) = (  0.0000000  1.0000000  0.0000000 )
                  ( -1.0000000  0.0000000  0.0000000 )
                  (  0.0000000  0.0000000 -1.0000000 )


      isym = 33     inv. 180 deg rotation - cart. axis [1,0,1]   

 cryst.   s(33) = (     0          0         -1      )
                  (     0          1          0      )
                  (    -1          0          0      )

 cart.    s(33) = (  0.0000000  0.0000000 -1.0000000 )
                  (  0.0000000  1.0000000  0.0000000 )
                  ( -1.0000000  0.0000000  0.0000000 )


      isym = 34     inv. 180 deg rotation - cart. axis [-1,0,1]  

 cryst.   s(34) = (     0          0          1      )
                  (     0          1          0      )
                  (     1          0          0      )

 cart.    s(34) = (  0.0000000  0.0000000  1.0000000 )
                  (  0.0000000  1.0000000  0.0000000 )
                  (  1.0000000  0.0000000  0.0000000 )


      isym = 35     inv.  90 deg rotation - cart. axis [0,1,0]   

 cryst.   s(35) = (     0          0          1      )
                  (     0         -1          0      )
                  (    -1          0          0      )

 cart.    s(35) = (  0.0000000  0.0000000 -1.0000000 )
                  (  0.0000000 -1.0000000  0.0000000 )
                  (  1.0000000  0.0000000  0.0000000 )


      isym = 36     inv.  90 deg rotation - cart. axis [0,-1,0]  

 cryst.   s(36) = (     0          0         -1      )
                  (     0         -1          0      )
                  (     1          0          0      )

 cart.    s(36) = (  0.0000000  0.0000000  1.0000000 )
                  (  0.0000000 -1.0000000  0.0000000 )
                  ( -1.0000000  0.0000000  0.0000000 )


      isym = 37     inv. 180 deg rotation - cart. axis [0,1,1]   

 cryst.   s(37) = (     1          0          0      )
                  (     0          0         -1      )
                  (     0         -1          0      )

 cart.    s(37) = (  1.0000000  0.0000000  0.0000000 )
                  (  0.0000000  0.0000000 -1.0000000 )
                  (  0.0000000 -1.0000000  0.0000000 )


      isym = 38     inv. 180 deg rotation - cart. axis [0,1,-1]  

 cryst.   s(38) = (     1          0          0      )
                  (     0          0          1      )
                  (     0          1          0      )

 cart.    s(38) = (  1.0000000  0.0000000  0.0000000 )
                  (  0.0000000  0.0000000  1.0000000 )
                  (  0.0000000  1.0000000  0.0000000 )


      isym = 39     inv.  90 deg rotation - cart. axis [-1,0,0]  

 cryst.   s(39) = (    -1          0          0      )
                  (     0          0          1      )
                  (     0         -1          0      )

 cart.    s(39) = ( -1.0000000  0.0000000  0.0000000 )
                  (  0.0000000  0.0000000 -1.0000000 )
                  (  0.0000000  1.0000000  0.0000000 )


      isym = 40     inv.  90 deg rotation - cart. axis [1,0,0]   

 cryst.   s(40) = (    -1          0          0      )
                  (     0          0         -1      )
                  (     0          1          0      )

 cart.    s(40) = ( -1.0000000  0.0000000  0.0000000 )
                  (  0.0000000  0.0000000  1.0000000 )
                  (  0.0000000 -1.0000000  0.0000000 )


      isym = 41     inv. 120 deg rotation - cart. axis [-1,-1,-1]

 cryst.   s(41) = (     0          0         -1      )
                  (    -1          0          0      )
                  (     0         -1          0      )

 cart.    s(41) = (  0.0000000 -1.0000000  0.0000000 )
                  (  0.0000000  0.0000000 -1.0000000 )
                  ( -1.0000000  0.0000000  0.0000000 )


      isym = 42     inv. 120 deg rotation - cart. axis [-1,1,1]  

 cryst.   s(42) = (     0          0          1      )
                  (     1          0          0      )
                  (     0         -1          0      )

 cart.    s(42) = (  0.0000000  1.0000000  0.0000000 )
                  (  0.0000000  0.0000000 -1.0000000 )
                  (  1.0000000  0.0000000  0.0000000 )


      isym = 43     inv. 120 deg rotation - cart. axis [1,1,-1]  

 cryst.   s(43) = (     0          0          1      )
                  (    -1          0          0      )
                  (     0          1          0      )

 cart.    s(43) = (  0.0000000 -1.0000000  0.0000000 )
                  (  0.0000000  0.0000000  1.0000000 )
                  (  1.0000000  0.0000000  0.0000000 )


      isym = 44     inv. 120 deg rotation - cart. axis [1,-1,1]  

 cryst.   s(44) = (     0          0         -1      )
                  (     1          0          0      )
                  (     0          1          0      )

 cart.    s(44) = (  0.0000000  1.0000000  0.0000000 )
                  (  0.0000000  0.0000000  1.0000000 )
                  ( -1.0000000  0.0000000  0.0000000 )


      isym = 45     inv. 120 deg rotation - cart. axis [1,1,1]   

 cryst.   s(45) = (     0         -1          0      )
                  (     0          0         -1      )
                  (    -1          0          0      )

 cart.    s(45) = (  0.0000000  0.0000000 -1.0000000 )
                  ( -1.0000000  0.0000000  0.0000000 )
                  (  0.0000000 -1.0000000  0.0000000 )


      isym = 46     inv. 120 deg rotation - cart. axis [-1,1,-1] 

 cryst.   s(46) = (     0          1          0      )
                  (     0          0          1      )
                  (    -1          0          0      )

 cart.    s(46) = (  0.0000000  0.0000000 -1.0000000 )
                  (  1.0000000  0.0000000  0.0000000 )
                  (  0.0000000  1.0000000  0.0000000 )


      isym = 47     inv. 120 deg rotation - cart. axis [1,-1,-1] 

 cryst.   s(47) = (     0          1          0      )
                  (     0          0         -1      )
                  (     1          0          0      )

 cart.    s(47) = (  0.0000000  0.0000000  1.0000000 )
                  (  1.0000000  0.0000000  0.0000000 )
                  (  0.0000000 -1.0000000  0.0000000 )


      isym = 48     inv. 120 deg rotation - cart. axis [-1,-1,1] 

 cryst.   s(48) = (     0         -1          0      )
                  (     0          0          1      )
                  (     1          0          0      )

 cart.    s(48) = (  0.0000000  0.0000000  1.0000000 )
                  ( -1.0000000  0.0000000  0.0000000 )
                  (  0.0000000  1.0000000  0.0000000 )


     This transformation sends q -> -q+G

      isym = 49     identity                                     

 cryst.   s(49) = (     1          0          0      )
                  (     0          1          0      )
                  (     0          0          1      )

 cart.    s(49) = (  1.0000000  0.0000000  0.0000000 )
                  (  0.0000000  1.0000000  0.0000000 )
                  (  0.0000000  0.0000000  1.0000000 )


     G cutoff = 1930.8676  (  44390 G-vectors)     FFT grid: ( 90, 90, 90)
     G cutoff =  965.4338  (  15714 G-vectors)  smooth grid: ( 64, 64, 64)
     number of k points=    35
                       cart. coord. in units 2pi/alat
        k(    1) = (   0.0000000   0.0000000   0.0000000), wk =   0.0039062
        k(    2) = (   0.0000000   0.0000000   0.1250000), wk =   0.0234375
        k(    3) = (   0.0000000   0.0000000   0.2500000), wk =   0.0234375
        k(    4) = (   0.0000000   0.0000000   0.3750000), wk =   0.0234375
        k(    5) = (   0.0000000   0.0000000  -0.5000000), wk =   0.0117188
        k(    6) = (   0.0000000   0.1250000   0.1250000), wk =   0.0468750
        k(    7) = (   0.0000000   0.1250000   0.2500000), wk =   0.0937500
        k(    8) = (   0.0000000   0.1250000   0.3750000), wk =   0.0937500
        k(    9) = (   0.0000000   0.1250000  -0.5000000), wk =   0.0468750
        k(   10) = (   0.0000000   0.2500000   0.2500000), wk =   0.0468750
        k(   11) = (   0.0000000   0.2500000   0.3750000), wk =   0.0937500
        k(   12) = (   0.0000000   0.2500000  -0.5000000), wk =   0.0468750
        k(   13) = (   0.0000000   0.3750000   0.3750000), wk =   0.0468750
        k(   14) = (   0.0000000   0.3750000  -0.5000000), wk =   0.0468750
        k(   15) = (   0.0000000  -0.5000000  -0.5000000), wk =   0.0117188
        k(   16) = (   0.1250000   0.1250000   0.1250000), wk =   0.0312500
        k(   17) = (   0.1250000   0.1250000   0.2500000), wk =   0.0937500
        k(   18) = (   0.1250000   0.1250000   0.3750000), wk =   0.0937500
        k(   19) = (   0.1250000   0.1250000  -0.5000000), wk =   0.0468750
        k(   20) = (   0.1250000   0.2500000   0.2500000), wk =   0.0937500
        k(   21) = (   0.1250000   0.2500000   0.3750000), wk =   0.1875000
        k(   22) = (   0.1250000   0.2500000  -0.5000000), wk =   0.0937500
        k(   23) = (   0.1250000   0.3750000   0.3750000), wk =   0.0937500
        k(   24) = (   0.1250000   0.3750000  -0.5000000), wk =   0.0937500
        k(   25) = (   0.1250000  -0.5000000  -0.5000000), wk =   0.0234375
        k(   26) = (   0.2500000   0.2500000   0.2500000), wk =   0.0312500
        k(   27) = (   0.2500000   0.2500000   0.3750000), wk =   0.0937500
        k(   28) = (   0.2500000   0.2500000  -0.5000000), wk =   0.0468750
        k(   29) = (   0.2500000   0.3750000   0.3750000), wk =   0.0937500
        k(   30) = (   0.2500000   0.3750000  -0.5000000), wk =   0.0937500
        k(   31) = (   0.2500000  -0.5000000  -0.5000000), wk =   0.0234375
        k(   32) = (   0.3750000   0.3750000   0.3750000), wk =   0.0312500
        k(   33) = (   0.3750000   0.3750000  -0.5000000), wk =   0.0468750
        k(   34) = (   0.3750000  -0.5000000  -0.5000000), wk =   0.0234375
        k(   35) = (  -0.5000000  -0.5000000  -0.5000000), wk =   0.0039062

                       cryst. coord.
        k(    1) = (   0.0000000   0.0000000   0.0000000), wk =   0.0039062
        k(    2) = (   0.0000000   0.0000000   0.1250000), wk =   0.0234375
        k(    3) = (   0.0000000   0.0000000   0.2500000), wk =   0.0234375
        k(    4) = (   0.0000000   0.0000000   0.3750000), wk =   0.0234375
        k(    5) = (   0.0000000   0.0000000  -0.5000000), wk =   0.0117188
        k(    6) = (   0.0000000   0.1250000   0.1250000), wk =   0.0468750
        k(    7) = (   0.0000000   0.1250000   0.2500000), wk =   0.0937500
        k(    8) = (   0.0000000   0.1250000   0.3750000), wk =   0.0937500
        k(    9) = (   0.0000000   0.1250000  -0.5000000), wk =   0.0468750
        k(   10) = (   0.0000000   0.2500000   0.2500000), wk =   0.0468750
        k(   11) = (   0.0000000   0.2500000   0.3750000), wk =   0.0937500
        k(   12) = (   0.0000000   0.2500000  -0.5000000), wk =   0.0468750
        k(   13) = (   0.0000000   0.3750000   0.3750000), wk =   0.0468750
        k(   14) = (   0.0000000   0.3750000  -0.5000000), wk =   0.0468750
        k(   15) = (   0.0000000  -0.5000000  -0.5000000), wk =   0.0117188
        k(   16) = (   0.1250000   0.1250000   0.1250000), wk =   0.0312500
        k(   17) = (   0.1250000   0.1250000   0.2500000), wk =   0.0937500
        k(   18) = (   0.1250000   0.1250000   0.3750000), wk =   0.0937500
        k(   19) = (   0.1250000   0.1250000  -0.5000000), wk =   0.0468750
        k(   20) = (   0.1250000   0.2500000   0.2500000), wk =   0.0937500
        k(   21) = (   0.1250000   0.2500000   0.3750000), wk =   0.1875000
        k(   22) = (   0.1250000   0.2500000  -0.5000000), wk =   0.0937500
        k(   23) = (   0.1250000   0.3750000   0.3750000), wk =   0.0937500
        k(   24) = (   0.1250000   0.3750000  -0.5000000), wk =   0.0937500
        k(   25) = (   0.1250000  -0.5000000  -0.5000000), wk =   0.0234375
        k(   26) = (   0.2500000   0.2500000   0.2500000), wk =   0.0312500
        k(   27) = (   0.2500000   0.2500000   0.3750000), wk =   0.0937500
        k(   28) = (   0.2500000   0.2500000  -0.5000000), wk =   0.0468750
        k(   29) = (   0.2500000   0.3750000   0.3750000), wk =   0.0937500
        k(   30) = (   0.2500000   0.3750000  -0.5000000), wk =   0.0937500
        k(   31) = (   0.2500000  -0.5000000  -0.5000000), wk =   0.0234375
        k(   32) = (   0.3750000   0.3750000   0.3750000), wk =   0.0312500
        k(   33) = (   0.3750000   0.3750000  -0.5000000), wk =   0.0468750
        k(   34) = (   0.3750000  -0.5000000  -0.5000000), wk =   0.0234375
        k(   35) = (  -0.5000000  -0.5000000  -0.5000000), wk =   0.0039062

     PseudoPot. # 1 for Rb read from file:
     /home/administrator/Downloads/BURAI/BURAI1.3/pseudopot/Rb.pbe-spn-rrkjus_psl.1.0.0.UPF
     MD5 check sum: 8db0524251f08d4bb5a0a04c31658078
     Pseudo is Ultrasoft + core correction, Zval =  9.0
     Generated using "atomic" code by A. Dal Corso  v.5.1.2
     Using radial grid of 1219 points,  6 beta functions with: 
                l(1) =   0
                l(2) =   0
                l(3) =   1
                l(4) =   1
                l(5) =   2
                l(6) =   2
     Q(r) pseudized with 0 coefficients 


     PseudoPot. # 2 for Sb read from file:
     /home/administrator/Downloads/BURAI/BURAI1.3/pseudopot/Sb.pbe-n-rrkjus_psl.1.0.0.UPF
     MD5 check sum: 99f1e92b97b0a665abbfefde3108088e
     Pseudo is Ultrasoft + core correction, Zval =  5.0
     Generated using "atomic" code by A. Dal Corso  v.5.1.2
     Using radial grid of 1243 points,  6 beta functions with: 
                l(1) =   0
                l(2) =   0
                l(3) =   1
                l(4) =   1
                l(5) =   2
                l(6) =   2
     Q(r) pseudized with 0 coefficients 


     PseudoPot. # 3 for S  read from file:
     /home/administrator/Downloads/BURAI/BURAI1.3/pseudopot/S.pbe-n-kjpaw_psl.1.0.0.UPF
     MD5 check sum: cb96b46a5ee63c4f5db34501b74ad364
     Pseudo is Projector augmented-wave + core cor, Zval =  6.0
     Generated using "atomic" code by A. Dal Corso  v.5.1.2
     Shape of augmentation charge: PSQ
     Using radial grid of 1151 points,  6 beta functions with: 
                l(1) =   0
                l(2) =   0
                l(3) =   1
                l(4) =   1
                l(5) =   2
                l(6) =   2
     Q(r) pseudized with 0 coefficients 


     point group O_h (m-3m) 
     there are 10 classes
     the character table:

       E     8C3   3C2   6C4   6C2'  i     8S6   3s_h  6S4   6s_d 
A_1g   1.00  1.00  1.00  1.00  1.00  1.00  1.00  1.00  1.00  1.00
A_2g   1.00  1.00  1.00 -1.00 -1.00  1.00  1.00  1.00 -1.00 -1.00
E_g    2.00 -1.00  2.00  0.00  0.00  2.00 -1.00  2.00  0.00  0.00
T_1g   3.00  0.00 -1.00  1.00 -1.00  3.00  0.00 -1.00  1.00 -1.00
T_2g   3.00  0.00 -1.00 -1.00  1.00  3.00  0.00 -1.00 -1.00  1.00
A_1u   1.00  1.00  1.00  1.00  1.00 -1.00 -1.00 -1.00 -1.00 -1.00
A_2u   1.00  1.00  1.00 -1.00 -1.00 -1.00 -1.00 -1.00  1.00  1.00
E_u    2.00 -1.00  2.00  0.00  0.00 -2.00  1.00 -2.00  0.00  0.00
T_1u   3.00  0.00 -1.00  1.00 -1.00 -3.00  0.00  1.00 -1.00  1.00
T_2u   3.00  0.00 -1.00 -1.00  1.00 -3.00  0.00  1.00  1.00 -1.00

     the symmetry operations in each class and the name of the first element:

     E        1
                                                                 
     8C3     17   19   20   18   24   21   22   23
                                                                 
     3C2      2    4    3
                                                                 
     6C4      7    8   15   16   12   11
                                                                 
     6C2'     5    6   14   13   10    9
                                                                 
     i       25
                                                                 
     8S6     41   43   44   42   48   45   46   47
                                                                 
     3s_h    26   28   27
                                                                 
     6S4     31   32   39   40   36   35
                                                                 
     6s_d    29   30   38   37   34   33
                                                                 


     Atomic displacements:
     There are    5 irreducible representations

     Representation     1      3 modes -  To be done
     Irreps are as follows:

     mode #   1              mode #   2              mode #   3
     (  -0.00000  -0.00000 ) (  -0.00000   0.00000 ) (  -0.00000  -0.00000 ) 
     (  -0.00000  -0.00000 ) (  -0.00000   0.00000 ) (  -0.00000  -0.00000 ) 
     (  -0.00000  -0.00000 ) (  -0.00000   0.00000 ) (  -0.00000  -0.00000 ) 
     (  -0.00000  -0.00000 ) (  -0.00000   0.00000 ) (  -0.00000  -0.00000 ) 
     (  -0.00000  -0.00000 ) (  -0.00000   0.00000 ) (  -0.00000  -0.00000 ) 
     (  -0.00000  -0.00000 ) (  -0.00000   0.00000 ) (  -0.00000  -0.00000 ) 
     (  -0.00302  -0.00000 ) (  -0.09791  -0.00000 ) (  -0.00000  -0.00000 ) 
     (   0.09791  -0.00000 ) (  -0.00302  -0.00000 ) (  -0.00000  -0.00000 ) 
     (   0.00000   0.00000 ) (   0.00000  -0.00000 ) (  -0.99036  -0.00000 ) 
     (  -0.00302  -0.00000 ) (  -0.09791  -0.00000 ) (  -0.00000  -0.00000 ) 
     (   0.98989  -0.00000 ) (  -0.03052  -0.00000 ) (  -0.00000  -0.00000 ) 
     (  -0.00000  -0.00000 ) (  -0.00000  -0.00000 ) (  -0.09796  -0.00000 ) 
     (  -0.03052  -0.00000 ) (  -0.98989  -0.00000 ) (  -0.00000  -0.00000 ) 
     (   0.09791  -0.00000 ) (  -0.00302  -0.00000 ) (   0.00000  -0.00000 ) 
     (   0.00000   0.00000 ) (  -0.00000  -0.00000 ) (  -0.09796  -0.00000 ) 

     Representation     2      3 modes -  To be done
     Irreps are as follows:

     mode #   4              mode #   5              mode #   6
     (  -0.00000  -0.00000 ) (  -0.00000  -0.00000 ) (  -0.00000  -0.00000 ) 
     (  -0.00000  -0.00000 ) (  -0.00000  -0.00000 ) (  -0.00000  -0.00000 ) 
     (  -0.00000  -0.00000 ) (  -0.00000  -0.00000 ) (  -0.00000  -0.00000 ) 
     (  -1.00000  -0.00000 ) (  -0.00000  -0.00000 ) (  -0.00000  -0.00000 ) 
     (  -0.00000  -0.00000 ) (  -1.00000  -0.00000 ) (  -0.00000  -0.00000 ) 
     (  -0.00000  -0.00000 ) (  -0.00000  -0.00000 ) (  -1.00000  -0.00000 ) 
     (  -0.00000  -0.00000 ) (  -0.00000  -0.00000 ) (  -0.00000  -0.00000 ) 
     (  -0.00000  -0.00000 ) (  -0.00000  -0.00000 ) (  -0.00000  -0.00000 ) 
     (  -0.00000  -0.00000 ) (  -0.00000  -0.00000 ) (  -0.00000  -0.00000 ) 
     (  -0.00000  -0.00000 ) (  -0.00000  -0.00000 ) (  -0.00000  -0.00000 ) 
     (  -0.00000  -0.00000 ) (  -0.00000  -0.00000 ) (  -0.00000  -0.00000 ) 
     (  -0.00000  -0.00000 ) (  -0.00000  -0.00000 ) (  -0.00000  -0.00000 ) 
     (  -0.00000  -0.00000 ) (  -0.00000  -0.00000 ) (  -0.00000  -0.00000 ) 
     (  -0.00000  -0.00000 ) (  -0.00000  -0.00000 ) (  -0.00000  -0.00000 ) 
     (  -0.00000  -0.00000 ) (  -0.00000  -0.00000 ) (  -0.00000  -0.00000 ) 

     Representation     3      3 modes -  To be done
     Irreps are as follows:

     mode #   7              mode #   8              mode #   9
     (  -1.00000  -0.00000 ) (  -0.00000  -0.00000 ) (  -0.00000  -0.00000 ) 
     (  -0.00000  -0.00000 ) (  -1.00000  -0.00000 ) (  -0.00000  -0.00000 ) 
     (  -0.00000  -0.00000 ) (  -0.00000  -0.00000 ) (  -1.00000  -0.00000 ) 
     (  -0.00000  -0.00000 ) (  -0.00000  -0.00000 ) (  -0.00000  -0.00000 ) 
     (  -0.00000  -0.00000 ) (  -0.00000  -0.00000 ) (  -0.00000  -0.00000 ) 
     (  -0.00000  -0.00000 ) (  -0.00000  -0.00000 ) (  -0.00000  -0.00000 ) 
     (  -0.00000  -0.00000 ) (  -0.00000  -0.00000 ) (  -0.00000  -0.00000 ) 
     (  -0.00000  -0.00000 ) (  -0.00000  -0.00000 ) (  -0.00000  -0.00000 ) 
     (  -0.00000  -0.00000 ) (  -0.00000  -0.00000 ) (  -0.00000  -0.00000 ) 
     (  -0.00000  -0.00000 ) (  -0.00000  -0.00000 ) (  -0.00000  -0.00000 ) 
     (  -0.00000  -0.00000 ) (  -0.00000  -0.00000 ) (  -0.00000  -0.00000 ) 
     (  -0.00000  -0.00000 ) (  -0.00000  -0.00000 ) (  -0.00000  -0.00000 ) 
     (  -0.00000  -0.00000 ) (  -0.00000  -0.00000 ) (  -0.00000  -0.00000 ) 
     (  -0.00000  -0.00000 ) (  -0.00000  -0.00000 ) (  -0.00000  -0.00000 ) 
     (  -0.00000  -0.00000 ) (  -0.00000  -0.00000 ) (  -0.00000  -0.00000 ) 

     Representation     4      3 modes -  To be done
     Irreps are as follows:

     mode #  10              mode #  11              mode #  12
     (  -0.00000   0.00000 ) (  -0.00000  -0.00000 ) (  -0.00000  -0.00000 ) 
     (  -0.00000   0.00000 ) (  -0.00000  -0.00000 ) (  -0.00000  -0.00000 ) 
     (  -0.00000   0.00000 ) (  -0.00000  -0.00000 ) (  -0.00000  -0.00000 ) 
     (  -0.00000   0.00000 ) (  -0.00000  -0.00000 ) (  -0.00000  -0.00000 ) 
     (  -0.00000   0.00000 ) (  -0.00000  -0.00000 ) (  -0.00000  -0.00000 ) 
     (  -0.00000   0.00000 ) (  -0.00000  -0.00000 ) (  -0.00000  -0.00000 ) 
     (  -0.04083  -0.00000 ) (  -0.69910  -0.00000 ) (  -0.00116  -0.00000 ) 
     (  -0.69125  -0.00000 ) (   0.04055  -0.00000 ) (  -0.10458  -0.00000 ) 
     (   0.02067   0.00000 ) (  -0.00098  -0.00000 ) (  -0.13698  -0.00000 ) 
     (  -0.04083  -0.00000 ) (  -0.69910  -0.00000 ) (  -0.00116  -0.00000 ) 
     (   0.13674   0.00000 ) (  -0.00802  -0.00000 ) (   0.02069  -0.00000 ) 
     (  -0.10447  -0.00000 ) (   0.00495  -0.00000 ) (   0.69244  -0.00000 ) 
     (   0.00808   0.00000 ) (   0.13830  -0.00000 ) (   0.00023  -0.00000 ) 
     (  -0.69125  -0.00000 ) (   0.04055  -0.00000 ) (  -0.10458  -0.00000 ) 
     (  -0.10447  -0.00000 ) (   0.00495  -0.00000 ) (   0.69244  -0.00000 ) 

     Representation     5      3 modes -  To be done
     Irreps are as follows:

     mode #  13              mode #  14              mode #  15
     (  -0.00000   0.00000 ) (  -0.00000  -0.00000 ) (  -0.00000  -0.00000 ) 
     (  -0.00000   0.00000 ) (  -0.00000  -0.00000 ) (  -0.00000  -0.00000 ) 
     (  -0.00000   0.00000 ) (  -0.00000  -0.00000 ) (  -0.00000  -0.00000 ) 
     (  -0.00000   0.00000 ) (  -0.00000  -0.00000 ) (  -0.00000  -0.00000 ) 
     (  -0.00000   0.00000 ) (  -0.00000  -0.00000 ) (  -0.00000  -0.00000 ) 
     (  -0.00000   0.00000 ) (  -0.00000  -0.00000 ) (  -0.00000  -0.00000 ) 
     (  -0.00000  -0.00000 ) (  -0.70711  -0.00000 ) (  -0.00001  -0.00000 ) 
     (   0.14998   0.00000 ) (  -0.00001  -0.00000 ) (   0.69102  -0.00000 ) 
     (   0.00000   0.00000 ) (  -0.00000  -0.00000 ) (  -0.00000  -0.00000 ) 
     (   0.00000   0.00000 ) (   0.70711  -0.00000 ) (   0.00001  -0.00000 ) 
     (   0.00000   0.00000 ) (  -0.00000  -0.00000 ) (  -0.00000  -0.00000 ) 
     (  -0.69102  -0.00000 ) (   0.00000  -0.00000 ) (   0.14998  -0.00000 ) 
     (  -0.00000  -0.00000 ) (   0.00000  -0.00000 ) (   0.00000  -0.00000 ) 
     (  -0.14998  -0.00000 ) (   0.00001  -0.00000 ) (  -0.69102  -0.00000 ) 
     (   0.69102   0.00000 ) (  -0.00000  -0.00000 ) (  -0.14998  -0.00000 ) 



     Alpha used in Ewald sum =   2.8000
     PHONON       :   1m45.05s CPU   1m11.82s WALL



     Representation #   1 modes #   1   2   3

     Self-consistent Calculation

      iter #   1 total cpu time :   149.5 secs   av.it.:   8.6
      thresh= 1.000E-02 alpha_mix =  0.500 |ddv_scf|^2 =  3.391E-03

      iter #   2 total cpu time :   282.7 secs   av.it.:  18.3
      thresh= 5.823E-03 alpha_mix =  0.500 |ddv_scf|^2 =  1.008E+05

      iter #   3 total cpu time :   391.8 secs   av.it.:  16.4
      thresh= 1.000E-02 alpha_mix =  0.500 |ddv_scf|^2 =  3.001E+04

      iter #   4 total cpu time :   504.1 secs   av.it.:  16.4
      thresh= 1.000E-02 alpha_mix =  0.500 |ddv_scf|^2 =  2.547E+03

      iter #   5 total cpu time :   632.4 secs   av.it.:  18.2
      thresh= 1.000E-02 alpha_mix =  0.500 |ddv_scf|^2 =  1.677E+03

      iter #   6 total cpu time :   749.0 secs   av.it.:  17.9
      thresh= 1.000E-02 alpha_mix =  0.500 |ddv_scf|^2 =  2.873E+02

      iter #   7 total cpu time :   860.4 secs   av.it.:  15.9
      thresh= 1.000E-02 alpha_mix =  0.500 |ddv_scf|^2 =  1.823E+01

      iter #   8 total cpu time :   953.8 secs   av.it.:  13.2
      thresh= 1.000E-02 alpha_mix =  0.500 |ddv_scf|^2 =  8.287E-01

      iter #   9 total cpu time :  1034.9 secs   av.it.:  10.5
      thresh= 1.000E-02 alpha_mix =  0.500 |ddv_scf|^2 =  2.996E-02

      iter #  10 total cpu time :  1113.0 secs   av.it.:   9.8
      thresh= 1.000E-02 alpha_mix =  0.500 |ddv_scf|^2 =  1.297E-03

      iter #  11 total cpu time :  1205.3 secs   av.it.:  12.6
      thresh= 3.601E-03 alpha_mix =  0.500 |ddv_scf|^2 =  8.870E-02

      iter #  12 total cpu time :  1262.1 secs   av.it.:   6.1
      thresh= 1.000E-02 alpha_mix =  0.500 |ddv_scf|^2 =  8.873E-02

      iter #  13 total cpu time :  1353.4 secs   av.it.:  12.7
      thresh= 1.000E-02 alpha_mix =  0.500 |ddv_scf|^2 =  1.250E+00

      iter #  14 total cpu time :  1429.1 secs   av.it.:   9.4
      thresh= 1.000E-02 alpha_mix =  0.500 |ddv_scf|^2 =  3.771E-01

      iter #  15 total cpu time :  1532.3 secs   av.it.:  14.6
      thresh= 1.000E-02 alpha_mix =  0.500 |ddv_scf|^2 =  1.003E+01

      iter #  16 total cpu time :  1639.6 secs   av.it.:  15.5
      thresh= 1.000E-02 alpha_mix =  0.500 |ddv_scf|^2 =  6.411E+01

      iter #  17 total cpu time :  1757.9 secs   av.it.:  15.5
      thresh= 1.000E-02 alpha_mix =  0.500 |ddv_scf|^2 =  1.460E+01

      iter #  18 total cpu time :  1858.8 secs   av.it.:  14.6
      thresh= 1.000E-02 alpha_mix =  0.500 |ddv_scf|^2 =  2.357E+01

      iter #  19 total cpu time :  1957.3 secs   av.it.:  14.0
      thresh= 1.000E-02 alpha_mix =  0.500 |ddv_scf|^2 =  1.652E+01

      iter #  20 total cpu time :  2050.5 secs   av.it.:  11.9
      thresh= 1.000E-02 alpha_mix =  0.500 |ddv_scf|^2 =  6.040E+00

      iter #  21 total cpu time :  2147.4 secs   av.it.:  12.1
      thresh= 1.000E-02 alpha_mix =  0.500 |ddv_scf|^2 =  3.631E+00

      iter #  22 total cpu time :  2234.7 secs   av.it.:  11.9
      thresh= 1.000E-02 alpha_mix =  0.500 |ddv_scf|^2 =  4.015E+00

      iter #  23 total cpu time :  2314.8 secs   av.it.:  10.4
      thresh= 1.000E-02 alpha_mix =  0.500 |ddv_scf|^2 =  4.794E+00

      iter #  24 total cpu time :  2401.9 secs   av.it.:  11.9
      thresh= 1.000E-02 alpha_mix =  0.500 |ddv_scf|^2 =  3.489E-02

      iter #  25 total cpu time :  2480.8 secs   av.it.:  10.2
      thresh= 1.000E-02 alpha_mix =  0.500 |ddv_scf|^2 =  2.934E-03

      iter #  26 total cpu time :  2555.2 secs   av.it.:   9.1
      thresh= 5.417E-03 alpha_mix =  0.500 |ddv_scf|^2 =  6.048E-03

      iter #  27 total cpu time :  2620.3 secs   av.it.:   7.3
      thresh= 7.777E-03 alpha_mix =  0.500 |ddv_scf|^2 =  1.465E-03

      iter #  28 total cpu time :  2667.1 secs   av.it.:   5.0
      thresh= 3.828E-03 alpha_mix =  0.500 |ddv_scf|^2 =  1.466E-03

      iter #  29 total cpu time :  2726.5 secs   av.it.:   6.5
      thresh= 3.829E-03 alpha_mix =  0.500 |ddv_scf|^2 =  1.376E-02

      iter #  30 total cpu time :  2795.4 secs   av.it.:   8.4
      thresh= 1.000E-02 alpha_mix =  0.500 |ddv_scf|^2 =  2.833E-01

      iter #  31 total cpu time :  2881.0 secs   av.it.:  11.6
      thresh= 1.000E-02 alpha_mix =  0.500 |ddv_scf|^2 =  1.108E+01

      iter #  32 total cpu time :  2961.3 secs   av.it.:  10.5
      thresh= 1.000E-02 alpha_mix =  0.500 |ddv_scf|^2 =  5.162E+00

      iter #  33 total cpu time :  3053.6 secs   av.it.:  12.6
      thresh= 1.000E-02 alpha_mix =  0.500 |ddv_scf|^2 =  3.875E-02

      iter #  34 total cpu time :  3155.0 secs   av.it.:  14.6
      thresh= 1.000E-02 alpha_mix =  0.500 |ddv_scf|^2 =  6.973E+00

      iter #  35 total cpu time :  3246.1 secs   av.it.:  12.6
      thresh= 1.000E-02 alpha_mix =  0.500 |ddv_scf|^2 =  4.019E+00

      iter #  36 total cpu time :  3341.5 secs   av.it.:  13.6
      thresh= 1.000E-02 alpha_mix =  0.500 |ddv_scf|^2 =  6.964E-01

      iter #  37 total cpu time :  3433.6 secs   av.it.:  12.5
      thresh= 1.000E-02 alpha_mix =  0.500 |ddv_scf|^2 =  7.009E-02

      iter #  38 total cpu time :  3523.6 secs   av.it.:  11.9
      thresh= 1.000E-02 alpha_mix =  0.500 |ddv_scf|^2 =  1.041E-03

      iter #  39 total cpu time :  3614.3 secs   av.it.:  11.0
      thresh= 3.227E-03 alpha_mix =  0.500 |ddv_scf|^2 =  1.312E-03

      iter #  40 total cpu time :  3706.2 secs   av.it.:  12.8
      thresh= 3.623E-03 alpha_mix =  0.500 |ddv_scf|^2 =  1.247E-02

      iter #  41 total cpu time :  3768.9 secs   av.it.:   7.1
      thresh= 1.000E-02 alpha_mix =  0.500 |ddv_scf|^2 =  1.851E-02

      iter #  42 total cpu time :  3811.9 secs   av.it.:   3.4
      thresh= 1.000E-02 alpha_mix =  0.500 |ddv_scf|^2 =  1.557E-02

      iter #  43 total cpu time :  3887.9 secs   av.it.:   9.6
      thresh= 1.000E-02 alpha_mix =  0.500 |ddv_scf|^2 =  3.831E-01

      iter #  44 total cpu time :  3967.2 secs   av.it.:   9.9
      thresh= 1.000E-02 alpha_mix =  0.500 |ddv_scf|^2 =  4.765E-01

      iter #  45 total cpu time :  4053.5 secs   av.it.:  11.6
      thresh= 1.000E-02 alpha_mix =  0.500 |ddv_scf|^2 =  1.577E+00

      iter #  46 total cpu time :  4139.7 secs   av.it.:  11.7
      thresh= 1.000E-02 alpha_mix =  0.500 |ddv_scf|^2 =  6.194E+00

      iter #  47 total cpu time :  4228.0 secs   av.it.:  11.9
      thresh= 1.000E-02 alpha_mix =  0.500 |ddv_scf|^2 =  1.779E-01

      iter #  48 total cpu time :  4307.9 secs   av.it.:  10.4
      thresh= 1.000E-02 alpha_mix =  0.500 |ddv_scf|^2 =  2.626E-01

      iter #  49 total cpu time :  4368.2 secs   av.it.:   6.6
      thresh= 1.000E-02 alpha_mix =  0.500 |ddv_scf|^2 =  4.168E-01

      iter #  50 total cpu time :  4432.9 secs   av.it.:   7.6
      thresh= 1.000E-02 alpha_mix =  0.500 |ddv_scf|^2 =  4.333E-01

      iter #  51 total cpu time :  4517.8 secs   av.it.:  11.0
      thresh= 1.000E-02 alpha_mix =  0.500 |ddv_scf|^2 =  4.721E+00

      iter #  52 total cpu time :  4609.0 secs   av.it.:  12.7
      thresh= 1.000E-02 alpha_mix =  0.500 |ddv_scf|^2 =  2.431E+01

      iter #  53 total cpu time :  4700.1 secs   av.it.:  12.5
      thresh= 1.000E-02 alpha_mix =  0.500 |ddv_scf|^2 =  2.165E+00

      iter #  54 total cpu time :  4800.4 secs   av.it.:  13.5
      thresh= 1.000E-02 alpha_mix =  0.500 |ddv_scf|^2 =  3.832E+01

      iter #  55 total cpu time :  4906.0 secs   av.it.:  15.0
      thresh= 1.000E-02 alpha_mix =  0.500 |ddv_scf|^2 =  9.867E-01

      iter #  56 total cpu time :  5015.0 secs   av.it.:  15.9
      thresh= 1.000E-02 alpha_mix =  0.500 |ddv_scf|^2 =  9.344E+01

      iter #  57 total cpu time :  5097.6 secs   av.it.:  11.0
      thresh= 1.000E-02 alpha_mix =  0.500 |ddv_scf|^2 =  1.007E+02

      iter #  58 total cpu time :  5183.2 secs   av.it.:  11.6
      thresh= 1.000E-02 alpha_mix =  0.500 |ddv_scf|^2 =  5.669E+01

      iter #  59 total cpu time :  5272.1 secs   av.it.:  12.3
      thresh= 1.000E-02 alpha_mix =  0.500 |ddv_scf|^2 =  2.005E+02

      iter #  60 total cpu time :  5376.9 secs   av.it.:  15.0
      thresh= 1.000E-02 alpha_mix =  0.500 |ddv_scf|^2 =  9.492E+01

      iter #  61 total cpu time :  5494.4 secs   av.it.:  14.8
      thresh= 1.000E-02 alpha_mix =  0.500 |ddv_scf|^2 =  3.077E+00

      iter #  62 total cpu time :  5589.9 secs   av.it.:  13.5
      thresh= 1.000E-02 alpha_mix =  0.500 |ddv_scf|^2 =  5.522E+00

      iter #  63 total cpu time :  5694.5 secs   av.it.:  15.3
      thresh= 1.000E-02 alpha_mix =  0.500 |ddv_scf|^2 =  4.093E+01

      iter #  64 total cpu time :  5792.4 secs   av.it.:  13.8
      thresh= 1.000E-02 alpha_mix =  0.500 |ddv_scf|^2 =  6.715E+01

      iter #  65 total cpu time :  5892.9 secs   av.it.:  14.0
      thresh= 1.000E-02 alpha_mix =  0.500 |ddv_scf|^2 =  9.663E+00

      iter #  66 total cpu time :  5987.6 secs   av.it.:  13.3
      thresh= 1.000E-02 alpha_mix =  0.500 |ddv_scf|^2 =  8.519E-02

      iter #  67 total cpu time :  6065.8 secs   av.it.:  10.2
      thresh= 1.000E-02 alpha_mix =  0.500 |ddv_scf|^2 =  1.543E-01

      iter #  68 total cpu time :  6155.5 secs   av.it.:  12.4
      thresh= 1.000E-02 alpha_mix =  0.500 |ddv_scf|^2 =  1.502E+00

      iter #  69 total cpu time :  6231.0 secs   av.it.:   9.6
      thresh= 1.000E-02 alpha_mix =  0.500 |ddv_scf|^2 =  1.191E+00

      iter #  70 total cpu time :  6320.2 secs   av.it.:  12.1
      thresh= 1.000E-02 alpha_mix =  0.500 |ddv_scf|^2 =  8.473E-01

      iter #  71 total cpu time :  6408.2 secs   av.it.:  11.7
      thresh= 1.000E-02 alpha_mix =  0.500 |ddv_scf|^2 =  1.102E-03

      iter #  72 total cpu time :  6492.8 secs   av.it.:  11.3
      thresh= 3.320E-03 alpha_mix =  0.500 |ddv_scf|^2 =  1.711E-02

      iter #  73 total cpu time :  6559.5 secs   av.it.:   8.1
      thresh= 1.000E-02 alpha_mix =  0.500 |ddv_scf|^2 =  2.578E-02

      iter #  74 total cpu time :  6614.7 secs   av.it.:   5.5
      thresh= 1.000E-02 alpha_mix =  0.500 |ddv_scf|^2 =  1.311E-01

      iter #  75 total cpu time :  6698.0 secs   av.it.:   8.4
      thresh= 1.000E-02 alpha_mix =  0.500 |ddv_scf|^2 =  1.079E-01

      iter #  76 total cpu time :  6778.6 secs   av.it.:  10.2
      thresh= 1.000E-02 alpha_mix =  0.500 |ddv_scf|^2 =  2.259E-01

      iter #  77 total cpu time :  6862.6 secs   av.it.:  10.8
      thresh= 1.000E-02 alpha_mix =  0.500 |ddv_scf|^2 =  1.042E+00

      iter #  78 total cpu time :  6939.0 secs   av.it.:   9.6
      thresh= 1.000E-02 alpha_mix =  0.500 |ddv_scf|^2 =  4.052E-02

      iter #  79 total cpu time :  7009.9 secs   av.it.:   8.7
      thresh= 1.000E-02 alpha_mix =  0.500 |ddv_scf|^2 =  7.109E-01

      iter #  80 total cpu time :  7090.8 secs   av.it.:  10.6
      thresh= 1.000E-02 alpha_mix =  0.500 |ddv_scf|^2 =  4.601E-02

      iter #  81 total cpu time :  7177.6 secs   av.it.:  11.9
      thresh= 1.000E-02 alpha_mix =  0.500 |ddv_scf|^2 =  1.645E-01

      iter #  82 total cpu time :  7268.3 secs   av.it.:  12.5
      thresh= 1.000E-02 alpha_mix =  0.500 |ddv_scf|^2 =  1.407E-03

      iter #  83 total cpu time :  7349.2 secs   av.it.:  10.3
      thresh= 3.751E-03 alpha_mix =  0.500 |ddv_scf|^2 =  1.318E-02

      iter #  84 total cpu time :  7408.7 secs   av.it.:   6.5
      thresh= 1.000E-02 alpha_mix =  0.500 |ddv_scf|^2 =  1.316E-02

      iter #  85 total cpu time :  7498.2 secs   av.it.:  12.5
      thresh= 1.000E-02 alpha_mix =  0.500 |ddv_scf|^2 =  2.041E-01

      iter #  86 total cpu time :  7548.6 secs   av.it.:   5.1
      thresh= 1.000E-02 alpha_mix =  0.500 |ddv_scf|^2 =  1.067E-01

      iter #  87 total cpu time :  7629.2 secs   av.it.:  10.8
      thresh= 1.000E-02 alpha_mix =  0.500 |ddv_scf|^2 =  1.507E-01

      iter #  88 total cpu time :  7721.6 secs   av.it.:  12.7
      thresh= 1.000E-02 alpha_mix =  0.500 |ddv_scf|^2 =  9.276E-03

      iter #  89 total cpu time :  7803.8 secs   av.it.:  10.7
      thresh= 9.631E-03 alpha_mix =  0.500 |ddv_scf|^2 =  1.011E-02

      iter #  90 total cpu time :  7866.9 secs   av.it.:   7.3
      thresh= 1.000E-02 alpha_mix =  0.500 |ddv_scf|^2 =  1.012E-02

      iter #  91 total cpu time :  7961.1 secs   av.it.:  13.3
      thresh= 1.000E-02 alpha_mix =  0.500 |ddv_scf|^2 =  2.717E-02

      iter #  92 total cpu time :  8055.7 secs   av.it.:  13.4
      thresh= 1.000E-02 alpha_mix =  0.500 |ddv_scf|^2 =  2.246E-02

      iter #  93 total cpu time :  8136.4 secs   av.it.:  10.7
      thresh= 1.000E-02 alpha_mix =  0.500 |ddv_scf|^2 =  3.302E-02

      iter #  94 total cpu time :  8220.5 secs   av.it.:  11.2
      thresh= 1.000E-02 alpha_mix =  0.500 |ddv_scf|^2 =  4.662E-01

      iter #  95 total cpu time :  8309.3 secs   av.it.:  11.8
      thresh= 1.000E-02 alpha_mix =  0.500 |ddv_scf|^2 =  6.052E+00

      iter #  96 total cpu time :  8406.2 secs   av.it.:  13.6
      thresh= 1.000E-02 alpha_mix =  0.500 |ddv_scf|^2 =  5.362E+01

      iter #  97 total cpu time :  8500.7 secs   av.it.:  13.5
      thresh= 1.000E-02 alpha_mix =  0.500 |ddv_scf|^2 =  4.237E+00

      iter #  98 total cpu time :  8606.3 secs   av.it.:  15.7
      thresh= 1.000E-02 alpha_mix =  0.500 |ddv_scf|^2 =  6.893E+01

      iter #  99 total cpu time :  8702.3 secs   av.it.:  13.5
      thresh= 1.000E-02 alpha_mix =  0.500 |ddv_scf|^2 =  4.190E+01

      iter # 100 total cpu time :  8805.9 secs   av.it.:  14.6
      thresh= 1.000E-02 alpha_mix =  0.500 |ddv_scf|^2 =  1.375E+01

      iter # 101 total cpu time :  8904.6 secs   av.it.:  14.3
      thresh= 1.000E-02 alpha_mix =  0.500 |ddv_scf|^2 =  1.463E+00

      iter # 102 total cpu time :  9015.0 secs   av.it.:  16.5
      thresh= 1.000E-02 alpha_mix =  0.500 |ddv_scf|^2 =  7.486E+00

      iter # 103 total cpu time :  9122.9 secs   av.it.:  15.9
      thresh= 1.000E-02 alpha_mix =  0.500 |ddv_scf|^2 =  1.748E-01

      iter # 104 total cpu time :  9223.6 secs   av.it.:  14.5
      thresh= 1.000E-02 alpha_mix =  0.500 |ddv_scf|^2 =  2.596E-02

      iter # 105 total cpu time :  9316.1 secs   av.it.:  12.6
      thresh= 1.000E-02 alpha_mix =  0.500 |ddv_scf|^2 =  6.046E-02

      iter # 106 total cpu time :  9393.6 secs   av.it.:  10.0
      thresh= 1.000E-02 alpha_mix =  0.500 |ddv_scf|^2 =  5.523E-03

      iter # 107 total cpu time :  9463.4 secs   av.it.:   8.7
      thresh= 7.432E-03 alpha_mix =  0.500 |ddv_scf|^2 =  5.314E-04

      iter # 108 total cpu time :  9531.6 secs   av.it.:   8.2
      thresh= 2.305E-03 alpha_mix =  0.500 |ddv_scf|^2 =  7.388E-03

      iter # 109 total cpu time :  9580.7 secs   av.it.:   4.3
      thresh= 8.595E-03 alpha_mix =  0.500 |ddv_scf|^2 =  5.969E-06

      iter # 110 total cpu time :  9659.5 secs   av.it.:  10.1
      thresh= 2.443E-04 alpha_mix =  0.500 |ddv_scf|^2 =  1.616E-03

      iter # 111 total cpu time :  9730.1 secs   av.it.:   8.5
      thresh= 4.020E-03 alpha_mix =  0.500 |ddv_scf|^2 =  5.680E-03

      iter # 112 total cpu time :  9777.6 secs   av.it.:   4.3
      thresh= 7.536E-03 alpha_mix =  0.500 |ddv_scf|^2 =  5.678E-03

      iter # 113 total cpu time :  9844.0 secs   av.it.:   8.0
      thresh= 7.535E-03 alpha_mix =  0.500 |ddv_scf|^2 =  2.040E-02

      iter # 114 total cpu time :  9902.8 secs   av.it.:   6.4
      thresh= 1.000E-02 alpha_mix =  0.500 |ddv_scf|^2 =  2.938E-02

      iter # 115 total cpu time :  9962.6 secs   av.it.:   6.8
      thresh= 1.000E-02 alpha_mix =  0.500 |ddv_scf|^2 =  7.468E-02

      iter # 116 total cpu time : 10038.1 secs   av.it.:   9.6
      thresh= 1.000E-02 alpha_mix =  0.500 |ddv_scf|^2 =  2.440E-01

      iter # 117 total cpu time : 10111.3 secs   av.it.:   9.1
      thresh= 1.000E-02 alpha_mix =  0.500 |ddv_scf|^2 =  5.611E-03

      iter # 118 total cpu time : 10185.9 secs   av.it.:   6.2
      thresh= 7.490E-03 alpha_mix =  0.500 |ddv_scf|^2 =  5.611E-02

      iter # 119 total cpu time : 10259.5 secs   av.it.:   8.9
      thresh= 1.000E-02 alpha_mix =  0.500 |ddv_scf|^2 =  4.709E-01

      iter # 120 total cpu time : 10342.5 secs   av.it.:  10.7
      thresh= 1.000E-02 alpha_mix =  0.500 |ddv_scf|^2 =  5.830E-03

      iter # 121 total cpu time : 10433.4 secs   av.it.:  12.5
      thresh= 7.635E-03 alpha_mix =  0.500 |ddv_scf|^2 =  2.684E-01

      iter # 122 total cpu time : 10496.1 secs   av.it.:   7.4
      thresh= 1.000E-02 alpha_mix =  0.500 |ddv_scf|^2 =  2.760E-01

      iter # 123 total cpu time : 10593.3 secs   av.it.:  13.7
      thresh= 1.000E-02 alpha_mix =  0.500 |ddv_scf|^2 =  6.474E+01

      iter # 124 total cpu time : 10695.5 secs   av.it.:  14.6
      thresh= 1.000E-02 alpha_mix =  0.500 |ddv_scf|^2 =  6.261E+02

      iter # 125 total cpu time : 10804.2 secs   av.it.:  16.0
      thresh= 1.000E-02 alpha_mix =  0.500 |ddv_scf|^2 =  8.897E+00

      iter # 126 total cpu time : 10919.0 secs   av.it.:  17.5
      thresh= 1.000E-02 alpha_mix =  0.500 |ddv_scf|^2 =  1.274E+04

      iter # 127 total cpu time : 11034.1 secs   av.it.:  17.7
      thresh= 1.000E-02 alpha_mix =  0.500 |ddv_scf|^2 =  3.062E+02

      iter # 128 total cpu time : 11165.8 secs   av.it.:  20.2
      thresh= 1.000E-02 alpha_mix =  0.500 |ddv_scf|^2 =  2.107E+04

      iter # 129 total cpu time : 11278.0 secs   av.it.:  16.7
      thresh= 1.000E-02 alpha_mix =  0.500 |ddv_scf|^2 =  1.709E+04

      iter # 130 total cpu time : 11400.5 secs   av.it.:  19.0
      thresh= 1.000E-02 alpha_mix =  0.500 |ddv_scf|^2 =  3.567E+03

      iter # 131 total cpu time : 11500.4 secs   av.it.:  14.6
      thresh= 1.000E-02 alpha_mix =  0.500 |ddv_scf|^2 =  4.981E+02

      iter # 132 total cpu time : 11615.8 secs   av.it.:  17.2
      thresh= 1.000E-02 alpha_mix =  0.500 |ddv_scf|^2 =  2.698E+03

      iter # 133 total cpu time : 11735.6 secs   av.it.:  17.8
      thresh= 1.000E-02 alpha_mix =  0.500 |ddv_scf|^2 =  5.835E+03

      iter # 134 total cpu time : 11845.2 secs   av.it.:  16.5
      thresh= 1.000E-02 alpha_mix =  0.500 |ddv_scf|^2 =  5.262E+03

      iter # 135 total cpu time : 11973.4 secs   av.it.:  20.0
      thresh= 1.000E-02 alpha_mix =  0.500 |ddv_scf|^2 =  1.777E+02

      iter # 136 total cpu time : 12088.9 secs   av.it.:  17.2
      thresh= 1.000E-02 alpha_mix =  0.500 |ddv_scf|^2 =  4.570E-01

      iter # 137 total cpu time : 12170.3 secs   av.it.:  10.5
      thresh= 1.000E-02 alpha_mix =  0.500 |ddv_scf|^2 =  2.078E-02

      iter # 138 total cpu time : 12266.4 secs   av.it.:  13.4
      thresh= 1.000E-02 alpha_mix =  0.500 |ddv_scf|^2 =  4.248E-03

      iter # 139 total cpu time : 12361.9 secs   av.it.:  13.7
      thresh= 6.518E-03 alpha_mix =  0.500 |ddv_scf|^2 =  4.787E-01

      iter # 140 total cpu time : 12439.0 secs   av.it.:  10.0
      thresh= 1.000E-02 alpha_mix =  0.500 |ddv_scf|^2 =  4.759E-01

      iter # 141 total cpu time : 12520.6 secs   av.it.:  10.6
      thresh= 1.000E-02 alpha_mix =  0.500 |ddv_scf|^2 =  7.710E-01

      iter # 142 total cpu time : 12601.7 secs   av.it.:  10.3
      thresh= 1.000E-02 alpha_mix =  0.500 |ddv_scf|^2 =  1.091E+01

      iter # 143 total cpu time : 12700.8 secs   av.it.:  14.0
      thresh= 1.000E-02 alpha_mix =  0.500 |ddv_scf|^2 =  7.717E+01

      iter # 144 total cpu time : 12792.4 secs   av.it.:  12.7
      thresh= 1.000E-02 alpha_mix =  0.500 |ddv_scf|^2 =  3.964E+02

      iter # 145 total cpu time : 12900.4 secs   av.it.:  16.3
      thresh= 1.000E-02 alpha_mix =  0.500 |ddv_scf|^2 =  2.177E+02

      iter # 146 total cpu time : 12998.3 secs   av.it.:  13.9
      thresh= 1.000E-02 alpha_mix =  0.500 |ddv_scf|^2 =  1.416E+02

      iter # 147 total cpu time : 13101.1 secs   av.it.:  14.7
      thresh= 1.000E-02 alpha_mix =  0.500 |ddv_scf|^2 =  1.112E+02

      iter # 148 total cpu time : 13202.7 secs   av.it.:  14.7
      thresh= 1.000E-02 alpha_mix =  0.500 |ddv_scf|^2 =  2.772E+02

      iter # 149 total cpu time : 13308.7 secs   av.it.:  15.6
      thresh= 1.000E-02 alpha_mix =  0.500 |ddv_scf|^2 =  7.886E+02

      iter # 150 total cpu time : 13412.5 secs   av.it.:  15.5
      thresh= 1.000E-02 alpha_mix =  0.500 |ddv_scf|^2 =  3.965E+02

     End of self-consistent calculation

     No convergence has been achieved 

     PHONON       :      5h12m CPU      3h43m WALL

     INITIALIZATION: 
     phq_setup    :      0.35s CPU      0.39s WALL (       1 calls)
     phq_init     :    102.26s CPU     68.78s WALL (       1 calls)

     phq_init     :    102.26s CPU     68.78s WALL (       1 calls)
     set_drhoc    :      0.01s CPU      0.01s WALL (       3 calls)
     init_vloc    :      0.03s CPU      0.03s WALL (       1 calls)
     init_us_1    :      0.17s CPU      0.18s WALL (       1 calls)
     init_us_2    :     29.54s CPU     20.81s WALL (    5390 calls)
     newd         :      0.78s CPU      0.92s WALL (       1 calls)
     dvanqq       :     65.72s CPU     41.26s WALL (       1 calls)
     drho         :     33.30s CPU     25.27s WALL (       1 calls)
     drhous       :     19.03s CPU     14.15s WALL (       1 calls)
     nldyntot     :      0.20s CPU      0.20s WALL (       1 calls)

     DYNAMICAL MATRIX:
     dynmat0      :      2.10s CPU      1.46s WALL (       1 calls)
     dynmat_us    :      1.81s CPU      1.20s WALL (       1 calls)
     addusdynmat  :      0.00s CPU      0.00s WALL (       1 calls)
     d2ionq       :      0.18s CPU      0.15s WALL (       1 calls)
     dynmatcc     :      0.11s CPU      0.11s WALL (       1 calls)
     phqscf       :  18631.23s CPU  13340.71s WALL (       1 calls)

     phqscf       :  18631.23s CPU  13340.71s WALL (       2 calls)
     solve_linter :  18631.23s CPU  13340.71s WALL (       1 calls)
     sth_kernel   :  16830.57s CPU  11691.97s WALL (     150 calls)
     h_prec       :      5.58s CPU      4.20s WALL (    5250 calls)
     apply_dpot_b :    656.08s CPU    506.95s WALL (   15645 calls)
     ortho        :    168.07s CPU    102.81s WALL (   15750 calls)
     cgsolve      :  15115.14s CPU  10416.81s WALL (   15750 calls)
     incdrhoscf   :    715.66s CPU    538.93s WALL (   15750 calls)
                                        0.00s GPU  (   15750 calls)
     addusddens   :    440.66s CPU    293.67s WALL (     155 calls)
     dv_of_drho   :     31.77s CPU     33.57s WALL (     450 calls)
     mix_pot      :     16.31s CPU     10.93s WALL (     150 calls)
     psymdvscf    :    577.31s CPU    580.42s WALL (     150 calls)
     newdq        :    345.80s CPU    346.13s WALL (     150 calls)
     adddvscf     :    113.21s CPU     81.73s WALL (   15645 calls)

     dvqpsi_us    :      7.91s CPU      5.99s WALL (     105 calls)
                                        0.00s GPU  (     105 calls)
     dvqpsi_us_on :      3.15s CPU      2.23s WALL (     105 calls)

     add_vuspsi   :   1140.89s CPU    622.08s WALL (  362424 calls)
     addusdbec    :     68.10s CPU     40.06s WALL (   16275 calls)


      General routines
     calbec       :   2188.16s CPU   1285.11s WALL (  757223 calls)
     fft          :     47.53s CPU     44.05s WALL (    7256 calls)
     ffts         :      2.21s CPU      1.85s WALL (    1036 calls)
     fftw         :   7477.06s CPU   5780.63s WALL ( 7306844 calls)
     write_rec    :      0.03s CPU      0.04s WALL (     150 calls)

      Additional routines
     ch_psi       :  14539.57s CPU  10008.74s WALL (  362424 calls)
     last         :   2785.22s CPU   1668.81s WALL (  362424 calls)
     Hesh         :     94.45s CPU     64.75s WALL (  362424 calls)
     ch_psi_all_k :   2680.28s CPU   1597.81s WALL (  362424 calls)
                                        0.00s GPU  (  362424 calls)
     ch_psi_calbe :    965.47s CPU    559.22s WALL (  362424 calls)
                                        0.00s GPU  (  362424 calls)
     h_psi_bgrp   :  10659.40s CPU   7702.85s WALL (  362424 calls)
     h_psi        :  10653.42s CPU   7699.47s WALL (  362424 calls)
     h_psi:pot    :  10557.76s CPU   7632.79s WALL (  362424 calls)
     h_psi:calbec :   1110.05s CPU    658.99s WALL (  362424 calls)
     s_psi_bgrp   :   2048.29s CPU   1133.14s WALL (  740598 calls)
     s_psi        :   1940.99s CPU   1064.59s WALL (  740598 calls)


     PHONON       :      5h12m CPU      3h43m WALL


   This run was terminated on:  20:52:45   7May2025            

=------------------------------------------------------------------------------=
   JOB DONE.
=------------------------------------------------------------------------------=
