
     Program PHONON v.7.3.1 starts on  6Apr2025 at 19:22: 7 

     This program is part of the open-source Quantum ESPRESSO suite
     for quantum simulation of materials; please cite
         "P. Giannozzi et al., J. Phys.:Condens. Matter 21 395502 (2009);
         "P. Giannozzi et al., J. Phys.:Condens. Matter 29 465901 (2017);
         "P. Giannozzi et al., J. Chem. Phys. 152 154105 (2020);
          URL http://www.quantum-espresso.org", 
     in publications or presentations arising from this work. More details at
     http://www.quantum-espresso.org/quote

     Parallel version (MPI), running on     8 processors

     MPI processes distributed on     1 nodes
     59444 MiB available memory on the printing compute node when the environment starts

     Reading input from ph_gamma_grid.in
      Title line not specified: using 'default'.

     Reading xml data from directory:

     ./tmp/rbinf3.save/

     K-points division:     npool     =       4
     R & G space division:  proc/nbgrp/npool/nimage =       2
     Subspace diagonalization in iterative solution of the eigenvalue problem:
     a serial algorithm will be used

     file Rb.pbe-spn-kjpaw_psl.1.0.0.UPF: wavefunction(s)  4S renormalized
     file In.pbe-dn-kjpaw_psl.1.0.0.UPF: wavefunction(s)  5S 5P 4D renormalized
     file F.pbe-n-kjpaw_psl.1.0.0.UPF: wavefunction(s)  2S 2P renormalized

     IMPORTANT: XC functional enforced from input :
     Exchange-correlation= PBE
                           (   1   4   3   4   0   0   0)
     Any further DFT definition will be discarded
     Please, verify this is what you really want


     Parallelization info
     --------------------
     sticks:   dense  smooth     PW     G-vecs:    dense   smooth      PW
     Min        1934     966    276                90353    31994    4884
     Max        1935     967    277                90354    31995    4887
     Sum        3869    1933    553               180707    63989    9771

     Using Slab Decomposition

     Reading collected, re-writing distributed wavefunctions in ./tmp/


     Dynamical matrices for ( 4, 4, 4)  uniform grid of q-points
     (  10 q-points):
       N         xq(1)         xq(2)         xq(3) 
       1   0.000000000   0.000000000   0.000000000
       2   0.000000000   0.000000000   0.250000000
       3   0.000000000   0.000000000  -0.500000000
       4   0.000000000   0.250000000   0.250000000
       5   0.000000000   0.250000000  -0.500000000
       6   0.000000000  -0.500000000  -0.500000000
       7   0.250000000   0.250000000   0.250000000
       8   0.250000000   0.250000000  -0.500000000
       9   0.250000000  -0.500000000  -0.500000000
      10  -0.500000000  -0.500000000  -0.500000000

     Number and degeneracy of irreps per q-point
       N         xq(1)         xq(2)         xq(3)   N irreps
       1   0.000000000   0.000000000   0.000000000       5
        3   3   3   3   3
       2   0.000000000   0.000000000   0.250000000      10
        1   1   1   1   1   2   2   2   2   2
       3   0.000000000   0.000000000  -0.500000000      10
        1   1   1   2   2   2   1   1   2   2
       4   0.000000000   0.250000000   0.250000000      15
     No degeneracy
       5   0.000000000   0.250000000  -0.500000000      15
     No degeneracy
       6   0.000000000  -0.500000000  -0.500000000      11
        1   1   1   1   2   1   1   1   2   2   2
       7   0.250000000   0.250000000   0.250000000      10
        1   1   1   1   1   2   2   2   2   2
       8   0.250000000   0.250000000  -0.500000000      15
     No degeneracy
       9   0.250000000  -0.500000000  -0.500000000      11
        1   1   1   1   1   1   1   2   2   2   2
      10  -0.500000000  -0.500000000  -0.500000000       6
        3   1   2   3   3   3

     Calculation of q =    0.0000000   0.0000000   0.0000000

     default                                                                    

     bravais-lattice index     =            0
     lattice parameter (alat)  =       8.7099  a.u.
     unit-cell volume          =     660.7562 (a.u.)^3
     number of atoms/cell      =            5
     number of atomic types    =            3
     kinetic-energy cut-off    =      80.0000  Ry
     charge density cut-off    =     640.0000  Ry
     convergence threshold     =      1.0E-14
     beta                      =       0.7000
     number of iterations used =            4
     Exchange-correlation= PBE
                           (   1   4   3   4   0   0   0)


     celldm(1)=    8.70991  celldm(2)=    0.00000  celldm(3)=    0.00000
     celldm(4)=    0.00000  celldm(5)=    0.00000  celldm(6)=    0.00000

     crystal axes: (cart. coord. in units of alat)
               a(1) = (  1.0000  0.0000  0.0000 )  
               a(2) = (  0.0000  1.0000  0.0000 )  
               a(3) = (  0.0000  0.0000  1.0000 )  

     reciprocal axes: (cart. coord. in units 2 pi/alat)
               b(1) = (  1.0000  0.0000  0.0000 )  
               b(2) = (  0.0000  1.0000  0.0000 )  
               b(3) = (  0.0000  0.0000  1.0000 )  


     Atoms inside the unit cell: 

     Cartesian axes

     site n.  atom      mass           positions (alat units)
        1  Rb     85.4678   tau(    1) = (    0.00000    0.00000    0.00000  )
        2  In    114.8180   tau(    2) = (    0.50000    0.50000    0.50000  )
        3  F      18.9980   tau(    3) = (    0.50000    0.50000    0.00000  )
        4  F      18.9980   tau(    4) = (    0.00000    0.50000    0.50000  )
        5  F      18.9980   tau(    5) = (    0.50000    0.00000    0.50000  )

     Computing dynamical matrix for 
                    q = (   0.0000000   0.0000000   0.0000000 )

     49 Sym.Ops. (with q -> -q+G )


     G cutoff = 1229.8375  (  90354 G-vectors)     FFT grid: ( 72, 72, 72)
     G cutoff =  614.9188  (  31994 G-vectors)  smooth grid: ( 50, 50, 50)

     number of k points=    35  Methfessel-Paxton smearing, width (Ry)=  0.0100

     PseudoPot. # 1 for Rb read from file:
     /home/administrator/Downloads/BURAI/BURAI1.3/pseudopot/Rb.pbe-spn-kjpaw_psl.1.0.0.UPF
     MD5 check sum: 2771e311bc20ea25cdd5c0a9866b789c
     Pseudo is Projector augmented-wave + core cor, Zval =  9.0
     Generated using "atomic" code by A. Dal Corso  v.5.1.2
     Shape of augmentation charge: PSQ
     Using radial grid of 1219 points,  6 beta functions with: 
                l(1) =   0
                l(2) =   0
                l(3) =   1
                l(4) =   1
                l(5) =   2
                l(6) =   2
     Q(r) pseudized with 0 coefficients 


     PseudoPot. # 2 for In read from file:
     /home/administrator/Downloads/BURAI/BURAI1.3/pseudopot/In.pbe-dn-kjpaw_psl.1.0.0.UPF
     MD5 check sum: fd1a0e78b31ae68673c860ae14814025
     Pseudo is Projector augmented-wave + core cor, Zval = 13.0
     Generated using "atomic" code by A. Dal Corso  v.5.1.2
     Shape of augmentation charge: PSQ
     Using radial grid of 1241 points,  6 beta functions with: 
                l(1) =   0
                l(2) =   0
                l(3) =   1
                l(4) =   1
                l(5) =   2
                l(6) =   2
     Q(r) pseudized with 0 coefficients 


     PseudoPot. # 3 for F  read from file:
     /home/administrator/Downloads/BURAI/BURAI1.3/pseudopot/F.pbe-n-kjpaw_psl.1.0.0.UPF
     MD5 check sum: de2194216b7114fcf395f1df79715f8b
     Pseudo is Projector augmented-wave + core cor, Zval =  7.0
     Generated using "atomic" code by A. Dal Corso  v.5.1.2
     Shape of augmentation charge: PSQ
     Using radial grid of 1105 points,  4 beta functions with: 
                l(1) =   0
                l(2) =   0
                l(3) =   1
                l(4) =   1
     Q(r) pseudized with 0 coefficients 


     Mode symmetry, O_h (m-3m)  point group:


     Atomic displacements:
     There are    5 irreducible representations

     Representation     1      3 modes -  To be done

     Representation     2      3 modes -  To be done

     Representation     3      3 modes -  To be done

     Representation     4      3 modes -  To be done

     Representation     5      3 modes -  To be done



     Alpha used in Ewald sum =   2.8000
     PHONON       :   1m57.07s CPU   1m58.39s WALL



     Representation #   1 modes #   1   2   3

     Self-consistent Calculation

     Pert. #  1: Fermi energy shift (Ry) =     8.9396E-26     4.7020E-37
     Pert. #  2: Fermi energy shift (Ry) =    -1.0986E-25     3.1347E-37
     Pert. #  3: Fermi energy shift (Ry) =    -1.0771E-26    -2.8212E-37

      iter #   1 total cpu time :   241.9 secs   av.it.:   6.0
      thresh= 1.000E-02 alpha_mix =  0.700 |ddv_scf|^2 =  9.556E-08

     Pert. #  1: Fermi energy shift (Ry) =    -3.0158E-26    -1.3469E-39
     Pert. #  2: Fermi energy shift (Ry) =     9.0473E-26     3.6734E-40
     Pert. #  3: Fermi energy shift (Ry) =     8.7242E-26    -2.4489E-40

      iter #   2 total cpu time :   454.9 secs   av.it.:  13.9
      thresh= 3.091E-05 alpha_mix =  0.700 |ddv_scf|^2 =  1.311E-08

     Pert. #  1: Fermi energy shift (Ry) =    -4.6313E-26    -1.2245E-40
     Pert. #  2: Fermi energy shift (Ry) =    -7.3240E-26    -3.6734E-40
     Pert. #  3: Fermi energy shift (Ry) =     2.9081E-26    -3.0612E-40

      iter #   3 total cpu time :   671.7 secs   av.it.:  13.7
      thresh= 1.145E-05 alpha_mix =  0.700 |ddv_scf|^2 =  1.461E-10

     Pert. #  1: Fermi energy shift (Ry) =     4.9545E-26    -3.0612E-41
     Pert. #  2: Fermi energy shift (Ry) =     3.0158E-26     0.0000E+00
     Pert. #  3: Fermi energy shift (Ry) =    -1.2925E-26     6.1224E-41

      iter #   4 total cpu time :   879.7 secs   av.it.:  13.4
      thresh= 1.209E-06 alpha_mix =  0.700 |ddv_scf|^2 =  2.345E-12

     Pert. #  1: Fermi energy shift (Ry) =    -1.0447E-25     3.8265E-42
     Pert. #  2: Fermi energy shift (Ry) =    -5.1699E-26     3.8265E-42
     Pert. #  3: Fermi energy shift (Ry) =     6.3546E-26     0.0000E+00

      iter #   5 total cpu time :  1083.6 secs   av.it.:  13.0
      thresh= 1.531E-07 alpha_mix =  0.700 |ddv_scf|^2 =  1.643E-13

     Pert. #  1: Fermi energy shift (Ry) =     1.6156E-26     0.0000E+00
     Pert. #  2: Fermi energy shift (Ry) =     0.0000E+00     2.6785E-41
     Pert. #  3: Fermi energy shift (Ry) =     5.0622E-26    -2.1046E-41

      iter #   6 total cpu time :  1285.2 secs   av.it.:  12.7
      thresh= 4.054E-08 alpha_mix =  0.700 |ddv_scf|^2 =  9.970E-16

     End of self-consistent calculation

     Convergence has been achieved 


     Representation #   2 modes #   4   5   6

     Self-consistent Calculation

     Pert. #  1: Fermi energy shift (Ry) =    -4.8252E-25     0.0000E+00
     Pert. #  2: Fermi energy shift (Ry) =     0.0000E+00     0.0000E+00
     Pert. #  3: Fermi energy shift (Ry) =     0.0000E+00     0.0000E+00

      iter #   1 total cpu time :  1411.1 secs   av.it.:   6.3
      thresh= 1.000E-02 alpha_mix =  0.700 |ddv_scf|^2 =  2.848E-07

     Pert. #  1: Fermi energy shift (Ry) =     2.0680E-25     0.0000E+00
     Pert. #  2: Fermi energy shift (Ry) =    -2.0680E-25     0.0000E+00
     Pert. #  3: Fermi energy shift (Ry) =     1.3786E-25     0.0000E+00

      iter #   2 total cpu time :  1624.9 secs   av.it.:  13.4
      thresh= 5.336E-05 alpha_mix =  0.700 |ddv_scf|^2 =  6.435E-08

     Pert. #  1: Fermi energy shift (Ry) =    -6.8932E-26     0.0000E+00
     Pert. #  2: Fermi energy shift (Ry) =    -1.3786E-25     0.0000E+00
     Pert. #  3: Fermi energy shift (Ry) =     0.0000E+00     0.0000E+00

      iter #   3 total cpu time :  1836.9 secs   av.it.:  13.2
      thresh= 2.537E-05 alpha_mix =  0.700 |ddv_scf|^2 =  1.091E-10

     Pert. #  1: Fermi energy shift (Ry) =     2.0680E-25     0.0000E+00
     Pert. #  2: Fermi energy shift (Ry) =    -6.8932E-26     0.0000E+00
     Pert. #  3: Fermi energy shift (Ry) =     0.0000E+00     0.0000E+00

      iter #   4 total cpu time :  2043.6 secs   av.it.:  13.1
      thresh= 1.045E-06 alpha_mix =  0.700 |ddv_scf|^2 =  1.156E-11

     Pert. #  1: Fermi energy shift (Ry) =     0.0000E+00     0.0000E+00
     Pert. #  2: Fermi energy shift (Ry) =     6.8932E-26     0.0000E+00
     Pert. #  3: Fermi energy shift (Ry) =     0.0000E+00     0.0000E+00

      iter #   5 total cpu time :  2250.8 secs   av.it.:  13.1
      thresh= 3.400E-07 alpha_mix =  0.700 |ddv_scf|^2 =  2.371E-13

     Pert. #  1: Fermi energy shift (Ry) =    -6.8932E-26     0.0000E+00
     Pert. #  2: Fermi energy shift (Ry) =     0.0000E+00     0.0000E+00
     Pert. #  3: Fermi energy shift (Ry) =    -1.3786E-25     0.0000E+00

      iter #   6 total cpu time :  2453.4 secs   av.it.:  13.3
      thresh= 4.870E-08 alpha_mix =  0.700 |ddv_scf|^2 =  3.530E-15

     End of self-consistent calculation

     Convergence has been achieved 


     Representation #   3 modes #   7   8   9

     Self-consistent Calculation

     Pert. #  1: Fermi energy shift (Ry) =    -4.3082E-27     0.0000E+00
     Pert. #  2: Fermi energy shift (Ry) =     4.3082E-27     0.0000E+00
     Pert. #  3: Fermi energy shift (Ry) =    -8.6165E-27     0.0000E+00

      iter #   1 total cpu time :  2567.9 secs   av.it.:   4.9
      thresh= 1.000E-02 alpha_mix =  0.700 |ddv_scf|^2 =  6.138E-08

     Pert. #  1: Fermi energy shift (Ry) =    -1.7233E-26     0.0000E+00
     Pert. #  2: Fermi energy shift (Ry) =    -2.1541E-27     0.0000E+00
     Pert. #  3: Fermi energy shift (Ry) =     0.0000E+00     0.0000E+00

      iter #   2 total cpu time :  2772.2 secs   av.it.:  12.8
      thresh= 2.478E-05 alpha_mix =  0.700 |ddv_scf|^2 =  8.797E-09

     Pert. #  1: Fermi energy shift (Ry) =     0.0000E+00     0.0000E+00
     Pert. #  2: Fermi energy shift (Ry) =     4.3082E-27     0.0000E+00
     Pert. #  3: Fermi energy shift (Ry) =     8.6165E-27     0.0000E+00

      iter #   3 total cpu time :  2978.6 secs   av.it.:  13.0
      thresh= 9.379E-06 alpha_mix =  0.700 |ddv_scf|^2 =  1.072E-10

     Pert. #  1: Fermi energy shift (Ry) =     6.4623E-27     0.0000E+00
     Pert. #  2: Fermi energy shift (Ry) =     0.0000E+00     0.0000E+00
     Pert. #  3: Fermi energy shift (Ry) =     0.0000E+00     0.0000E+00

      iter #   4 total cpu time :  3188.7 secs   av.it.:  13.2
      thresh= 1.035E-06 alpha_mix =  0.700 |ddv_scf|^2 =  9.327E-12

     Pert. #  1: Fermi energy shift (Ry) =     2.1541E-27     0.0000E+00
     Pert. #  2: Fermi energy shift (Ry) =     4.3082E-27     0.0000E+00
     Pert. #  3: Fermi energy shift (Ry) =     0.0000E+00     0.0000E+00

      iter #   5 total cpu time :  3389.1 secs   av.it.:  12.9
      thresh= 3.054E-07 alpha_mix =  0.700 |ddv_scf|^2 =  5.693E-13

     Pert. #  1: Fermi energy shift (Ry) =     0.0000E+00     0.0000E+00
     Pert. #  2: Fermi energy shift (Ry) =     0.0000E+00     0.0000E+00
     Pert. #  3: Fermi energy shift (Ry) =     0.0000E+00     0.0000E+00

      iter #   6 total cpu time :  3588.9 secs   av.it.:  12.4
      thresh= 7.545E-08 alpha_mix =  0.700 |ddv_scf|^2 =  4.949E-16

     End of self-consistent calculation

     Convergence has been achieved 


     Representation #   4 modes #  10  11  12

     Self-consistent Calculation

     Pert. #  1: Fermi energy shift (Ry) =    -5.1699E-26     3.1347E-37
     Pert. #  2: Fermi energy shift (Ry) =     7.7548E-26    -4.8587E-37
     Pert. #  3: Fermi energy shift (Ry) =    -1.8956E-25    -1.2539E-36

      iter #   1 total cpu time :  3715.3 secs   av.it.:   6.4
      thresh= 1.000E-02 alpha_mix =  0.700 |ddv_scf|^2 =  1.764E-07

     Pert. #  1: Fermi energy shift (Ry) =     8.6165E-27     6.1224E-39
     Pert. #  2: Fermi energy shift (Ry) =     4.7391E-26     2.4489E-40
     Pert. #  3: Fermi energy shift (Ry) =     2.5849E-26    -7.9591E-39

      iter #   2 total cpu time :  3934.6 secs   av.it.:  14.2
      thresh= 4.201E-05 alpha_mix =  0.700 |ddv_scf|^2 =  2.399E-08

     Pert. #  1: Fermi energy shift (Ry) =     1.7233E-26    -4.8979E-40
     Pert. #  2: Fermi energy shift (Ry) =    -1.5079E-26     0.0000E+00
     Pert. #  3: Fermi energy shift (Ry) =     1.2925E-26    -9.1835E-40

      iter #   3 total cpu time :  4156.7 secs   av.it.:  14.1
      thresh= 1.549E-05 alpha_mix =  0.700 |ddv_scf|^2 =  2.017E-10

     Pert. #  1: Fermi energy shift (Ry) =    -1.2925E-26    -2.2959E-41
     Pert. #  2: Fermi energy shift (Ry) =    -2.1541E-26     7.6530E-42
     Pert. #  3: Fermi energy shift (Ry) =     2.5849E-26    -7.6530E-42

      iter #   4 total cpu time :  4370.6 secs   av.it.:  13.9
      thresh= 1.420E-06 alpha_mix =  0.700 |ddv_scf|^2 =  3.352E-12

     Pert. #  1: Fermi energy shift (Ry) =     1.7233E-26    -3.5395E-41
     Pert. #  2: Fermi energy shift (Ry) =     2.3695E-26    -4.7831E-43
     Pert. #  3: Fermi energy shift (Ry) =    -9.6935E-27     5.5006E-42

      iter #   5 total cpu time :  4580.3 secs   av.it.:  13.2
      thresh= 1.831E-07 alpha_mix =  0.700 |ddv_scf|^2 =  2.110E-13

     Pert. #  1: Fermi energy shift (Ry) =    -4.3082E-26    -5.3810E-42
     Pert. #  2: Fermi energy shift (Ry) =     0.0000E+00    -3.1090E-42
     Pert. #  3: Fermi energy shift (Ry) =     5.1699E-26     3.2884E-42

      iter #   6 total cpu time :  4783.7 secs   av.it.:  13.5
      thresh= 4.594E-08 alpha_mix =  0.700 |ddv_scf|^2 =  5.883E-15

     End of self-consistent calculation

     Convergence has been achieved 


     Representation #   5 modes #  13  14  15

     Self-consistent Calculation

     Pert. #  1: Fermi energy shift (Ry) =     2.2058E-24     1.8808E-37
     Pert. #  2: Fermi energy shift (Ry) =    -1.1167E-23     4.7020E-38
     Pert. #  3: Fermi energy shift (Ry) =    -1.5992E-23    -1.2539E-37

      iter #   1 total cpu time :  4911.0 secs   av.it.:   5.8
      thresh= 1.000E-02 alpha_mix =  0.700 |ddv_scf|^2 =  6.271E-08

     Pert. #  1: Fermi energy shift (Ry) =    -3.1019E-25     1.2245E-40
     Pert. #  2: Fermi energy shift (Ry) =    -1.4648E-25     3.3673E-40
     Pert. #  3: Fermi energy shift (Ry) =     4.3082E-26    -1.2245E-40

      iter #   2 total cpu time :  5125.1 secs   av.it.:  13.4
      thresh= 2.504E-05 alpha_mix =  0.700 |ddv_scf|^2 =  5.188E-11

     Pert. #  1: Fermi energy shift (Ry) =     8.6165E-27    -3.7069E-42
     Pert. #  2: Fermi energy shift (Ry) =     2.4234E-26    -1.1958E-43
     Pert. #  3: Fermi energy shift (Ry) =     6.4623E-27     3.3482E-42

      iter #   3 total cpu time :  5327.3 secs   av.it.:  12.7
      thresh= 7.203E-07 alpha_mix =  0.700 |ddv_scf|^2 =  5.307E-12

     Pert. #  1: Fermi energy shift (Ry) =    -2.5849E-26     3.8265E-42
     Pert. #  2: Fermi energy shift (Ry) =    -6.7316E-26    -1.1958E-42
     Pert. #  3: Fermi energy shift (Ry) =    -1.0771E-26    -9.5662E-43

      iter #   4 total cpu time :  5527.3 secs   av.it.:  12.2
      thresh= 2.304E-07 alpha_mix =  0.700 |ddv_scf|^2 =  2.166E-14

     Pert. #  1: Fermi energy shift (Ry) =     4.3082E-26    -1.0314E-42
     Pert. #  2: Fermi energy shift (Ry) =     5.8700E-26     9.5288E-44
     Pert. #  3: Fermi energy shift (Ry) =     1.7233E-26     8.2210E-43

      iter #   5 total cpu time :  5734.9 secs   av.it.:  13.5
      thresh= 1.472E-08 alpha_mix =  0.700 |ddv_scf|^2 =  1.199E-16

     End of self-consistent calculation

     Convergence has been achieved 

     Number of q in the star =    1
     List of q in the star:
          1   0.000000000   0.000000000   0.000000000

     Diagonalizing the dynamical matrix

     q = (    0.000000000   0.000000000   0.000000000 ) 

 **************************************************************************
     freq (    1) =       0.331228 [THz] =      11.048592 [cm-1]
     freq (    2) =       0.331228 [THz] =      11.048592 [cm-1]
     freq (    3) =       0.331228 [THz] =      11.048592 [cm-1]
     freq (    4) =       1.295224 [THz] =      43.204016 [cm-1]
     freq (    5) =       1.295224 [THz] =      43.204016 [cm-1]
     freq (    6) =       1.295224 [THz] =      43.204016 [cm-1]
     freq (    7) =       2.409526 [THz] =      80.373125 [cm-1]
     freq (    8) =       2.409526 [THz] =      80.373125 [cm-1]
     freq (    9) =       2.409526 [THz] =      80.373125 [cm-1]
     freq (   10) =       3.735501 [THz] =     124.602905 [cm-1]
     freq (   11) =       3.735501 [THz] =     124.602905 [cm-1]
     freq (   12) =       3.735501 [THz] =     124.602905 [cm-1]
     freq (   13) =       6.991798 [THz] =     233.221264 [cm-1]
     freq (   14) =       6.991798 [THz] =     233.221264 [cm-1]
     freq (   15) =       6.991798 [THz] =     233.221264 [cm-1]
 **************************************************************************

     Mode symmetry, O_h (m-3m)  point group:

     freq (   1-   3) =         11.0  [cm-1]   --> T_1u G_15  G_4- I  
     freq (   4-   6) =         43.2  [cm-1]   --> T_1u G_15  G_4- I  
     freq (   7-   9) =         80.4  [cm-1]   --> T_2u G_25  G_5-    
     freq (  10-  12) =        124.6  [cm-1]   --> T_1u G_15  G_4- I  
     freq (  13-  15) =        233.2  [cm-1]   --> T_1u G_15  G_4- I  

     PHONON       :      1h32m CPU      1h35m WALL

     INITIALIZATION: 
     phq_setup    :      0.45s CPU      0.51s WALL (       1 calls)
     phq_init     :    113.86s CPU    114.80s WALL (       1 calls)

     phq_init     :    113.86s CPU    114.80s WALL (       1 calls)
     set_drhoc    :      0.01s CPU      0.01s WALL (       3 calls)
     init_vloc    :      0.08s CPU      0.08s WALL (       1 calls)
     init_us_1    :      0.46s CPU      0.47s WALL (       1 calls)
     init_us_2    :      2.83s CPU      2.46s WALL (     423 calls)
     newd         :      0.58s CPU      0.80s WALL (       1 calls)
     dvanqq       :     65.11s CPU     67.32s WALL (       1 calls)
     drho         :     46.95s CPU     46.00s WALL (       1 calls)
     drhous       :     14.71s CPU     10.57s WALL (       1 calls)
     nldyntot     :      0.45s CPU      0.20s WALL (       1 calls)

     DYNAMICAL MATRIX:
     dynmat0      :      1.39s CPU      1.23s WALL (       1 calls)
     dynmat_us    :      0.91s CPU      0.79s WALL (       1 calls)
     addusdynmat  :      0.00s CPU      0.00s WALL (       1 calls)
     d2ionq       :      0.28s CPU      0.22s WALL (       1 calls)
     dynmatcc     :      0.20s CPU      0.21s WALL (       1 calls)
     phqscf       :   5438.57s CPU   5619.64s WALL (       1 calls)
     dynmatrix    :      0.01s CPU      0.01s WALL (       1 calls)

     phqscf       :   5438.57s CPU   5619.64s WALL (       1 calls)
     solve_linter :   5432.21s CPU   5615.51s WALL (       5 calls)
     sth_kernel   :   4916.15s CPU   5065.89s WALL (      29 calls)
     h_prec       :      0.96s CPU      1.08s WALL (     261 calls)
     apply_dpot_b :     90.05s CPU    123.24s WALL (     648 calls)
     ortho        :     44.23s CPU     59.53s WALL (     783 calls)
     cgsolve      :   4516.63s CPU   4580.89s WALL (     783 calls)
     incdrhoscf   :    184.81s CPU    193.51s WALL (     783 calls)
                                        0.00s GPU  (     783 calls)
     addusddens   :    205.97s CPU    244.23s WALL (      34 calls)
     dv_of_drho   :     15.80s CPU     16.57s WALL (      87 calls)
     mix_pot      :      3.83s CPU      4.11s WALL (      29 calls)
     ef_shift     :      3.43s CPU      4.06s WALL (      29 calls)
     ef_shift_wfc :      0.33s CPU      0.34s WALL (       5 calls)
     localdos     :     12.04s CPU     10.46s WALL (       5 calls)
     drhodv       :      6.27s CPU      4.05s WALL (       5 calls)
     psymdvscf    :     60.70s CPU     59.73s WALL (      29 calls)
     newdq        :    129.05s CPU    129.21s WALL (      29 calls)
     adddvscf     :      6.75s CPU      9.93s WALL (     648 calls)
     drhodvus     :      1.58s CPU      1.65s WALL (       5 calls)

     dvqpsi_us    :     36.13s CPU     35.97s WALL (     135 calls)
                                        0.00s GPU  (     135 calls)
     dvqpsi_us_on :      5.92s CPU      5.83s WALL (     135 calls)

     add_vuspsi   :    215.33s CPU    262.03s WALL (   14095 calls)
     addusdbec    :     21.83s CPU     32.83s WALL (     918 calls)

     drhodvus     :      1.58s CPU      1.65s WALL (       5 calls)

      General routines
     calbec       :    988.75s CPU   1091.03s WALL (   30566 calls)
     fft          :     31.68s CPU     34.58s WALL (    1992 calls)
     ffts         :      9.29s CPU      7.07s WALL (    1410 calls)
     fftw         :   1963.13s CPU   2051.10s WALL (  478864 calls)
     write_rec    :      1.47s CPU      1.47s WALL (      34 calls)

      Additional routines
     ch_psi       :   4109.29s CPU   4266.13s WALL (   14095 calls)
     last         :   1416.42s CPU   1320.32s WALL (   14095 calls)
     Hesh         :      7.67s CPU      4.79s WALL (   14095 calls)
     ch_psi_all_k :   1408.41s CPU   1315.35s WALL (   14095 calls)
                                        0.00s GPU  (   14095 calls)
     ch_psi_calbe :    510.22s CPU    421.91s WALL (   14095 calls)
                                        0.00s GPU  (   14095 calls)
     h_psi_bgrp   :   2570.35s CPU   2841.18s WALL (   14095 calls)
     h_psi        :   2569.48s CPU   2841.06s WALL (   14095 calls)
     h_psi:pot    :   2562.96s CPU   2835.54s WALL (   14095 calls)
     h_psi:calbec :    438.67s CPU    611.98s WALL (   14095 calls)
     s_psi_bgrp   :    381.43s CPU    403.19s WALL (   28973 calls)
     s_psi        :    372.28s CPU    396.45s WALL (   28973 calls)


     PHONON       :      1h32m CPU      1h35m WALL


   This run was terminated on:  20:57:45   6Apr2025            

=------------------------------------------------------------------------------=
   JOB DONE.
=------------------------------------------------------------------------------=
