
     Program PHONON v.7.3.1 starts on  9May2025 at 12:58:33 

     This program is part of the open-source Quantum ESPRESSO suite
     for quantum simulation of materials; please cite
         "P. Giannozzi et al., J. Phys.:Condens. Matter 21 395502 (2009);
         "P. Giannozzi et al., J. Phys.:Condens. Matter 29 465901 (2017);
         "P. Giannozzi et al., J. Chem. Phys. 152 154105 (2020);
          URL http://www.quantum-espresso.org", 
     in publications or presentations arising from this work. More details at
     http://www.quantum-espresso.org/quote

     Parallel version (MPI), running on     8 processors

     MPI processes distributed on     1 nodes
     44394 MiB available memory on the printing compute node when the environment starts

     Waiting for input...
     Reading input from standard input
      Title line not specified: using 'default'.

     Reading xml data from directory:

     ./tmp/knii3.save/

     R & G space division:  proc/nbgrp/npool/nimage =       8
     Subspace diagonalization in iterative solution of the eigenvalue problem:
     one sub-group per band group will be used
     custom distributed-memory algorithm (size of sub-group:  2*  2 procs)

     file K.pbe-spn-rrkjus_psl.1.0.0.UPF: wavefunction(s)  3S renormalized
     file I.pbe-dn-kjpaw_psl.1.0.0.UPF: wavefunction(s)  5S 5P renormalized

     IMPORTANT: XC functional enforced from input :
     Exchange-correlation= PBE
                           (   1   4   3   4   0   0   0)
     Any further DFT definition will be discarded
     Please, verify this is what you really want


     Parallelization info
     --------------------
     sticks:   dense  smooth     PW     G-vecs:    dense   smooth      PW
     Min         858     429    118                53576    18915    2762
     Max         859     430    119                53579    18917    2767
     Sum        6869    3433    949               428617   151323   22119

     Using Slab Decomposition

     Reading collected, re-writing distributed wavefunctions in ./tmp/

     Number and degeneracy of irreps per q-point
       N         xq(1)         xq(2)         xq(3)   N irreps
  autoval = -.1097E+01
     Irreps are as follows:

                     mode #   1
                     (  -0.00000  -0.00000   ) 
                     (  -0.00000  -0.00000   ) 
                     (  -0.00000  -0.00000   ) 
                     (  -0.00000  -0.00000   ) 
                     (  -0.00000  -0.00000   ) 
                     (  -0.00000  -0.00000   ) 
                     (  -0.00000  -0.00000   ) 
                     (   0.00000  -0.00000   ) 
                     (  -0.99036  -0.00000   ) 
                     (  -0.00000  -0.00000   ) 
                     (  -0.00000  -0.00000   ) 
                     (  -0.09796  -0.00000   ) 
                     (   0.00000  -0.00000   ) 
                     (   0.00000  -0.00000   ) 
                     (  -0.09796  -0.00000   ) 
  autoval = -.1097E+01
     Irreps are as follows:

                     mode #   2
                     (  -0.00000  -0.00000   ) 
                     (  -0.00000  -0.00000   ) 
                     (  -0.00000  -0.00000   ) 
                     (  -0.00000  -0.00000   ) 
                     (  -0.00000  -0.00000   ) 
                     (  -0.00000  -0.00000   ) 
                     (  -0.05820  -0.00000   ) 
                     (  -0.07879  -0.00000   ) 
                     (   0.00000  -0.00000   ) 
                     (  -0.05820  -0.00000   ) 
                     (  -0.79658  -0.00000   ) 
                     (  -0.00000  -0.00000   ) 
                     (  -0.58845  -0.00000   ) 
                     (  -0.07879  -0.00000   ) 
                     (   0.00000  -0.00000   ) 
  autoval = -.1097E+01
     Irreps are as follows:

                     mode #   3
                     (  -0.00000  -0.00000   ) 
                     (  -0.00000  -0.00000   ) 
                     (  -0.00000  -0.00000   ) 
                     (  -0.00000  -0.00000   ) 
                     (  -0.00000  -0.00000   ) 
                     (  -0.00000  -0.00000   ) 
                     (  -0.07879  -0.00000   ) 
                     (   0.05820  -0.00000   ) 
                     (  -0.00000  -0.00000   ) 
                     (  -0.07879  -0.00000   ) 
                     (   0.58845  -0.00000   ) 
                     (   0.00000  -0.00000   ) 
                     (  -0.79658  -0.00000   ) 
                     (   0.05820  -0.00000   ) 
                     (  -0.00000  -0.00000   ) 
  autoval = 0.3752E+00
     Irreps are as follows:

                     mode #   4
                     (  -0.00000  -0.00000   ) 
                     (  -0.00000  -0.00000   ) 
                     (  -0.00000  -0.00000   ) 
                     (  -1.00000  -0.00000   ) 
                     (  -0.00000  -0.00000   ) 
                     (  -0.00000  -0.00000   ) 
                     (  -0.00000  -0.00000   ) 
                     (  -0.00000  -0.00000   ) 
                     (  -0.00000  -0.00000   ) 
                     (  -0.00000  -0.00000   ) 
                     (  -0.00000  -0.00000   ) 
                     (  -0.00000  -0.00000   ) 
                     (  -0.00000  -0.00000   ) 
                     (  -0.00000  -0.00000   ) 
                     (  -0.00000  -0.00000   ) 
  autoval = 0.3752E+00
     Irreps are as follows:

                     mode #   5
                     (  -0.00000  -0.00000   ) 
                     (  -0.00000  -0.00000   ) 
                     (  -0.00000  -0.00000   ) 
                     (  -0.00000  -0.00000   ) 
                     (  -1.00000  -0.00000   ) 
                     (  -0.00000  -0.00000   ) 
                     (  -0.00000  -0.00000   ) 
                     (  -0.00000  -0.00000   ) 
                     (  -0.00000  -0.00000   ) 
                     (  -0.00000  -0.00000   ) 
                     (  -0.00000  -0.00000   ) 
                     (  -0.00000  -0.00000   ) 
                     (  -0.00000  -0.00000   ) 
                     (  -0.00000  -0.00000   ) 
                     (  -0.00000  -0.00000   ) 
  autoval = 0.3752E+00
     Irreps are as follows:

                     mode #   6
                     (  -0.00000  -0.00000   ) 
                     (  -0.00000  -0.00000   ) 
                     (  -0.00000  -0.00000   ) 
                     (  -0.00000  -0.00000   ) 
                     (  -0.00000  -0.00000   ) 
                     (  -1.00000  -0.00000   ) 
                     (  -0.00000  -0.00000   ) 
                     (  -0.00000  -0.00000   ) 
                     (  -0.00000  -0.00000   ) 
                     (  -0.00000  -0.00000   ) 
                     (  -0.00000  -0.00000   ) 
                     (  -0.00000  -0.00000   ) 
                     (  -0.00000  -0.00000   ) 
                     (  -0.00000  -0.00000   ) 
                     (  -0.00000  -0.00000   ) 
  autoval = 0.6682E+00
     Irreps are as follows:

                     mode #   7
                     (  -1.00000  -0.00000   ) 
                     (  -0.00000  -0.00000   ) 
                     (  -0.00000  -0.00000   ) 
                     (  -0.00000  -0.00000   ) 
                     (  -0.00000  -0.00000   ) 
                     (  -0.00000  -0.00000   ) 
                     (  -0.00000  -0.00000   ) 
                     (  -0.00000  -0.00000   ) 
                     (  -0.00000  -0.00000   ) 
                     (  -0.00000  -0.00000   ) 
                     (  -0.00000  -0.00000   ) 
                     (  -0.00000  -0.00000   ) 
                     (  -0.00000  -0.00000   ) 
                     (  -0.00000  -0.00000   ) 
                     (  -0.00000  -0.00000   ) 
  autoval = 0.6682E+00
     Irreps are as follows:

                     mode #   8
                     (  -0.00000  -0.00000   ) 
                     (  -0.00000  -0.00000   ) 
                     (  -1.00000  -0.00000   ) 
                     (  -0.00000  -0.00000   ) 
                     (  -0.00000  -0.00000   ) 
                     (  -0.00000  -0.00000   ) 
                     (  -0.00000  -0.00000   ) 
                     (  -0.00000  -0.00000   ) 
                     (  -0.00000  -0.00000   ) 
                     (  -0.00000  -0.00000   ) 
                     (  -0.00000  -0.00000   ) 
                     (  -0.00000  -0.00000   ) 
                     (  -0.00000  -0.00000   ) 
                     (  -0.00000  -0.00000   ) 
                     (  -0.00000  -0.00000   ) 
  autoval = 0.6682E+00
     Irreps are as follows:

                     mode #   9
                     (  -0.00000  -0.00000   ) 
                     (  -1.00000  -0.00000   ) 
                     (  -0.00000  -0.00000   ) 
                     (  -0.00000  -0.00000   ) 
                     (  -0.00000  -0.00000   ) 
                     (  -0.00000  -0.00000   ) 
                     (  -0.00000  -0.00000   ) 
                     (  -0.00000  -0.00000   ) 
                     (  -0.00000  -0.00000   ) 
                     (  -0.00000  -0.00000   ) 
                     (  -0.00000  -0.00000   ) 
                     (  -0.00000  -0.00000   ) 
                     (  -0.00000  -0.00000   ) 
                     (  -0.00000  -0.00000   ) 
                     (  -0.00000  -0.00000   ) 
  autoval = 0.1010E+01
     Irreps are as follows:

                     mode #  10
                     (  -0.00000  -0.00000   ) 
                     (  -0.00000  -0.00000   ) 
                     (  -0.00000  -0.00000   ) 
                     (  -0.00000  -0.00000   ) 
                     (  -0.00000  -0.00000   ) 
                     (  -0.00000  -0.00000   ) 
                     (  -0.02659  -0.00000   ) 
                     (  -0.69178  -0.00000   ) 
                     (   0.02088  -0.00000   ) 
                     (  -0.02659  -0.00000   ) 
                     (   0.13685  -0.00000   ) 
                     (  -0.10555  -0.00000   ) 
                     (   0.00526  -0.00000   ) 
                     (  -0.69178  -0.00000   ) 
                     (  -0.10555  -0.00000   ) 
  autoval = 0.1010E+01
     Irreps are as follows:

                     mode #  11
                     (  -0.00000  -0.00000   ) 
                     (  -0.00000  -0.00000   ) 
                     (  -0.00000  -0.00000   ) 
                     (  -0.00000  -0.00000   ) 
                     (  -0.00000  -0.00000   ) 
                     (  -0.00000  -0.00000   ) 
                     (  -0.00500  -0.00000   ) 
                     (  -0.10543  -0.00000   ) 
                     (  -0.13695  -0.00000   ) 
                     (  -0.00500  -0.00000   ) 
                     (   0.02086   0.00000   ) 
                     (   0.69229  -0.00000   ) 
                     (   0.00099   0.00000   ) 
                     (  -0.10543  -0.00000   ) 
                     (   0.69229  -0.00000   ) 
  autoval = 0.1010E+01
     Irreps are as follows:

                     mode #  12
                     (  -0.00000  -0.00000   ) 
                     (  -0.00000  -0.00000   ) 
                     (  -0.00000  -0.00000   ) 
                     (  -0.00000  -0.00000   ) 
                     (  -0.00000  -0.00000   ) 
                     (  -0.00000  -0.00000   ) 
                     (  -0.69977  -0.00000   ) 
                     (   0.02704  -0.00000   ) 
                     (   0.00018   0.00000   ) 
                     (  -0.69977  -0.00000   ) 
                     (  -0.00535  -0.00000   ) 
                     (  -0.00093  -0.00000   ) 
                     (   0.13843  -0.00000   ) 
                     (   0.02704  -0.00000   ) 
                     (  -0.00093  -0.00000   ) 
  autoval = 0.1803E+01
     Irreps are as follows:

                     mode #  13
                     (  -0.00000   0.00000   ) 
                     (  -0.00000   0.00000   ) 
                     (  -0.00000   0.00000   ) 
                     (  -0.00000   0.00000   ) 
                     (  -0.00000   0.00000   ) 
                     (  -0.00000   0.00000   ) 
                     (  -0.70686  -0.00000   ) 
                     (  -0.01868  -0.00000   ) 
                     (  -0.00000  -0.00000   ) 
                     (   0.70686   0.00000   ) 
                     (  -0.00000  -0.00000   ) 
                     (  -0.00062  -0.00000   ) 
                     (  -0.00000  -0.00000   ) 
                     (   0.01868   0.00000   ) 
                     (   0.00062   0.00000   ) 
  autoval = 0.1803E+01
     Irreps are as follows:

                     mode #  14
                     (  -0.00000   0.00000   ) 
                     (  -0.00000   0.00000   ) 
                     (  -0.00000   0.00000   ) 
                     (  -0.00000   0.00000   ) 
                     (  -0.00000   0.00000   ) 
                     (  -0.00000   0.00000   ) 
                     (  -0.00140  -0.00000   ) 
                     (   0.07649   0.00000   ) 
                     (  -0.00000  -0.00000   ) 
                     (   0.00140   0.00000   ) 
                     (  -0.00000  -0.00000   ) 
                     (  -0.70296  -0.00000   ) 
                     (  -0.00000  -0.00000   ) 
                     (  -0.07649  -0.00000   ) 
                     (   0.70296   0.00000   ) 
  autoval = 0.1803E+01
     Irreps are as follows:

                     mode #  15
                     (  -0.00000  -0.00000   ) 
                     (  -0.00000  -0.00000   ) 
                     (  -0.00000  -0.00000   ) 
                     (  -0.00000  -0.00000   ) 
                     (  -0.00000  -0.00000   ) 
                     (  -0.00000  -0.00000   ) 
                     (  -0.01864  -0.00000   ) 
                     (   0.70271  -0.00000   ) 
                     (  -0.00000  -0.00000   ) 
                     (   0.01864  -0.00000   ) 
                     (   0.00000  -0.00000   ) 
                     (   0.07650  -0.00000   ) 
                     (   0.00000  -0.00000   ) 
                     (  -0.70271  -0.00000   ) 
                     (  -0.07650  -0.00000   ) 
       1   0.000000000   0.000000000   0.000000000       5
        3   3   3   3   3

     Calculation of q =    0.0000000   0.0000000   0.0000000

     default                                                                    

     bravais-lattice index     =            0
     lattice parameter (alat)  =      10.3890  a.u.
     unit-cell volume          =    1121.3046 (a.u.)^3
     number of atoms/cell      =            5
     number of atomic types    =            3
     kinetic-energy cut-off    =     100.0000  Ry
     charge density cut-off    =     800.0000  Ry
     convergence threshold     =      1.0E-12
     beta                      =       0.5000
     number of iterations used =            4
     Exchange-correlation= PBE
                           (   1   4   3   4   0   0   0)


     celldm(1)=   10.38902  celldm(2)=    0.00000  celldm(3)=    0.00000
     celldm(4)=    0.00000  celldm(5)=    0.00000  celldm(6)=    0.00000

     crystal axes: (cart. coord. in units of alat)
               a(1) = (  1.0000  0.0000  0.0000 )  
               a(2) = (  0.0000  1.0000  0.0000 )  
               a(3) = (  0.0000  0.0000  1.0000 )  

     reciprocal axes: (cart. coord. in units 2 pi/alat)
               b(1) = (  1.0000  0.0000  0.0000 )  
               b(2) = (  0.0000  1.0000  0.0000 )  
               b(3) = (  0.0000  0.0000  1.0000 )  


     Atoms inside the unit cell: 

     Cartesian axes

     site n.  atom      mass           positions (alat units)
        1  K      39.0983   tau(    1) = (    0.00000    0.00000    0.00000  )
        2  Ni     58.6934   tau(    2) = (    0.50000    0.50000    0.50000  )
        3  I     126.9045   tau(    3) = (    0.50000    0.50000    0.00000  )
        4  I     126.9045   tau(    4) = (    0.50000    0.00000    0.50000  )
        5  I     126.9045   tau(    5) = (    0.00000    0.50000    0.50000  )

     Computing dynamical matrix for 
                    q = (   0.0000000   0.0000000   0.0000000 )

     49 Sym.Ops. (with q -> -q+G )

                                    s                        frac. trans.

      isym =  1     identity                                     

 cryst.   s( 1) = (     1          0          0      )
                  (     0          1          0      )
                  (     0          0          1      )

 cart.    s( 1) = (  1.0000000  0.0000000  0.0000000 )
                  (  0.0000000  1.0000000  0.0000000 )
                  (  0.0000000  0.0000000  1.0000000 )


      isym =  2     180 deg rotation - cart. axis [0,0,1]        

 cryst.   s( 2) = (    -1          0          0      )
                  (     0         -1          0      )
                  (     0          0          1      )

 cart.    s( 2) = ( -1.0000000  0.0000000  0.0000000 )
                  (  0.0000000 -1.0000000  0.0000000 )
                  (  0.0000000  0.0000000  1.0000000 )


      isym =  3     180 deg rotation - cart. axis [0,1,0]        

 cryst.   s( 3) = (    -1          0          0      )
                  (     0          1          0      )
                  (     0          0         -1      )

 cart.    s( 3) = ( -1.0000000  0.0000000  0.0000000 )
                  (  0.0000000  1.0000000  0.0000000 )
                  (  0.0000000  0.0000000 -1.0000000 )


      isym =  4     180 deg rotation - cart. axis [1,0,0]        

 cryst.   s( 4) = (     1          0          0      )
                  (     0         -1          0      )
                  (     0          0         -1      )

 cart.    s( 4) = (  1.0000000  0.0000000  0.0000000 )
                  (  0.0000000 -1.0000000  0.0000000 )
                  (  0.0000000  0.0000000 -1.0000000 )


      isym =  5     180 deg rotation - cart. axis [1,1,0]        

 cryst.   s( 5) = (     0          1          0      )
                  (     1          0          0      )
                  (     0          0         -1      )

 cart.    s( 5) = (  0.0000000  1.0000000  0.0000000 )
                  (  1.0000000  0.0000000  0.0000000 )
                  (  0.0000000  0.0000000 -1.0000000 )


      isym =  6     180 deg rotation - cart. axis [1,-1,0]       

 cryst.   s( 6) = (     0         -1          0      )
                  (    -1          0          0      )
                  (     0          0         -1      )

 cart.    s( 6) = (  0.0000000 -1.0000000  0.0000000 )
                  ( -1.0000000  0.0000000  0.0000000 )
                  (  0.0000000  0.0000000 -1.0000000 )


      isym =  7      90 deg rotation - cart. axis [0,0,-1]       

 cryst.   s( 7) = (     0         -1          0      )
                  (     1          0          0      )
                  (     0          0          1      )

 cart.    s( 7) = (  0.0000000  1.0000000  0.0000000 )
                  ( -1.0000000  0.0000000  0.0000000 )
                  (  0.0000000  0.0000000  1.0000000 )


      isym =  8      90 deg rotation - cart. axis [0,0,1]        

 cryst.   s( 8) = (     0          1          0      )
                  (    -1          0          0      )
                  (     0          0          1      )

 cart.    s( 8) = (  0.0000000 -1.0000000  0.0000000 )
                  (  1.0000000  0.0000000  0.0000000 )
                  (  0.0000000  0.0000000  1.0000000 )


      isym =  9     180 deg rotation - cart. axis [1,0,1]        

 cryst.   s( 9) = (     0          0          1      )
                  (     0         -1          0      )
                  (     1          0          0      )

 cart.    s( 9) = (  0.0000000  0.0000000  1.0000000 )
                  (  0.0000000 -1.0000000  0.0000000 )
                  (  1.0000000  0.0000000  0.0000000 )


      isym = 10     180 deg rotation - cart. axis [-1,0,1]       

 cryst.   s(10) = (     0          0         -1      )
                  (     0         -1          0      )
                  (    -1          0          0      )

 cart.    s(10) = (  0.0000000  0.0000000 -1.0000000 )
                  (  0.0000000 -1.0000000  0.0000000 )
                  ( -1.0000000  0.0000000  0.0000000 )


      isym = 11      90 deg rotation - cart. axis [0,1,0]        

 cryst.   s(11) = (     0          0         -1      )
                  (     0          1          0      )
                  (     1          0          0      )

 cart.    s(11) = (  0.0000000  0.0000000  1.0000000 )
                  (  0.0000000  1.0000000  0.0000000 )
                  ( -1.0000000  0.0000000  0.0000000 )


      isym = 12      90 deg rotation - cart. axis [0,-1,0]       

 cryst.   s(12) = (     0          0          1      )
                  (     0          1          0      )
                  (    -1          0          0      )

 cart.    s(12) = (  0.0000000  0.0000000 -1.0000000 )
                  (  0.0000000  1.0000000  0.0000000 )
                  (  1.0000000  0.0000000  0.0000000 )


      isym = 13     180 deg rotation - cart. axis [0,1,1]        

 cryst.   s(13) = (    -1          0          0      )
                  (     0          0          1      )
                  (     0          1          0      )

 cart.    s(13) = ( -1.0000000  0.0000000  0.0000000 )
                  (  0.0000000  0.0000000  1.0000000 )
                  (  0.0000000  1.0000000  0.0000000 )


      isym = 14     180 deg rotation - cart. axis [0,1,-1]       

 cryst.   s(14) = (    -1          0          0      )
                  (     0          0         -1      )
                  (     0         -1          0      )

 cart.    s(14) = ( -1.0000000  0.0000000  0.0000000 )
                  (  0.0000000  0.0000000 -1.0000000 )
                  (  0.0000000 -1.0000000  0.0000000 )


      isym = 15      90 deg rotation - cart. axis [-1,0,0]       

 cryst.   s(15) = (     1          0          0      )
                  (     0          0         -1      )
                  (     0          1          0      )

 cart.    s(15) = (  1.0000000  0.0000000  0.0000000 )
                  (  0.0000000  0.0000000  1.0000000 )
                  (  0.0000000 -1.0000000  0.0000000 )


      isym = 16      90 deg rotation - cart. axis [1,0,0]        

 cryst.   s(16) = (     1          0          0      )
                  (     0          0          1      )
                  (     0         -1          0      )

 cart.    s(16) = (  1.0000000  0.0000000  0.0000000 )
                  (  0.0000000  0.0000000 -1.0000000 )
                  (  0.0000000  1.0000000  0.0000000 )


      isym = 17     120 deg rotation - cart. axis [-1,-1,-1]     

 cryst.   s(17) = (     0          0          1      )
                  (     1          0          0      )
                  (     0          1          0      )

 cart.    s(17) = (  0.0000000  1.0000000  0.0000000 )
                  (  0.0000000  0.0000000  1.0000000 )
                  (  1.0000000  0.0000000  0.0000000 )


      isym = 18     120 deg rotation - cart. axis [-1,1,1]       

 cryst.   s(18) = (     0          0         -1      )
                  (    -1          0          0      )
                  (     0          1          0      )

 cart.    s(18) = (  0.0000000 -1.0000000  0.0000000 )
                  (  0.0000000  0.0000000  1.0000000 )
                  ( -1.0000000  0.0000000  0.0000000 )


      isym = 19     120 deg rotation - cart. axis [1,1,-1]       

 cryst.   s(19) = (     0          0         -1      )
                  (     1          0          0      )
                  (     0         -1          0      )

 cart.    s(19) = (  0.0000000  1.0000000  0.0000000 )
                  (  0.0000000  0.0000000 -1.0000000 )
                  ( -1.0000000  0.0000000  0.0000000 )


      isym = 20     120 deg rotation - cart. axis [1,-1,1]       

 cryst.   s(20) = (     0          0          1      )
                  (    -1          0          0      )
                  (     0         -1          0      )

 cart.    s(20) = (  0.0000000 -1.0000000  0.0000000 )
                  (  0.0000000  0.0000000 -1.0000000 )
                  (  1.0000000  0.0000000  0.0000000 )


      isym = 21     120 deg rotation - cart. axis [1,1,1]        

 cryst.   s(21) = (     0          1          0      )
                  (     0          0          1      )
                  (     1          0          0      )

 cart.    s(21) = (  0.0000000  0.0000000  1.0000000 )
                  (  1.0000000  0.0000000  0.0000000 )
                  (  0.0000000  1.0000000  0.0000000 )


      isym = 22     120 deg rotation - cart. axis [-1,1,-1]      

 cryst.   s(22) = (     0         -1          0      )
                  (     0          0         -1      )
                  (     1          0          0      )

 cart.    s(22) = (  0.0000000  0.0000000  1.0000000 )
                  ( -1.0000000  0.0000000  0.0000000 )
                  (  0.0000000 -1.0000000  0.0000000 )


      isym = 23     120 deg rotation - cart. axis [1,-1,-1]      

 cryst.   s(23) = (     0         -1          0      )
                  (     0          0          1      )
                  (    -1          0          0      )

 cart.    s(23) = (  0.0000000  0.0000000 -1.0000000 )
                  ( -1.0000000  0.0000000  0.0000000 )
                  (  0.0000000  1.0000000  0.0000000 )


      isym = 24     120 deg rotation - cart. axis [-1,-1,1]      

 cryst.   s(24) = (     0          1          0      )
                  (     0          0         -1      )
                  (    -1          0          0      )

 cart.    s(24) = (  0.0000000  0.0000000 -1.0000000 )
                  (  1.0000000  0.0000000  0.0000000 )
                  (  0.0000000 -1.0000000  0.0000000 )


      isym = 25     inversion                                    

 cryst.   s(25) = (    -1          0          0      )
                  (     0         -1          0      )
                  (     0          0         -1      )

 cart.    s(25) = ( -1.0000000  0.0000000  0.0000000 )
                  (  0.0000000 -1.0000000  0.0000000 )
                  (  0.0000000  0.0000000 -1.0000000 )


      isym = 26     inv. 180 deg rotation - cart. axis [0,0,1]   

 cryst.   s(26) = (     1          0          0      )
                  (     0          1          0      )
                  (     0          0         -1      )

 cart.    s(26) = (  1.0000000  0.0000000  0.0000000 )
                  (  0.0000000  1.0000000  0.0000000 )
                  (  0.0000000  0.0000000 -1.0000000 )


      isym = 27     inv. 180 deg rotation - cart. axis [0,1,0]   

 cryst.   s(27) = (     1          0          0      )
                  (     0         -1          0      )
                  (     0          0          1      )

 cart.    s(27) = (  1.0000000  0.0000000  0.0000000 )
                  (  0.0000000 -1.0000000  0.0000000 )
                  (  0.0000000  0.0000000  1.0000000 )


      isym = 28     inv. 180 deg rotation - cart. axis [1,0,0]   

 cryst.   s(28) = (    -1          0          0      )
                  (     0          1          0      )
                  (     0          0          1      )

 cart.    s(28) = ( -1.0000000  0.0000000  0.0000000 )
                  (  0.0000000  1.0000000  0.0000000 )
                  (  0.0000000  0.0000000  1.0000000 )


      isym = 29     inv. 180 deg rotation - cart. axis [1,1,0]   

 cryst.   s(29) = (     0         -1          0      )
                  (    -1          0          0      )
                  (     0          0          1      )

 cart.    s(29) = (  0.0000000 -1.0000000  0.0000000 )
                  ( -1.0000000  0.0000000  0.0000000 )
                  (  0.0000000  0.0000000  1.0000000 )


      isym = 30     inv. 180 deg rotation - cart. axis [1,-1,0]  

 cryst.   s(30) = (     0          1          0      )
                  (     1          0          0      )
                  (     0          0          1      )

 cart.    s(30) = (  0.0000000  1.0000000  0.0000000 )
                  (  1.0000000  0.0000000  0.0000000 )
                  (  0.0000000  0.0000000  1.0000000 )


      isym = 31     inv.  90 deg rotation - cart. axis [0,0,-1]  

 cryst.   s(31) = (     0          1          0      )
                  (    -1          0          0      )
                  (     0          0         -1      )

 cart.    s(31) = (  0.0000000 -1.0000000  0.0000000 )
                  (  1.0000000  0.0000000  0.0000000 )
                  (  0.0000000  0.0000000 -1.0000000 )


      isym = 32     inv.  90 deg rotation - cart. axis [0,0,1]   

 cryst.   s(32) = (     0         -1          0      )
                  (     1          0          0      )
                  (     0          0         -1      )

 cart.    s(32) = (  0.0000000  1.0000000  0.0000000 )
                  ( -1.0000000  0.0000000  0.0000000 )
                  (  0.0000000  0.0000000 -1.0000000 )


      isym = 33     inv. 180 deg rotation - cart. axis [1,0,1]   

 cryst.   s(33) = (     0          0         -1      )
                  (     0          1          0      )
                  (    -1          0          0      )

 cart.    s(33) = (  0.0000000  0.0000000 -1.0000000 )
                  (  0.0000000  1.0000000  0.0000000 )
                  ( -1.0000000  0.0000000  0.0000000 )


      isym = 34     inv. 180 deg rotation - cart. axis [-1,0,1]  

 cryst.   s(34) = (     0          0          1      )
                  (     0          1          0      )
                  (     1          0          0      )

 cart.    s(34) = (  0.0000000  0.0000000  1.0000000 )
                  (  0.0000000  1.0000000  0.0000000 )
                  (  1.0000000  0.0000000  0.0000000 )


      isym = 35     inv.  90 deg rotation - cart. axis [0,1,0]   

 cryst.   s(35) = (     0          0          1      )
                  (     0         -1          0      )
                  (    -1          0          0      )

 cart.    s(35) = (  0.0000000  0.0000000 -1.0000000 )
                  (  0.0000000 -1.0000000  0.0000000 )
                  (  1.0000000  0.0000000  0.0000000 )


      isym = 36     inv.  90 deg rotation - cart. axis [0,-1,0]  

 cryst.   s(36) = (     0          0         -1      )
                  (     0         -1          0      )
                  (     1          0          0      )

 cart.    s(36) = (  0.0000000  0.0000000  1.0000000 )
                  (  0.0000000 -1.0000000  0.0000000 )
                  ( -1.0000000  0.0000000  0.0000000 )


      isym = 37     inv. 180 deg rotation - cart. axis [0,1,1]   

 cryst.   s(37) = (     1          0          0      )
                  (     0          0         -1      )
                  (     0         -1          0      )

 cart.    s(37) = (  1.0000000  0.0000000  0.0000000 )
                  (  0.0000000  0.0000000 -1.0000000 )
                  (  0.0000000 -1.0000000  0.0000000 )


      isym = 38     inv. 180 deg rotation - cart. axis [0,1,-1]  

 cryst.   s(38) = (     1          0          0      )
                  (     0          0          1      )
                  (     0          1          0      )

 cart.    s(38) = (  1.0000000  0.0000000  0.0000000 )
                  (  0.0000000  0.0000000  1.0000000 )
                  (  0.0000000  1.0000000  0.0000000 )


      isym = 39     inv.  90 deg rotation - cart. axis [-1,0,0]  

 cryst.   s(39) = (    -1          0          0      )
                  (     0          0          1      )
                  (     0         -1          0      )

 cart.    s(39) = ( -1.0000000  0.0000000  0.0000000 )
                  (  0.0000000  0.0000000 -1.0000000 )
                  (  0.0000000  1.0000000  0.0000000 )


      isym = 40     inv.  90 deg rotation - cart. axis [1,0,0]   

 cryst.   s(40) = (    -1          0          0      )
                  (     0          0         -1      )
                  (     0          1          0      )

 cart.    s(40) = ( -1.0000000  0.0000000  0.0000000 )
                  (  0.0000000  0.0000000  1.0000000 )
                  (  0.0000000 -1.0000000  0.0000000 )


      isym = 41     inv. 120 deg rotation - cart. axis [-1,-1,-1]

 cryst.   s(41) = (     0          0         -1      )
                  (    -1          0          0      )
                  (     0         -1          0      )

 cart.    s(41) = (  0.0000000 -1.0000000  0.0000000 )
                  (  0.0000000  0.0000000 -1.0000000 )
                  ( -1.0000000  0.0000000  0.0000000 )


      isym = 42     inv. 120 deg rotation - cart. axis [-1,1,1]  

 cryst.   s(42) = (     0          0          1      )
                  (     1          0          0      )
                  (     0         -1          0      )

 cart.    s(42) = (  0.0000000  1.0000000  0.0000000 )
                  (  0.0000000  0.0000000 -1.0000000 )
                  (  1.0000000  0.0000000  0.0000000 )


      isym = 43     inv. 120 deg rotation - cart. axis [1,1,-1]  

 cryst.   s(43) = (     0          0          1      )
                  (    -1          0          0      )
                  (     0          1          0      )

 cart.    s(43) = (  0.0000000 -1.0000000  0.0000000 )
                  (  0.0000000  0.0000000  1.0000000 )
                  (  1.0000000  0.0000000  0.0000000 )


      isym = 44     inv. 120 deg rotation - cart. axis [1,-1,1]  

 cryst.   s(44) = (     0          0         -1      )
                  (     1          0          0      )
                  (     0          1          0      )

 cart.    s(44) = (  0.0000000  1.0000000  0.0000000 )
                  (  0.0000000  0.0000000  1.0000000 )
                  ( -1.0000000  0.0000000  0.0000000 )


      isym = 45     inv. 120 deg rotation - cart. axis [1,1,1]   

 cryst.   s(45) = (     0         -1          0      )
                  (     0          0         -1      )
                  (    -1          0          0      )

 cart.    s(45) = (  0.0000000  0.0000000 -1.0000000 )
                  ( -1.0000000  0.0000000  0.0000000 )
                  (  0.0000000 -1.0000000  0.0000000 )


      isym = 46     inv. 120 deg rotation - cart. axis [-1,1,-1] 

 cryst.   s(46) = (     0          1          0      )
                  (     0          0          1      )
                  (    -1          0          0      )

 cart.    s(46) = (  0.0000000  0.0000000 -1.0000000 )
                  (  1.0000000  0.0000000  0.0000000 )
                  (  0.0000000  1.0000000  0.0000000 )


      isym = 47     inv. 120 deg rotation - cart. axis [1,-1,-1] 

 cryst.   s(47) = (     0          1          0      )
                  (     0          0         -1      )
                  (     1          0          0      )

 cart.    s(47) = (  0.0000000  0.0000000  1.0000000 )
                  (  1.0000000  0.0000000  0.0000000 )
                  (  0.0000000 -1.0000000  0.0000000 )


      isym = 48     inv. 120 deg rotation - cart. axis [-1,-1,1] 

 cryst.   s(48) = (     0         -1          0      )
                  (     0          0          1      )
                  (     1          0          0      )

 cart.    s(48) = (  0.0000000  0.0000000  1.0000000 )
                  ( -1.0000000  0.0000000  0.0000000 )
                  (  0.0000000  1.0000000  0.0000000 )


     This transformation sends q -> -q+G

      isym = 49     identity                                     

 cryst.   s(49) = (     1          0          0      )
                  (     0          1          0      )
                  (     0          0          1      )

 cart.    s(49) = (  1.0000000  0.0000000  0.0000000 )
                  (  0.0000000  1.0000000  0.0000000 )
                  (  0.0000000  0.0000000  1.0000000 )


     G cutoff = 2187.1538  (  53579 G-vectors)     FFT grid: ( 96, 96, 96)
     G cutoff = 1093.5769  (  18917 G-vectors)  smooth grid: ( 72, 72, 72)

     number of k points=    35  Marzari-Vanderbilt smearing, width (Ry)=  0.0050
                       cart. coord. in units 2pi/alat
        k(    1) = (   0.0000000   0.0000000   0.0000000), wk =   0.0039062
        k(    2) = (   0.0000000   0.0000000   0.1250000), wk =   0.0234375
        k(    3) = (   0.0000000   0.0000000   0.2500000), wk =   0.0234375
        k(    4) = (   0.0000000   0.0000000   0.3750000), wk =   0.0234375
        k(    5) = (   0.0000000   0.0000000  -0.5000000), wk =   0.0117188
        k(    6) = (   0.0000000   0.1250000   0.1250000), wk =   0.0468750
        k(    7) = (   0.0000000   0.1250000   0.2500000), wk =   0.0937500
        k(    8) = (   0.0000000   0.1250000   0.3750000), wk =   0.0937500
        k(    9) = (   0.0000000   0.1250000  -0.5000000), wk =   0.0468750
        k(   10) = (   0.0000000   0.2500000   0.2500000), wk =   0.0468750
        k(   11) = (   0.0000000   0.2500000   0.3750000), wk =   0.0937500
        k(   12) = (   0.0000000   0.2500000  -0.5000000), wk =   0.0468750
        k(   13) = (   0.0000000   0.3750000   0.3750000), wk =   0.0468750
        k(   14) = (   0.0000000   0.3750000  -0.5000000), wk =   0.0468750
        k(   15) = (   0.0000000  -0.5000000  -0.5000000), wk =   0.0117188
        k(   16) = (   0.1250000   0.1250000   0.1250000), wk =   0.0312500
        k(   17) = (   0.1250000   0.1250000   0.2500000), wk =   0.0937500
        k(   18) = (   0.1250000   0.1250000   0.3750000), wk =   0.0937500
        k(   19) = (   0.1250000   0.1250000  -0.5000000), wk =   0.0468750
        k(   20) = (   0.1250000   0.2500000   0.2500000), wk =   0.0937500
        k(   21) = (   0.1250000   0.2500000   0.3750000), wk =   0.1875000
        k(   22) = (   0.1250000   0.2500000  -0.5000000), wk =   0.0937500
        k(   23) = (   0.1250000   0.3750000   0.3750000), wk =   0.0937500
        k(   24) = (   0.1250000   0.3750000  -0.5000000), wk =   0.0937500
        k(   25) = (   0.1250000  -0.5000000  -0.5000000), wk =   0.0234375
        k(   26) = (   0.2500000   0.2500000   0.2500000), wk =   0.0312500
        k(   27) = (   0.2500000   0.2500000   0.3750000), wk =   0.0937500
        k(   28) = (   0.2500000   0.2500000  -0.5000000), wk =   0.0468750
        k(   29) = (   0.2500000   0.3750000   0.3750000), wk =   0.0937500
        k(   30) = (   0.2500000   0.3750000  -0.5000000), wk =   0.0937500
        k(   31) = (   0.2500000  -0.5000000  -0.5000000), wk =   0.0234375
        k(   32) = (   0.3750000   0.3750000   0.3750000), wk =   0.0312500
        k(   33) = (   0.3750000   0.3750000  -0.5000000), wk =   0.0468750
        k(   34) = (   0.3750000  -0.5000000  -0.5000000), wk =   0.0234375
        k(   35) = (  -0.5000000  -0.5000000  -0.5000000), wk =   0.0039062

                       cryst. coord.
        k(    1) = (   0.0000000   0.0000000   0.0000000), wk =   0.0039062
        k(    2) = (   0.0000000   0.0000000   0.1250000), wk =   0.0234375
        k(    3) = (   0.0000000   0.0000000   0.2500000), wk =   0.0234375
        k(    4) = (   0.0000000   0.0000000   0.3750000), wk =   0.0234375
        k(    5) = (   0.0000000   0.0000000  -0.5000000), wk =   0.0117188
        k(    6) = (   0.0000000   0.1250000   0.1250000), wk =   0.0468750
        k(    7) = (   0.0000000   0.1250000   0.2500000), wk =   0.0937500
        k(    8) = (   0.0000000   0.1250000   0.3750000), wk =   0.0937500
        k(    9) = (   0.0000000   0.1250000  -0.5000000), wk =   0.0468750
        k(   10) = (   0.0000000   0.2500000   0.2500000), wk =   0.0468750
        k(   11) = (   0.0000000   0.2500000   0.3750000), wk =   0.0937500
        k(   12) = (   0.0000000   0.2500000  -0.5000000), wk =   0.0468750
        k(   13) = (   0.0000000   0.3750000   0.3750000), wk =   0.0468750
        k(   14) = (   0.0000000   0.3750000  -0.5000000), wk =   0.0468750
        k(   15) = (   0.0000000  -0.5000000  -0.5000000), wk =   0.0117188
        k(   16) = (   0.1250000   0.1250000   0.1250000), wk =   0.0312500
        k(   17) = (   0.1250000   0.1250000   0.2500000), wk =   0.0937500
        k(   18) = (   0.1250000   0.1250000   0.3750000), wk =   0.0937500
        k(   19) = (   0.1250000   0.1250000  -0.5000000), wk =   0.0468750
        k(   20) = (   0.1250000   0.2500000   0.2500000), wk =   0.0937500
        k(   21) = (   0.1250000   0.2500000   0.3750000), wk =   0.1875000
        k(   22) = (   0.1250000   0.2500000  -0.5000000), wk =   0.0937500
        k(   23) = (   0.1250000   0.3750000   0.3750000), wk =   0.0937500
        k(   24) = (   0.1250000   0.3750000  -0.5000000), wk =   0.0937500
        k(   25) = (   0.1250000  -0.5000000  -0.5000000), wk =   0.0234375
        k(   26) = (   0.2500000   0.2500000   0.2500000), wk =   0.0312500
        k(   27) = (   0.2500000   0.2500000   0.3750000), wk =   0.0937500
        k(   28) = (   0.2500000   0.2500000  -0.5000000), wk =   0.0468750
        k(   29) = (   0.2500000   0.3750000   0.3750000), wk =   0.0937500
        k(   30) = (   0.2500000   0.3750000  -0.5000000), wk =   0.0937500
        k(   31) = (   0.2500000  -0.5000000  -0.5000000), wk =   0.0234375
        k(   32) = (   0.3750000   0.3750000   0.3750000), wk =   0.0312500
        k(   33) = (   0.3750000   0.3750000  -0.5000000), wk =   0.0468750
        k(   34) = (   0.3750000  -0.5000000  -0.5000000), wk =   0.0234375
        k(   35) = (  -0.5000000  -0.5000000  -0.5000000), wk =   0.0039062

     PseudoPot. # 1 for K  read from file:
     /home/administrator/Downloads/BURAI/BURAI1.3/pseudopot/K.pbe-spn-rrkjus_psl.1.0.0.UPF
     MD5 check sum: 716c94968b5730b158b89360ae401048
     Pseudo is Ultrasoft + core correction, Zval =  9.0
     Generated using "atomic" code by A. Dal Corso  v.5.1.2
     Using radial grid of 1165 points,  6 beta functions with: 
                l(1) =   0
                l(2) =   0
                l(3) =   1
                l(4) =   1
                l(5) =   2
                l(6) =   2
     Q(r) pseudized with 0 coefficients 


     PseudoPot. # 2 for Ni read from file:
     /home/administrator/Downloads/BURAI/BURAI1.3/pseudopot/Ni.pbe-spn-rrkjus_psl.1.0.0.UPF
     MD5 check sum: 582698bf4c8750f50337ad09e2305965
     Pseudo is Ultrasoft + core correction, Zval = 18.0
     Generated using "atomic" code by A. Dal Corso  v.5.1.2
     Using radial grid of 1195 points,  6 beta functions with: 
                l(1) =   0
                l(2) =   0
                l(3) =   1
                l(4) =   1
                l(5) =   2
                l(6) =   2
     Q(r) pseudized with 0 coefficients 


     PseudoPot. # 3 for I  read from file:
     /home/administrator/Downloads/BURAI/BURAI1.3/pseudopot/I.pbe-dn-kjpaw_psl.1.0.0.UPF
     MD5 check sum: 465bc846fbde77c046a2a2b13e3eb0db
     Pseudo is Projector augmented-wave + core cor, Zval = 17.0
     Generated using "atomic" code by A. Dal Corso  v.5.1.2
     Shape of augmentation charge: PSQ
     Using radial grid of 1247 points,  6 beta functions with: 
                l(1) =   0
                l(2) =   0
                l(3) =   1
                l(4) =   1
                l(5) =   2
                l(6) =   2
     Q(r) pseudized with 0 coefficients 


     point group O_h (m-3m) 
     there are 10 classes
     the character table:

       E     8C3   3C2   6C4   6C2'  i     8S6   3s_h  6S4   6s_d 
A_1g   1.00  1.00  1.00  1.00  1.00  1.00  1.00  1.00  1.00  1.00
A_2g   1.00  1.00  1.00 -1.00 -1.00  1.00  1.00  1.00 -1.00 -1.00
E_g    2.00 -1.00  2.00  0.00  0.00  2.00 -1.00  2.00  0.00  0.00
T_1g   3.00  0.00 -1.00  1.00 -1.00  3.00  0.00 -1.00  1.00 -1.00
T_2g   3.00  0.00 -1.00 -1.00  1.00  3.00  0.00 -1.00 -1.00  1.00
A_1u   1.00  1.00  1.00  1.00  1.00 -1.00 -1.00 -1.00 -1.00 -1.00
A_2u   1.00  1.00  1.00 -1.00 -1.00 -1.00 -1.00 -1.00  1.00  1.00
E_u    2.00 -1.00  2.00  0.00  0.00 -2.00  1.00 -2.00  0.00  0.00
T_1u   3.00  0.00 -1.00  1.00 -1.00 -3.00  0.00  1.00 -1.00  1.00
T_2u   3.00  0.00 -1.00 -1.00  1.00 -3.00  0.00  1.00  1.00 -1.00

     the symmetry operations in each class and the name of the first element:

     E        1
                                                                 
     8C3     17   19   20   18   24   21   22   23
                                                                 
     3C2      2    4    3
                                                                 
     6C4      7    8   15   16   12   11
                                                                 
     6C2'     5    6   14   13   10    9
                                                                 
     i       25
                                                                 
     8S6     41   43   44   42   48   45   46   47
                                                                 
     3s_h    26   28   27
                                                                 
     6S4     31   32   39   40   36   35
                                                                 
     6s_d    29   30   38   37   34   33
                                                                 


     Atomic displacements:
     There are    5 irreducible representations

     Representation     1      3 modes -  To be done
     Irreps are as follows:

     mode #   1              mode #   2              mode #   3
     (  -0.00000  -0.00000 ) (  -0.00000  -0.00000 ) (  -0.00000  -0.00000 ) 
     (  -0.00000  -0.00000 ) (  -0.00000  -0.00000 ) (  -0.00000  -0.00000 ) 
     (  -0.00000  -0.00000 ) (  -0.00000  -0.00000 ) (  -0.00000  -0.00000 ) 
     (  -0.00000  -0.00000 ) (  -0.00000  -0.00000 ) (  -0.00000  -0.00000 ) 
     (  -0.00000  -0.00000 ) (  -0.00000  -0.00000 ) (  -0.00000  -0.00000 ) 
     (  -0.00000  -0.00000 ) (  -0.00000  -0.00000 ) (  -0.00000  -0.00000 ) 
     (  -0.00000  -0.00000 ) (  -0.05820  -0.00000 ) (  -0.07879  -0.00000 ) 
     (   0.00000  -0.00000 ) (  -0.07879  -0.00000 ) (   0.05820  -0.00000 ) 
     (  -0.99036  -0.00000 ) (   0.00000  -0.00000 ) (  -0.00000  -0.00000 ) 
     (  -0.00000  -0.00000 ) (  -0.05820  -0.00000 ) (  -0.07879  -0.00000 ) 
     (  -0.00000  -0.00000 ) (  -0.79658  -0.00000 ) (   0.58845  -0.00000 ) 
     (  -0.09796  -0.00000 ) (  -0.00000  -0.00000 ) (   0.00000  -0.00000 ) 
     (   0.00000  -0.00000 ) (  -0.58845  -0.00000 ) (  -0.79658  -0.00000 ) 
     (   0.00000  -0.00000 ) (  -0.07879  -0.00000 ) (   0.05820  -0.00000 ) 
     (  -0.09796  -0.00000 ) (   0.00000  -0.00000 ) (  -0.00000  -0.00000 ) 

     Representation     2      3 modes -  To be done
     Irreps are as follows:

     mode #   4              mode #   5              mode #   6
     (  -0.00000  -0.00000 ) (  -0.00000  -0.00000 ) (  -0.00000  -0.00000 ) 
     (  -0.00000  -0.00000 ) (  -0.00000  -0.00000 ) (  -0.00000  -0.00000 ) 
     (  -0.00000  -0.00000 ) (  -0.00000  -0.00000 ) (  -0.00000  -0.00000 ) 
     (  -1.00000  -0.00000 ) (  -0.00000  -0.00000 ) (  -0.00000  -0.00000 ) 
     (  -0.00000  -0.00000 ) (  -1.00000  -0.00000 ) (  -0.00000  -0.00000 ) 
     (  -0.00000  -0.00000 ) (  -0.00000  -0.00000 ) (  -1.00000  -0.00000 ) 
     (  -0.00000  -0.00000 ) (  -0.00000  -0.00000 ) (  -0.00000  -0.00000 ) 
     (  -0.00000  -0.00000 ) (  -0.00000  -0.00000 ) (  -0.00000  -0.00000 ) 
     (  -0.00000  -0.00000 ) (  -0.00000  -0.00000 ) (  -0.00000  -0.00000 ) 
     (  -0.00000  -0.00000 ) (  -0.00000  -0.00000 ) (  -0.00000  -0.00000 ) 
     (  -0.00000  -0.00000 ) (  -0.00000  -0.00000 ) (  -0.00000  -0.00000 ) 
     (  -0.00000  -0.00000 ) (  -0.00000  -0.00000 ) (  -0.00000  -0.00000 ) 
     (  -0.00000  -0.00000 ) (  -0.00000  -0.00000 ) (  -0.00000  -0.00000 ) 
     (  -0.00000  -0.00000 ) (  -0.00000  -0.00000 ) (  -0.00000  -0.00000 ) 
     (  -0.00000  -0.00000 ) (  -0.00000  -0.00000 ) (  -0.00000  -0.00000 ) 

     Representation     3      3 modes -  To be done
     Irreps are as follows:

     mode #   7              mode #   8              mode #   9
     (  -1.00000  -0.00000 ) (  -0.00000  -0.00000 ) (  -0.00000  -0.00000 ) 
     (  -0.00000  -0.00000 ) (  -0.00000  -0.00000 ) (  -1.00000  -0.00000 ) 
     (  -0.00000  -0.00000 ) (  -1.00000  -0.00000 ) (  -0.00000  -0.00000 ) 
     (  -0.00000  -0.00000 ) (  -0.00000  -0.00000 ) (  -0.00000  -0.00000 ) 
     (  -0.00000  -0.00000 ) (  -0.00000  -0.00000 ) (  -0.00000  -0.00000 ) 
     (  -0.00000  -0.00000 ) (  -0.00000  -0.00000 ) (  -0.00000  -0.00000 ) 
     (  -0.00000  -0.00000 ) (  -0.00000  -0.00000 ) (  -0.00000  -0.00000 ) 
     (  -0.00000  -0.00000 ) (  -0.00000  -0.00000 ) (  -0.00000  -0.00000 ) 
     (  -0.00000  -0.00000 ) (  -0.00000  -0.00000 ) (  -0.00000  -0.00000 ) 
     (  -0.00000  -0.00000 ) (  -0.00000  -0.00000 ) (  -0.00000  -0.00000 ) 
     (  -0.00000  -0.00000 ) (  -0.00000  -0.00000 ) (  -0.00000  -0.00000 ) 
     (  -0.00000  -0.00000 ) (  -0.00000  -0.00000 ) (  -0.00000  -0.00000 ) 
     (  -0.00000  -0.00000 ) (  -0.00000  -0.00000 ) (  -0.00000  -0.00000 ) 
     (  -0.00000  -0.00000 ) (  -0.00000  -0.00000 ) (  -0.00000  -0.00000 ) 
     (  -0.00000  -0.00000 ) (  -0.00000  -0.00000 ) (  -0.00000  -0.00000 ) 

     Representation     4      3 modes -  To be done
     Irreps are as follows:

     mode #  10              mode #  11              mode #  12
     (  -0.00000  -0.00000 ) (  -0.00000  -0.00000 ) (  -0.00000  -0.00000 ) 
     (  -0.00000  -0.00000 ) (  -0.00000  -0.00000 ) (  -0.00000  -0.00000 ) 
     (  -0.00000  -0.00000 ) (  -0.00000  -0.00000 ) (  -0.00000  -0.00000 ) 
     (  -0.00000  -0.00000 ) (  -0.00000  -0.00000 ) (  -0.00000  -0.00000 ) 
     (  -0.00000  -0.00000 ) (  -0.00000  -0.00000 ) (  -0.00000  -0.00000 ) 
     (  -0.00000  -0.00000 ) (  -0.00000  -0.00000 ) (  -0.00000  -0.00000 ) 
     (  -0.02659  -0.00000 ) (  -0.00500  -0.00000 ) (  -0.69977  -0.00000 ) 
     (  -0.69178  -0.00000 ) (  -0.10543  -0.00000 ) (   0.02704  -0.00000 ) 
     (   0.02088  -0.00000 ) (  -0.13695  -0.00000 ) (   0.00018   0.00000 ) 
     (  -0.02659  -0.00000 ) (  -0.00500  -0.00000 ) (  -0.69977  -0.00000 ) 
     (   0.13685  -0.00000 ) (   0.02086   0.00000 ) (  -0.00535  -0.00000 ) 
     (  -0.10555  -0.00000 ) (   0.69229  -0.00000 ) (  -0.00093  -0.00000 ) 
     (   0.00526  -0.00000 ) (   0.00099   0.00000 ) (   0.13843  -0.00000 ) 
     (  -0.69178  -0.00000 ) (  -0.10543  -0.00000 ) (   0.02704  -0.00000 ) 
     (  -0.10555  -0.00000 ) (   0.69229  -0.00000 ) (  -0.00093  -0.00000 ) 

     Representation     5      3 modes -  To be done
     Irreps are as follows:

     mode #  13              mode #  14              mode #  15
     (  -0.00000   0.00000 ) (  -0.00000   0.00000 ) (  -0.00000  -0.00000 ) 
     (  -0.00000   0.00000 ) (  -0.00000   0.00000 ) (  -0.00000  -0.00000 ) 
     (  -0.00000   0.00000 ) (  -0.00000   0.00000 ) (  -0.00000  -0.00000 ) 
     (  -0.00000   0.00000 ) (  -0.00000   0.00000 ) (  -0.00000  -0.00000 ) 
     (  -0.00000   0.00000 ) (  -0.00000   0.00000 ) (  -0.00000  -0.00000 ) 
     (  -0.00000   0.00000 ) (  -0.00000   0.00000 ) (  -0.00000  -0.00000 ) 
     (  -0.70686  -0.00000 ) (  -0.00140  -0.00000 ) (  -0.01864  -0.00000 ) 
     (  -0.01868  -0.00000 ) (   0.07649   0.00000 ) (   0.70271  -0.00000 ) 
     (  -0.00000  -0.00000 ) (  -0.00000  -0.00000 ) (  -0.00000  -0.00000 ) 
     (   0.70686   0.00000 ) (   0.00140   0.00000 ) (   0.01864  -0.00000 ) 
     (  -0.00000  -0.00000 ) (  -0.00000  -0.00000 ) (   0.00000  -0.00000 ) 
     (  -0.00062  -0.00000 ) (  -0.70296  -0.00000 ) (   0.07650  -0.00000 ) 
     (  -0.00000  -0.00000 ) (  -0.00000  -0.00000 ) (   0.00000  -0.00000 ) 
     (   0.01868   0.00000 ) (  -0.07649  -0.00000 ) (  -0.70271  -0.00000 ) 
     (   0.00062   0.00000 ) (   0.70296   0.00000 ) (  -0.07650  -0.00000 ) 



     Alpha used in Ewald sum =   2.8000
     PHONON       :   3m10.92s CPU   2m12.55s WALL



     Representation #   1 modes #   1   2   3

     Self-consistent Calculation

     Pert. #  1: Fermi energy shift (Ry) =     6.6174E-24    -3.9183E-38
     Pert. #  2: Fermi energy shift (Ry) =    -5.5145E-24    -3.9183E-38
     Pert. #  3: Fermi energy shift (Ry) =     3.8602E-24    -2.3510E-38

      iter #   1 total cpu time :   382.6 secs   av.it.:  10.4
      thresh= 1.000E-02 alpha_mix =  0.500 |ddv_scf|^2 =  2.383E-07

     Pert. #  1: Fermi energy shift (Ry) =     5.1699E-26     0.0000E+00
     Pert. #  2: Fermi energy shift (Ry) =     1.2925E-26    -6.1224E-41
     Pert. #  3: Fermi energy shift (Ry) =    -4.3082E-27    -3.0612E-41

      iter #   2 total cpu time :   869.7 secs   av.it.:  24.5
      thresh= 4.881E-05 alpha_mix =  0.500 |ddv_scf|^2 =  5.825E-08

     Pert. #  1: Fermi energy shift (Ry) =    -6.8932E-26     4.5918E-41
     Pert. #  2: Fermi energy shift (Ry) =     7.7548E-26     2.8699E-41
     Pert. #  3: Fermi energy shift (Ry) =     1.4217E-25    -1.1479E-41

      iter #   3 total cpu time :  1366.7 secs   av.it.:  24.9
      thresh= 2.413E-05 alpha_mix =  0.500 |ddv_scf|^2 =  1.532E-07

     Pert. #  1: Fermi energy shift (Ry) =    -8.6165E-27    -1.8367E-40
     Pert. #  2: Fermi energy shift (Ry) =    -2.5849E-26    -1.2245E-40
     Pert. #  3: Fermi energy shift (Ry) =    -1.0771E-26     9.1835E-41

      iter #   4 total cpu time :  1792.7 secs   av.it.:  20.5
      thresh= 3.914E-05 alpha_mix =  0.500 |ddv_scf|^2 =  2.101E-08

     Pert. #  1: Fermi energy shift (Ry) =     1.7233E-26    -6.1224E-41
     Pert. #  2: Fermi energy shift (Ry) =    -2.5849E-26    -1.5306E-41
     Pert. #  3: Fermi energy shift (Ry) =    -5.1699E-26    -9.1835E-41

      iter #   5 total cpu time :  2249.7 secs   av.it.:  22.6
      thresh= 1.449E-05 alpha_mix =  0.500 |ddv_scf|^2 =  9.957E-11

     Pert. #  1: Fermi energy shift (Ry) =    -1.7233E-26     1.4349E-42
     Pert. #  2: Fermi energy shift (Ry) =     4.3082E-27     2.3915E-43
     Pert. #  3: Fermi energy shift (Ry) =     4.3082E-27    -4.7831E-43

      iter #   6 total cpu time :  2734.9 secs   av.it.:  24.3
      thresh= 9.979E-07 alpha_mix =  0.500 |ddv_scf|^2 =  1.251E-12

     Pert. #  1: Fermi energy shift (Ry) =    -8.6165E-27    -2.9894E-43
     Pert. #  2: Fermi energy shift (Ry) =    -1.2925E-26     1.7937E-43
     Pert. #  3: Fermi energy shift (Ry) =    -4.3082E-27     5.9789E-44

      iter #   7 total cpu time :  3234.4 secs   av.it.:  24.8
      thresh= 1.119E-07 alpha_mix =  0.500 |ddv_scf|^2 =  7.540E-14

     End of self-consistent calculation

     Convergence has been achieved 


     Representation #   2 modes #   4   5   6

     Self-consistent Calculation

     Pert. #  1: Fermi energy shift (Ry) =     0.0000E+00     0.0000E+00
     Pert. #  2: Fermi energy shift (Ry) =     0.0000E+00     0.0000E+00
     Pert. #  3: Fermi energy shift (Ry) =     0.0000E+00     0.0000E+00

      iter #   1 total cpu time :  3485.8 secs   av.it.:  10.2
      thresh= 1.000E-02 alpha_mix =  0.500 |ddv_scf|^2 =  4.019E-07

     Pert. #  1: Fermi energy shift (Ry) =     0.0000E+00     0.0000E+00
     Pert. #  2: Fermi energy shift (Ry) =     0.0000E+00     0.0000E+00
     Pert. #  3: Fermi energy shift (Ry) =     0.0000E+00     0.0000E+00

      iter #   2 total cpu time :  3962.2 secs   av.it.:  23.6
      thresh= 6.339E-05 alpha_mix =  0.500 |ddv_scf|^2 =  9.824E-07

     Pert. #  1: Fermi energy shift (Ry) =     0.0000E+00     0.0000E+00
     Pert. #  2: Fermi energy shift (Ry) =     0.0000E+00     0.0000E+00
     Pert. #  3: Fermi energy shift (Ry) =     0.0000E+00     0.0000E+00

      iter #   3 total cpu time :  4395.8 secs   av.it.:  20.6
      thresh= 9.912E-05 alpha_mix =  0.500 |ddv_scf|^2 =  2.493E-06

     Pert. #  1: Fermi energy shift (Ry) =     0.0000E+00     0.0000E+00
     Pert. #  2: Fermi energy shift (Ry) =     0.0000E+00     0.0000E+00
     Pert. #  3: Fermi energy shift (Ry) =     0.0000E+00     0.0000E+00

      iter #   4 total cpu time :  4838.5 secs   av.it.:  21.3
      thresh= 1.579E-04 alpha_mix =  0.500 |ddv_scf|^2 =  3.375E-08

     Pert. #  1: Fermi energy shift (Ry) =     0.0000E+00     0.0000E+00
     Pert. #  2: Fermi energy shift (Ry) =     0.0000E+00     0.0000E+00
     Pert. #  3: Fermi energy shift (Ry) =     0.0000E+00     0.0000E+00

      iter #   5 total cpu time :  5277.3 secs   av.it.:  21.4
      thresh= 1.837E-05 alpha_mix =  0.500 |ddv_scf|^2 =  2.349E-09

     Pert. #  1: Fermi energy shift (Ry) =     0.0000E+00     0.0000E+00
     Pert. #  2: Fermi energy shift (Ry) =     0.0000E+00     0.0000E+00
     Pert. #  3: Fermi energy shift (Ry) =     0.0000E+00     0.0000E+00

      iter #   6 total cpu time :  5699.3 secs   av.it.:  20.5
      thresh= 4.847E-06 alpha_mix =  0.500 |ddv_scf|^2 =  1.149E-10

     Pert. #  1: Fermi energy shift (Ry) =     0.0000E+00     0.0000E+00
     Pert. #  2: Fermi energy shift (Ry) =     0.0000E+00     0.0000E+00
     Pert. #  3: Fermi energy shift (Ry) =     0.0000E+00     0.0000E+00

      iter #   7 total cpu time :  6149.8 secs   av.it.:  21.6
      thresh= 1.072E-06 alpha_mix =  0.500 |ddv_scf|^2 =  1.688E-12

     Pert. #  1: Fermi energy shift (Ry) =     0.0000E+00     0.0000E+00
     Pert. #  2: Fermi energy shift (Ry) =     0.0000E+00     0.0000E+00
     Pert. #  3: Fermi energy shift (Ry) =     0.0000E+00     0.0000E+00

      iter #   8 total cpu time :  6584.4 secs   av.it.:  21.1
      thresh= 1.299E-07 alpha_mix =  0.500 |ddv_scf|^2 =  1.780E-14

     End of self-consistent calculation

     Convergence has been achieved 


     Representation #   3 modes #   7   8   9

     Self-consistent Calculation

     Pert. #  1: Fermi energy shift (Ry) =     0.0000E+00     0.0000E+00
     Pert. #  2: Fermi energy shift (Ry) =     0.0000E+00     0.0000E+00
     Pert. #  3: Fermi energy shift (Ry) =     0.0000E+00     0.0000E+00

      iter #   1 total cpu time :  6762.6 secs   av.it.:   6.3
      thresh= 1.000E-02 alpha_mix =  0.500 |ddv_scf|^2 =  3.815E-08

     Pert. #  1: Fermi energy shift (Ry) =     0.0000E+00     0.0000E+00
     Pert. #  2: Fermi energy shift (Ry) =     0.0000E+00     0.0000E+00
     Pert. #  3: Fermi energy shift (Ry) =     0.0000E+00     0.0000E+00

      iter #   2 total cpu time :  7211.5 secs   av.it.:  22.3
      thresh= 1.953E-05 alpha_mix =  0.500 |ddv_scf|^2 =  2.890E-09

     Pert. #  1: Fermi energy shift (Ry) =     0.0000E+00     0.0000E+00
     Pert. #  2: Fermi energy shift (Ry) =     0.0000E+00     0.0000E+00
     Pert. #  3: Fermi energy shift (Ry) =     0.0000E+00     0.0000E+00

      iter #   3 total cpu time :  7701.8 secs   av.it.:  24.1
      thresh= 5.375E-06 alpha_mix =  0.500 |ddv_scf|^2 =  2.542E-09

     Pert. #  1: Fermi energy shift (Ry) =     0.0000E+00     0.0000E+00
     Pert. #  2: Fermi energy shift (Ry) =     0.0000E+00     0.0000E+00
     Pert. #  3: Fermi energy shift (Ry) =     0.0000E+00     0.0000E+00

      iter #   4 total cpu time :  8160.1 secs   av.it.:  22.5
      thresh= 5.042E-06 alpha_mix =  0.500 |ddv_scf|^2 =  1.032E-08

     Pert. #  1: Fermi energy shift (Ry) =     0.0000E+00     0.0000E+00
     Pert. #  2: Fermi energy shift (Ry) =     0.0000E+00     0.0000E+00
     Pert. #  3: Fermi energy shift (Ry) =     0.0000E+00     0.0000E+00

      iter #   5 total cpu time :  8569.3 secs   av.it.:  19.4
      thresh= 1.016E-05 alpha_mix =  0.500 |ddv_scf|^2 =  1.497E-11

     Pert. #  1: Fermi energy shift (Ry) =     0.0000E+00     0.0000E+00
     Pert. #  2: Fermi energy shift (Ry) =     0.0000E+00     0.0000E+00
     Pert. #  3: Fermi energy shift (Ry) =     0.0000E+00     0.0000E+00

      iter #   6 total cpu time :  9036.7 secs   av.it.:  22.7
      thresh= 3.869E-07 alpha_mix =  0.500 |ddv_scf|^2 =  4.001E-13

     End of self-consistent calculation

     Convergence has been achieved 


     Representation #   4 modes #  10  11  12

     Self-consistent Calculation

     Pert. #  1: Fermi energy shift (Ry) =    -5.5145E-25    -3.9183E-39
     Pert. #  2: Fermi energy shift (Ry) =     4.4116E-24     1.9592E-38
     Pert. #  3: Fermi energy shift (Ry) =    -5.9281E-24     3.1836E-39

      iter #   1 total cpu time :  9301.4 secs   av.it.:  11.1
      thresh= 1.000E-02 alpha_mix =  0.500 |ddv_scf|^2 =  3.992E-07

     Pert. #  1: Fermi energy shift (Ry) =     8.6165E-27     1.5306E-40
     Pert. #  2: Fermi energy shift (Ry) =     0.0000E+00    -6.4285E-40
     Pert. #  3: Fermi energy shift (Ry) =    -6.4623E-26     2.3915E-40

      iter #   2 total cpu time :  9799.8 secs   av.it.:  25.1
      thresh= 6.318E-05 alpha_mix =  0.500 |ddv_scf|^2 =  8.537E-08

     Pert. #  1: Fermi energy shift (Ry) =    -1.7233E-26     0.0000E+00
     Pert. #  2: Fermi energy shift (Ry) =    -6.8932E-26     3.8265E-41
     Pert. #  3: Fermi energy shift (Ry) =     1.2709E-25     0.0000E+00

      iter #   3 total cpu time : 10306.3 secs   av.it.:  25.5
      thresh= 2.922E-05 alpha_mix =  0.500 |ddv_scf|^2 =  1.030E-07

     Pert. #  1: Fermi energy shift (Ry) =     1.6694E-26     0.0000E+00
     Pert. #  2: Fermi energy shift (Ry) =    -6.4623E-27    -3.0612E-41
     Pert. #  3: Fermi energy shift (Ry) =     8.2126E-27     9.1835E-41

      iter #   4 total cpu time : 10745.7 secs   av.it.:  21.5
      thresh= 3.209E-05 alpha_mix =  0.500 |ddv_scf|^2 =  2.288E-08

     Pert. #  1: Fermi energy shift (Ry) =    -3.2312E-27     0.0000E+00
     Pert. #  2: Fermi energy shift (Ry) =    -4.3082E-27    -7.6530E-42
     Pert. #  3: Fermi energy shift (Ry) =    -3.7697E-27    -7.6530E-42

      iter #   5 total cpu time : 11213.8 secs   av.it.:  23.1
      thresh= 1.513E-05 alpha_mix =  0.500 |ddv_scf|^2 =  6.166E-11

     Pert. #  1: Fermi energy shift (Ry) =    -2.6926E-28     9.5662E-43
     Pert. #  2: Fermi energy shift (Ry) =     0.0000E+00    -2.8699E-42
     Pert. #  3: Fermi energy shift (Ry) =    -2.6926E-28    -1.7937E-43

      iter #   6 total cpu time : 11726.8 secs   av.it.:  25.6
      thresh= 7.852E-07 alpha_mix =  0.500 |ddv_scf|^2 =  1.110E-12

     Pert. #  1: Fermi energy shift (Ry) =    -2.6926E-27     2.9894E-43
     Pert. #  2: Fermi energy shift (Ry) =    -4.3082E-27     1.5545E-42
     Pert. #  3: Fermi energy shift (Ry) =     1.0771E-27     2.2794E-43

      iter #   7 total cpu time : 12228.9 secs   av.it.:  25.2
      thresh= 1.054E-07 alpha_mix =  0.500 |ddv_scf|^2 =  1.509E-13

     End of self-consistent calculation

     Convergence has been achieved 


     Representation #   5 modes #  13  14  15

     Self-consistent Calculation

     Pert. #  1: Fermi energy shift (Ry) =    -4.4116E-24     0.0000E+00
     Pert. #  2: Fermi energy shift (Ry) =    -3.0330E-24    -2.7428E-38
     Pert. #  3: Fermi energy shift (Ry) =     1.1029E-24     0.0000E+00

      iter #   1 total cpu time : 12480.3 secs   av.it.:  10.2
      thresh= 1.000E-02 alpha_mix =  0.500 |ddv_scf|^2 =  1.354E-07

     Pert. #  1: Fermi energy shift (Ry) =     3.4466E-26    -1.5306E-41
     Pert. #  2: Fermi energy shift (Ry) =     1.1309E-26    -1.2675E-41
     Pert. #  3: Fermi energy shift (Ry) =    -1.7233E-26     9.5662E-42

      iter #   2 total cpu time : 12963.9 secs   av.it.:  23.7
      thresh= 3.679E-05 alpha_mix =  0.500 |ddv_scf|^2 =  7.490E-10

     Pert. #  1: Fermi energy shift (Ry) =     4.3082E-27     1.9132E-42
     Pert. #  2: Fermi energy shift (Ry) =     1.4048E-26     2.4513E-42
     Pert. #  3: Fermi energy shift (Ry) =    -4.3082E-27    -2.3915E-42

      iter #   3 total cpu time : 13429.2 secs   av.it.:  23.1
      thresh= 2.737E-06 alpha_mix =  0.500 |ddv_scf|^2 =  1.305E-10

     Pert. #  1: Fermi energy shift (Ry) =    -1.0771E-27     7.1746E-43
     Pert. #  2: Fermi energy shift (Ry) =    -5.7808E-27    -7.5483E-43
     Pert. #  3: Fermi energy shift (Ry) =    -2.5580E-27     1.2556E-42

      iter #   4 total cpu time : 13907.5 secs   av.it.:  23.9
      thresh= 1.142E-06 alpha_mix =  0.500 |ddv_scf|^2 =  1.690E-12

     Pert. #  1: Fermi energy shift (Ry) =    -1.0771E-27     8.9683E-44
     Pert. #  2: Fermi energy shift (Ry) =     6.0542E-27    -6.5394E-45
     Pert. #  3: Fermi energy shift (Ry) =    -2.2887E-27    -2.0179E-43

      iter #   5 total cpu time : 14398.4 secs   av.it.:  24.3
      thresh= 1.300E-07 alpha_mix =  0.500 |ddv_scf|^2 =  9.318E-15

     End of self-consistent calculation

     Convergence has been achieved 

     Number of q in the star =    1
     List of q in the star:
          1   0.000000000   0.000000000   0.000000000

     Diagonalizing the dynamical matrix

     q = (    0.000000000   0.000000000   0.000000000 ) 

 **************************************************************************
     freq (    1) =      -4.682205 [THz] =    -156.181551 [cm-1]
     freq (    2) =      -4.682205 [THz] =    -156.181551 [cm-1]
     freq (    3) =      -4.682205 [THz] =    -156.181551 [cm-1]
     freq (    4) =       0.929536 [THz] =      31.005973 [cm-1]
     freq (    5) =       0.929536 [THz] =      31.005973 [cm-1]
     freq (    6) =       0.929536 [THz] =      31.005973 [cm-1]
     freq (    7) =       1.110371 [THz] =      37.037974 [cm-1]
     freq (    8) =       1.110371 [THz] =      37.037974 [cm-1]
     freq (    9) =       1.110371 [THz] =      37.037974 [cm-1]
     freq (   10) =       2.580437 [THz] =      86.074108 [cm-1]
     freq (   11) =       2.580437 [THz] =      86.074108 [cm-1]
     freq (   12) =       2.580437 [THz] =      86.074108 [cm-1]
     freq (   13) =       5.010387 [THz] =     167.128534 [cm-1]
     freq (   14) =       5.010387 [THz] =     167.128534 [cm-1]
     freq (   15) =       5.010387 [THz] =     167.128534 [cm-1]
 **************************************************************************

     Mode symmetry, O_h (m-3m)  point group:

     freq (   1-   3) =       -156.2  [cm-1]   --> T_1u G_15  G_4- I  
     freq (   4-   6) =         31.0  [cm-1]   --> T_1u G_15  G_4- I  
     freq (   7-   9) =         37.0  [cm-1]   --> T_2u G_25  G_5-    
     freq (  10-  12) =         86.1  [cm-1]   --> T_1u G_15  G_4- I  
     freq (  13-  15) =        167.1  [cm-1]   --> T_1u G_15  G_4- I  

     PHONON       :      5h41m CPU      4h 0m WALL

     INITIALIZATION: 
     phq_setup    :      0.60s CPU      0.63s WALL (       1 calls)
     phq_init     :    187.30s CPU    128.52s WALL (       1 calls)

     phq_init     :    187.30s CPU    128.52s WALL (       1 calls)
     set_drhoc    :      0.01s CPU      0.01s WALL (       3 calls)
     init_vloc    :      0.04s CPU      0.04s WALL (       1 calls)
     init_us_1    :      0.16s CPU      0.17s WALL (       1 calls)
     init_us_2    :     12.41s CPU      8.76s WALL (    1785 calls)
     newd         :      0.93s CPU      1.10s WALL (       1 calls)
     dvanqq       :     79.82s CPU     49.72s WALL (       1 calls)
     drho         :    100.62s CPU     74.42s WALL (       1 calls)
     drhous       :     81.94s CPU     59.80s WALL (       1 calls)
     nldyntot     :      0.49s CPU      0.49s WALL (       1 calls)

     DYNAMICAL MATRIX:
     dynmat0      :      4.66s CPU      3.02s WALL (       1 calls)
     dynmat_us    :      4.37s CPU      2.75s WALL (       1 calls)
     addusdynmat  :      0.00s CPU      0.00s WALL (       1 calls)
     d2ionq       :      0.17s CPU      0.15s WALL (       1 calls)
     dynmatcc     :      0.13s CPU      0.13s WALL (       1 calls)
     phqscf       :  20281.07s CPU  14270.26s WALL (       1 calls)
     dynmatrix    :      0.01s CPU      0.01s WALL (       1 calls)

     phqscf       :  20281.07s CPU  14270.26s WALL (       1 calls)
     solve_linter :  20250.51s CPU  14252.10s WALL (       5 calls)
     sth_kernel   :  19574.41s CPU  13650.22s WALL (      33 calls)
     h_prec       :      2.51s CPU      1.83s WALL (    1155 calls)
     apply_dpot_b :    445.85s CPU    340.88s WALL (    2940 calls)
     ortho        :    132.06s CPU     76.19s WALL (    3465 calls)
     cgsolve      :  18303.19s CPU  12714.59s WALL (    3465 calls)
     incdrhoscf   :    602.68s CPU    448.18s WALL (    3465 calls)
                                        0.00s GPU  (    3465 calls)
     addusddens   :    140.59s CPU     94.37s WALL (      38 calls)
     dv_of_drho   :      8.71s CPU      9.27s WALL (      99 calls)
     mix_pot      :      2.24s CPU      1.78s WALL (      33 calls)
     ef_shift     :      2.05s CPU      1.59s WALL (      33 calls)
     ef_shift_wfc :      1.64s CPU      1.64s WALL (       5 calls)
     localdos     :     30.63s CPU     24.13s WALL (       5 calls)
     drhodv       :     30.54s CPU     18.14s WALL (       5 calls)
     psymdvscf    :    191.30s CPU    192.39s WALL (      33 calls)
     newdq        :    104.22s CPU    104.38s WALL (      33 calls)
     adddvscf     :     54.59s CPU     45.32s WALL (    2940 calls)
     drhodvus     :      0.38s CPU      0.24s WALL (       5 calls)

     dvqpsi_us    :    107.51s CPU     84.34s WALL (     525 calls)
                                        0.00s GPU  (     525 calls)
     dvqpsi_us_on :     27.77s CPU     21.11s WALL (     525 calls)

     add_vuspsi   :    861.63s CPU    456.27s WALL (  164983 calls)
     addusdbec    :     41.55s CPU     22.53s WALL (    3990 calls)

     drhodvus     :      0.38s CPU      0.24s WALL (       5 calls)

      General routines
     calbec       :   1756.46s CPU    989.53s WALL (  340046 calls)
     fft          :     17.11s CPU     15.52s WALL (    2208 calls)
     ffts         :     19.71s CPU     15.60s WALL (    7674 calls)
     fftw         :  10602.10s CPU   8012.55s WALL ( 6385255 calls)
     write_rec    :      0.01s CPU      0.02s WALL (      38 calls)

      Additional routines
     ch_psi       :  17557.88s CPU  12197.67s WALL (  164983 calls)
     last         :   2893.34s CPU   1658.35s WALL (  164983 calls)
     Hesh         :    119.74s CPU     83.03s WALL (  164983 calls)
     ch_psi_all_k :   2768.06s CPU   1572.25s WALL (  164983 calls)
                                        0.00s GPU  (  164983 calls)
     ch_psi_calbe :    810.75s CPU    454.21s WALL (  164983 calls)
                                        0.00s GPU  (  164983 calls)
     h_psi_bgrp   :  13623.02s CPU   9939.64s WALL (  164983 calls)
     h_psi        :  13620.31s CPU   9938.21s WALL (  164983 calls)
     h_psi:pot    :  13489.78s CPU   9848.79s WALL (  164983 calls)
     h_psi:calbec :    847.71s CPU    481.93s WALL (  164983 calls)
     s_psi_bgrp   :   1773.27s CPU    965.50s WALL (  333431 calls)
     s_psi        :   1631.26s CPU    866.81s WALL (  333431 calls)


     PHONON       :      5h41m CPU      4h 0m WALL


   This run was terminated on:  16:58:36   9May2025            

=------------------------------------------------------------------------------=
   JOB DONE.
=------------------------------------------------------------------------------=
